Java HotSpot(TM) 64-Bit Server VM (25.231-b11) for windows-amd64 JRE (1.8.0_231-b11), built on Oct  5 2019 03:11:30 by "java_re" with MS VC++ 10.0 (VS2010)
Memory: 4k page, physical 16377868k(11542508k free), swap 30009356k(24287972k free)
CommandLine flags: -XX:InitialHeapSize=33554432 -XX:MaxHeapSize=33554432 -XX:+PrintGC -XX:+PrintGCDateStamps -XX:+PrintGCDetails -XX:+PrintGCTimeStamps -XX:-UseAdaptiveSizePolicy -XX:+UseCompressedClassPointers -XX:+UseCompressedOops -XX:-UseLargePagesIndividualAllocation -XX:+UseParallelGC 
2021-01-22T16:58:55.074+0800: 0.189: [GC (Allocation Failure) [PSYoungGen: 8704K->1008K(9728K)] 8704K->1524K(31744K), 0.0014127 secs] [Times: user=0.00 sys=0.00, real=0.00 secs] 
2021-01-22T16:58:55.124+0800: 0.240: [GC (Allocation Failure) [PSYoungGen: 9712K->992K(9728K)] 10228K->2013K(31744K), 0.0012864 secs] [Times: user=0.00 sys=0.00, real=0.00 secs] 
2021-01-22T16:58:55.192+0800: 0.307: [GC (Allocation Failure) [PSYoungGen: 9696K->1008K(9728K)] 10717K->2651K(31744K), 0.0012141 secs] [Times: user=0.00 sys=0.00, real=0.00 secs] 
2021-01-22T16:58:55.230+0800: 0.345: [GC (Allocation Failure) [PSYoungGen: 9712K->1024K(9728K)] 11355K->3133K(31744K), 0.0018677 secs] [Times: user=0.00 sys=0.00, real=0.00 secs] 
2021-01-22T16:58:55.295+0800: 0.410: [GC (Allocation Failure) [PSYoungGen: 9728K->1024K(9728K)] 11837K->3619K(31744K), 0.0014957 secs] [Times: user=0.00 sys=0.00, real=0.00 secs] 
2021-01-22T16:58:55.321+0800: 0.437: [GC (Allocation Failure) [PSYoungGen: 9728K->1024K(9728K)] 12323K->3869K(31744K), 0.0013871 secs] [Times: user=0.00 sys=0.00, real=0.00 secs] 
2021-01-22T16:58:55.346+0800: 0.461: [GC (Allocation Failure) [PSYoungGen: 9728K->1024K(9728K)] 12573K->4324K(31744K), 0.0014127 secs] [Times: user=0.00 sys=0.00, real=0.00 secs] 
2021-01-22T16:58:55.368+0800: 0.484: [GC (Allocation Failure) [PSYoungGen: 9728K->1024K(9728K)] 13028K->4739K(31744K), 0.0013771 secs] [Times: user=0.00 sys=0.00, real=0.00 secs] 
2021-01-22T16:58:55.393+0800: 0.508: [GC (GCLocker Initiated GC) [PSYoungGen: 9728K->1024K(9728K)] 13443K->5276K(31744K), 0.0014822 secs] [Times: user=0.00 sys=0.00, real=0.00 secs] 
2021-01-22T16:58:55.416+0800: 0.531: [GC (Allocation Failure) [PSYoungGen: 9728K->1024K(9728K)] 13990K->5874K(31744K), 0.0014351 secs] [Times: user=0.00 sys=0.00, real=0.00 secs] 
2021-01-22T16:58:55.437+0800: 0.553: [GC (Allocation Failure) [PSYoungGen: 9728K->1024K(9728K)] 14578K->6492K(31744K), 0.0014192 secs] [Times: user=0.00 sys=0.00, real=0.00 secs] 
2021-01-22T16:58:55.459+0800: 0.574: [GC (Allocation Failure) [PSYoungGen: 9728K->1024K(9728K)] 15196K->6824K(31744K), 0.0015337 secs] [Times: user=0.00 sys=0.00, real=0.00 secs] 
2021-01-22T16:58:55.480+0800: 0.595: [GC (Allocation Failure) [PSYoungGen: 9728K->1024K(9728K)] 15528K->7172K(31744K), 0.0015553 secs] [Times: user=0.00 sys=0.00, real=0.00 secs] 
2021-01-22T16:58:55.503+0800: 0.618: [GC (Allocation Failure) [PSYoungGen: 9728K->1024K(9728K)] 15876K->7464K(31744K), 0.0015846 secs] [Times: user=0.00 sys=0.00, real=0.00 secs] 
2021-01-22T16:58:55.519+0800: 0.634: [GC (Allocation Failure) [PSYoungGen: 9728K->1024K(9728K)] 16168K->7888K(31744K), 0.0016595 secs] [Times: user=0.00 sys=0.00, real=0.00 secs] 
2021-01-22T16:58:55.540+0800: 0.655: [GC (Allocation Failure) [PSYoungGen: 9728K->1008K(9728K)] 16592K->8486K(31744K), 0.0017346 secs] [Times: user=0.00 sys=0.00, real=0.00 secs] 
2021-01-22T16:58:55.560+0800: 0.675: [GC (Allocation Failure) [PSYoungGen: 9712K->1008K(9728K)] 17190K->8817K(31744K), 0.0011375 secs] [Times: user=0.00 sys=0.00, real=0.00 secs] 
2021-01-22T16:58:55.581+0800: 0.696: [GC (Allocation Failure) [PSYoungGen: 9712K->992K(9728K)] 17521K->9129K(31744K), 0.0014047 secs] [Times: user=0.00 sys=0.00, real=0.00 secs] 
2021-01-22T16:58:55.599+0800: 0.714: [GC (Allocation Failure) [PSYoungGen: 9696K->1008K(9728K)] 17833K->9572K(31744K), 0.0014790 secs] [Times: user=0.13 sys=0.00, real=0.00 secs] 
2021-01-22T16:58:55.618+0800: 0.733: [GC (Allocation Failure) [PSYoungGen: 9712K->992K(9728K)] 18276K->9876K(31744K), 0.0016503 secs] [Times: user=0.00 sys=0.00, real=0.00 secs] 
2021-01-22T16:58:55.635+0800: 0.750: [GC (Allocation Failure) [PSYoungGen: 9696K->993K(9728K)] 18580K->10308K(31744K), 0.0016643 secs] [Times: user=0.00 sys=0.00, real=0.00 secs] 
2021-01-22T16:58:55.659+0800: 0.774: [GC (Allocation Failure) [PSYoungGen: 9697K->1024K(9728K)] 19012K->10712K(31744K), 0.0015556 secs] [Times: user=0.00 sys=0.00, real=0.00 secs] 
2021-01-22T16:58:55.680+0800: 0.795: [GC (Allocation Failure) [PSYoungGen: 9728K->1024K(9728K)] 19416K->11439K(31744K), 0.0018055 secs] [Times: user=0.00 sys=0.00, real=0.00 secs] 
2021-01-22T16:58:55.708+0800: 0.823: [GC (Allocation Failure) [PSYoungGen: 9728K->1008K(9728K)] 20143K->12105K(31744K), 0.0018783 secs] [Times: user=0.05 sys=0.00, real=0.00 secs] 
2021-01-22T16:58:55.729+0800: 0.844: [GC (Allocation Failure) [PSYoungGen: 9712K->1024K(9728K)] 20809K->12739K(31744K), 0.0013330 secs] [Times: user=0.00 sys=0.00, real=0.00 secs] 
2021-01-22T16:58:55.749+0800: 0.864: [GC (Allocation Failure) [PSYoungGen: 9728K->1008K(9728K)] 21443K->13324K(31744K), 0.0020231 secs] [Times: user=0.00 sys=0.00, real=0.00 secs] 
2021-01-22T16:58:55.769+0800: 0.884: [GC (Allocation Failure) [PSYoungGen: 9712K->1008K(9728K)] 22028K->13958K(31744K), 0.0013013 secs] [Times: user=0.00 sys=0.00, real=0.00 secs] 
2021-01-22T16:58:55.788+0800: 0.903: [GC (Allocation Failure) [PSYoungGen: 9712K->1008K(9728K)] 22662K->14606K(31744K), 0.0016317 secs] [Times: user=0.00 sys=0.00, real=0.00 secs] 
2021-01-22T16:58:55.811+0800: 0.926: [GC (GCLocker Initiated GC) [PSYoungGen: 9712K->1024K(9728K)] 23317K->15283K(31744K), 0.0027574 secs] [Times: user=0.00 sys=0.00, real=0.00 secs] 
2021-01-22T16:58:55.850+0800: 0.965: [GC (Allocation Failure) [PSYoungGen: 9728K->1024K(9728K)] 23993K->16012K(31744K), 0.0017161 secs] [Times: user=0.00 sys=0.00, real=0.00 secs] 
2021-01-22T16:58:55.856+0800: 0.971: [GC (Metadata GC Threshold) [PSYoungGen: 2162K->1009K(9728K)] 17150K->16162K(31744K), 0.0014929 secs] [Times: user=0.00 sys=0.00, real=0.00 secs] 
2021-01-22T16:58:55.857+0800: 0.972: [Full GC (Metadata GC Threshold) [PSYoungGen: 1009K->0K(9728K)] [ParOldGen: 15153K->6543K(22016K)] 16162K->6543K(31744K), [Metaspace: 20571K->20571K(1067008K)], 0.0311372 secs] [Times: user=0.16 sys=0.00, real=0.03 secs] 
2021-01-22T16:58:55.898+0800: 1.013: [GC (GCLocker Initiated GC) [PSYoungGen: 8704K->352K(9728K)] 15248K->6896K(31744K), 0.0007751 secs] [Times: user=0.00 sys=0.00, real=0.00 secs] 
2021-01-22T16:58:55.903+0800: 1.018: [GC (Allocation Failure) [PSYoungGen: 9056K->352K(9728K)] 15604K->6900K(31744K), 0.0007990 secs] [Times: user=0.00 sys=0.00, real=0.00 secs] 
2021-01-22T16:58:55.909+0800: 1.024: [GC (Allocation Failure) [PSYoungGen: 9056K->446K(9728K)] 15604K->6995K(31744K), 0.0008048 secs] [Times: user=0.00 sys=0.00, real=0.00 secs] 
2021-01-22T16:58:55.942+0800: 1.057: [GC (Allocation Failure) [PSYoungGen: 9150K->839K(9728K)] 15699K->7460K(31744K), 0.0016398 secs] [Times: user=0.13 sys=0.00, real=0.00 secs] 
2021-01-22T16:58:55.998+0800: 1.113: [GC (Allocation Failure) [PSYoungGen: 9543K->1008K(9728K)] 16164K->7925K(31744K), 0.0014978 secs] [Times: user=0.00 sys=0.00, real=0.00 secs] 
2021-01-22T16:58:56.040+0800: 1.154: [GC (Allocation Failure) [PSYoungGen: 9712K->1024K(9728K)] 16629K->8515K(31744K), 0.0014314 secs] [Times: user=0.00 sys=0.00, real=0.00 secs] 
2021-01-22T16:58:56.077+0800: 1.192: [GC (Allocation Failure) [PSYoungGen: 9728K->1024K(9728K)] 17219K->9193K(31744K), 0.0020940 secs] [Times: user=0.00 sys=0.00, real=0.00 secs] 
2021-01-22T16:58:56.133+0800: 1.248: [GC (Allocation Failure) [PSYoungGen: 9728K->992K(9728K)] 17897K->10061K(31744K), 0.0016851 secs] [Times: user=0.00 sys=0.00, real=0.00 secs] 
2021-01-22T16:58:56.168+0800: 1.283: [GC (Allocation Failure) [PSYoungGen: 9696K->992K(9728K)] 18765K->10611K(31744K), 0.0020544 secs] [Times: user=0.00 sys=0.00, real=0.00 secs] 
2021-01-22T16:58:56.220+0800: 1.335: [GC (Allocation Failure) [PSYoungGen: 9696K->992K(9728K)] 19315K->11150K(31744K), 0.0018396 secs] [Times: user=0.00 sys=0.00, real=0.00 secs] 
2021-01-22T16:58:56.260+0800: 1.375: [GC (Allocation Failure) [PSYoungGen: 9696K->992K(9728K)] 19854K->11602K(31744K), 0.0016151 secs] [Times: user=0.00 sys=0.00, real=0.00 secs] 
2021-01-22T16:58:56.292+0800: 1.407: [GC (Allocation Failure) [PSYoungGen: 9696K->992K(9728K)] 20306K->11950K(31744K), 0.0016040 secs] [Times: user=0.00 sys=0.00, real=0.00 secs] 
2021-01-22T16:58:56.351+0800: 1.465: [GC (Allocation Failure) [PSYoungGen: 9696K->992K(9728K)] 20654K->12276K(31744K), 0.0019330 secs] [Times: user=0.00 sys=0.00, real=0.00 secs] 
2021-01-22T16:58:56.387+0800: 1.502: [GC (Allocation Failure) [PSYoungGen: 9696K->992K(9728K)] 20980K->12646K(31744K), 0.0014980 secs] [Times: user=0.00 sys=0.00, real=0.00 secs] 
2021-01-22T16:58:56.412+0800: 1.527: [GC (Allocation Failure) [PSYoungGen: 9696K->992K(9728K)] 21350K->12951K(31744K), 0.0015119 secs] [Times: user=0.13 sys=0.00, real=0.00 secs] 
2021-01-22T16:58:56.433+0800: 1.548: [GC (Allocation Failure) [PSYoungGen: 9696K->992K(9728K)] 21655K->13201K(31744K), 0.0017485 secs] [Times: user=0.00 sys=0.00, real=0.00 secs] 
2021-01-22T16:58:56.465+0800: 1.580: [GC (Allocation Failure) [PSYoungGen: 9696K->992K(9728K)] 21905K->13846K(31744K), 0.0015632 secs] [Times: user=0.00 sys=0.00, real=0.00 secs] 
2021-01-22T16:58:56.505+0800: 1.620: [GC (Allocation Failure) [PSYoungGen: 9696K->992K(9728K)] 22550K->14254K(31744K), 0.0017232 secs] [Times: user=0.02 sys=0.00, real=0.00 secs] 
2021-01-22T16:58:56.547+0800: 1.661: [GC (Allocation Failure) [PSYoungGen: 9696K->992K(9728K)] 22958K->14722K(31744K), 0.0027143 secs] [Times: user=0.00 sys=0.00, real=0.00 secs] 
2021-01-22T16:58:56.574+0800: 1.688: [GC (Allocation Failure) [PSYoungGen: 9696K->992K(9728K)] 23426K->15108K(31744K), 0.0018978 secs] [Times: user=0.00 sys=0.00, real=0.00 secs] 
2021-01-22T16:58:56.601+0800: 1.715: [GC (Allocation Failure) [PSYoungGen: 9696K->992K(9728K)] 23812K->15396K(31744K), 0.0017480 secs] [Times: user=0.00 sys=0.00, real=0.00 secs] 
2021-01-22T16:58:56.900+0800: 2.015: [GC (Allocation Failure) [PSYoungGen: 9687K->992K(9728K)] 24091K->15998K(31744K), 0.0020707 secs] [Times: user=0.00 sys=0.00, real=0.00 secs] 
2021-01-22T16:58:56.968+0800: 2.083: [GC (Allocation Failure) [PSYoungGen: 9696K->992K(9728K)] 24702K->20161K(31744K), 0.0029954 secs] [Times: user=0.00 sys=0.00, real=0.00 secs] 
2021-01-22T16:58:57.016+0800: 2.131: [GC (Allocation Failure) [PSYoungGen: 9696K->1024K(9728K)] 28865K->20904K(31744K), 0.0019400 secs] [Times: user=0.00 sys=0.00, real=0.00 secs] 
2021-01-22T16:58:57.057+0800: 2.172: [GC (Allocation Failure) [PSYoungGen: 9728K->1024K(9728K)] 29608K->21504K(31744K), 0.0019534 secs] [Times: user=0.00 sys=0.00, real=0.00 secs] 
2021-01-22T16:58:57.059+0800: 2.174: [Full GC (Ergonomics) [PSYoungGen: 1024K->0K(9728K)] [ParOldGen: 20480K->15315K(22016K)] 21504K->15315K(31744K), [Metaspace: 30224K->30224K(1077248K)], 0.0588460 secs] [Times: user=0.39 sys=0.00, real=0.06 secs] 
2021-01-22T16:58:57.172+0800: 2.287: [GC (Allocation Failure) [PSYoungGen: 8704K->928K(9728K)] 24019K->16251K(31744K), 0.0016021 secs] [Times: user=0.00 sys=0.00, real=0.00 secs] 
2021-01-22T16:58:57.211+0800: 2.326: [GC (Allocation Failure) [PSYoungGen: 9632K->992K(9728K)] 24955K->16377K(31744K), 0.0014615 secs] [Times: user=0.00 sys=0.00, real=0.00 secs] 
2021-01-22T16:58:57.249+0800: 2.364: [GC (Allocation Failure) [PSYoungGen: 9696K->928K(9728K)] 25081K->16320K(31744K), 0.0017370 secs] [Times: user=0.00 sys=0.00, real=0.00 secs] 
2021-01-22T16:58:57.283+0800: 2.398: [GC (Allocation Failure) [PSYoungGen: 9632K->1008K(9728K)] 25024K->16545K(31744K), 0.0014910 secs] [Times: user=0.00 sys=0.00, real=0.00 secs] 
2021-01-22T16:58:57.305+0800: 2.420: [GC (Allocation Failure) [PSYoungGen: 9712K->1024K(9728K)] 25249K->16750K(31744K), 0.0018525 secs] [Times: user=0.00 sys=0.00, real=0.00 secs] 
2021-01-22T16:58:57.327+0800: 2.442: [GC (Allocation Failure) [PSYoungGen: 9728K->1008K(9728K)] 25454K->17014K(31744K), 0.0017789 secs] [Times: user=0.00 sys=0.00, real=0.00 secs] 
2021-01-22T16:58:57.355+0800: 2.470: [GC (Allocation Failure) [PSYoungGen: 9712K->1024K(9728K)] 25718K->17261K(31744K), 0.0018298 secs] [Times: user=0.00 sys=0.00, real=0.00 secs] 
2021-01-22T16:58:57.380+0800: 2.495: [GC (Allocation Failure) [PSYoungGen: 9728K->1024K(9728K)] 25965K->17638K(31744K), 0.0018655 secs] [Times: user=0.13 sys=0.00, real=0.00 secs] 
2021-01-22T16:58:57.405+0800: 2.519: [GC (Allocation Failure) [PSYoungGen: 9728K->1024K(9728K)] 26342K->17876K(31744K), 0.0020549 secs] [Times: user=0.00 sys=0.00, real=0.00 secs] 
2021-01-22T16:58:57.431+0800: 2.545: [GC (Allocation Failure) [PSYoungGen: 9728K->1024K(9728K)] 26580K->18169K(31744K), 0.0017967 secs] [Times: user=0.00 sys=0.00, real=0.00 secs] 
2021-01-22T16:58:57.459+0800: 2.574: [GC (Allocation Failure) [PSYoungGen: 9728K->1024K(9728K)] 26873K->18481K(31744K), 0.0022582 secs] [Times: user=0.13 sys=0.00, real=0.00 secs] 
2021-01-22T16:58:57.494+0800: 2.608: [GC (Allocation Failure) [PSYoungGen: 9728K->1008K(9728K)] 27185K->19159K(31744K), 0.0020503 secs] [Times: user=0.00 sys=0.00, real=0.00 secs] 
2021-01-22T16:58:57.520+0800: 2.635: [GC (Allocation Failure) [PSYoungGen: 9712K->1024K(9728K)] 27863K->19623K(31744K), 0.0017648 secs] [Times: user=0.01 sys=0.00, real=0.00 secs] 
2021-01-22T16:58:57.544+0800: 2.659: [GC (Allocation Failure) [PSYoungGen: 9728K->1024K(9728K)] 28327K->19976K(31744K), 0.0043892 secs] [Times: user=0.00 sys=0.00, real=0.00 secs] 
2021-01-22T16:58:57.578+0800: 2.693: [GC (Allocation Failure) [PSYoungGen: 9728K->1024K(9728K)] 28680K->20409K(31744K), 0.0037985 secs] [Times: user=0.00 sys=0.00, real=0.00 secs] 
2021-01-22T16:58:57.610+0800: 2.725: [GC (Allocation Failure) [PSYoungGen: 9728K->1024K(9728K)] 29113K->20768K(31744K), 0.0036421 secs] [Times: user=0.00 sys=0.00, real=0.00 secs] 
2021-01-22T16:58:57.645+0800: 2.760: [GC (Allocation Failure) [PSYoungGen: 9728K->1024K(9728K)] 29472K->21083K(31744K), 0.0018950 secs] [Times: user=0.13 sys=0.00, real=0.00 secs] 
2021-01-22T16:58:57.687+0800: 2.802: [GC (Allocation Failure) [PSYoungGen: 9728K->1024K(9728K)] 29787K->21351K(31744K), 0.0021365 secs] [Times: user=0.00 sys=0.00, real=0.00 secs] 
2021-01-22T16:58:57.712+0800: 2.827: [GC (Allocation Failure) [PSYoungGen: 9728K->1024K(9728K)] 30055K->21720K(31744K), 0.0048811 secs] [Times: user=0.00 sys=0.00, real=0.01 secs] 
2021-01-22T16:58:57.743+0800: 2.858: [GC (Allocation Failure) [PSYoungGen: 9728K->1024K(9728K)] 30424K->21939K(31744K), 0.0027461 secs] [Times: user=0.00 sys=0.00, real=0.00 secs] 
2021-01-22T16:58:57.767+0800: 2.882: [GC (Allocation Failure) [PSYoungGen: 9728K->1024K(9728K)] 30643K->22271K(31744K), 0.0017991 secs] [Times: user=0.00 sys=0.00, real=0.00 secs] 
2021-01-22T16:58:57.769+0800: 2.884: [Full GC (Ergonomics) [PSYoungGen: 1024K->0K(9728K)] [ParOldGen: 21247K->18493K(22016K)] 22271K->18493K(31744K), [Metaspace: 33284K->33284K(1079296K)], 0.1146288 secs] [Times: user=0.77 sys=0.00, real=0.12 secs] 
2021-01-22T16:58:57.906+0800: 3.021: [GC (Allocation Failure) [PSYoungGen: 8704K->384K(9728K)] 27197K->18877K(31744K), 0.0012798 secs] [Times: user=0.00 sys=0.00, real=0.00 secs] 
2021-01-22T16:59:02.921+0800: 8.036: [GC (Allocation Failure) [PSYoungGen: 9088K->960K(9728K)] 27581K->19461K(31744K), 0.0018177 secs] [Times: user=0.00 sys=0.00, real=0.00 secs] 
2021-01-22T16:59:02.954+0800: 8.069: [GC (Allocation Failure) [PSYoungGen: 9664K->1008K(9728K)] 28165K->20151K(31744K), 0.0021437 secs] [Times: user=0.00 sys=0.00, real=0.00 secs] 
2021-01-22T16:59:02.988+0800: 8.102: [GC (Allocation Failure) [PSYoungGen: 9712K->1008K(9728K)] 28855K->21421K(31744K), 0.0022744 secs] [Times: user=0.00 sys=0.00, real=0.00 secs] 
2021-01-22T16:59:03.033+0800: 8.148: [GC (Allocation Failure) [PSYoungGen: 9712K->992K(9728K)] 30125K->21856K(31744K), 0.0024086 secs] [Times: user=0.00 sys=0.00, real=0.00 secs] 
2021-01-22T16:59:03.081+0800: 8.196: [GC (Allocation Failure) [PSYoungGen: 9696K->992K(9728K)] 30560K->22567K(31744K), 0.0025036 secs] [Times: user=0.00 sys=0.00, real=0.00 secs] 
2021-01-22T16:59:03.084+0800: 8.199: [Full GC (Ergonomics) [PSYoungGen: 992K->0K(9728K)] [ParOldGen: 21574K->18313K(22016K)] 22567K->18313K(31744K), [Metaspace: 35669K->35483K(1081344K)], 0.0730810 secs] [Times: user=0.51 sys=0.00, real=0.07 secs] 
2021-01-22T16:59:03.343+0800: 8.457: [GC (Allocation Failure) [PSYoungGen: 8704K->320K(9728K)] 27017K->18641K(31744K), 0.0024732 secs] [Times: user=0.00 sys=0.00, real=0.00 secs] 
2021-01-22T16:59:03.543+0800: 8.658: [GC (Allocation Failure) [PSYoungGen: 9021K->288K(9728K)] 27343K->18617K(31744K), 0.0026652 secs] [Times: user=0.00 sys=0.00, real=0.00 secs] 
2021-01-22T16:59:03.751+0800: 8.865: [GC (Allocation Failure) [PSYoungGen: 8992K->256K(9728K)] 27321K->18593K(31744K), 0.0022796 secs] [Times: user=0.00 sys=0.00, real=0.00 secs] 
2021-01-22T16:59:03.960+0800: 9.075: [GC (Allocation Failure) [PSYoungGen: 8960K->192K(9728K)] 27297K->18529K(31744K), 0.0033929 secs] [Times: user=0.00 sys=0.00, real=0.00 secs] 
2021-01-22T16:59:04.125+0800: 9.241: [GC (Allocation Failure) [PSYoungGen: 8896K->288K(9728K)] 27233K->18633K(31744K), 0.0024672 secs] [Times: user=0.00 sys=0.00, real=0.00 secs] 
2021-01-22T16:59:04.324+0800: 9.439: [GC (Allocation Failure) [PSYoungGen: 8992K->320K(9728K)] 27337K->18673K(31744K), 0.0033682 secs] [Times: user=0.00 sys=0.00, real=0.00 secs] 
2021-01-22T16:59:04.534+0800: 9.649: [GC (Allocation Failure) [PSYoungGen: 9018K->352K(9728K)] 27371K->18713K(31744K), 0.0021722 secs] [Times: user=0.00 sys=0.00, real=0.00 secs] 
2021-01-22T16:59:04.730+0800: 9.845: [GC (Allocation Failure) [PSYoungGen: 9056K->288K(9728K)] 27417K->18649K(31744K), 0.0030343 secs] [Times: user=0.00 sys=0.00, real=0.00 secs] 
2021-01-22T16:59:04.906+0800: 10.021: [GC (Allocation Failure) [PSYoungGen: 8984K->320K(9728K)] 27346K->18689K(31744K), 0.0037849 secs] [Times: user=0.00 sys=0.00, real=0.00 secs] 
2021-01-22T16:59:05.091+0800: 10.205: [GC (Allocation Failure) [PSYoungGen: 9024K->384K(9728K)] 27393K->18761K(31744K), 0.0027573 secs] [Times: user=0.00 sys=0.00, real=0.00 secs] 
2021-01-22T16:59:05.267+0800: 10.382: [GC (Allocation Failure) [PSYoungGen: 9088K->384K(9728K)] 27465K->18761K(31744K), 0.0025934 secs] [Times: user=0.00 sys=0.00, real=0.00 secs] 
2021-01-22T16:59:05.411+0800: 10.525: [GC (Allocation Failure) [PSYoungGen: 9088K->320K(9728K)] 27465K->18705K(31744K), 0.0034084 secs] [Times: user=0.03 sys=0.00, real=0.00 secs] 
2021-01-22T16:59:05.539+0800: 10.654: [GC (Allocation Failure) [PSYoungGen: 9024K->352K(9728K)] 27409K->18737K(31744K), 0.0020046 secs] [Times: user=0.00 sys=0.00, real=0.00 secs] 
2021-01-22T16:59:05.659+0800: 10.775: [GC (Allocation Failure) [PSYoungGen: 9056K->352K(9728K)] 27441K->18737K(31744K), 0.0038460 secs] [Times: user=0.03 sys=0.00, real=0.00 secs] 
2021-01-22T16:59:05.763+0800: 10.879: [GC (Allocation Failure) [PSYoungGen: 9056K->320K(9728K)] 27441K->18713K(31744K), 0.0019864 secs] [Times: user=0.00 sys=0.00, real=0.00 secs] 
2021-01-22T16:59:05.870+0800: 10.985: [GC (Allocation Failure) [PSYoungGen: 9024K->288K(9728K)] 27417K->18849K(31744K), 0.0039409 secs] [Times: user=0.00 sys=0.00, real=0.00 secs] 
2021-01-22T16:59:05.971+0800: 11.086: [GC (Allocation Failure) [PSYoungGen: 8988K->256K(9728K)] 27550K->18849K(31744K), 0.0028265 secs] [Times: user=0.00 sys=0.00, real=0.00 secs] 
2021-01-22T16:59:06.055+0800: 11.170: [GC (Allocation Failure) [PSYoungGen: 8960K->288K(9728K)] 27553K->18921K(31744K), 0.0026485 secs] [Times: user=0.00 sys=0.00, real=0.00 secs] 
2021-01-22T16:59:06.211+0800: 11.326: [GC (Allocation Failure) [PSYoungGen: 8992K->160K(9728K)] 27625K->18833K(31744K), 0.0034079 secs] [Times: user=0.00 sys=0.00, real=0.00 secs] 
2021-01-22T16:59:06.386+0800: 11.501: [GC (Allocation Failure) [PSYoungGen: 8864K->160K(9728K)] 27537K->18857K(31744K), 0.0023067 secs] [Times: user=0.00 sys=0.00, real=0.00 secs] 
2021-01-22T16:59:06.638+0800: 11.752: [GC (Allocation Failure) [PSYoungGen: 8864K->128K(9728K)] 27561K->18857K(31744K), 0.0074063 secs] [Times: user=0.00 sys=0.00, real=0.01 secs] 
2021-01-22T16:59:06.973+0800: 12.088: [GC (Allocation Failure) [PSYoungGen: 8832K->192K(9728K)] 27561K->18961K(31744K), 0.0022846 secs] [Times: user=0.00 sys=0.00, real=0.00 secs] 
2021-01-22T16:59:07.132+0800: 12.247: [GC (Allocation Failure) [PSYoungGen: 8896K->128K(9728K)] 27665K->18913K(31744K), 0.0036147 secs] [Times: user=0.00 sys=0.00, real=0.00 secs] 
2021-01-22T16:59:07.272+0800: 12.387: [GC (Allocation Failure) [PSYoungGen: 8832K->128K(9728K)] 27617K->18953K(31744K), 0.0019458 secs] [Times: user=0.00 sys=0.00, real=0.00 secs] 
2021-01-22T16:59:07.393+0800: 12.508: [GC (Allocation Failure) [PSYoungGen: 8832K->160K(9728K)] 27657K->19009K(31744K), 0.0035418 secs] [Times: user=0.06 sys=0.00, real=0.00 secs] 
2021-01-22T16:59:07.514+0800: 12.630: [GC (Allocation Failure) [PSYoungGen: 8864K->256K(9728K)] 27713K->19137K(31744K), 0.0034197 secs] [Times: user=0.00 sys=0.00, real=0.00 secs] 
2021-01-22T16:59:07.633+0800: 12.748: [GC (Allocation Failure) [PSYoungGen: 8960K->192K(9728K)] 27841K->19097K(31744K), 0.0027415 secs] [Times: user=0.00 sys=0.00, real=0.00 secs] 
2021-01-22T16:59:07.731+0800: 12.847: [GC (Allocation Failure) [PSYoungGen: 8889K->192K(9728K)] 27794K->19129K(31744K), 0.0033332 secs] [Times: user=0.00 sys=0.00, real=0.00 secs] 
2021-01-22T16:59:07.841+0800: 12.957: [GC (Allocation Failure) [PSYoungGen: 8896K->128K(9728K)] 27833K->19089K(31744K), 0.0019398 secs] [Times: user=0.00 sys=0.00, real=0.00 secs] 
2021-01-22T16:59:07.944+0800: 13.059: [GC (Allocation Failure) [PSYoungGen: 8826K->224K(9728K)] 27788K->19193K(31744K), 0.0024208 secs] [Times: user=0.00 sys=0.00, real=0.00 secs] 
2021-01-22T16:59:08.038+0800: 13.153: [GC (Allocation Failure) [PSYoungGen: 8928K->128K(9728K)] 27897K->19121K(31744K), 0.0039706 secs] [Times: user=0.00 sys=0.00, real=0.00 secs] 
2021-01-22T16:59:08.124+0800: 13.238: [GC (Allocation Failure) [PSYoungGen: 8832K->224K(9728K)] 27825K->19249K(31744K), 0.0017475 secs] [Times: user=0.00 sys=0.00, real=0.00 secs] 
2021-01-22T16:59:08.227+0800: 13.342: [GC (Allocation Failure) [PSYoungGen: 8923K->160K(9728K)] 27949K->19201K(31744K), 0.0020474 secs] [Times: user=0.00 sys=0.00, real=0.00 secs] 
2021-01-22T16:59:08.316+0800: 13.431: [GC (Allocation Failure) [PSYoungGen: 8864K->160K(9728K)] 27905K->19233K(31744K), 0.0018323 secs] [Times: user=0.00 sys=0.00, real=0.00 secs] 
2021-01-22T16:59:08.407+0800: 13.522: [GC (Allocation Failure) [PSYoungGen: 8858K->128K(9728K)] 27931K->19225K(31744K), 0.0031295 secs] [Times: user=0.00 sys=0.00, real=0.00 secs] 
2021-01-22T16:59:08.523+0800: 13.637: [GC (Allocation Failure) [PSYoungGen: 8832K->96K(9728K)] 27929K->19209K(31744K), 0.0046516 secs] [Times: user=0.00 sys=0.00, real=0.01 secs] 
2021-01-22T16:59:08.743+0800: 13.858: [GC (Allocation Failure) [PSYoungGen: 8798K->128K(9728K)] 27911K->19249K(31744K), 0.0021545 secs] [Times: user=0.00 sys=0.00, real=0.00 secs] 
2021-01-22T16:59:08.861+0800: 13.976: [GC (Allocation Failure) [PSYoungGen: 8830K->160K(9728K)] 27952K->19305K(31744K), 0.0018227 secs] [Times: user=0.00 sys=0.00, real=0.00 secs] 
2021-01-22T16:59:08.972+0800: 14.086: [GC (Allocation Failure) [PSYoungGen: 8864K->160K(9728K)] 28009K->19313K(31744K), 0.0033066 secs] [Times: user=0.00 sys=0.00, real=0.00 secs] 
2021-01-22T16:59:09.054+0800: 14.170: [GC (Allocation Failure) [PSYoungGen: 8864K->160K(9728K)] 28017K->19321K(31744K), 0.0027170 secs] [Times: user=0.00 sys=0.00, real=0.00 secs] 
2021-01-22T16:59:09.122+0800: 14.237: [GC (Allocation Failure) [PSYoungGen: 8864K->192K(9728K)] 28025K->19353K(31744K), 0.0031198 secs] [Times: user=0.00 sys=0.00, real=0.00 secs] 
2021-01-22T16:59:09.201+0800: 14.317: [GC (Allocation Failure) [PSYoungGen: 8896K->128K(9728K)] 28057K->19289K(31744K), 0.0020150 secs] [Times: user=0.00 sys=0.00, real=0.00 secs] 
2021-01-22T16:59:09.319+0800: 14.435: [GC (Allocation Failure) [PSYoungGen: 8825K->128K(9728K)] 27987K->19297K(31744K), 0.0031731 secs] [Times: user=0.00 sys=0.00, real=0.00 secs] 
2021-01-22T16:59:09.442+0800: 14.557: [GC (Allocation Failure) [PSYoungGen: 8831K->192K(9728K)] 28000K->19361K(31744K), 0.0022068 secs] [Times: user=0.05 sys=0.00, real=0.00 secs] 
2021-01-22T16:59:09.528+0800: 14.643: [GC (Allocation Failure) [PSYoungGen: 8893K->160K(9728K)] 28062K->19345K(31744K), 0.0021654 secs] [Times: user=0.00 sys=0.00, real=0.00 secs] 
2021-01-22T16:59:09.594+0800: 14.709: [GC (Allocation Failure) [PSYoungGen: 8864K->192K(9728K)] 28049K->19393K(31744K), 0.0023663 secs] [Times: user=0.00 sys=0.00, real=0.00 secs] 
2021-01-22T16:59:09.658+0800: 14.773: [GC (Allocation Failure) [PSYoungGen: 8896K->224K(9728K)] 28097K->19433K(31744K), 0.0017515 secs] [Times: user=0.00 sys=0.00, real=0.00 secs] 
2021-01-22T16:59:09.715+0800: 14.830: [GC (Allocation Failure) [PSYoungGen: 8928K->128K(9728K)] 28137K->19353K(31744K), 0.0021509 secs] [Times: user=0.00 sys=0.00, real=0.00 secs] 
2021-01-22T16:59:09.828+0800: 14.943: [GC (Allocation Failure) [PSYoungGen: 8828K->96K(9728K)] 28054K->19337K(31744K), 0.0034830 secs] [Times: user=0.00 sys=0.00, real=0.00 secs] 
2021-01-22T16:59:09.961+0800: 15.076: [GC (Allocation Failure) [PSYoungGen: 8800K->160K(9728K)] 28041K->19417K(31744K), 0.0022807 secs] [Times: user=0.00 sys=0.00, real=0.00 secs] 
2021-01-22T16:59:10.082+0800: 15.197: [GC (Allocation Failure) [PSYoungGen: 8864K->192K(9728K)] 28121K->19473K(31744K), 0.0025885 secs] [Times: user=0.00 sys=0.00, real=0.00 secs] 
2021-01-22T16:59:10.143+0800: 15.258: [GC (Allocation Failure) [PSYoungGen: 8896K->224K(9728K)] 28177K->19529K(31744K), 0.0014961 secs] [Times: user=0.00 sys=0.00, real=0.00 secs] 
2021-01-22T16:59:10.196+0800: 15.311: [GC (Allocation Failure) [PSYoungGen: 8925K->192K(9728K)] 28230K->19505K(31744K), 0.0024728 secs] [Times: user=0.00 sys=0.00, real=0.00 secs] 
2021-01-22T16:59:10.250+0800: 15.365: [GC (Allocation Failure) [PSYoungGen: 8896K->256K(9728K)] 28209K->19585K(31744K), 0.0014038 secs] [Times: user=0.00 sys=0.00, real=0.00 secs] 
2021-01-22T16:59:10.335+0800: 15.449: [GC (Allocation Failure) [PSYoungGen: 8960K->320K(9728K)] 28289K->19665K(31744K), 0.0018583 secs] [Times: user=0.00 sys=0.00, real=0.00 secs] 
2021-01-22T16:59:10.451+0800: 15.566: [GC (Allocation Failure) [PSYoungGen: 9024K->192K(9728K)] 28369K->19553K(31744K), 0.0022796 secs] [Times: user=0.00 sys=0.00, real=0.00 secs] 
2021-01-22T16:59:10.541+0800: 15.655: [GC (Allocation Failure) [PSYoungGen: 8896K->192K(9728K)] 28257K->19585K(31744K), 0.0028379 secs] [Times: user=0.00 sys=0.00, real=0.00 secs] 
2021-01-22T16:59:10.606+0800: 15.721: [GC (Allocation Failure) [PSYoungGen: 8896K->160K(9728K)] 28289K->19553K(31744K), 0.0024839 secs] [Times: user=0.00 sys=0.00, real=0.00 secs] 
2021-01-22T16:59:10.677+0800: 15.792: [GC (Allocation Failure) [PSYoungGen: 8864K->224K(9728K)] 28257K->19641K(31744K), 0.0016469 secs] [Times: user=0.05 sys=0.00, real=0.00 secs] 
2021-01-22T16:59:10.730+0800: 15.845: [GC (Allocation Failure) [PSYoungGen: 8928K->128K(9728K)] 28345K->19569K(31744K), 0.0018786 secs] [Times: user=0.00 sys=0.00, real=0.00 secs] 
2021-01-22T16:59:10.789+0800: 15.904: [GC (Allocation Failure) [PSYoungGen: 8832K->224K(9728K)] 28273K->19665K(31744K), 0.0014800 secs] [Times: user=0.00 sys=0.00, real=0.00 secs] 
2021-01-22T16:59:10.863+0800: 15.979: [GC (Allocation Failure) [PSYoungGen: 8928K->160K(9728K)] 28369K->19625K(31744K), 0.0021816 secs] [Times: user=0.02 sys=0.00, real=0.00 secs] 
2021-01-22T16:59:10.966+0800: 16.082: [GC (Allocation Failure) [PSYoungGen: 8864K->224K(9728K)] 28329K->19689K(31744K), 0.0030380 secs] [Times: user=0.00 sys=0.00, real=0.00 secs] 
2021-01-22T16:59:11.036+0800: 16.151: [GC (Allocation Failure) [PSYoungGen: 8928K->96K(9728K)] 28393K->19577K(31744K), 0.0019977 secs] [Times: user=0.06 sys=0.00, real=0.00 secs] 
2021-01-22T16:59:11.121+0800: 16.237: [GC (Allocation Failure) [PSYoungGen: 8800K->256K(9728K)] 28281K->19769K(31744K), 0.0023735 secs] [Times: user=0.00 sys=0.00, real=0.00 secs] 
2021-01-22T16:59:11.180+0800: 16.295: [GC (Allocation Failure) [PSYoungGen: 8960K->192K(9728K)] 28473K->19721K(31744K), 0.0017226 secs] [Times: user=0.00 sys=0.00, real=0.00 secs] 
2021-01-22T16:59:11.235+0800: 16.351: [GC (Allocation Failure) [PSYoungGen: 8890K->160K(9728K)] 28420K->19689K(31744K), 0.0022280 secs] [Times: user=0.00 sys=0.00, real=0.00 secs] 
2021-01-22T16:59:11.287+0800: 16.402: [GC (Allocation Failure) [PSYoungGen: 8860K->256K(9728K)] 28389K->19785K(31744K), 0.0019450 secs] [Times: user=0.06 sys=0.00, real=0.00 secs] 
2021-01-22T16:59:11.342+0800: 16.457: [GC (Allocation Failure) [PSYoungGen: 8960K->192K(9728K)] 28489K->19721K(31744K), 0.0016614 secs] [Times: user=0.00 sys=0.00, real=0.00 secs] 
2021-01-22T16:59:11.396+0800: 16.512: [GC (Allocation Failure) [PSYoungGen: 8896K->128K(9728K)] 28425K->19673K(31744K), 0.0015747 secs] [Times: user=0.03 sys=0.00, real=0.00 secs] 
2021-01-22T16:59:11.453+0800: 16.568: [GC (Allocation Failure) [PSYoungGen: 8824K->160K(9728K)] 28370K->19721K(31744K), 0.0034926 secs] [Times: user=0.00 sys=0.00, real=0.00 secs] 
2021-01-22T16:59:11.508+0800: 16.623: [GC (Allocation Failure) [PSYoungGen: 8864K->128K(9728K)] 28425K->19713K(31744K), 0.0025489 secs] [Times: user=0.00 sys=0.00, real=0.00 secs] 
2021-01-22T16:59:11.560+0800: 16.675: [GC (Allocation Failure) [PSYoungGen: 8831K->96K(9728K)] 28416K->19689K(31744K), 0.0028708 secs] [Times: user=0.00 sys=0.00, real=0.00 secs] 
2021-01-22T16:59:11.607+0800: 16.722: [GC (Allocation Failure) [PSYoungGen: 8798K->160K(9728K)] 28392K->19753K(31744K), 0.0013780 secs] [Times: user=0.00 sys=0.00, real=0.00 secs] 
2021-01-22T16:59:11.653+0800: 16.767: [GC (Allocation Failure) [PSYoungGen: 8864K->224K(9728K)] 28457K->19817K(31744K), 0.0015658 secs] [Times: user=0.00 sys=0.00, real=0.00 secs] 
2021-01-22T16:59:11.699+0800: 16.814: [GC (Allocation Failure) [PSYoungGen: 8928K->224K(9728K)] 28521K->19817K(31744K), 0.0016933 secs] [Times: user=0.00 sys=0.00, real=0.00 secs] 
2021-01-22T16:59:11.747+0800: 16.862: [GC (Allocation Failure) [PSYoungGen: 8928K->256K(9728K)] 28521K->19881K(31744K), 0.0020744 secs] [Times: user=0.00 sys=0.00, real=0.00 secs] 
2021-01-22T16:59:11.793+0800: 16.908: [GC (Allocation Failure) [PSYoungGen: 8960K->256K(9728K)] 28585K->19897K(31744K), 0.0021061 secs] [Times: user=0.00 sys=0.00, real=0.00 secs] 
2021-01-22T16:59:11.840+0800: 16.955: [GC (Allocation Failure) [PSYoungGen: 8960K->224K(9728K)] 28601K->19873K(31744K), 0.0017063 secs] [Times: user=0.00 sys=0.00, real=0.00 secs] 
2021-01-22T16:59:11.886+0800: 17.001: [GC (Allocation Failure) [PSYoungGen: 8927K->128K(9728K)] 28577K->19777K(31744K), 0.0018390 secs] [Times: user=0.00 sys=0.00, real=0.00 secs] 
2021-01-22T16:59:11.931+0800: 17.046: [GC (Allocation Failure) [PSYoungGen: 8832K->224K(9728K)] 28481K->19873K(31744K), 0.0015504 secs] [Times: user=0.00 sys=0.00, real=0.00 secs] 
2021-01-22T16:59:11.989+0800: 17.104: [GC (Allocation Failure) [PSYoungGen: 8928K->160K(9728K)] 28577K->19817K(31744K), 0.0015180 secs] [Times: user=0.01 sys=0.00, real=0.00 secs] 
2021-01-22T16:59:12.046+0800: 17.161: [GC (Allocation Failure) [PSYoungGen: 8864K->192K(9728K)] 28521K->19849K(31744K), 0.0024289 secs] [Times: user=0.00 sys=0.00, real=0.00 secs] 
2021-01-22T16:59:12.111+0800: 17.226: [GC (Allocation Failure) [PSYoungGen: 8896K->224K(9728K)] 28553K->19881K(31744K), 0.0026342 secs] [Times: user=0.00 sys=0.00, real=0.00 secs] 
2021-01-22T16:59:12.170+0800: 17.285: [GC (Allocation Failure) [PSYoungGen: 8923K->192K(9728K)] 28580K->19849K(31744K), 0.0020476 secs] [Times: user=0.00 sys=0.00, real=0.00 secs] 
2021-01-22T16:59:12.227+0800: 17.341: [GC (Allocation Failure) [PSYoungGen: 8896K->224K(9728K)] 28553K->19881K(31744K), 0.0020905 secs] [Times: user=0.00 sys=0.00, real=0.00 secs] 
2021-01-22T16:59:12.289+0800: 17.403: [GC (Allocation Failure) [PSYoungGen: 8928K->160K(9728K)] 28585K->19817K(31744K), 0.0026300 secs] [Times: user=0.00 sys=0.00, real=0.00 secs] 
2021-01-22T16:59:12.350+0800: 17.465: [GC (Allocation Failure) [PSYoungGen: 8864K->128K(9728K)] 28521K->19785K(31744K), 0.0016249 secs] [Times: user=0.05 sys=0.00, real=0.00 secs] 
2021-01-22T16:59:12.411+0800: 17.526: [GC (Allocation Failure) [PSYoungGen: 8832K->128K(9728K)] 28489K->19785K(31744K), 0.0021040 secs] [Times: user=0.02 sys=0.00, real=0.00 secs] 
2021-01-22T16:59:12.470+0800: 17.584: [GC (Allocation Failure) [PSYoungGen: 8832K->64K(9728K)] 28489K->19721K(31744K), 0.0028102 secs] [Times: user=0.00 sys=0.00, real=0.00 secs] 
2021-01-22T16:59:12.514+0800: 17.630: [GC (Allocation Failure) [PSYoungGen: 8768K->224K(9728K)] 28425K->19881K(31744K), 0.0019806 secs] [Times: user=0.00 sys=0.00, real=0.00 secs] 
2021-01-22T16:59:12.559+0800: 17.674: [GC (Allocation Failure) [PSYoungGen: 8928K->128K(9728K)] 28585K->19785K(31744K), 0.0018412 secs] [Times: user=0.00 sys=0.00, real=0.00 secs] 
2021-01-22T16:59:12.608+0800: 17.724: [GC (Allocation Failure) [PSYoungGen: 8830K->160K(9728K)] 28488K->19817K(31744K), 0.0020319 secs] [Times: user=0.00 sys=0.00, real=0.00 secs] 
2021-01-22T16:59:12.654+0800: 17.769: [GC (Allocation Failure) [PSYoungGen: 8864K->192K(9728K)] 28521K->19849K(31744K), 0.0017554 secs] [Times: user=0.00 sys=0.00, real=0.00 secs] 
2021-01-22T16:59:12.702+0800: 17.818: [GC (Allocation Failure) [PSYoungGen: 8896K->224K(9728K)] 28553K->19881K(31744K), 0.0018979 secs] [Times: user=0.00 sys=0.00, real=0.00 secs] 
2021-01-22T16:59:12.753+0800: 17.868: [GC (Allocation Failure) [PSYoungGen: 8925K->160K(9728K)] 28582K->19817K(31744K), 0.0015342 secs] [Times: user=0.00 sys=0.00, real=0.00 secs] 
2021-01-22T16:59:12.805+0800: 17.920: [GC (Allocation Failure) [PSYoungGen: 8864K->192K(9728K)] 28521K->19849K(31744K), 0.0017614 secs] [Times: user=0.00 sys=0.00, real=0.00 secs] 
2021-01-22T16:59:12.855+0800: 17.971: [GC (Allocation Failure) [PSYoungGen: 8888K->224K(9728K)] 28546K->19889K(31744K), 0.0022732 secs] [Times: user=0.00 sys=0.00, real=0.00 secs] 
2021-01-22T16:59:12.901+0800: 18.016: [GC (Allocation Failure) [PSYoungGen: 8928K->224K(9728K)] 28593K->19897K(31744K), 0.0014574 secs] [Times: user=0.00 sys=0.00, real=0.00 secs] 
2021-01-22T16:59:12.951+0800: 18.066: [GC (Allocation Failure) [PSYoungGen: 8923K->224K(9728K)] 28597K->19897K(31744K), 0.0015941 secs] [Times: user=0.00 sys=0.00, real=0.00 secs] 
2021-01-22T16:59:12.998+0800: 18.114: [GC (Allocation Failure) [PSYoungGen: 8926K->224K(9728K)] 28599K->19905K(31744K), 0.0014041 secs] [Times: user=0.00 sys=0.00, real=0.00 secs] 
2021-01-22T16:59:13.047+0800: 18.162: [GC (Allocation Failure) [PSYoungGen: 8927K->256K(9728K)] 28608K->19937K(31744K), 0.0015379 secs] [Times: user=0.00 sys=0.00, real=0.00 secs] 
2021-01-22T16:59:13.096+0800: 18.211: [GC (Allocation Failure) [PSYoungGen: 8957K->192K(9728K)] 28639K->19873K(31744K), 0.0016467 secs] [Times: user=0.00 sys=0.00, real=0.00 secs] 
2021-01-22T16:59:13.144+0800: 18.259: [GC (Allocation Failure) [PSYoungGen: 8896K->160K(9728K)] 28577K->19841K(31744K), 0.0018764 secs] [Times: user=0.00 sys=0.00, real=0.00 secs] 
2021-01-22T16:59:13.191+0800: 18.306: [GC (Allocation Failure) [PSYoungGen: 8864K->160K(9728K)] 28545K->19841K(31744K), 0.0016712 secs] [Times: user=0.00 sys=0.00, real=0.00 secs] 
2021-01-22T16:59:13.243+0800: 18.358: [GC (Allocation Failure) [PSYoungGen: 8864K->224K(9728K)] 28545K->19913K(31744K), 0.0020778 secs] [Times: user=0.00 sys=0.00, real=0.00 secs] 
2021-01-22T16:59:13.290+0800: 18.405: [GC (Allocation Failure) [PSYoungGen: 8928K->224K(9728K)] 28617K->19913K(31744K), 0.0014767 secs] [Times: user=0.00 sys=0.00, real=0.00 secs] 
2021-01-22T16:59:13.339+0800: 18.454: [GC (Allocation Failure) [PSYoungGen: 8921K->256K(9728K)] 28610K->19945K(31744K), 0.0018184 secs] [Times: user=0.00 sys=0.00, real=0.00 secs] 
2021-01-22T16:59:13.386+0800: 18.501: [GC (Allocation Failure) [PSYoungGen: 8960K->96K(9728K)] 28649K->19785K(31744K), 0.0014256 secs] [Times: user=0.00 sys=0.00, real=0.00 secs] 
2021-01-22T16:59:13.436+0800: 18.551: [GC (Allocation Failure) [PSYoungGen: 8800K->224K(9728K)] 28489K->19913K(31744K), 0.0016813 secs] [Times: user=0.00 sys=0.00, real=0.00 secs] 
2021-01-22T16:59:13.486+0800: 18.601: [GC (Allocation Failure) [PSYoungGen: 8928K->160K(9728K)] 28617K->19857K(31744K), 0.0014191 secs] [Times: user=0.00 sys=0.00, real=0.00 secs] 
2021-01-22T16:59:13.533+0800: 18.648: [GC (Allocation Failure) [PSYoungGen: 8858K->256K(9728K)] 28555K->19953K(31744K), 0.0026370 secs] [Times: user=0.00 sys=0.00, real=0.00 secs] 
2021-01-22T16:59:13.579+0800: 18.694: [GC (Allocation Failure) [PSYoungGen: 8960K->192K(9728K)] 28657K->19905K(31744K), 0.0014853 secs] [Times: user=0.00 sys=0.00, real=0.00 secs] 
2021-01-22T16:59:13.630+0800: 18.744: [GC (Allocation Failure) [PSYoungGen: 8896K->256K(9728K)] 28609K->19977K(31744K), 0.0013676 secs] [Times: user=0.00 sys=0.00, real=0.00 secs] 
2021-01-22T16:59:13.675+0800: 18.790: [GC (Allocation Failure) [PSYoungGen: 8960K->96K(9728K)] 28681K->19817K(31744K), 0.0020279 secs] [Times: user=0.00 sys=0.00, real=0.00 secs] 
2021-01-22T16:59:13.721+0800: 18.835: [GC (Allocation Failure) [PSYoungGen: 8800K->224K(9728K)] 28521K->19945K(31744K), 0.0015222 secs] [Times: user=0.00 sys=0.00, real=0.00 secs] 
2021-01-22T16:59:13.768+0800: 18.882: [GC (Allocation Failure) [PSYoungGen: 8926K->256K(9728K)] 28647K->19985K(31744K), 0.0015966 secs] [Times: user=0.00 sys=0.00, real=0.00 secs] 
2021-01-22T16:59:13.815+0800: 18.930: [GC (Allocation Failure) [PSYoungGen: 8958K->160K(9728K)] 28688K->19889K(31744K), 0.0012947 secs] [Times: user=0.00 sys=0.00, real=0.00 secs] 
2021-01-22T16:59:13.871+0800: 18.986: [GC (Allocation Failure) [PSYoungGen: 8858K->128K(9728K)] 28587K->19857K(31744K), 0.0016687 secs] [Times: user=0.00 sys=0.00, real=0.00 secs] 
2021-01-22T16:59:13.935+0800: 19.050: [GC (Allocation Failure) [PSYoungGen: 8831K->192K(9728K)] 28561K->19921K(31744K), 0.0019897 secs] [Times: user=0.00 sys=0.00, real=0.00 secs] 
2021-01-22T16:59:13.982+0800: 19.097: [GC (Allocation Failure) [PSYoungGen: 8896K->224K(9728K)] 28625K->19969K(31744K), 0.0018152 secs] [Times: user=0.00 sys=0.00, real=0.00 secs] 
2021-01-22T16:59:14.028+0800: 19.143: [GC (Allocation Failure) [PSYoungGen: 8926K->96K(9728K)] 28672K->19849K(31744K), 0.0017056 secs] [Times: user=0.00 sys=0.00, real=0.00 secs] 
2021-01-22T16:59:14.074+0800: 19.188: [GC (Allocation Failure) [PSYoungGen: 8800K->224K(9728K)] 28553K->19977K(31744K), 0.0014032 secs] [Times: user=0.00 sys=0.00, real=0.00 secs] 
2021-01-22T16:59:14.122+0800: 19.237: [GC (Allocation Failure) [PSYoungGen: 8928K->192K(9728K)] 28681K->19953K(31744K), 0.0027297 secs] [Times: user=0.00 sys=0.00, real=0.00 secs] 
2021-01-22T16:59:14.173+0800: 19.287: [GC (Allocation Failure) [PSYoungGen: 8893K->224K(9728K)] 28654K->19985K(31744K), 0.0028212 secs] [Times: user=0.00 sys=0.00, real=0.00 secs] 
2021-01-22T16:59:14.221+0800: 19.336: [GC (Allocation Failure) [PSYoungGen: 8928K->224K(9728K)] 28689K->20017K(31744K), 0.0013171 secs] [Times: user=0.00 sys=0.00, real=0.00 secs] 
2021-01-22T16:59:14.266+0800: 19.382: [GC (Allocation Failure) [PSYoungGen: 8928K->192K(9728K)] 28721K->19985K(31744K), 0.0014074 secs] [Times: user=0.00 sys=0.00, real=0.00 secs] 
2021-01-22T16:59:14.313+0800: 19.428: [GC (Allocation Failure) [PSYoungGen: 8896K->96K(9728K)] 28689K->19889K(31744K), 0.0027019 secs] [Times: user=0.00 sys=0.00, real=0.00 secs] 
2021-01-22T16:59:14.358+0800: 19.474: [GC (Allocation Failure) [PSYoungGen: 8800K->128K(9728K)] 28593K->19921K(31744K), 0.0016895 secs] [Times: user=0.00 sys=0.00, real=0.00 secs] 
2021-01-22T16:59:14.406+0800: 19.521: [GC (Allocation Failure) [PSYoungGen: 8827K->160K(9728K)] 28621K->19953K(31744K), 0.0016071 secs] [Times: user=0.00 sys=0.00, real=0.00 secs] 
2021-01-22T16:59:14.453+0800: 19.568: [GC (Allocation Failure) [PSYoungGen: 8864K->160K(9728K)] 28657K->19953K(31744K), 0.0015823 secs] [Times: user=0.00 sys=0.00, real=0.00 secs] 
2021-01-22T16:59:14.498+0800: 19.613: [GC (Allocation Failure) [PSYoungGen: 8859K->160K(9728K)] 28652K->19953K(31744K), 0.0015641 secs] [Times: user=0.00 sys=0.00, real=0.00 secs] 
2021-01-22T16:59:14.545+0800: 19.660: [GC (Allocation Failure) [PSYoungGen: 8861K->224K(9728K)] 28654K->20017K(31744K), 0.0018996 secs] [Times: user=0.00 sys=0.00, real=0.00 secs] 
2021-01-22T16:59:14.592+0800: 19.707: [GC (Allocation Failure) [PSYoungGen: 8928K->160K(9728K)] 28721K->19953K(31744K), 0.0018741 secs] [Times: user=0.00 sys=0.00, real=0.00 secs] 
2021-01-22T16:59:14.639+0800: 19.754: [GC (Allocation Failure) [PSYoungGen: 8864K->192K(9728K)] 28657K->19985K(31744K), 0.0021041 secs] [Times: user=0.00 sys=0.00, real=0.00 secs] 
2021-01-22T16:59:14.690+0800: 19.805: [GC (Allocation Failure) [PSYoungGen: 8896K->256K(9728K)] 28689K->20057K(31744K), 0.0012980 secs] [Times: user=0.00 sys=0.00, real=0.00 secs] 
2021-01-22T16:59:14.736+0800: 19.851: [GC (Allocation Failure) [PSYoungGen: 8960K->128K(9728K)] 28761K->19929K(31744K), 0.0020095 secs] [Times: user=0.00 sys=0.00, real=0.00 secs] 
2021-01-22T16:59:14.789+0800: 19.904: [GC (Allocation Failure) [PSYoungGen: 8829K->256K(9728K)] 28630K->20057K(31744K), 0.0018630 secs] [Times: user=0.00 sys=0.00, real=0.00 secs] 
2021-01-22T16:59:14.836+0800: 19.951: [GC (Allocation Failure) [PSYoungGen: 8960K->224K(9728K)] 28761K->20025K(31744K), 0.0019615 secs] [Times: user=0.00 sys=0.00, real=0.00 secs] 
2021-01-22T16:59:14.884+0800: 19.999: [GC (Allocation Failure) [PSYoungGen: 8921K->224K(9728K)] 28723K->20025K(31744K), 0.0019709 secs] [Times: user=0.00 sys=0.00, real=0.00 secs] 
2021-01-22T16:59:14.933+0800: 20.048: [GC (Allocation Failure) [PSYoungGen: 8928K->192K(9728K)] 28729K->20001K(31744K), 0.0021060 secs] [Times: user=0.00 sys=0.00, real=0.00 secs] 
2021-01-22T16:59:14.986+0800: 20.101: [GC (Allocation Failure) [PSYoungGen: 8896K->96K(9728K)] 28705K->19905K(31744K), 0.0028993 secs] [Times: user=0.00 sys=0.00, real=0.00 secs] 
2021-01-22T16:59:15.034+0800: 20.149: [GC (Allocation Failure) [PSYoungGen: 8800K->192K(9728K)] 28609K->20001K(31744K), 0.0014955 secs] [Times: user=0.00 sys=0.00, real=0.00 secs] 
2021-01-22T16:59:15.081+0800: 20.196: [GC (Allocation Failure) [PSYoungGen: 8889K->160K(9728K)] 28699K->19977K(31744K), 0.0023984 secs] [Times: user=0.00 sys=0.00, real=0.00 secs] 
2021-01-22T16:59:15.130+0800: 20.245: [GC (Allocation Failure) [PSYoungGen: 8864K->224K(9728K)] 28681K->20041K(31744K), 0.0018527 secs] [Times: user=0.05 sys=0.02, real=0.00 secs] 
2021-01-22T16:59:15.180+0800: 20.295: [GC (Allocation Failure) [PSYoungGen: 8928K->64K(9728K)] 28745K->19881K(31744K), 0.0016484 secs] [Times: user=0.00 sys=0.00, real=0.00 secs] 
2021-01-22T16:59:15.228+0800: 20.343: [GC (Allocation Failure) [PSYoungGen: 8768K->224K(9728K)] 28585K->20041K(31744K), 0.0018129 secs] [Times: user=0.00 sys=0.00, real=0.00 secs] 
2021-01-22T16:59:15.277+0800: 20.392: [GC (Allocation Failure) [PSYoungGen: 8928K->160K(9728K)] 28745K->19977K(31744K), 0.0020615 secs] [Times: user=0.00 sys=0.00, real=0.00 secs] 
2021-01-22T16:59:15.325+0800: 20.440: [GC (Allocation Failure) [PSYoungGen: 8863K->192K(9728K)] 28680K->20009K(31744K), 0.0018859 secs] [Times: user=0.00 sys=0.00, real=0.00 secs] 
2021-01-22T16:59:15.375+0800: 20.490: [GC (Allocation Failure) [PSYoungGen: 8896K->128K(9728K)] 28713K->19945K(31744K), 0.0019551 secs] [Times: user=0.00 sys=0.00, real=0.00 secs] 
2021-01-22T16:59:15.421+0800: 20.536: [GC (Allocation Failure) [PSYoungGen: 8832K->192K(9728K)] 28649K->20009K(31744K), 0.0013160 secs] [Times: user=0.00 sys=0.00, real=0.00 secs] 
2021-01-22T16:59:15.472+0800: 20.586: [GC (Allocation Failure) [PSYoungGen: 8889K->256K(9728K)] 28706K->20073K(31744K), 0.0023569 secs] [Times: user=0.00 sys=0.00, real=0.00 secs] 
2021-01-22T16:59:15.520+0800: 20.634: [GC (Allocation Failure) [PSYoungGen: 8960K->256K(9728K)] 28777K->20073K(31744K), 0.0016251 secs] [Times: user=0.00 sys=0.00, real=0.00 secs] 
2021-01-22T16:59:15.566+0800: 20.681: [GC (Allocation Failure) [PSYoungGen: 8960K->160K(9728K)] 28777K->19977K(31744K), 0.0016846 secs] [Times: user=0.00 sys=0.00, real=0.00 secs] 
2021-01-22T16:59:15.609+0800: 20.724: [GC (Allocation Failure) [PSYoungGen: 8864K->224K(9728K)] 28681K->20041K(31744K), 0.0020013 secs] [Times: user=0.00 sys=0.00, real=0.00 secs] 
2021-01-22T16:59:15.656+0800: 20.770: [GC (Allocation Failure) [PSYoungGen: 8928K->192K(9728K)] 28745K->20009K(31744K), 0.0018591 secs] [Times: user=0.00 sys=0.00, real=0.00 secs] 
2021-01-22T16:59:15.706+0800: 20.820: [GC (Allocation Failure) [PSYoungGen: 8896K->160K(9728K)] 28713K->19985K(31744K), 0.0024150 secs] [Times: user=0.00 sys=0.00, real=0.00 secs] 
2021-01-22T16:59:15.754+0800: 20.869: [GC (Allocation Failure) [PSYoungGen: 8864K->256K(9728K)] 28689K->20081K(31744K), 0.0013563 secs] [Times: user=0.00 sys=0.00, real=0.00 secs] 
2021-01-22T16:59:15.805+0800: 20.920: [GC (Allocation Failure) [PSYoungGen: 8960K->192K(9728K)] 28785K->20017K(31744K), 0.0024500 secs] [Times: user=0.00 sys=0.00, real=0.00 secs] 
2021-01-22T16:59:15.858+0800: 20.973: [GC (Allocation Failure) [PSYoungGen: 8896K->224K(9728K)] 28721K->20081K(31744K), 0.0018900 secs] [Times: user=0.00 sys=0.00, real=0.00 secs] 
2021-01-22T16:59:15.908+0800: 21.023: [GC (Allocation Failure) [PSYoungGen: 8928K->224K(9728K)] 28785K->20089K(31744K), 0.0021174 secs] [Times: user=0.00 sys=0.00, real=0.00 secs] 
2021-01-22T16:59:15.969+0800: 21.083: [GC (Allocation Failure) [PSYoungGen: 8928K->160K(9728K)] 28793K->20033K(31744K), 0.0021129 secs] [Times: user=0.00 sys=0.00, real=0.00 secs] 
2021-01-22T16:59:16.017+0800: 21.132: [GC (Allocation Failure) [PSYoungGen: 8864K->160K(9728K)] 28737K->20033K(31744K), 0.0026092 secs] [Times: user=0.00 sys=0.00, real=0.00 secs] 
2021-01-22T16:59:16.065+0800: 21.180: [GC (Allocation Failure) [PSYoungGen: 8863K->192K(9728K)] 28737K->20073K(31744K), 0.0019383 secs] [Times: user=0.00 sys=0.00, real=0.00 secs] 
2021-01-22T16:59:16.112+0800: 21.227: [GC (Allocation Failure) [PSYoungGen: 8896K->128K(9728K)] 28777K->20009K(31744K), 0.0015834 secs] [Times: user=0.00 sys=0.00, real=0.00 secs] 
2021-01-22T16:59:16.160+0800: 21.275: [GC (Allocation Failure) [PSYoungGen: 8832K->256K(9728K)] 28713K->20137K(31744K), 0.0013417 secs] [Times: user=0.00 sys=0.00, real=0.00 secs] 
2021-01-22T16:59:16.206+0800: 21.322: [GC (Allocation Failure) [PSYoungGen: 8960K->192K(9728K)] 28841K->20073K(31744K), 0.0035912 secs] [Times: user=0.00 sys=0.00, real=0.00 secs] 
2021-01-22T16:59:16.254+0800: 21.370: [GC (Allocation Failure) [PSYoungGen: 8896K->224K(9728K)] 28777K->20105K(31744K), 0.0013369 secs] [Times: user=0.01 sys=0.00, real=0.00 secs] 
2021-01-22T16:59:16.298+0800: 21.414: [GC (Allocation Failure) [PSYoungGen: 8928K->256K(9728K)] 28809K->20137K(31744K), 0.0012496 secs] [Times: user=0.00 sys=0.00, real=0.00 secs] 
2021-01-22T16:59:16.348+0800: 21.463: [GC (Allocation Failure) [PSYoungGen: 8957K->192K(9728K)] 28838K->20081K(31744K), 0.0015151 secs] [Times: user=0.02 sys=0.00, real=0.00 secs] 
2021-01-22T16:59:16.395+0800: 21.510: [GC (Allocation Failure) [PSYoungGen: 8896K->128K(9728K)] 28785K->20017K(31744K), 0.0016636 secs] [Times: user=0.00 sys=0.02, real=0.00 secs] 
2021-01-22T16:59:16.440+0800: 21.555: [GC (Allocation Failure) [PSYoungGen: 8832K->160K(9728K)] 28721K->20049K(31744K), 0.0020595 secs] [Times: user=0.00 sys=0.00, real=0.00 secs] 
2021-01-22T16:59:16.486+0800: 21.601: [GC (Allocation Failure) [PSYoungGen: 8864K->128K(9728K)] 28753K->20017K(31744K), 0.0020123 secs] [Times: user=0.00 sys=0.00, real=0.00 secs] 
2021-01-22T16:59:16.531+0800: 21.646: [GC (Allocation Failure) [PSYoungGen: 8832K->256K(9728K)] 28721K->20145K(31744K), 0.0012993 secs] [Times: user=0.00 sys=0.00, real=0.00 secs] 
2021-01-22T16:59:16.584+0800: 21.700: [GC (Allocation Failure) [PSYoungGen: 8960K->128K(9728K)] 28849K->20025K(31744K), 0.0015804 secs] [Times: user=0.00 sys=0.00, real=0.00 secs] 
2021-01-22T16:59:16.631+0800: 21.746: [GC (Allocation Failure) [PSYoungGen: 8824K->256K(9728K)] 28722K->20153K(31744K), 0.0015290 secs] [Times: user=0.00 sys=0.00, real=0.00 secs] 
2021-01-22T16:59:16.676+0800: 21.791: [GC (Allocation Failure) [PSYoungGen: 8960K->96K(9728K)] 28857K->19993K(31744K), 0.0019304 secs] [Times: user=0.02 sys=0.02, real=0.00 secs] 
2021-01-22T16:59:16.723+0800: 21.838: [GC (Allocation Failure) [PSYoungGen: 8793K->224K(9728K)] 28690K->20121K(31744K), 0.0014539 secs] [Times: user=0.00 sys=0.00, real=0.00 secs] 
2021-01-22T16:59:16.773+0800: 21.888: [GC (Allocation Failure) [PSYoungGen: 8928K->224K(9728K)] 28825K->20121K(31744K), 0.0037706 secs] [Times: user=0.00 sys=0.00, real=0.00 secs] 
2021-01-22T16:59:16.820+0800: 21.935: [GC (Allocation Failure) [PSYoungGen: 8924K->256K(9728K)] 28822K->20153K(31744K), 0.0020108 secs] [Times: user=0.00 sys=0.00, real=0.00 secs] 
2021-01-22T16:59:16.865+0800: 21.980: [GC (Allocation Failure) [PSYoungGen: 8960K->192K(9728K)] 28857K->20089K(31744K), 0.0016550 secs] [Times: user=0.05 sys=0.00, real=0.00 secs] 
2021-01-22T16:59:16.909+0800: 22.024: [GC (Allocation Failure) [PSYoungGen: 8896K->64K(9728K)] 28793K->19969K(31744K), 0.0033328 secs] [Times: user=0.00 sys=0.00, real=0.00 secs] 
2021-01-22T16:59:16.957+0800: 22.072: [GC (Allocation Failure) [PSYoungGen: 8768K->160K(9728K)] 28673K->20065K(31744K), 0.0018215 secs] [Times: user=0.00 sys=0.00, real=0.00 secs] 
2021-01-22T16:59:17.005+0800: 22.120: [GC (Allocation Failure) [PSYoungGen: 8864K->256K(9728K)] 28769K->20169K(31744K), 0.0015876 secs] [Times: user=0.02 sys=0.00, real=0.00 secs] 
2021-01-22T16:59:17.065+0800: 22.180: [GC (Allocation Failure) [PSYoungGen: 8960K->256K(9728K)] 28873K->20177K(31744K), 0.0021584 secs] [Times: user=0.00 sys=0.00, real=0.00 secs] 
2021-01-22T16:59:17.113+0800: 22.228: [GC (Allocation Failure) [PSYoungGen: 8960K->256K(9728K)] 28881K->20177K(31744K), 0.0016656 secs] [Times: user=0.00 sys=0.00, real=0.00 secs] 
2021-01-22T16:59:17.161+0800: 22.276: [GC (Allocation Failure) [PSYoungGen: 8960K->160K(9728K)] 28881K->20081K(31744K), 0.0016600 secs] [Times: user=0.02 sys=0.00, real=0.00 secs] 
2021-01-22T16:59:17.206+0800: 22.321: [GC (Allocation Failure) [PSYoungGen: 8861K->192K(9728K)] 28783K->20113K(31744K), 0.0019712 secs] [Times: user=0.00 sys=0.00, real=0.00 secs] 
2021-01-22T16:59:17.253+0800: 22.368: [GC (Allocation Failure) [PSYoungGen: 8893K->96K(9728K)] 28815K->20017K(31744K), 0.0025984 secs] [Times: user=0.00 sys=0.00, real=0.00 secs] 
2021-01-22T16:59:17.300+0800: 22.415: [GC (Allocation Failure) [PSYoungGen: 8800K->192K(9728K)] 28721K->20113K(31744K), 0.0014537 secs] [Times: user=0.00 sys=0.00, real=0.00 secs] 
2021-01-22T16:59:17.349+0800: 22.464: [GC (Allocation Failure) [PSYoungGen: 8896K->64K(9728K)] 28817K->19985K(31744K), 0.0035547 secs] [Times: user=0.03 sys=0.00, real=0.00 secs] 
2021-01-22T16:59:17.398+0800: 22.513: [GC (Allocation Failure) [PSYoungGen: 8767K->160K(9728K)] 28689K->20081K(31744K), 0.0017638 secs] [Times: user=0.00 sys=0.00, real=0.00 secs] 
2021-01-22T16:59:17.444+0800: 22.559: [GC (Allocation Failure) [PSYoungGen: 8864K->128K(9728K)] 28785K->20049K(31744K), 0.0015562 secs] [Times: user=0.00 sys=0.00, real=0.00 secs] 
2021-01-22T16:59:17.490+0800: 22.604: [GC (Allocation Failure) [PSYoungGen: 8832K->128K(9728K)] 28753K->20049K(31744K), 0.0020261 secs] [Times: user=0.06 sys=0.00, real=0.00 secs] 
2021-01-22T16:59:17.536+0800: 22.650: [GC (Allocation Failure) [PSYoungGen: 8832K->160K(9728K)] 28753K->20081K(31744K), 0.0015410 secs] [Times: user=0.00 sys=0.00, real=0.00 secs] 
2021-01-22T16:59:17.583+0800: 22.697: [GC (Allocation Failure) [PSYoungGen: 8864K->256K(9728K)] 28785K->20177K(31744K), 0.0014911 secs] [Times: user=0.00 sys=0.00, real=0.00 secs] 
2021-01-22T16:59:17.630+0800: 22.744: [GC (Allocation Failure) [PSYoungGen: 8960K->128K(9728K)] 28881K->20057K(31744K), 0.0020654 secs] [Times: user=0.01 sys=0.00, real=0.00 secs] 
2021-01-22T16:59:17.674+0800: 22.789: [GC (Allocation Failure) [PSYoungGen: 8832K->96K(9728K)] 28761K->20033K(31744K), 0.0014031 secs] [Times: user=0.00 sys=0.00, real=0.00 secs] 
2021-01-22T16:59:17.721+0800: 22.836: [GC (Allocation Failure) [PSYoungGen: 8800K->160K(9728K)] 28737K->20105K(31744K), 0.0019296 secs] [Times: user=0.00 sys=0.00, real=0.00 secs] 
2021-01-22T16:59:17.768+0800: 22.883: [GC (Allocation Failure) [PSYoungGen: 8864K->192K(9728K)] 28809K->20137K(31744K), 0.0019581 secs] [Times: user=0.00 sys=0.00, real=0.00 secs] 
2021-01-22T16:59:17.814+0800: 22.929: [GC (Allocation Failure) [PSYoungGen: 8896K->256K(9728K)] 28841K->20201K(31744K), 0.0026490 secs] [Times: user=0.00 sys=0.00, real=0.00 secs] 
2021-01-22T16:59:17.859+0800: 22.974: [GC (Allocation Failure) [PSYoungGen: 8960K->224K(9728K)] 28905K->20169K(31744K), 0.0016591 secs] [Times: user=0.00 sys=0.00, real=0.00 secs] 
2021-01-22T16:59:17.911+0800: 23.026: [GC (Allocation Failure) [PSYoungGen: 8928K->256K(9728K)] 28873K->20209K(31744K), 0.0018142 secs] [Times: user=0.06 sys=0.00, real=0.00 secs] 
2021-01-22T16:59:17.956+0800: 23.071: [GC (Allocation Failure) [PSYoungGen: 8960K->224K(9728K)] 28913K->20177K(31744K), 0.0019832 secs] [Times: user=0.00 sys=0.00, real=0.00 secs] 
2021-01-22T16:59:18.009+0800: 23.125: [GC (Allocation Failure) [PSYoungGen: 8928K->224K(9728K)] 28881K->20185K(31744K), 0.0016925 secs] [Times: user=0.00 sys=0.00, real=0.00 secs] 
2021-01-22T16:59:18.059+0800: 23.174: [GC (Allocation Failure) [PSYoungGen: 8928K->160K(9728K)] 28889K->20121K(31744K), 0.0015358 secs] [Times: user=0.00 sys=0.00, real=0.00 secs] 
2021-01-22T16:59:18.127+0800: 23.242: [GC (Allocation Failure) [PSYoungGen: 8864K->128K(9728K)] 28825K->20089K(31744K), 0.0027358 secs] [Times: user=0.00 sys=0.00, real=0.00 secs] 
2021-01-22T16:59:18.182+0800: 23.298: [GC (Allocation Failure) [PSYoungGen: 8832K->192K(9728K)] 28793K->20153K(31744K), 0.0018413 secs] [Times: user=0.00 sys=0.00, real=0.00 secs] 
2021-01-22T16:59:18.230+0800: 23.345: [GC (Allocation Failure) [PSYoungGen: 8896K->192K(9728K)] 28857K->20161K(31744K), 0.0017858 secs] [Times: user=0.00 sys=0.00, real=0.00 secs] 
2021-01-22T16:59:18.277+0800: 23.392: [GC (Allocation Failure) [PSYoungGen: 8896K->224K(9728K)] 28865K->20201K(31744K), 0.0015262 secs] [Times: user=0.00 sys=0.00, real=0.00 secs] 
2021-01-22T16:59:18.323+0800: 23.438: [GC (Allocation Failure) [PSYoungGen: 8928K->256K(9728K)] 28905K->20257K(31744K), 0.0025583 secs] [Times: user=0.00 sys=0.00, real=0.00 secs] 
2021-01-22T16:59:18.373+0800: 23.488: [GC (Allocation Failure) [PSYoungGen: 8960K->224K(9728K)] 28961K->20225K(31744K), 0.0017216 secs] [Times: user=0.00 sys=0.00, real=0.00 secs] 
2021-01-22T16:59:18.417+0800: 23.532: [GC (Allocation Failure) [PSYoungGen: 8928K->192K(9728K)] 28929K->20193K(31744K), 0.0013331 secs] [Times: user=0.00 sys=0.00, real=0.00 secs] 
2021-01-22T16:59:18.461+0800: 23.576: [GC (Allocation Failure) [PSYoungGen: 8895K->256K(9728K)] 28897K->20265K(31744K), 0.0013116 secs] [Times: user=0.00 sys=0.00, real=0.00 secs] 
2021-01-22T16:59:18.513+0800: 23.628: [GC (Allocation Failure) [PSYoungGen: 8960K->256K(9728K)] 28969K->20265K(31744K), 0.0014735 secs] [Times: user=0.00 sys=0.00, real=0.00 secs] 
2021-01-22T16:59:18.560+0800: 23.675: [GC (Allocation Failure) [PSYoungGen: 8960K->192K(9728K)] 28969K->20201K(31744K), 0.0020756 secs] [Times: user=0.00 sys=0.00, real=0.00 secs] 
2021-01-22T16:59:18.605+0800: 23.720: [GC (Allocation Failure) [PSYoungGen: 8896K->256K(9728K)] 28905K->20289K(31744K), 0.0017681 secs] [Times: user=0.00 sys=0.00, real=0.00 secs] 
2021-01-22T16:59:18.650+0800: 23.765: [GC (Allocation Failure) [PSYoungGen: 8952K->256K(9728K)] 28986K->20289K(31744K), 0.0013084 secs] [Times: user=0.00 sys=0.00, real=0.00 secs] 
2021-01-22T16:59:18.695+0800: 23.810: [GC (Allocation Failure) [PSYoungGen: 8954K->224K(9728K)] 28987K->20257K(31744K), 0.0014717 secs] [Times: user=0.00 sys=0.00, real=0.00 secs] 
2021-01-22T16:59:18.741+0800: 23.856: [GC (Allocation Failure) [PSYoungGen: 8928K->192K(9728K)] 28961K->20233K(31744K), 0.0014644 secs] [Times: user=0.00 sys=0.00, real=0.00 secs] 
2021-01-22T16:59:18.789+0800: 23.904: [GC (Allocation Failure) [PSYoungGen: 8896K->256K(9728K)] 28937K->20297K(31744K), 0.0017206 secs] [Times: user=0.00 sys=0.00, real=0.00 secs] 
2021-01-22T16:59:18.838+0800: 23.953: [GC (Allocation Failure) [PSYoungGen: 8960K->160K(9728K)] 29001K->20201K(31744K), 0.0026292 secs] [Times: user=0.00 sys=0.00, real=0.00 secs] 
2021-01-22T16:59:18.885+0800: 24.000: [GC (Allocation Failure) [PSYoungGen: 8857K->192K(9728K)] 28898K->20241K(31744K), 0.0017510 secs] [Times: user=0.00 sys=0.00, real=0.00 secs] 
2021-01-22T16:59:18.931+0800: 24.046: [GC (Allocation Failure) [PSYoungGen: 8896K->224K(9728K)] 28945K->20289K(31744K), 0.0012796 secs] [Times: user=0.00 sys=0.00, real=0.00 secs] 
2021-01-22T16:59:18.991+0800: 24.106: [GC (Allocation Failure) [PSYoungGen: 8923K->160K(9728K)] 28989K->20233K(31744K), 0.0025322 secs] [Times: user=0.00 sys=0.00, real=0.00 secs] 
2021-01-22T16:59:19.045+0800: 24.160: [GC (Allocation Failure) [PSYoungGen: 8864K->96K(9728K)] 28937K->20169K(31744K), 0.0020998 secs] [Times: user=0.00 sys=0.00, real=0.00 secs] 
2021-01-22T16:59:19.090+0800: 24.205: [GC (Allocation Failure) [PSYoungGen: 8800K->160K(9728K)] 28873K->20233K(31744K), 0.0015339 secs] [Times: user=0.00 sys=0.00, real=0.00 secs] 
2021-01-22T16:59:19.137+0800: 24.251: [GC (Allocation Failure) [PSYoungGen: 8864K->128K(9728K)] 28937K->20201K(31744K), 0.0019576 secs] [Times: user=0.00 sys=0.00, real=0.00 secs] 
2021-01-22T16:59:19.183+0800: 24.297: [GC (Allocation Failure) [PSYoungGen: 8824K->128K(9728K)] 28897K->20201K(31744K), 0.0016489 secs] [Times: user=0.00 sys=0.00, real=0.00 secs] 
2021-01-22T16:59:19.227+0800: 24.341: [GC (Allocation Failure) [PSYoungGen: 8829K->96K(9728K)] 28903K->20169K(31744K), 0.0015544 secs] [Times: user=0.00 sys=0.00, real=0.00 secs] 
2021-01-22T16:59:19.271+0800: 24.386: [GC (Allocation Failure) [PSYoungGen: 8799K->224K(9728K)] 28872K->20297K(31744K), 0.0019338 secs] [Times: user=0.00 sys=0.00, real=0.00 secs] 
2021-01-22T16:59:19.320+0800: 24.435: [GC (Allocation Failure) [PSYoungGen: 8928K->96K(9728K)] 29001K->20177K(31744K), 0.0017249 secs] [Times: user=0.00 sys=0.00, real=0.00 secs] 
2021-01-22T16:59:19.377+0800: 24.491: [GC (Allocation Failure) [PSYoungGen: 8800K->256K(9728K)] 28881K->20337K(31744K), 0.0025012 secs] [Times: user=0.00 sys=0.00, real=0.00 secs] 
2021-01-22T16:59:19.423+0800: 24.538: [GC (Allocation Failure) [PSYoungGen: 8960K->224K(9728K)] 29041K->20305K(31744K), 0.0017961 secs] [Times: user=0.00 sys=0.00, real=0.00 secs] 
2021-01-22T16:59:19.471+0800: 24.586: [GC (Allocation Failure) [PSYoungGen: 8927K->224K(9728K)] 29008K->20305K(31744K), 0.0017245 secs] [Times: user=0.00 sys=0.00, real=0.00 secs] 
2021-01-22T16:59:19.516+0800: 24.631: [GC (Allocation Failure) [PSYoungGen: 8928K->192K(9728K)] 29009K->20281K(31744K), 0.0015479 secs] [Times: user=0.00 sys=0.00, real=0.00 secs] 
2021-01-22T16:59:19.561+0800: 24.677: [GC (Allocation Failure) [PSYoungGen: 8895K->256K(9728K)] 28985K->20361K(31744K), 0.0012123 secs] [Times: user=0.00 sys=0.00, real=0.00 secs] 
2021-01-22T16:59:19.608+0800: 24.724: [GC (Allocation Failure) [PSYoungGen: 8960K->256K(9728K)] 29065K->20361K(31744K), 0.0015544 secs] [Times: user=0.00 sys=0.00, real=0.00 secs] 
2021-01-22T16:59:19.655+0800: 24.770: [GC (Allocation Failure) [PSYoungGen: 8959K->256K(9728K)] 29065K->20361K(31744K), 0.0017238 secs] [Times: user=0.00 sys=0.00, real=0.00 secs] 
2021-01-22T16:59:19.702+0800: 24.817: [GC (Allocation Failure) [PSYoungGen: 8960K->224K(9728K)] 29065K->20345K(31744K), 0.0016940 secs] [Times: user=0.00 sys=0.00, real=0.00 secs] 
2021-01-22T16:59:19.748+0800: 24.863: [GC (Allocation Failure) [PSYoungGen: 8920K->160K(9728K)] 29042K->20281K(31744K), 0.0027536 secs] [Times: user=0.00 sys=0.00, real=0.00 secs] 
2021-01-22T16:59:19.797+0800: 24.912: [GC (Allocation Failure) [PSYoungGen: 8864K->224K(9728K)] 28985K->20377K(31744K), 0.0019244 secs] [Times: user=0.00 sys=0.00, real=0.00 secs] 
2021-01-22T16:59:19.842+0800: 24.957: [GC (Allocation Failure) [PSYoungGen: 8924K->224K(9728K)] 29077K->20377K(31744K), 0.0018274 secs] [Times: user=0.00 sys=0.00, real=0.00 secs] 
2021-01-22T16:59:19.890+0800: 25.005: [GC (Allocation Failure) [PSYoungGen: 8926K->192K(9728K)] 29079K->20345K(31744K), 0.0021217 secs] [Times: user=0.00 sys=0.00, real=0.00 secs] 
2021-01-22T16:59:19.934+0800: 25.049: [GC (Allocation Failure) [PSYoungGen: 8896K->128K(9728K)] 29049K->20289K(31744K), 0.0023111 secs] [Times: user=0.00 sys=0.00, real=0.00 secs] 
2021-01-22T16:59:19.980+0800: 25.095: [GC (Allocation Failure) [PSYoungGen: 8832K->256K(9728K)] 28993K->20417K(31744K), 0.0019852 secs] [Times: user=0.00 sys=0.00, real=0.00 secs] 
2021-01-22T16:59:20.025+0800: 25.140: [GC (Allocation Failure) [PSYoungGen: 8954K->224K(9728K)] 29115K->20385K(31744K), 0.0017267 secs] [Times: user=0.00 sys=0.00, real=0.00 secs] 
2021-01-22T16:59:20.071+0800: 25.186: [GC (Allocation Failure) [PSYoungGen: 8928K->192K(9728K)] 29089K->20353K(31744K), 0.0016866 secs] [Times: user=0.00 sys=0.00, real=0.00 secs] 
2021-01-22T16:59:20.118+0800: 25.233: [GC (Allocation Failure) [PSYoungGen: 8889K->160K(9728K)] 29051K->20321K(31744K), 0.0014983 secs] [Times: user=0.00 sys=0.00, real=0.00 secs] 
2021-01-22T16:59:20.165+0800: 25.280: [GC (Allocation Failure) [PSYoungGen: 8864K->192K(9728K)] 29025K->20353K(31744K), 0.0014852 secs] [Times: user=0.00 sys=0.00, real=0.00 secs] 
2021-01-22T16:59:20.214+0800: 25.329: [GC (Allocation Failure) [PSYoungGen: 8896K->96K(9728K)] 29057K->20265K(31744K), 0.0014138 secs] [Times: user=0.00 sys=0.00, real=0.00 secs] 
2021-01-22T16:59:20.265+0800: 25.380: [GC (Allocation Failure) [PSYoungGen: 8800K->192K(9728K)] 28969K->20361K(31744K), 0.0021723 secs] [Times: user=0.00 sys=0.00, real=0.00 secs] 
2021-01-22T16:59:20.311+0800: 25.426: [GC (Allocation Failure) [PSYoungGen: 8896K->128K(9728K)] 29065K->20297K(31744K), 0.0018344 secs] [Times: user=0.00 sys=0.00, real=0.00 secs] 
2021-01-22T16:59:20.357+0800: 25.472: [GC (Allocation Failure) [PSYoungGen: 8829K->160K(9728K)] 28998K->20329K(31744K), 0.0021810 secs] [Times: user=0.00 sys=0.00, real=0.00 secs] 
2021-01-22T16:59:20.402+0800: 25.517: [GC (Allocation Failure) [PSYoungGen: 8864K->192K(9728K)] 29033K->20361K(31744K), 0.0019606 secs] [Times: user=0.00 sys=0.00, real=0.00 secs] 
2021-01-22T16:59:20.446+0800: 25.561: [GC (Allocation Failure) [PSYoungGen: 8894K->160K(9728K)] 29063K->20337K(31744K), 0.0014348 secs] [Times: user=0.00 sys=0.00, real=0.00 secs] 
2021-01-22T16:59:20.490+0800: 25.605: [GC (Allocation Failure) [PSYoungGen: 8864K->224K(9728K)] 29041K->20401K(31744K), 0.0014268 secs] [Times: user=0.06 sys=0.00, real=0.00 secs] 
2021-01-22T16:59:20.538+0800: 25.653: [GC (Allocation Failure) [PSYoungGen: 8928K->160K(9728K)] 29105K->20345K(31744K), 0.0015981 secs] [Times: user=0.00 sys=0.00, real=0.00 secs] 
2021-01-22T16:59:20.584+0800: 25.698: [GC (Allocation Failure) [PSYoungGen: 8864K->256K(9728K)] 29049K->20441K(31744K), 0.0017784 secs] [Times: user=0.02 sys=0.00, real=0.00 secs] 
2021-01-22T16:59:20.628+0800: 25.743: [GC (Allocation Failure) [PSYoungGen: 8960K->192K(9728K)] 29145K->20377K(31744K), 0.0021235 secs] [Times: user=0.00 sys=0.00, real=0.00 secs] 
2021-01-22T16:59:20.676+0800: 25.791: [GC (Allocation Failure) [PSYoungGen: 8896K->256K(9728K)] 29081K->20449K(31744K), 0.0024544 secs] [Times: user=0.02 sys=0.00, real=0.00 secs] 
2021-01-22T16:59:20.721+0800: 25.836: [GC (Allocation Failure) [PSYoungGen: 8960K->160K(9728K)] 29153K->20361K(31744K), 0.0018669 secs] [Times: user=0.00 sys=0.00, real=0.00 secs] 
2021-01-22T16:59:20.768+0800: 25.883: [GC (Allocation Failure) [PSYoungGen: 8863K->192K(9728K)] 29064K->20393K(31744K), 0.0015939 secs] [Times: user=0.00 sys=0.00, real=0.00 secs] 
2021-01-22T16:59:20.816+0800: 25.930: [GC (Allocation Failure) [PSYoungGen: 8896K->192K(9728K)] 29097K->20393K(31744K), 0.0014986 secs] [Times: user=0.00 sys=0.00, real=0.00 secs] 
2021-01-22T16:59:20.862+0800: 25.977: [GC (Allocation Failure) [PSYoungGen: 8896K->224K(9728K)] 29097K->20425K(31744K), 0.0015305 secs] [Times: user=0.00 sys=0.00, real=0.00 secs] 
2021-01-22T16:59:20.909+0800: 26.024: [GC (Allocation Failure) [PSYoungGen: 8928K->256K(9728K)] 29129K->20473K(31744K), 0.0019022 secs] [Times: user=0.00 sys=0.00, real=0.00 secs] 
2021-01-22T16:59:20.961+0800: 26.076: [GC (Allocation Failure) [PSYoungGen: 8960K->224K(9728K)] 29177K->20441K(31744K), 0.0014901 secs] [Times: user=0.00 sys=0.00, real=0.00 secs] 
2021-01-22T16:59:21.023+0800: 26.138: [GC (Allocation Failure) [PSYoungGen: 8928K->160K(9728K)] 29145K->20377K(31744K), 0.0022965 secs] [Times: user=0.00 sys=0.00, real=0.00 secs] 
2021-01-22T16:59:21.072+0800: 26.186: [GC (Allocation Failure) [PSYoungGen: 8863K->224K(9728K)] 29080K->20441K(31744K), 0.0019921 secs] [Times: user=0.00 sys=0.00, real=0.00 secs] 
2021-01-22T16:59:21.118+0800: 26.232: [GC (Allocation Failure) [PSYoungGen: 8928K->192K(9728K)] 29145K->20409K(31744K), 0.0015831 secs] [Times: user=0.00 sys=0.00, real=0.00 secs] 
2021-01-22T16:59:21.165+0800: 26.279: [GC (Allocation Failure) [PSYoungGen: 8896K->96K(9728K)] 29113K->20321K(31744K), 0.0016125 secs] [Times: user=0.00 sys=0.00, real=0.00 secs] 
2021-01-22T16:59:21.211+0800: 26.325: [GC (Allocation Failure) [PSYoungGen: 8800K->224K(9728K)] 29025K->20449K(31744K), 0.0013414 secs] [Times: user=0.00 sys=0.00, real=0.00 secs] 
2021-01-22T16:59:21.257+0800: 26.372: [GC (Allocation Failure) [PSYoungGen: 8926K->224K(9728K)] 29151K->20449K(31744K), 0.0020092 secs] [Times: user=0.00 sys=0.00, real=0.00 secs] 
2021-01-22T16:59:21.304+0800: 26.420: [GC (Allocation Failure) [PSYoungGen: 8928K->160K(9728K)] 29153K->20385K(31744K), 0.0020983 secs] [Times: user=0.00 sys=0.00, real=0.00 secs] 
2021-01-22T16:59:21.349+0800: 26.464: [GC (Allocation Failure) [PSYoungGen: 8859K->256K(9728K)] 29084K->20481K(31744K), 0.0013992 secs] [Times: user=0.11 sys=0.00, real=0.00 secs] 
2021-01-22T16:59:21.396+0800: 26.511: [GC (Allocation Failure) [PSYoungGen: 8960K->160K(9728K)] 29185K->20385K(31744K), 0.0015063 secs] [Times: user=0.09 sys=0.00, real=0.00 secs] 
2021-01-22T16:59:21.444+0800: 26.559: [GC (Allocation Failure) [PSYoungGen: 8864K->192K(9728K)] 29089K->20417K(31744K), 0.0016532 secs] [Times: user=0.00 sys=0.00, real=0.00 secs] 
2021-01-22T16:59:21.487+0800: 26.603: [GC (Allocation Failure) [PSYoungGen: 8889K->192K(9728K)] 29114K->20417K(31744K), 0.0023814 secs] [Times: user=0.00 sys=0.00, real=0.00 secs] 
2021-01-22T16:59:21.532+0800: 26.648: [GC (Allocation Failure) [PSYoungGen: 8896K->160K(9728K)] 29121K->20385K(31744K), 0.0028098 secs] [Times: user=0.00 sys=0.00, real=0.00 secs] 
2021-01-22T16:59:21.583+0800: 26.698: [GC (Allocation Failure) [PSYoungGen: 8864K->160K(9728K)] 29089K->20393K(31744K), 0.0020515 secs] [Times: user=0.06 sys=0.00, real=0.00 secs] 
2021-01-22T16:59:21.632+0800: 26.747: [GC (Allocation Failure) [PSYoungGen: 8864K->192K(9728K)] 29097K->20425K(31744K), 0.0033237 secs] [Times: user=0.00 sys=0.00, real=0.00 secs] 
2021-01-22T16:59:21.681+0800: 26.796: [GC (Allocation Failure) [PSYoungGen: 8891K->192K(9728K)] 29124K->20425K(31744K), 0.0026481 secs] [Times: user=0.00 sys=0.00, real=0.00 secs] 
2021-01-22T16:59:21.728+0800: 26.843: [GC (Allocation Failure) [PSYoungGen: 8889K->224K(9728K)] 29123K->20457K(31744K), 0.0016033 secs] [Times: user=0.00 sys=0.00, real=0.00 secs] 
2021-01-22T16:59:21.776+0800: 26.891: [GC (Allocation Failure) [PSYoungGen: 8928K->192K(9728K)] 29161K->20425K(31744K), 0.0017873 secs] [Times: user=0.00 sys=0.00, real=0.00 secs] 
2021-01-22T16:59:21.824+0800: 26.939: [GC (Allocation Failure) [PSYoungGen: 8896K->160K(9728K)] 29129K->20393K(31744K), 0.0023930 secs] [Times: user=0.00 sys=0.00, real=0.00 secs] 
2021-01-22T16:59:21.871+0800: 26.986: [GC (Allocation Failure) [PSYoungGen: 8864K->224K(9728K)] 29097K->20457K(31744K), 0.0018709 secs] [Times: user=0.00 sys=0.00, real=0.00 secs] 
2021-01-22T16:59:21.916+0800: 27.031: [GC (Allocation Failure) [PSYoungGen: 8928K->192K(9728K)] 29161K->20441K(31744K), 0.0013151 secs] [Times: user=0.00 sys=0.00, real=0.00 secs] 
2021-01-22T16:59:21.971+0800: 27.086: [GC (Allocation Failure) [PSYoungGen: 8896K->128K(9728K)] 29145K->20377K(31744K), 0.0025272 secs] [Times: user=0.00 sys=0.00, real=0.00 secs] 
2021-01-22T16:59:22.021+0800: 27.136: [GC (Allocation Failure) [PSYoungGen: 8832K->160K(9728K)] 29081K->20409K(31744K), 0.0019748 secs] [Times: user=0.09 sys=0.00, real=0.00 secs] 
2021-01-22T16:59:22.066+0800: 27.181: [GC (Allocation Failure) [PSYoungGen: 8864K->64K(9728K)] 29113K->20313K(31744K), 0.0018566 secs] [Times: user=0.00 sys=0.00, real=0.00 secs] 
2021-01-22T16:59:22.112+0800: 27.227: [GC (Allocation Failure) [PSYoungGen: 8768K->224K(9728K)] 29017K->20473K(31744K), 0.0018694 secs] [Times: user=0.00 sys=0.00, real=0.00 secs] 
2021-01-22T16:59:22.164+0800: 27.279: [GC (Allocation Failure) [PSYoungGen: 8928K->192K(9728K)] 29177K->20441K(31744K), 0.0021097 secs] [Times: user=0.00 sys=0.00, real=0.00 secs] 
2021-01-22T16:59:22.211+0800: 27.326: [GC (Allocation Failure) [PSYoungGen: 8896K->128K(9728K)] 29145K->20385K(31744K), 0.0025263 secs] [Times: user=0.00 sys=0.00, real=0.00 secs] 
2021-01-22T16:59:22.256+0800: 27.371: [GC (Allocation Failure) [PSYoungGen: 8825K->224K(9728K)] 29082K->20481K(31744K), 0.0018278 secs] [Times: user=0.06 sys=0.02, real=0.00 secs] 
2021-01-22T16:59:22.304+0800: 27.419: [GC (Allocation Failure) [PSYoungGen: 8928K->256K(9728K)] 29185K->20513K(31744K), 0.0014287 secs] [Times: user=0.00 sys=0.00, real=0.00 secs] 
2021-01-22T16:59:22.349+0800: 27.464: [GC (Allocation Failure) [PSYoungGen: 8960K->128K(9728K)] 29217K->20385K(31744K), 0.0024108 secs] [Times: user=0.06 sys=0.00, real=0.00 secs] 
2021-01-22T16:59:22.396+0800: 27.511: [GC (Allocation Failure) [PSYoungGen: 8832K->128K(9728K)] 29089K->20385K(31744K), 0.0014880 secs] [Times: user=0.09 sys=0.00, real=0.00 secs] 
2021-01-22T16:59:22.440+0800: 27.555: [GC (Allocation Failure) [PSYoungGen: 8832K->160K(9728K)] 29089K->20417K(31744K), 0.0020128 secs] [Times: user=0.00 sys=0.00, real=0.00 secs] 
2021-01-22T16:59:22.489+0800: 27.604: [GC (Allocation Failure) [PSYoungGen: 8858K->192K(9728K)] 29116K->20449K(31744K), 0.0018011 secs] [Times: user=0.02 sys=0.00, real=0.00 secs] 
2021-01-22T16:59:22.535+0800: 27.650: [GC (Allocation Failure) [PSYoungGen: 8896K->160K(9728K)] 29153K->20417K(31744K), 0.0013945 secs] [Times: user=0.00 sys=0.00, real=0.00 secs] 
2021-01-22T16:59:22.582+0800: 27.697: [GC (Allocation Failure) [PSYoungGen: 8864K->192K(9728K)] 29121K->20449K(31744K), 0.0018695 secs] [Times: user=0.00 sys=0.00, real=0.00 secs] 
2021-01-22T16:59:22.633+0800: 27.748: [GC (Allocation Failure) [PSYoungGen: 8896K->256K(9728K)] 29153K->20521K(31744K), 0.0022046 secs] [Times: user=0.00 sys=0.00, real=0.00 secs] 
2021-01-22T16:59:22.678+0800: 27.793: [GC (Allocation Failure) [PSYoungGen: 8960K->160K(9728K)] 29225K->20425K(31744K), 0.0014927 secs] [Times: user=0.01 sys=0.00, real=0.00 secs] 
2021-01-22T16:59:22.725+0800: 27.839: [GC (Allocation Failure) [PSYoungGen: 8864K->192K(9728K)] 29129K->20457K(31744K), 0.0015861 secs] [Times: user=0.06 sys=0.00, real=0.00 secs] 
2021-01-22T16:59:22.775+0800: 27.889: [GC (Allocation Failure) [PSYoungGen: 8896K->224K(9728K)] 29161K->20489K(31744K), 0.0018214 secs] [Times: user=0.00 sys=0.00, real=0.00 secs] 
2021-01-22T16:59:22.822+0800: 27.936: [GC (Allocation Failure) [PSYoungGen: 8924K->256K(9728K)] 29189K->20521K(31744K), 0.0015870 secs] [Times: user=0.00 sys=0.00, real=0.00 secs] 
2021-01-22T16:59:22.876+0800: 27.990: [GC (Allocation Failure) [PSYoungGen: 8960K->96K(9728K)] 29225K->20361K(31744K), 0.0032677 secs] [Times: user=0.00 sys=0.00, real=0.00 secs] 
2021-01-22T16:59:22.922+0800: 28.037: [GC (Allocation Failure) [PSYoungGen: 8800K->256K(9728K)] 29065K->20529K(31744K), 0.0020401 secs] [Times: user=0.00 sys=0.00, real=0.00 secs] 
2021-01-22T16:59:22.969+0800: 28.083: [GC (Allocation Failure) [PSYoungGen: 8960K->160K(9728K)] 29233K->20433K(31744K), 0.0022497 secs] [Times: user=0.00 sys=0.00, real=0.00 secs] 
2021-01-22T16:59:23.016+0800: 28.131: [GC (Allocation Failure) [PSYoungGen: 8858K->224K(9728K)] 29132K->20497K(31744K), 0.0013257 secs] [Times: user=0.00 sys=0.00, real=0.00 secs] 
2021-01-22T16:59:23.059+0800: 28.175: [GC (Allocation Failure) [PSYoungGen: 8928K->192K(9728K)] 29201K->20489K(31744K), 0.0020723 secs] [Times: user=0.00 sys=0.00, real=0.00 secs] 
2021-01-22T16:59:23.107+0800: 28.223: [GC (Allocation Failure) [PSYoungGen: 8895K->192K(9728K)] 29192K->20505K(31744K), 0.0025300 secs] [Times: user=0.00 sys=0.00, real=0.00 secs] 
2021-01-22T16:59:23.158+0800: 28.273: [GC (Allocation Failure) [PSYoungGen: 8891K->160K(9728K)] 29205K->20473K(31744K), 0.0020413 secs] [Times: user=0.00 sys=0.00, real=0.00 secs] 
2021-01-22T16:59:23.201+0800: 28.316: [GC (Allocation Failure) [PSYoungGen: 8862K->192K(9728K)] 29176K->20513K(31744K), 0.0013238 secs] [Times: user=0.00 sys=0.00, real=0.00 secs] 
2021-01-22T16:59:23.248+0800: 28.363: [GC (Allocation Failure) [PSYoungGen: 8892K->224K(9728K)] 29213K->20561K(31744K), 0.0026751 secs] [Times: user=0.00 sys=0.00, real=0.00 secs] 
2021-01-22T16:59:23.295+0800: 28.411: [GC (Allocation Failure) [PSYoungGen: 8923K->128K(9728K)] 29261K->20465K(31744K), 0.0018794 secs] [Times: user=0.00 sys=0.00, real=0.00 secs] 
2021-01-22T16:59:23.342+0800: 28.457: [GC (Allocation Failure) [PSYoungGen: 8832K->224K(9728K)] 29169K->20569K(31744K), 0.0012533 secs] [Times: user=0.00 sys=0.00, real=0.00 secs] 
2021-01-22T16:59:23.389+0800: 28.504: [GC (Allocation Failure) [PSYoungGen: 8920K->192K(9728K)] 29266K->20537K(31744K), 0.0025952 secs] [Times: user=0.00 sys=0.00, real=0.00 secs] 
2021-01-22T16:59:23.436+0800: 28.551: [GC (Allocation Failure) [PSYoungGen: 8893K->192K(9728K)] 29238K->20537K(31744K), 0.0016306 secs] [Times: user=0.00 sys=0.00, real=0.00 secs] 
2021-01-22T16:59:23.485+0800: 28.600: [GC (Allocation Failure) [PSYoungGen: 8891K->160K(9728K)] 29236K->20505K(31744K), 0.0014642 secs] [Times: user=0.00 sys=0.00, real=0.00 secs] 
2021-01-22T16:59:23.533+0800: 28.648: [GC (Allocation Failure) [PSYoungGen: 8864K->256K(9728K)] 29209K->20601K(31744K), 0.0021352 secs] [Times: user=0.00 sys=0.00, real=0.00 secs] 
2021-01-22T16:59:23.579+0800: 28.695: [GC (Allocation Failure) [PSYoungGen: 8960K->96K(9728K)] 29305K->20441K(31744K), 0.0018209 secs] [Times: user=0.00 sys=0.00, real=0.00 secs] 
2021-01-22T16:59:23.625+0800: 28.740: [GC (Allocation Failure) [PSYoungGen: 8796K->224K(9728K)] 29142K->20569K(31744K), 0.0020064 secs] [Times: user=0.00 sys=0.00, real=0.00 secs] 
2021-01-22T16:59:23.676+0800: 28.791: [GC (Allocation Failure) [PSYoungGen: 8921K->96K(9728K)] 29266K->20441K(31744K), 0.0019528 secs] [Times: user=0.02 sys=0.00, real=0.00 secs] 
2021-01-22T16:59:23.722+0800: 28.837: [GC (Allocation Failure) [PSYoungGen: 8793K->224K(9728K)] 29139K->20569K(31744K), 0.0023532 secs] [Times: user=0.00 sys=0.00, real=0.00 secs] 
2021-01-22T16:59:23.769+0800: 28.884: [GC (Allocation Failure) [PSYoungGen: 8928K->128K(9728K)] 29273K->20473K(31744K), 0.0019718 secs] [Times: user=0.00 sys=0.00, real=0.00 secs] 
2021-01-22T16:59:23.820+0800: 28.935: [GC (Allocation Failure) [PSYoungGen: 8832K->192K(9728K)] 29177K->20537K(31744K), 0.0013240 secs] [Times: user=0.00 sys=0.00, real=0.00 secs] 
2021-01-22T16:59:23.865+0800: 28.980: [GC (Allocation Failure) [PSYoungGen: 8896K->160K(9728K)] 29241K->20505K(31744K), 0.0016065 secs] [Times: user=0.05 sys=0.01, real=0.00 secs] 
2021-01-22T16:59:23.910+0800: 29.025: [GC (Allocation Failure) [PSYoungGen: 8860K->160K(9728K)] 29205K->20505K(31744K), 0.0015836 secs] [Times: user=0.00 sys=0.00, real=0.00 secs] 
2021-01-22T16:59:23.956+0800: 29.071: [GC (Allocation Failure) [PSYoungGen: 8864K->192K(9728K)] 29209K->20545K(31744K), 0.0033615 secs] [Times: user=0.02 sys=0.00, real=0.00 secs] 
2021-01-22T16:59:24.004+0800: 29.119: [GC (Allocation Failure) [PSYoungGen: 8896K->96K(9728K)] 29249K->20457K(31744K), 0.0016299 secs] [Times: user=0.00 sys=0.00, real=0.00 secs] 
2021-01-22T16:59:24.059+0800: 29.174: [GC (Allocation Failure) [PSYoungGen: 8800K->160K(9728K)] 29161K->20521K(31744K), 0.0024666 secs] [Times: user=0.00 sys=0.00, real=0.00 secs] 
2021-01-22T16:59:24.108+0800: 29.223: [GC (Allocation Failure) [PSYoungGen: 8864K->192K(9728K)] 29225K->20553K(31744K), 0.0019431 secs] [Times: user=0.00 sys=0.00, real=0.00 secs] 
2021-01-22T16:59:24.154+0800: 29.269: [GC (Allocation Failure) [PSYoungGen: 8893K->128K(9728K)] 29254K->20489K(31744K), 0.0020594 secs] [Times: user=0.00 sys=0.00, real=0.00 secs] 
2021-01-22T16:59:24.202+0800: 29.317: [GC (Allocation Failure) [PSYoungGen: 8832K->224K(9728K)] 29193K->20593K(31744K), 0.0017954 secs] [Times: user=0.00 sys=0.00, real=0.00 secs] 
2021-01-22T16:59:24.245+0800: 29.360: [GC (Allocation Failure) [PSYoungGen: 8928K->192K(9728K)] 29297K->20561K(31744K), 0.0015765 secs] [Times: user=0.00 sys=0.00, real=0.00 secs] 
2021-01-22T16:59:24.295+0800: 29.410: [GC (Allocation Failure) [PSYoungGen: 8896K->64K(9728K)] 29265K->20433K(31744K), 0.0027264 secs] [Times: user=0.00 sys=0.00, real=0.00 secs] 
2021-01-22T16:59:24.341+0800: 29.456: [GC (Allocation Failure) [PSYoungGen: 8768K->224K(9728K)] 29137K->20593K(31744K), 0.0027761 secs] [Times: user=0.00 sys=0.00, real=0.00 secs] 
2021-01-22T16:59:24.388+0800: 29.503: [GC (Allocation Failure) [PSYoungGen: 8928K->224K(9728K)] 29297K->20593K(31744K), 0.0019948 secs] [Times: user=0.00 sys=0.00, real=0.00 secs] 
2021-01-22T16:59:24.435+0800: 29.550: [GC (Allocation Failure) [PSYoungGen: 8928K->160K(9728K)] 29297K->20529K(31744K), 0.0014504 secs] [Times: user=0.00 sys=0.00, real=0.00 secs] 
2021-01-22T16:59:24.483+0800: 29.598: [GC (Allocation Failure) [PSYoungGen: 8856K->256K(9728K)] 29225K->20625K(31744K), 0.0018394 secs] [Times: user=0.00 sys=0.00, real=0.00 secs] 
2021-01-22T16:59:24.528+0800: 29.643: [GC (Allocation Failure) [PSYoungGen: 8960K->224K(9728K)] 29329K->20593K(31744K), 0.0014798 secs] [Times: user=0.00 sys=0.00, real=0.00 secs] 
2021-01-22T16:59:24.575+0800: 29.690: [GC (Allocation Failure) [PSYoungGen: 8928K->96K(9728K)] 29297K->20465K(31744K), 0.0023287 secs] [Times: user=0.00 sys=0.00, real=0.00 secs] 
2021-01-22T16:59:24.626+0800: 29.741: [GC (Allocation Failure) [PSYoungGen: 8793K->256K(9728K)] 29162K->20625K(31744K), 0.0020360 secs] [Times: user=0.00 sys=0.00, real=0.00 secs] 
2021-01-22T16:59:24.672+0800: 29.786: [GC (Allocation Failure) [PSYoungGen: 8960K->192K(9728K)] 29329K->20561K(31744K), 0.0017897 secs] [Times: user=0.00 sys=0.00, real=0.00 secs] 
2021-01-22T16:59:24.719+0800: 29.835: [GC (Allocation Failure) [PSYoungGen: 8890K->160K(9728K)] 29259K->20529K(31744K), 0.0018484 secs] [Times: user=0.00 sys=0.00, real=0.00 secs] 
2021-01-22T16:59:24.768+0800: 29.884: [GC (Allocation Failure) [PSYoungGen: 8864K->160K(9728K)] 29233K->20529K(31744K), 0.0016860 secs] [Times: user=0.00 sys=0.00, real=0.00 secs] 
2021-01-22T16:59:24.815+0800: 29.931: [GC (Allocation Failure) [PSYoungGen: 8856K->128K(9728K)] 29225K->20513K(31744K), 0.0022915 secs] [Times: user=0.00 sys=0.00, real=0.00 secs] 
2021-01-22T16:59:24.863+0800: 29.978: [GC (Allocation Failure) [PSYoungGen: 8832K->160K(9728K)] 29217K->20553K(31744K), 0.0014169 secs] [Times: user=0.02 sys=0.00, real=0.00 secs] 
2021-01-22T16:59:24.906+0800: 30.022: [GC (Allocation Failure) [PSYoungGen: 8864K->256K(9728K)] 29257K->20657K(31744K), 0.0024462 secs] [Times: user=0.00 sys=0.00, real=0.00 secs] 
2021-01-22T16:59:24.958+0800: 30.073: [GC (Allocation Failure) [PSYoungGen: 8960K->192K(9728K)] 29361K->20601K(31744K), 0.0024900 secs] [Times: user=0.00 sys=0.00, real=0.00 secs] 
2021-01-22T16:59:25.009+0800: 30.124: [GC (Allocation Failure) [PSYoungGen: 8889K->192K(9728K)] 29298K->20601K(31744K), 0.0022939 secs] [Times: user=0.00 sys=0.00, real=0.00 secs] 
2021-01-22T16:59:25.056+0800: 30.171: [GC (Allocation Failure) [PSYoungGen: 8896K->160K(9728K)] 29305K->20569K(31744K), 0.0016684 secs] [Times: user=0.00 sys=0.00, real=0.00 secs] 
2021-01-22T16:59:25.101+0800: 30.216: [GC (Allocation Failure) [PSYoungGen: 8859K->128K(9728K)] 29268K->20537K(31744K), 0.0014162 secs] [Times: user=0.00 sys=0.00, real=0.00 secs] 
2021-01-22T16:59:25.155+0800: 30.269: [GC (Allocation Failure) [PSYoungGen: 8832K->256K(9728K)] 29241K->20665K(31744K), 0.0014130 secs] [Times: user=0.00 sys=0.00, real=0.00 secs] 
2021-01-22T16:59:25.201+0800: 30.317: [GC (Allocation Failure) [PSYoungGen: 8956K->224K(9728K)] 29366K->20657K(31744K), 0.0016364 secs] [Times: user=0.00 sys=0.00, real=0.00 secs] 
2021-01-22T16:59:25.247+0800: 30.362: [GC (Allocation Failure) [PSYoungGen: 8928K->256K(9728K)] 29361K->20689K(31744K), 0.0014656 secs] [Times: user=0.00 sys=0.00, real=0.00 secs] 
2021-01-22T16:59:25.291+0800: 30.407: [GC (Allocation Failure) [PSYoungGen: 8956K->224K(9728K)] 29390K->20657K(31744K), 0.0014232 secs] [Times: user=0.00 sys=0.00, real=0.00 secs] 
2021-01-22T16:59:25.337+0800: 30.453: [GC (Allocation Failure) [PSYoungGen: 8928K->96K(9728K)] 29361K->20529K(31744K), 0.0018810 secs] [Times: user=0.00 sys=0.00, real=0.00 secs] 
2021-01-22T16:59:25.383+0800: 30.498: [GC (Allocation Failure) [PSYoungGen: 8800K->192K(9728K)] 29233K->20625K(31744K), 0.0019082 secs] [Times: user=0.00 sys=0.00, real=0.00 secs] 
2021-01-22T16:59:25.430+0800: 30.545: [GC (Allocation Failure) [PSYoungGen: 8891K->224K(9728K)] 29325K->20665K(31744K), 0.0014093 secs] [Times: user=0.00 sys=0.00, real=0.00 secs] 
2021-01-22T16:59:25.477+0800: 30.592: [GC (Allocation Failure) [PSYoungGen: 8927K->224K(9728K)] 29368K->20665K(31744K), 0.0019223 secs] [Times: user=0.00 sys=0.00, real=0.00 secs] 
2021-01-22T16:59:25.522+0800: 30.637: [GC (Allocation Failure) [PSYoungGen: 8928K->160K(9728K)] 29369K->20601K(31744K), 0.0014871 secs] [Times: user=0.00 sys=0.00, real=0.00 secs] 
2021-01-22T16:59:25.567+0800: 30.682: [GC (Allocation Failure) [PSYoungGen: 8864K->256K(9728K)] 29305K->20697K(31744K), 0.0018040 secs] [Times: user=0.02 sys=0.01, real=0.00 secs] 
2021-01-22T16:59:25.613+0800: 30.728: [GC (Allocation Failure) [PSYoungGen: 8954K->160K(9728K)] 29395K->20601K(31744K), 0.0023485 secs] [Times: user=0.02 sys=0.00, real=0.00 secs] 
2021-01-22T16:59:25.662+0800: 30.777: [GC (Allocation Failure) [PSYoungGen: 8864K->192K(9728K)] 29305K->20633K(31744K), 0.0017395 secs] [Times: user=0.05 sys=0.00, real=0.00 secs] 
2021-01-22T16:59:25.709+0800: 30.824: [GC (Allocation Failure) [PSYoungGen: 8896K->192K(9728K)] 29337K->20633K(31744K), 0.0019936 secs] [Times: user=0.00 sys=0.00, real=0.00 secs] 
2021-01-22T16:59:25.768+0800: 30.883: [GC (Allocation Failure) [PSYoungGen: 8891K->160K(9728K)] 29333K->20601K(31744K), 0.0018064 secs] [Times: user=0.00 sys=0.00, real=0.00 secs] 
2021-01-22T16:59:25.813+0800: 30.928: [GC (Allocation Failure) [PSYoungGen: 8861K->96K(9728K)] 29303K->20537K(31744K), 0.0017214 secs] [Times: user=0.00 sys=0.00, real=0.00 secs] 
2021-01-22T16:59:25.859+0800: 30.974: [GC (Allocation Failure) [PSYoungGen: 8800K->224K(9728K)] 29241K->20673K(31744K), 0.0017804 secs] [Times: user=0.00 sys=0.00, real=0.00 secs] 
2021-01-22T16:59:25.904+0800: 31.019: [GC (Allocation Failure) [PSYoungGen: 8928K->128K(9728K)] 29377K->20577K(31744K), 0.0015620 secs] [Times: user=0.00 sys=0.00, real=0.00 secs] 
2021-01-22T16:59:25.950+0800: 31.065: [GC (Allocation Failure) [PSYoungGen: 8832K->224K(9728K)] 29281K->20681K(31744K), 0.0017515 secs] [Times: user=0.00 sys=0.00, real=0.00 secs] 
2021-01-22T16:59:25.998+0800: 31.113: [GC (Allocation Failure) [PSYoungGen: 8928K->192K(9728K)] 29385K->20649K(31744K), 0.0020345 secs] [Times: user=0.00 sys=0.00, real=0.00 secs] 
2021-01-22T16:59:26.045+0800: 31.160: [GC (Allocation Failure) [PSYoungGen: 8896K->256K(9728K)] 29353K->20729K(31744K), 0.0022886 secs] [Times: user=0.00 sys=0.00, real=0.00 secs] 
2021-01-22T16:59:26.090+0800: 31.205: [GC (Allocation Failure) [PSYoungGen: 8960K->192K(9728K)] 29433K->20665K(31744K), 0.0013822 secs] [Times: user=0.00 sys=0.00, real=0.00 secs] 
2021-01-22T16:59:26.136+0800: 31.251: [GC (Allocation Failure) [PSYoungGen: 8896K->192K(9728K)] 29369K->20673K(31744K), 0.0014484 secs] [Times: user=0.00 sys=0.00, real=0.00 secs] 
2021-01-22T16:59:26.183+0800: 31.298: [GC (Allocation Failure) [PSYoungGen: 8894K->224K(9728K)] 29376K->20705K(31744K), 0.0019933 secs] [Times: user=0.00 sys=0.00, real=0.00 secs] 
2021-01-22T16:59:26.229+0800: 31.344: [GC (Allocation Failure) [PSYoungGen: 8923K->192K(9728K)] 29405K->20689K(31744K), 0.0018754 secs] [Times: user=0.00 sys=0.00, real=0.00 secs] 
2021-01-22T16:59:26.274+0800: 31.389: [GC (Allocation Failure) [PSYoungGen: 8891K->192K(9728K)] 29389K->20689K(31744K), 0.0024446 secs] [Times: user=0.00 sys=0.00, real=0.00 secs] 
2021-01-22T16:59:26.320+0800: 31.435: [GC (Allocation Failure) [PSYoungGen: 8891K->160K(9728K)] 29388K->20657K(31744K), 0.0014556 secs] [Times: user=0.00 sys=0.00, real=0.00 secs] 
2021-01-22T16:59:26.368+0800: 31.482: [GC (Allocation Failure) [PSYoungGen: 8864K->224K(9728K)] 29361K->20721K(31744K), 0.0014708 secs] [Times: user=0.00 sys=0.00, real=0.00 secs] 
2021-01-22T16:59:26.412+0800: 31.527: [GC (Allocation Failure) [PSYoungGen: 8925K->128K(9728K)] 29423K->20625K(31744K), 0.0019742 secs] [Times: user=0.05 sys=0.00, real=0.00 secs] 
2021-01-22T16:59:26.457+0800: 31.572: [GC (Allocation Failure) [PSYoungGen: 8832K->256K(9728K)] 29329K->20761K(31744K), 0.0015301 secs] [Times: user=0.00 sys=0.00, real=0.00 secs] 
2021-01-22T16:59:26.502+0800: 31.617: [GC (Allocation Failure) [PSYoungGen: 8960K->256K(9728K)] 29465K->20801K(31744K), 0.0015447 secs] [Times: user=0.00 sys=0.00, real=0.00 secs] 
2021-01-22T16:59:26.548+0800: 31.663: [GC (Allocation Failure) [PSYoungGen: 8960K->256K(9728K)] 29505K->20801K(31744K), 0.0012689 secs] [Times: user=0.00 sys=0.00, real=0.00 secs] 
2021-01-22T16:59:26.594+0800: 31.708: [GC (Allocation Failure) [PSYoungGen: 8953K->192K(9728K)] 29498K->20737K(31744K), 0.0017668 secs] [Times: user=0.00 sys=0.00, real=0.00 secs] 
2021-01-22T16:59:26.642+0800: 31.757: [GC (Allocation Failure) [PSYoungGen: 8896K->160K(9728K)] 29441K->20705K(31744K), 0.0015340 secs] [Times: user=0.00 sys=0.00, real=0.00 secs] 
2021-01-22T16:59:26.688+0800: 31.802: [GC (Allocation Failure) [PSYoungGen: 8863K->192K(9728K)] 29409K->20737K(31744K), 0.0015143 secs] [Times: user=0.00 sys=0.00, real=0.00 secs] 
2021-01-22T16:59:26.731+0800: 31.846: [GC (Allocation Failure) [PSYoungGen: 8896K->160K(9728K)] 29441K->20705K(31744K), 0.0019088 secs] [Times: user=0.00 sys=0.00, real=0.00 secs] 
2021-01-22T16:59:26.779+0800: 31.894: [GC (Allocation Failure) [PSYoungGen: 8864K->224K(9728K)] 29409K->20777K(31744K), 0.0018737 secs] [Times: user=0.00 sys=0.00, real=0.00 secs] 
2021-01-22T16:59:26.824+0800: 31.939: [GC (Allocation Failure) [PSYoungGen: 8928K->192K(9728K)] 29481K->20761K(31744K), 0.0020525 secs] [Times: user=0.00 sys=0.00, real=0.00 secs] 
2021-01-22T16:59:26.870+0800: 31.985: [GC (Allocation Failure) [PSYoungGen: 8889K->128K(9728K)] 29458K->20697K(31744K), 0.0017143 secs] [Times: user=0.00 sys=0.00, real=0.00 secs] 
2021-01-22T16:59:26.914+0800: 32.029: [GC (Allocation Failure) [PSYoungGen: 8832K->224K(9728K)] 29401K->20801K(31744K), 0.0020460 secs] [Times: user=0.00 sys=0.00, real=0.00 secs] 
2021-01-22T16:59:26.962+0800: 32.077: [GC (Allocation Failure) [PSYoungGen: 8928K->192K(9728K)] 29505K->20769K(31744K), 0.0018502 secs] [Times: user=0.00 sys=0.00, real=0.00 secs] 
2021-01-22T16:59:27.008+0800: 32.123: [GC (Allocation Failure) [PSYoungGen: 8896K->224K(9728K)] 29473K->20801K(31744K), 0.0016176 secs] [Times: user=0.00 sys=0.00, real=0.00 secs] 
2021-01-22T16:59:27.061+0800: 32.177: [GC (Allocation Failure) [PSYoungGen: 8928K->96K(9728K)] 29505K->20673K(31744K), 0.0024255 secs] [Times: user=0.00 sys=0.00, real=0.00 secs] 
2021-01-22T16:59:27.119+0800: 32.234: [GC (Allocation Failure) [PSYoungGen: 8800K->128K(9728K)] 29377K->20705K(31744K), 0.0018424 secs] [Times: user=0.00 sys=0.00, real=0.00 secs] 
2021-01-22T16:59:27.168+0800: 32.284: [GC (Allocation Failure) [PSYoungGen: 8824K->256K(9728K)] 29401K->20833K(31744K), 0.0019863 secs] [Times: user=0.00 sys=0.00, real=0.00 secs] 
2021-01-22T16:59:27.216+0800: 32.331: [GC (Allocation Failure) [PSYoungGen: 8960K->160K(9728K)] 29537K->20737K(31744K), 0.0021548 secs] [Times: user=0.00 sys=0.00, real=0.00 secs] 
2021-01-22T16:59:27.264+0800: 32.379: [GC (Allocation Failure) [PSYoungGen: 8864K->160K(9728K)] 29441K->20737K(31744K), 0.0017004 secs] [Times: user=0.00 sys=0.00, real=0.00 secs] 
2021-01-22T16:59:27.309+0800: 32.425: [GC (Allocation Failure) [PSYoungGen: 8858K->256K(9728K)] 29435K->20833K(31744K), 0.0016826 secs] [Times: user=0.00 sys=0.00, real=0.00 secs] 
2021-01-22T16:59:27.355+0800: 32.470: [GC (Allocation Failure) [PSYoungGen: 8960K->192K(9728K)] 29537K->20769K(31744K), 0.0016725 secs] [Times: user=0.00 sys=0.00, real=0.00 secs] 
2021-01-22T16:59:27.402+0800: 32.517: [GC (Allocation Failure) [PSYoungGen: 8888K->224K(9728K)] 29466K->20801K(31744K), 0.0014254 secs] [Times: user=0.00 sys=0.00, real=0.00 secs] 
2021-01-22T16:59:27.450+0800: 32.565: [GC (Allocation Failure) [PSYoungGen: 8925K->192K(9728K)] 29503K->20785K(31744K), 0.0016515 secs] [Times: user=0.00 sys=0.00, real=0.00 secs] 
2021-01-22T16:59:27.497+0800: 32.612: [GC (Allocation Failure) [PSYoungGen: 8896K->224K(9728K)] 29489K->20817K(31744K), 0.0013847 secs] [Times: user=0.00 sys=0.00, real=0.00 secs] 
2021-01-22T16:59:27.546+0800: 32.661: [GC (Allocation Failure) [PSYoungGen: 8928K->128K(9728K)] 29521K->20721K(31744K), 0.0016236 secs] [Times: user=0.00 sys=0.00, real=0.00 secs] 
2021-01-22T16:59:27.591+0800: 32.706: [GC (Allocation Failure) [PSYoungGen: 8832K->256K(9728K)] 29425K->20849K(31744K), 0.0015376 secs] [Times: user=0.00 sys=0.00, real=0.00 secs] 
2021-01-22T16:59:27.637+0800: 32.752: [GC (Allocation Failure) [PSYoungGen: 8960K->192K(9728K)] 29553K->20785K(31744K), 0.0018593 secs] [Times: user=0.00 sys=0.00, real=0.00 secs] 
2021-01-22T16:59:27.683+0800: 32.798: [GC (Allocation Failure) [PSYoungGen: 8893K->160K(9728K)] 29486K->20753K(31744K), 0.0020140 secs] [Times: user=0.00 sys=0.00, real=0.00 secs] 
2021-01-22T16:59:27.728+0800: 32.843: [GC (Allocation Failure) [PSYoungGen: 8856K->96K(9728K)] 29450K->20689K(31744K), 0.0014979 secs] [Times: user=0.00 sys=0.00, real=0.00 secs] 
2021-01-22T16:59:27.780+0800: 32.895: [GC (Allocation Failure) [PSYoungGen: 8800K->192K(9728K)] 29393K->20785K(31744K), 0.0020220 secs] [Times: user=0.00 sys=0.00, real=0.00 secs] 
2021-01-22T16:59:27.827+0800: 32.942: [GC (Allocation Failure) [PSYoungGen: 8896K->192K(9728K)] 29489K->20785K(31744K), 0.0021931 secs] [Times: user=0.00 sys=0.00, real=0.00 secs] 
2021-01-22T16:59:27.875+0800: 32.990: [GC (Allocation Failure) [PSYoungGen: 8896K->128K(9728K)] 29489K->20721K(31744K), 0.0021896 secs] [Times: user=0.00 sys=0.00, real=0.00 secs] 
2021-01-22T16:59:27.919+0800: 33.034: [GC (Allocation Failure) [PSYoungGen: 8832K->128K(9728K)] 29425K->20729K(31744K), 0.0024939 secs] [Times: user=0.00 sys=0.00, real=0.00 secs] 
2021-01-22T16:59:27.965+0800: 33.080: [GC (Allocation Failure) [PSYoungGen: 8832K->160K(9728K)] 29433K->20761K(31744K), 0.0023327 secs] [Times: user=0.00 sys=0.00, real=0.00 secs] 
2021-01-22T16:59:28.023+0800: 33.138: [GC (Allocation Failure) [PSYoungGen: 8860K->96K(9728K)] 29462K->20713K(31744K), 0.0025082 secs] [Times: user=0.00 sys=0.00, real=0.00 secs] 
2021-01-22T16:59:28.071+0800: 33.186: [GC (Allocation Failure) [PSYoungGen: 8800K->160K(9728K)] 29417K->20777K(31744K), 0.0018979 secs] [Times: user=0.00 sys=0.00, real=0.00 secs] 
2021-01-22T16:59:28.118+0800: 33.233: [GC (Allocation Failure) [PSYoungGen: 8859K->224K(9728K)] 29477K->20841K(31744K), 0.0014498 secs] [Times: user=0.00 sys=0.00, real=0.00 secs] 
2021-01-22T16:59:28.165+0800: 33.280: [GC (Allocation Failure) [PSYoungGen: 8928K->160K(9728K)] 29545K->20777K(31744K), 0.0016101 secs] [Times: user=0.00 sys=0.00, real=0.00 secs] 
2021-01-22T16:59:28.211+0800: 33.325: [GC (Allocation Failure) [PSYoungGen: 8864K->256K(9728K)] 29481K->20873K(31744K), 0.0014627 secs] [Times: user=0.00 sys=0.00, real=0.00 secs] 
2021-01-22T16:59:28.257+0800: 33.372: [GC (Allocation Failure) [PSYoungGen: 8960K->96K(9728K)] 29577K->20729K(31744K), 0.0018571 secs] [Times: user=0.00 sys=0.00, real=0.00 secs] 
2021-01-22T16:59:28.304+0800: 33.419: [GC (Allocation Failure) [PSYoungGen: 8800K->192K(9728K)] 29433K->20825K(31744K), 0.0021101 secs] [Times: user=0.00 sys=0.00, real=0.00 secs] 
2021-01-22T16:59:28.350+0800: 33.465: [GC (Allocation Failure) [PSYoungGen: 8896K->224K(9728K)] 29529K->20857K(31744K), 0.0017647 secs] [Times: user=0.05 sys=0.00, real=0.00 secs] 
2021-01-22T16:59:28.396+0800: 33.510: [GC (Allocation Failure) [PSYoungGen: 8928K->192K(9728K)] 29561K->20825K(31744K), 0.0022083 secs] [Times: user=0.02 sys=0.00, real=0.00 secs] 
2021-01-22T16:59:28.440+0800: 33.555: [GC (Allocation Failure) [PSYoungGen: 8896K->192K(9728K)] 29529K->20825K(31744K), 0.0016287 secs] [Times: user=0.00 sys=0.00, real=0.00 secs] 
2021-01-22T16:59:28.487+0800: 33.602: [GC (Allocation Failure) [PSYoungGen: 8896K->192K(9728K)] 29529K->20825K(31744K), 0.0015785 secs] [Times: user=0.00 sys=0.00, real=0.00 secs] 
2021-01-22T16:59:28.531+0800: 33.646: [GC (Allocation Failure) [PSYoungGen: 8896K->128K(9728K)] 29529K->20777K(31744K), 0.0016696 secs] [Times: user=0.00 sys=0.00, real=0.00 secs] 
2021-01-22T16:59:28.577+0800: 33.692: [GC (Allocation Failure) [PSYoungGen: 8831K->160K(9728K)] 29481K->20809K(31744K), 0.0018707 secs] [Times: user=0.00 sys=0.00, real=0.00 secs] 
2021-01-22T16:59:28.622+0800: 33.737: [GC (Allocation Failure) [PSYoungGen: 8864K->256K(9728K)] 29513K->20905K(31744K), 0.0018618 secs] [Times: user=0.00 sys=0.00, real=0.00 secs] 
2021-01-22T16:59:28.666+0800: 33.782: [GC (Allocation Failure) [PSYoungGen: 8957K->224K(9728K)] 29607K->20873K(31744K), 0.0013107 secs] [Times: user=0.00 sys=0.00, real=0.00 secs] 
2021-01-22T16:59:28.713+0800: 33.829: [GC (Allocation Failure) [PSYoungGen: 8928K->256K(9728K)] 29577K->20913K(31744K), 0.0016816 secs] [Times: user=0.00 sys=0.00, real=0.00 secs] 
2021-01-22T16:59:28.761+0800: 33.877: [GC (Allocation Failure) [PSYoungGen: 8960K->128K(9728K)] 29617K->20793K(31744K), 0.0016691 secs] [Times: user=0.00 sys=0.00, real=0.00 secs] 
2021-01-22T16:59:28.807+0800: 33.922: [GC (Allocation Failure) [PSYoungGen: 8832K->160K(9728K)] 29497K->20825K(31744K), 0.0016933 secs] [Times: user=0.00 sys=0.00, real=0.00 secs] 
2021-01-22T16:59:28.855+0800: 33.970: [GC (Allocation Failure) [PSYoungGen: 8864K->192K(9728K)] 29529K->20857K(31744K), 0.0015810 secs] [Times: user=0.00 sys=0.00, real=0.00 secs] 
2021-01-22T16:59:28.901+0800: 34.016: [GC (Allocation Failure) [PSYoungGen: 8889K->224K(9728K)] 29555K->20897K(31744K), 0.0014136 secs] [Times: user=0.00 sys=0.00, real=0.00 secs] 
2021-01-22T16:59:28.945+0800: 34.060: [GC (Allocation Failure) [PSYoungGen: 8928K->128K(9728K)] 29601K->20801K(31744K), 0.0018682 secs] [Times: user=0.00 sys=0.00, real=0.00 secs] 
2021-01-22T16:59:28.992+0800: 34.107: [GC (Allocation Failure) [PSYoungGen: 8825K->256K(9728K)] 29499K->20929K(31744K), 0.0013877 secs] [Times: user=0.00 sys=0.00, real=0.00 secs] 
2021-01-22T16:59:29.037+0800: 34.153: [GC (Allocation Failure) [PSYoungGen: 8954K->256K(9728K)] 29627K->20929K(31744K), 0.0014091 secs] [Times: user=0.00 sys=0.00, real=0.00 secs] 
2021-01-22T16:59:29.087+0800: 34.202: [GC (Allocation Failure) [PSYoungGen: 8954K->224K(9728K)] 29628K->20897K(31744K), 0.0017721 secs] [Times: user=0.00 sys=0.00, real=0.00 secs] 
2021-01-22T16:59:29.134+0800: 34.249: [GC (Allocation Failure) [PSYoungGen: 8928K->224K(9728K)] 29601K->20897K(31744K), 0.0017276 secs] [Times: user=0.00 sys=0.00, real=0.00 secs] 
2021-01-22T16:59:29.180+0800: 34.295: [GC (Allocation Failure) [PSYoungGen: 8928K->224K(9728K)] 29601K->20897K(31744K), 0.0018173 secs] [Times: user=0.00 sys=0.00, real=0.00 secs] 
2021-01-22T16:59:29.227+0800: 34.342: [GC (Allocation Failure) [PSYoungGen: 8928K->256K(9728K)] 29601K->20929K(31744K), 0.0016123 secs] [Times: user=0.00 sys=0.00, real=0.00 secs] 
2021-01-22T16:59:29.273+0800: 34.388: [GC (Allocation Failure) [PSYoungGen: 8960K->224K(9728K)] 29633K->20913K(31744K), 0.0018577 secs] [Times: user=0.00 sys=0.00, real=0.00 secs] 
2021-01-22T16:59:29.324+0800: 34.439: [GC (Allocation Failure) [PSYoungGen: 8928K->192K(9728K)] 29617K->20881K(31744K), 0.0017812 secs] [Times: user=0.00 sys=0.00, real=0.00 secs] 
2021-01-22T16:59:29.371+0800: 34.486: [GC (Allocation Failure) [PSYoungGen: 8896K->128K(9728K)] 29585K->20817K(31744K), 0.0019974 secs] [Times: user=0.00 sys=0.00, real=0.00 secs] 
2021-01-22T16:59:29.420+0800: 34.535: [GC (Allocation Failure) [PSYoungGen: 8832K->160K(9728K)] 29521K->20849K(31744K), 0.0016390 secs] [Times: user=0.00 sys=0.00, real=0.00 secs] 
2021-01-22T16:59:29.466+0800: 34.581: [GC (Allocation Failure) [PSYoungGen: 8864K->224K(9728K)] 29553K->20913K(31744K), 0.0016524 secs] [Times: user=0.00 sys=0.00, real=0.00 secs] 
2021-01-22T16:59:29.511+0800: 34.626: [GC (Allocation Failure) [PSYoungGen: 8924K->224K(9728K)] 29614K->20913K(31744K), 0.0026906 secs] [Times: user=0.00 sys=0.00, real=0.00 secs] 
2021-01-22T16:59:29.558+0800: 34.673: [GC (Allocation Failure) [PSYoungGen: 8928K->160K(9728K)] 29617K->20849K(31744K), 0.0016704 secs] [Times: user=0.00 sys=0.00, real=0.00 secs] 
2021-01-22T16:59:29.605+0800: 34.720: [GC (Allocation Failure) [PSYoungGen: 8864K->160K(9728K)] 29553K->20849K(31744K), 0.0020329 secs] [Times: user=0.00 sys=0.00, real=0.00 secs] 
2021-01-22T16:59:29.655+0800: 34.770: [GC (Allocation Failure) [PSYoungGen: 8864K->256K(9728K)] 29553K->20945K(31744K), 0.0022006 secs] [Times: user=0.00 sys=0.00, real=0.00 secs] 
2021-01-22T16:59:29.705+0800: 34.820: [GC (Allocation Failure) [PSYoungGen: 8960K->96K(9728K)] 29649K->20785K(31744K), 0.0027814 secs] [Times: user=0.00 sys=0.00, real=0.00 secs] 
2021-01-22T16:59:29.752+0800: 34.867: [GC (Allocation Failure) [PSYoungGen: 8793K->128K(9728K)] 29482K->20817K(31744K), 0.0021060 secs] [Times: user=0.00 sys=0.00, real=0.00 secs] 
2021-01-22T16:59:29.801+0800: 34.916: [GC (Allocation Failure) [PSYoungGen: 8832K->256K(9728K)] 29521K->20945K(31744K), 0.0021483 secs] [Times: user=0.00 sys=0.00, real=0.00 secs] 
2021-01-22T16:59:29.851+0800: 34.965: [GC (Allocation Failure) [PSYoungGen: 8956K->160K(9728K)] 29646K->20849K(31744K), 0.0024067 secs] [Times: user=0.00 sys=0.00, real=0.00 secs] 
2021-01-22T16:59:29.900+0800: 35.015: [GC (Allocation Failure) [PSYoungGen: 8864K->192K(9728K)] 29553K->20881K(31744K), 0.0017438 secs] [Times: user=0.00 sys=0.00, real=0.00 secs] 
2021-01-22T16:59:29.945+0800: 35.060: [GC (Allocation Failure) [PSYoungGen: 8896K->160K(9728K)] 29585K->20857K(31744K), 0.0028301 secs] [Times: user=0.00 sys=0.00, real=0.00 secs] 
2021-01-22T16:59:29.993+0800: 35.108: [GC (Allocation Failure) [PSYoungGen: 8864K->160K(9728K)] 29561K->20857K(31744K), 0.0032334 secs] [Times: user=0.00 sys=0.00, real=0.00 secs] 
2021-01-22T16:59:30.041+0800: 35.156: [GC (Allocation Failure) [PSYoungGen: 8864K->128K(9728K)] 29561K->20825K(31744K), 0.0020166 secs] [Times: user=0.00 sys=0.00, real=0.00 secs] 
2021-01-22T16:59:30.106+0800: 35.221: [GC (Allocation Failure) [PSYoungGen: 8824K->160K(9728K)] 29521K->20857K(31744K), 0.0032991 secs] [Times: user=0.00 sys=0.00, real=0.00 secs] 
2021-01-22T16:59:30.161+0800: 35.276: [GC (Allocation Failure) [PSYoungGen: 8863K->224K(9728K)] 29561K->20921K(31744K), 0.0026012 secs] [Times: user=0.02 sys=0.00, real=0.00 secs] 
2021-01-22T16:59:30.207+0800: 35.322: [GC (Allocation Failure) [PSYoungGen: 8928K->96K(9728K)] 29625K->20793K(31744K), 0.0018946 secs] [Times: user=0.00 sys=0.00, real=0.00 secs] 
2021-01-22T16:59:30.253+0800: 35.367: [GC (Allocation Failure) [PSYoungGen: 8800K->160K(9728K)] 29497K->20857K(31744K), 0.0015511 secs] [Times: user=0.00 sys=0.00, real=0.00 secs] 
2021-01-22T16:59:30.298+0800: 35.413: [GC (Allocation Failure) [PSYoungGen: 8857K->192K(9728K)] 29554K->20905K(31744K), 0.0019015 secs] [Times: user=0.00 sys=0.00, real=0.00 secs] 
2021-01-22T16:59:30.344+0800: 35.458: [GC (Allocation Failure) [PSYoungGen: 8896K->160K(9728K)] 29609K->20873K(31744K), 0.0020847 secs] [Times: user=0.00 sys=0.00, real=0.00 secs] 
2021-01-22T16:59:30.390+0800: 35.504: [GC (Allocation Failure) [PSYoungGen: 8858K->64K(9728K)] 29572K->20777K(31744K), 0.0020823 secs] [Times: user=0.00 sys=0.00, real=0.00 secs] 
2021-01-22T16:59:30.435+0800: 35.550: [GC (Allocation Failure) [PSYoungGen: 8761K->128K(9728K)] 29475K->20841K(31744K), 0.0015529 secs] [Times: user=0.00 sys=0.00, real=0.00 secs] 
2021-01-22T16:59:30.481+0800: 35.597: [GC (Allocation Failure) [PSYoungGen: 8832K->160K(9728K)] 29545K->20873K(31744K), 0.0020668 secs] [Times: user=0.00 sys=0.00, real=0.00 secs] 
2021-01-22T16:59:30.528+0800: 35.643: [GC (Allocation Failure) [PSYoungGen: 8856K->192K(9728K)] 29569K->20905K(31744K), 0.0020559 secs] [Times: user=0.00 sys=0.00, real=0.00 secs] 
2021-01-22T16:59:30.574+0800: 35.690: [GC (Allocation Failure) [PSYoungGen: 8889K->192K(9728K)] 29602K->20905K(31744K), 0.0020089 secs] [Times: user=0.00 sys=0.00, real=0.00 secs] 
2021-01-22T16:59:30.624+0800: 35.739: [GC (Allocation Failure) [PSYoungGen: 8896K->192K(9728K)] 29609K->20905K(31744K), 0.0024744 secs] [Times: user=0.00 sys=0.00, real=0.00 secs] 
2021-01-22T16:59:30.672+0800: 35.788: [GC (Allocation Failure) [PSYoungGen: 8896K->128K(9728K)] 29609K->20841K(31744K), 0.0018165 secs] [Times: user=0.00 sys=0.00, real=0.00 secs] 
2021-01-22T16:59:30.720+0800: 35.835: [GC (Allocation Failure) [PSYoungGen: 8832K->160K(9728K)] 29545K->20873K(31744K), 0.0014902 secs] [Times: user=0.00 sys=0.00, real=0.00 secs] 
2021-01-22T16:59:30.769+0800: 35.884: [GC (Allocation Failure) [PSYoungGen: 8860K->192K(9728K)] 29574K->20913K(31744K), 0.0015772 secs] [Times: user=0.00 sys=0.00, real=0.00 secs] 
2021-01-22T16:59:30.815+0800: 35.930: [GC (Allocation Failure) [PSYoungGen: 8896K->192K(9728K)] 29617K->20913K(31744K), 0.0033662 secs] [Times: user=0.00 sys=0.00, real=0.00 secs] 
2021-01-22T16:59:30.864+0800: 35.979: [GC (Allocation Failure) [PSYoungGen: 8889K->256K(9728K)] 29610K->20977K(31744K), 0.0019817 secs] [Times: user=0.02 sys=0.00, real=0.00 secs] 
2021-01-22T16:59:30.911+0800: 36.026: [GC (Allocation Failure) [PSYoungGen: 8960K->256K(9728K)] 29681K->20977K(31744K), 0.0014238 secs] [Times: user=0.00 sys=0.00, real=0.00 secs] 
2021-01-22T16:59:30.955+0800: 36.070: [GC (Allocation Failure) [PSYoungGen: 8960K->192K(9728K)] 29681K->20929K(31744K), 0.0023545 secs] [Times: user=0.00 sys=0.00, real=0.00 secs] 
2021-01-22T16:59:31.012+0800: 36.127: [GC (Allocation Failure) [PSYoungGen: 8896K->160K(9728K)] 29633K->20897K(31744K), 0.0028416 secs] [Times: user=0.00 sys=0.00, real=0.00 secs] 
2021-01-22T16:59:31.061+0800: 36.176: [GC (Allocation Failure) [PSYoungGen: 8864K->96K(9728K)] 29601K->20841K(31744K), 0.0021260 secs] [Times: user=0.00 sys=0.00, real=0.00 secs] 
2021-01-22T16:59:31.111+0800: 36.226: [GC (Allocation Failure) [PSYoungGen: 8796K->256K(9728K)] 29541K->21001K(31744K), 0.0014690 secs] [Times: user=0.00 sys=0.00, real=0.00 secs] 
2021-01-22T16:59:31.161+0800: 36.276: [GC (Allocation Failure) [PSYoungGen: 8960K->224K(9728K)] 29705K->20985K(31744K), 0.0018188 secs] [Times: user=0.00 sys=0.03, real=0.00 secs] 
2021-01-22T16:59:31.207+0800: 36.322: [GC (Allocation Failure) [PSYoungGen: 8920K->128K(9728K)] 29681K->20889K(31744K), 0.0020398 secs] [Times: user=0.00 sys=0.00, real=0.00 secs] 
2021-01-22T16:59:31.256+0800: 36.371: [GC (Allocation Failure) [PSYoungGen: 8832K->160K(9728K)] 29593K->20921K(31744K), 0.0018402 secs] [Times: user=0.00 sys=0.00, real=0.00 secs] 
2021-01-22T16:59:31.301+0800: 36.416: [GC (Allocation Failure) [PSYoungGen: 8864K->224K(9728K)] 29625K->20985K(31744K), 0.0018386 secs] [Times: user=0.02 sys=0.00, real=0.00 secs] 
2021-01-22T16:59:31.347+0800: 36.462: [GC (Allocation Failure) [PSYoungGen: 8928K->128K(9728K)] 29689K->20889K(31744K), 0.0019534 secs] [Times: user=0.00 sys=0.00, real=0.00 secs] 
2021-01-22T16:59:31.395+0800: 36.510: [GC (Allocation Failure) [PSYoungGen: 8829K->160K(9728K)] 29591K->20921K(31744K), 0.0014980 secs] [Times: user=0.00 sys=0.00, real=0.00 secs] 
2021-01-22T16:59:31.440+0800: 36.555: [GC (Allocation Failure) [PSYoungGen: 8864K->64K(9728K)] 29625K->20825K(31744K), 0.0022479 secs] [Times: user=0.00 sys=0.00, real=0.00 secs] 
2021-01-22T16:59:31.489+0800: 36.604: [GC (Allocation Failure) [PSYoungGen: 8764K->192K(9728K)] 29526K->20961K(31744K), 0.0018381 secs] [Times: user=0.02 sys=0.00, real=0.00 secs] 
2021-01-22T16:59:31.534+0800: 36.649: [GC (Allocation Failure) [PSYoungGen: 8896K->192K(9728K)] 29665K->20961K(31744K), 0.0017443 secs] [Times: user=0.00 sys=0.00, real=0.00 secs] 
2021-01-22T16:59:31.579+0800: 36.694: [GC (Allocation Failure) [PSYoungGen: 8896K->192K(9728K)] 29665K->20961K(31744K), 0.0017731 secs] [Times: user=0.00 sys=0.00, real=0.00 secs] 
2021-01-22T16:59:31.627+0800: 36.742: [GC (Allocation Failure) [PSYoungGen: 8896K->160K(9728K)] 29665K->20929K(31744K), 0.0020199 secs] [Times: user=0.00 sys=0.00, real=0.00 secs] 
2021-01-22T16:59:31.673+0800: 36.788: [GC (Allocation Failure) [PSYoungGen: 8862K->160K(9728K)] 29631K->20929K(31744K), 0.0016141 secs] [Times: user=0.00 sys=0.00, real=0.00 secs] 
2021-01-22T16:59:31.719+0800: 36.834: [GC (Allocation Failure) [PSYoungGen: 8859K->224K(9728K)] 29628K->20993K(31744K), 0.0019441 secs] [Times: user=0.00 sys=0.00, real=0.00 secs] 
2021-01-22T16:59:31.769+0800: 36.884: [GC (Allocation Failure) [PSYoungGen: 8928K->256K(9728K)] 29697K->21025K(31744K), 0.0021495 secs] [Times: user=0.02 sys=0.00, real=0.00 secs] 
2021-01-22T16:59:31.814+0800: 36.929: [GC (Allocation Failure) [PSYoungGen: 8960K->192K(9728K)] 29729K->20961K(31744K), 0.0026096 secs] [Times: user=0.00 sys=0.00, real=0.00 secs] 
2021-01-22T16:59:31.861+0800: 36.975: [GC (Allocation Failure) [PSYoungGen: 8889K->256K(9728K)] 29659K->21025K(31744K), 0.0015404 secs] [Times: user=0.00 sys=0.00, real=0.00 secs] 
2021-01-22T16:59:31.906+0800: 37.021: [GC (Allocation Failure) [PSYoungGen: 8960K->160K(9728K)] 29729K->20929K(31744K), 0.0030047 secs] [Times: user=0.00 sys=0.00, real=0.00 secs] 
2021-01-22T16:59:31.953+0800: 37.068: [GC (Allocation Failure) [PSYoungGen: 8864K->256K(9728K)] 29633K->21033K(31744K), 0.0014662 secs] [Times: user=0.00 sys=0.00, real=0.00 secs] 
2021-01-22T16:59:31.999+0800: 37.114: [GC (Allocation Failure) [PSYoungGen: 8960K->256K(9728K)] 29737K->21033K(31744K), 0.0015699 secs] [Times: user=0.00 sys=0.00, real=0.00 secs] 
2021-01-22T16:59:32.069+0800: 37.184: [GC (Allocation Failure) [PSYoungGen: 8960K->256K(9728K)] 29737K->21041K(31744K), 0.0028575 secs] [Times: user=0.00 sys=0.00, real=0.00 secs] 
2021-01-22T16:59:32.150+0800: 37.266: [GC (Allocation Failure) [PSYoungGen: 8955K->320K(9728K)] 29741K->21105K(31744K), 0.0016770 secs] [Times: user=0.00 sys=0.00, real=0.00 secs] 
2021-01-22T16:59:32.215+0800: 37.330: [GC (Allocation Failure) [PSYoungGen: 9024K->256K(9728K)] 29809K->21041K(31744K), 0.0026260 secs] [Times: user=0.00 sys=0.00, real=0.00 secs] 
2021-01-22T16:59:32.270+0800: 37.386: [GC (Allocation Failure) [PSYoungGen: 8957K->256K(9728K)] 29743K->21049K(31744K), 0.0025415 secs] [Times: user=0.05 sys=0.00, real=0.00 secs] 
2021-01-22T16:59:32.333+0800: 37.448: [GC (Allocation Failure) [PSYoungGen: 8960K->224K(9728K)] 29753K->21017K(31744K), 0.0029175 secs] [Times: user=0.06 sys=0.00, real=0.00 secs] 
2021-01-22T16:59:32.389+0800: 37.504: [GC (Allocation Failure) [PSYoungGen: 8922K->224K(9728K)] 29716K->21017K(31744K), 0.0036037 secs] [Times: user=0.00 sys=0.00, real=0.00 secs] 
2021-01-22T16:59:32.444+0800: 37.559: [GC (Allocation Failure) [PSYoungGen: 8928K->320K(9728K)] 29721K->21113K(31744K), 0.0021612 secs] [Times: user=0.00 sys=0.00, real=0.00 secs] 
2021-01-22T16:59:32.498+0800: 37.613: [GC (Allocation Failure) [PSYoungGen: 9017K->288K(9728K)] 29810K->21089K(31744K), 0.0020673 secs] [Times: user=0.00 sys=0.00, real=0.00 secs] 
2021-01-22T16:59:32.576+0800: 37.691: [GC (Allocation Failure) [PSYoungGen: 8992K->320K(9728K)] 29793K->21121K(31744K), 0.0031760 secs] [Times: user=0.00 sys=0.00, real=0.00 secs] 
2021-01-22T16:59:32.632+0800: 37.748: [GC (Allocation Failure) [PSYoungGen: 9021K->352K(9728K)] 29823K->21153K(31744K), 0.0023260 secs] [Times: user=0.00 sys=0.00, real=0.00 secs] 
2021-01-22T16:59:32.686+0800: 37.801: [GC (Allocation Failure) [PSYoungGen: 9056K->320K(9728K)] 29857K->21121K(31744K), 0.0022733 secs] [Times: user=0.00 sys=0.00, real=0.00 secs] 
2021-01-22T16:59:32.753+0800: 37.868: [GC (Allocation Failure) [PSYoungGen: 9024K->384K(9728K)] 29825K->21185K(31744K), 0.0027862 secs] [Times: user=0.02 sys=0.00, real=0.00 secs] 
2021-01-22T16:59:32.803+0800: 37.918: [GC (Allocation Failure) [PSYoungGen: 9088K->352K(9728K)] 29889K->21153K(31744K), 0.0017753 secs] [Times: user=0.00 sys=0.00, real=0.00 secs] 
2021-01-22T16:59:32.848+0800: 37.963: [GC (Allocation Failure) [PSYoungGen: 9056K->288K(9728K)] 29857K->21089K(31744K), 0.0018668 secs] [Times: user=0.00 sys=0.00, real=0.00 secs] 
2021-01-22T16:59:32.893+0800: 38.008: [GC (Allocation Failure) [PSYoungGen: 8987K->352K(9728K)] 29789K->21153K(31744K), 0.0016431 secs] [Times: user=0.00 sys=0.00, real=0.00 secs] 
2021-01-22T16:59:32.940+0800: 38.055: [GC (Allocation Failure) [PSYoungGen: 9056K->320K(9728K)] 29857K->21121K(31744K), 0.0019031 secs] [Times: user=0.00 sys=0.00, real=0.00 secs] 
2021-01-22T16:59:32.986+0800: 38.101: [GC (Allocation Failure) [PSYoungGen: 9016K->256K(9728K)] 29817K->21201K(31744K), 0.0021299 secs] [Times: user=0.00 sys=0.00, real=0.00 secs] 
2021-01-22T16:59:33.034+0800: 38.149: [GC (Allocation Failure) [PSYoungGen: 8958K->288K(9728K)] 29904K->21241K(31744K), 0.0015616 secs] [Times: user=0.00 sys=0.00, real=0.00 secs] 
2021-01-22T16:59:33.088+0800: 38.203: [GC (Allocation Failure) [PSYoungGen: 8988K->288K(9728K)] 29942K->21249K(31744K), 0.0019572 secs] [Times: user=0.00 sys=0.00, real=0.00 secs] 
2021-01-22T16:59:33.146+0800: 38.261: [GC (Allocation Failure) [PSYoungGen: 8992K->288K(9728K)] 29953K->21249K(31744K), 0.0025770 secs] [Times: user=0.03 sys=0.02, real=0.00 secs] 
2021-01-22T16:59:33.200+0800: 38.315: [GC (Allocation Failure) [PSYoungGen: 8992K->256K(9728K)] 29953K->21217K(31744K), 0.0019747 secs] [Times: user=0.00 sys=0.00, real=0.00 secs] 
2021-01-22T16:59:33.247+0800: 38.362: [GC (Allocation Failure) [PSYoungGen: 8960K->256K(9728K)] 29921K->21217K(31744K), 0.0018117 secs] [Times: user=0.00 sys=0.00, real=0.00 secs] 
2021-01-22T16:59:33.292+0800: 38.407: [GC (Allocation Failure) [PSYoungGen: 8960K->224K(9728K)] 29921K->21201K(31744K), 0.0018016 secs] [Times: user=0.00 sys=0.00, real=0.00 secs] 
2021-01-22T16:59:33.339+0800: 38.454: [GC (Allocation Failure) [PSYoungGen: 8928K->160K(9728K)] 29905K->21233K(31744K), 0.0017280 secs] [Times: user=0.00 sys=0.00, real=0.00 secs] 
2021-01-22T16:59:33.383+0800: 38.497: [GC (Allocation Failure) [PSYoungGen: 8864K->192K(9728K)] 29937K->21265K(31744K), 0.0023205 secs] [Times: user=0.00 sys=0.00, real=0.00 secs] 
2021-01-22T16:59:33.431+0800: 38.546: [GC (Allocation Failure) [PSYoungGen: 8896K->96K(9728K)] 29969K->21177K(31744K), 0.0024268 secs] [Times: user=0.00 sys=0.00, real=0.00 secs] 
2021-01-22T16:59:33.476+0800: 38.591: [GC (Allocation Failure) [PSYoungGen: 8800K->128K(9728K)] 29881K->21209K(31744K), 0.0018932 secs] [Times: user=0.00 sys=0.00, real=0.00 secs] 
2021-01-22T16:59:33.522+0800: 38.636: [GC (Allocation Failure) [PSYoungGen: 8831K->224K(9728K)] 29913K->21305K(31744K), 0.0017117 secs] [Times: user=0.00 sys=0.00, real=0.00 secs] 
2021-01-22T16:59:33.568+0800: 38.682: [GC (Allocation Failure) [PSYoungGen: 8924K->128K(9728K)] 30006K->21209K(31744K), 0.0025591 secs] [Times: user=0.08 sys=0.00, real=0.00 secs] 
2021-01-22T16:59:33.615+0800: 38.729: [GC (Allocation Failure) [PSYoungGen: 8831K->256K(9728K)] 29913K->21337K(31744K), 0.0023208 secs] [Times: user=0.00 sys=0.00, real=0.00 secs] 
2021-01-22T16:59:33.665+0800: 38.779: [GC (Allocation Failure) [PSYoungGen: 8960K->160K(9728K)] 30041K->21241K(31744K), 0.0024792 secs] [Times: user=0.00 sys=0.00, real=0.00 secs] 
2021-01-22T16:59:33.716+0800: 38.830: [GC (Allocation Failure) [PSYoungGen: 8863K->192K(9728K)] 29945K->21273K(31744K), 0.0020940 secs] [Times: user=0.00 sys=0.00, real=0.00 secs] 
2021-01-22T16:59:33.762+0800: 38.877: [GC (Allocation Failure) [PSYoungGen: 8896K->192K(9728K)] 29977K->21289K(31744K), 0.0019115 secs] [Times: user=0.00 sys=0.00, real=0.00 secs] 
2021-01-22T16:59:33.808+0800: 38.922: [GC (Allocation Failure) [PSYoungGen: 8896K->192K(9728K)] 29993K->21297K(31744K), 0.0016622 secs] [Times: user=0.00 sys=0.00, real=0.00 secs] 
2021-01-22T16:59:33.856+0800: 38.971: [GC (Allocation Failure) [PSYoungGen: 8896K->160K(9728K)] 30001K->21265K(31744K), 0.0025370 secs] [Times: user=0.00 sys=0.00, real=0.00 secs] 
2021-01-22T16:59:33.902+0800: 39.017: [GC (Allocation Failure) [PSYoungGen: 8864K->224K(9728K)] 29969K->21329K(31744K), 0.0019132 secs] [Times: user=0.00 sys=0.00, real=0.00 secs] 
2021-01-22T16:59:33.951+0800: 39.066: [GC (Allocation Failure) [PSYoungGen: 8928K->160K(9728K)] 30033K->21273K(31744K), 0.0021568 secs] [Times: user=0.00 sys=0.00, real=0.00 secs] 
2021-01-22T16:59:34.003+0800: 39.119: [GC (Allocation Failure) [PSYoungGen: 8857K->96K(9728K)] 29971K->21209K(31744K), 0.0028336 secs] [Times: user=0.01 sys=0.00, real=0.00 secs] 
2021-01-22T16:59:34.052+0800: 39.168: [GC (Allocation Failure) [PSYoungGen: 8800K->224K(9728K)] 29913K->21337K(31744K), 0.0018132 secs] [Times: user=0.06 sys=0.00, real=0.00 secs] 
2021-01-22T16:59:34.100+0800: 39.215: [GC (Allocation Failure) [PSYoungGen: 8928K->128K(9728K)] 30041K->21241K(31744K), 0.0020530 secs] [Times: user=0.00 sys=0.00, real=0.00 secs] 
2021-01-22T16:59:34.147+0800: 39.262: [GC (Allocation Failure) [PSYoungGen: 8832K->224K(9728K)] 29945K->21353K(31744K), 0.0016415 secs] [Times: user=0.00 sys=0.00, real=0.00 secs] 
2021-01-22T16:59:34.197+0800: 39.312: [GC (Allocation Failure) [PSYoungGen: 8928K->224K(9728K)] 30057K->21353K(31744K), 0.0015201 secs] [Times: user=0.00 sys=0.00, real=0.00 secs] 
2021-01-22T16:59:34.249+0800: 39.364: [GC (Allocation Failure) [PSYoungGen: 8928K->160K(9728K)] 30057K->21289K(31744K), 0.0018859 secs] [Times: user=0.00 sys=0.00, real=0.00 secs] 
2021-01-22T16:59:34.295+0800: 39.410: [GC (Allocation Failure) [PSYoungGen: 8861K->160K(9728K)] 29990K->21289K(31744K), 0.0024980 secs] [Times: user=0.00 sys=0.00, real=0.00 secs] 
2021-01-22T16:59:34.341+0800: 39.457: [GC (Allocation Failure) [PSYoungGen: 8856K->192K(9728K)] 29986K->21321K(31744K), 0.0019186 secs] [Times: user=0.00 sys=0.00, real=0.00 secs] 
2021-01-22T16:59:34.390+0800: 39.506: [GC (Allocation Failure) [PSYoungGen: 8895K->96K(9728K)] 30025K->21225K(31744K), 0.0018397 secs] [Times: user=0.00 sys=0.00, real=0.00 secs] 
2021-01-22T16:59:34.435+0800: 39.550: [GC (Allocation Failure) [PSYoungGen: 8800K->256K(9728K)] 29929K->21385K(31744K), 0.0018755 secs] [Times: user=0.00 sys=0.00, real=0.00 secs] 
2021-01-22T16:59:34.486+0800: 39.601: [GC (Allocation Failure) [PSYoungGen: 8960K->224K(9728K)] 30089K->21353K(31744K), 0.0014659 secs] [Times: user=0.00 sys=0.00, real=0.00 secs] 
2021-01-22T16:59:34.532+0800: 39.648: [GC (Allocation Failure) [PSYoungGen: 8928K->256K(9728K)] 30057K->21393K(31744K), 0.0017289 secs] [Times: user=0.00 sys=0.00, real=0.00 secs] 
2021-01-22T16:59:34.627+0800: 39.742: [GC (Allocation Failure) [PSYoungGen: 8960K->416K(9728K)] 30097K->21561K(31744K), 0.0020070 secs] [Times: user=0.00 sys=0.00, real=0.00 secs] 
2021-01-22T16:59:34.692+0800: 39.807: [GC (Allocation Failure) [PSYoungGen: 9120K->448K(9728K)] 30265K->21593K(31744K), 0.0028104 secs] [Times: user=0.00 sys=0.00, real=0.00 secs] 
2021-01-22T16:59:34.745+0800: 39.860: [GC (Allocation Failure) [PSYoungGen: 9146K->480K(9728K)] 30292K->21625K(31744K), 0.0026454 secs] [Times: user=0.00 sys=0.00, real=0.00 secs] 
2021-01-22T16:59:34.804+0800: 39.919: [GC (Allocation Failure) [PSYoungGen: 9177K->416K(9728K)] 30323K->21561K(31744K), 0.0021786 secs] [Times: user=0.00 sys=0.00, real=0.00 secs] 
2021-01-22T16:59:34.866+0800: 39.980: [GC (Allocation Failure) [PSYoungGen: 9115K->416K(9728K)] 30261K->21561K(31744K), 0.0020203 secs] [Times: user=0.00 sys=0.00, real=0.00 secs] 
2021-01-22T16:59:34.921+0800: 40.035: [GC (Allocation Failure) [PSYoungGen: 9120K->512K(9728K)] 30265K->21665K(31744K), 0.0035135 secs] [Times: user=0.00 sys=0.00, real=0.00 secs] 
2021-01-22T16:59:34.980+0800: 40.095: [GC (Allocation Failure) [PSYoungGen: 9216K->512K(9728K)] 30369K->21665K(31744K), 0.0024532 secs] [Times: user=0.00 sys=0.00, real=0.00 secs] 
2021-01-22T16:59:35.033+0800: 40.148: [GC (Allocation Failure) [PSYoungGen: 9216K->480K(9728K)] 30369K->21633K(31744K), 0.0028425 secs] [Times: user=0.00 sys=0.00, real=0.00 secs] 
2021-01-22T16:59:35.094+0800: 40.209: [GC (Allocation Failure) [PSYoungGen: 9182K->480K(9728K)] 30335K->21649K(31744K), 0.0029251 secs] [Times: user=0.00 sys=0.00, real=0.00 secs] 
2021-01-22T16:59:35.155+0800: 40.269: [GC (Allocation Failure) [PSYoungGen: 9176K->512K(9728K)] 30346K->21681K(31744K), 0.0032530 secs] [Times: user=0.00 sys=0.00, real=0.00 secs] 
2021-01-22T16:59:35.211+0800: 40.326: [GC (Allocation Failure) [PSYoungGen: 9216K->512K(9728K)] 30385K->21689K(31744K), 0.0031407 secs] [Times: user=0.00 sys=0.00, real=0.00 secs] 
2021-01-22T16:59:35.268+0800: 40.383: [GC (Allocation Failure) [PSYoungGen: 9216K->512K(9728K)] 30393K->21689K(31744K), 0.0024894 secs] [Times: user=0.00 sys=0.00, real=0.00 secs] 
2021-01-22T16:59:35.321+0800: 40.436: [GC (Allocation Failure) [PSYoungGen: 9216K->544K(9728K)] 30393K->21729K(31744K), 0.0034596 secs] [Times: user=0.00 sys=0.00, real=0.00 secs] 
2021-01-22T16:59:35.403+0800: 40.517: [GC (Allocation Failure) [PSYoungGen: 9248K->736K(9728K)] 30433K->21921K(31744K), 0.0034069 secs] [Times: user=0.00 sys=0.00, real=0.00 secs] 
2021-01-22T16:59:35.463+0800: 40.578: [GC (Allocation Failure) [PSYoungGen: 9440K->672K(9728K)] 30625K->21905K(31744K), 0.0029825 secs] [Times: user=0.00 sys=0.00, real=0.00 secs] 
2021-01-22T16:59:35.527+0800: 40.641: [GC (Allocation Failure) [PSYoungGen: 9376K->384K(9728K)] 30609K->21905K(31744K), 0.0031898 secs] [Times: user=0.00 sys=0.00, real=0.00 secs] 
2021-01-22T16:59:35.588+0800: 40.702: [GC (Allocation Failure) [PSYoungGen: 9087K->352K(9728K)] 30608K->21913K(31744K), 0.0020157 secs] [Times: user=0.00 sys=0.00, real=0.00 secs] 
2021-01-22T16:59:35.644+0800: 40.759: [GC (Allocation Failure) [PSYoungGen: 9056K->416K(9728K)] 30617K->22001K(31744K), 0.0030077 secs] [Times: user=0.01 sys=0.00, real=0.00 secs] 
2021-01-22T16:59:35.700+0800: 40.816: [GC (Allocation Failure) [PSYoungGen: 9117K->384K(9728K)] 30702K->21993K(31744K), 0.0020697 secs] [Times: user=0.00 sys=0.00, real=0.00 secs] 
2021-01-22T16:59:35.824+0800: 40.939: [GC (Allocation Failure) [PSYoungGen: 9088K->416K(9728K)] 30697K->22041K(31744K), 0.0024447 secs] [Times: user=0.00 sys=0.00, real=0.00 secs] 
2021-01-22T16:59:35.905+0800: 41.021: [GC (Allocation Failure) [PSYoungGen: 9114K->480K(9728K)] 30740K->22137K(31744K), 0.0031367 secs] [Times: user=0.00 sys=0.00, real=0.00 secs] 
2021-01-22T16:59:35.959+0800: 41.074: [GC (Allocation Failure) [PSYoungGen: 9184K->416K(9728K)] 30841K->22129K(31744K), 0.0026780 secs] [Times: user=0.00 sys=0.00, real=0.00 secs] 
2021-01-22T16:59:36.013+0800: 41.128: [GC (Allocation Failure) [PSYoungGen: 9114K->384K(9728K)] 30827K->22121K(31744K), 0.0023202 secs] [Times: user=0.00 sys=0.00, real=0.00 secs] 
2021-01-22T16:59:36.068+0800: 41.183: [GC (Allocation Failure) [PSYoungGen: 9088K->416K(9728K)] 30825K->22177K(31744K), 0.0028427 secs] [Times: user=0.06 sys=0.02, real=0.00 secs] 
2021-01-22T16:59:36.137+0800: 41.252: [GC (Allocation Failure) [PSYoungGen: 9120K->448K(9728K)] 30881K->22225K(31744K), 0.0024336 secs] [Times: user=0.00 sys=0.00, real=0.00 secs] 
2021-01-22T16:59:36.186+0800: 41.301: [GC (Allocation Failure) [PSYoungGen: 9152K->480K(9728K)] 30929K->22273K(31744K), 0.0034140 secs] [Times: user=0.00 sys=0.00, real=0.00 secs] 
2021-01-22T16:59:36.239+0800: 41.355: [GC (Allocation Failure) [PSYoungGen: 9184K->480K(9728K)] 30977K->22313K(31744K), 0.0026570 secs] [Times: user=0.08 sys=0.00, real=0.00 secs] 
2021-01-22T16:59:36.286+0800: 41.401: [GC (Allocation Failure) [PSYoungGen: 9184K->480K(9728K)] 31017K->22345K(31744K), 0.0020890 secs] [Times: user=0.02 sys=0.00, real=0.00 secs] 
2021-01-22T16:59:36.332+0800: 41.447: [GC (Allocation Failure) [PSYoungGen: 9182K->384K(9728K)] 31048K->22361K(31744K), 0.0024527 secs] [Times: user=0.00 sys=0.00, real=0.00 secs] 
2021-01-22T16:59:36.334+0800: 41.449: [Full GC (Ergonomics) [PSYoungGen: 384K->0K(9728K)] [ParOldGen: 21977K->16642K(22016K)] 22361K->16642K(31744K), [Metaspace: 39019K->38908K(1085440K)], 0.1039713 secs] [Times: user=0.47 sys=0.00, real=0.10 secs] 
2021-01-22T16:59:36.492+0800: 41.607: [GC (Allocation Failure) [PSYoungGen: 8704K->192K(9728K)] 25346K->16834K(31744K), 0.0017855 secs] [Times: user=0.00 sys=0.00, real=0.00 secs] 
2021-01-22T16:59:36.541+0800: 41.656: [GC (Allocation Failure) [PSYoungGen: 8896K->160K(9728K)] 25538K->16802K(31744K), 0.0021566 secs] [Times: user=0.00 sys=0.00, real=0.00 secs] 
2021-01-22T16:59:36.587+0800: 41.702: [GC (Allocation Failure) [PSYoungGen: 8864K->192K(9728K)] 25506K->16842K(31744K), 0.0024218 secs] [Times: user=0.00 sys=0.00, real=0.00 secs] 
2021-01-22T16:59:36.639+0800: 41.753: [GC (Allocation Failure) [PSYoungGen: 8896K->160K(9728K)] 25546K->16810K(31744K), 0.0021704 secs] [Times: user=0.00 sys=0.00, real=0.00 secs] 
2021-01-22T16:59:36.683+0800: 41.798: [GC (Allocation Failure) [PSYoungGen: 8864K->192K(9728K)] 25514K->16842K(31744K), 0.0015295 secs] [Times: user=0.00 sys=0.00, real=0.00 secs] 
2021-01-22T16:59:36.732+0800: 41.847: [GC (Allocation Failure) [PSYoungGen: 8892K->192K(9728K)] 25542K->16842K(31744K), 0.0019235 secs] [Times: user=0.00 sys=0.00, real=0.00 secs] 
2021-01-22T16:59:36.783+0800: 41.898: [GC (Allocation Failure) [PSYoungGen: 8896K->256K(9728K)] 25546K->16906K(31744K), 0.0017538 secs] [Times: user=0.00 sys=0.00, real=0.00 secs] 
2021-01-22T16:59:36.828+0800: 41.943: [GC (Allocation Failure) [PSYoungGen: 8960K->224K(9728K)] 25610K->16874K(31744K), 0.0028289 secs] [Times: user=0.00 sys=0.00, real=0.00 secs] 
2021-01-22T16:59:36.873+0800: 41.988: [GC (Allocation Failure) [PSYoungGen: 8928K->256K(9728K)] 25578K->16906K(31744K), 0.0017663 secs] [Times: user=0.00 sys=0.00, real=0.00 secs] 
2021-01-22T16:59:36.919+0800: 42.034: [GC (Allocation Failure) [PSYoungGen: 8960K->224K(9728K)] 25610K->16874K(31744K), 0.0015475 secs] [Times: user=0.00 sys=0.00, real=0.00 secs] 
2021-01-22T16:59:36.964+0800: 42.079: [GC (Allocation Failure) [PSYoungGen: 8921K->320K(9728K)] 25571K->16970K(31744K), 0.0013728 secs] [Times: user=0.00 sys=0.00, real=0.00 secs] 
2021-01-22T16:59:37.015+0800: 42.129: [GC (Allocation Failure) [PSYoungGen: 9019K->288K(9728K)] 25669K->16938K(31744K), 0.0016236 secs] [Times: user=0.00 sys=0.00, real=0.00 secs] 
2021-01-22T16:59:37.064+0800: 42.178: [GC (Allocation Failure) [PSYoungGen: 8992K->256K(9728K)] 25642K->16906K(31744K), 0.0028366 secs] [Times: user=0.00 sys=0.00, real=0.00 secs] 
2021-01-22T16:59:37.116+0800: 42.230: [GC (Allocation Failure) [PSYoungGen: 8960K->352K(9728K)] 25610K->17010K(31744K), 0.0019443 secs] [Times: user=0.00 sys=0.00, real=0.00 secs] 
2021-01-22T16:59:37.162+0800: 42.276: [GC (Allocation Failure) [PSYoungGen: 9056K->320K(9728K)] 25714K->16978K(31744K), 0.0027618 secs] [Times: user=0.08 sys=0.00, real=0.00 secs] 
2021-01-22T16:59:37.207+0800: 42.322: [GC (Allocation Failure) [PSYoungGen: 9024K->320K(9728K)] 25682K->17026K(31744K), 0.0026941 secs] [Times: user=0.02 sys=0.00, real=0.00 secs] 
2021-01-22T16:59:37.252+0800: 42.367: [GC (Allocation Failure) [PSYoungGen: 9024K->320K(9728K)] 25730K->17066K(31744K), 0.0017127 secs] [Times: user=0.00 sys=0.00, real=0.00 secs] 
2021-01-22T16:59:37.298+0800: 42.413: [GC (Allocation Failure) [PSYoungGen: 9024K->320K(9728K)] 25770K->17090K(31744K), 0.0017384 secs] [Times: user=0.00 sys=0.00, real=0.00 secs] 
2021-01-22T16:59:37.344+0800: 42.458: [GC (Allocation Failure) [PSYoungGen: 9024K->352K(9728K)] 25794K->17154K(31744K), 0.0023192 secs] [Times: user=0.00 sys=0.00, real=0.00 secs] 
2021-01-22T16:59:42.240+0800: 47.356: [GC (Allocation Failure) [PSYoungGen: 9048K->352K(9728K)] 25850K->17178K(31744K), 0.0014783 secs] [Times: user=0.00 sys=0.00, real=0.00 secs] 
2021-01-22T16:59:42.290+0800: 47.406: [GC (Allocation Failure) [PSYoungGen: 9048K->320K(9728K)] 25874K->17178K(31744K), 0.0016892 secs] [Times: user=0.00 sys=0.00, real=0.00 secs] 
2021-01-22T16:59:42.343+0800: 47.458: [GC (Allocation Failure) [PSYoungGen: 9024K->320K(9728K)] 25882K->17210K(31744K), 0.0026191 secs] [Times: user=0.00 sys=0.00, real=0.00 secs] 
2021-01-22T16:59:42.394+0800: 47.509: [GC (Allocation Failure) [PSYoungGen: 9024K->384K(9728K)] 25914K->17298K(31744K), 0.0018205 secs] [Times: user=0.00 sys=0.00, real=0.00 secs] 
2021-01-22T16:59:42.444+0800: 47.559: [GC (Allocation Failure) [PSYoungGen: 9088K->384K(9728K)] 26002K->17314K(31744K), 0.0015354 secs] [Times: user=0.00 sys=0.00, real=0.00 secs] 
2021-01-22T16:59:42.495+0800: 47.610: [GC (Allocation Failure) [PSYoungGen: 9087K->352K(9728K)] 26018K->17314K(31744K), 0.0015082 secs] [Times: user=0.00 sys=0.00, real=0.00 secs] 
2021-01-22T16:59:42.547+0800: 47.662: [GC (Allocation Failure) [PSYoungGen: 9056K->384K(9728K)] 26018K->17370K(31744K), 0.0014395 secs] [Times: user=0.00 sys=0.00, real=0.00 secs] 
2021-01-22T16:59:42.597+0800: 47.712: [GC (Allocation Failure) [PSYoungGen: 9088K->256K(9728K)] 26074K->17258K(31744K), 0.0015736 secs] [Times: user=0.00 sys=0.00, real=0.00 secs] 
2021-01-22T16:59:42.659+0800: 47.774: [GC (Allocation Failure) [PSYoungGen: 8960K->288K(9728K)] 25962K->17322K(31744K), 0.0015666 secs] [Times: user=0.00 sys=0.00, real=0.00 secs] 
2021-01-22T16:59:42.709+0800: 47.824: [GC (Allocation Failure) [PSYoungGen: 8986K->352K(9728K)] 26020K->17418K(31744K), 0.0025441 secs] [Times: user=0.00 sys=0.00, real=0.00 secs] 
2021-01-22T16:59:42.764+0800: 47.879: [GC (Allocation Failure) [PSYoungGen: 9053K->256K(9728K)] 26119K->17338K(31744K), 0.0017958 secs] [Times: user=0.00 sys=0.00, real=0.00 secs] 
2021-01-22T16:59:42.819+0800: 47.934: [GC (Allocation Failure) [PSYoungGen: 8953K->288K(9728K)] 26035K->17410K(31744K), 0.0017366 secs] [Times: user=0.00 sys=0.00, real=0.00 secs] 
2021-01-22T16:59:42.871+0800: 47.986: [GC (Allocation Failure) [PSYoungGen: 8992K->288K(9728K)] 26114K->17426K(31744K), 0.0032317 secs] [Times: user=0.00 sys=0.00, real=0.00 secs] 
2021-01-22T16:59:42.919+0800: 48.034: [GC (Allocation Failure) [PSYoungGen: 8984K->288K(9728K)] 26122K->17442K(31744K), 0.0018902 secs] [Times: user=0.00 sys=0.00, real=0.00 secs] 
2021-01-22T16:59:42.970+0800: 48.085: [GC (Allocation Failure) [PSYoungGen: 8992K->288K(9728K)] 26146K->17474K(31744K), 0.0023250 secs] [Times: user=0.00 sys=0.00, real=0.00 secs] 
2021-01-22T16:59:43.028+0800: 48.143: [GC (Allocation Failure) [PSYoungGen: 8986K->352K(9728K)] 26172K->17594K(31744K), 0.0017143 secs] [Times: user=0.00 sys=0.00, real=0.00 secs] 
2021-01-22T16:59:43.079+0800: 48.194: [GC (Allocation Failure) [PSYoungGen: 9056K->320K(9728K)] 26298K->17578K(31744K), 0.0014849 secs] [Times: user=0.00 sys=0.00, real=0.00 secs] 
2021-01-22T16:59:43.131+0800: 48.245: [GC (Allocation Failure) [PSYoungGen: 9024K->320K(9728K)] 26282K->17594K(31744K), 0.0015611 secs] [Times: user=0.08 sys=0.00, real=0.00 secs] 
2021-01-22T16:59:43.185+0800: 48.300: [GC (Allocation Failure) [PSYoungGen: 9016K->288K(9728K)] 26290K->17578K(31744K), 0.0015792 secs] [Times: user=0.00 sys=0.00, real=0.00 secs] 
2021-01-22T16:59:43.240+0800: 48.355: [GC (Allocation Failure) [PSYoungGen: 8990K->224K(9728K)] 26280K->17530K(31744K), 0.0014961 secs] [Times: user=0.11 sys=0.00, real=0.00 secs] 
2021-01-22T16:59:43.291+0800: 48.406: [GC (Allocation Failure) [PSYoungGen: 8928K->288K(9728K)] 26234K->17610K(31744K), 0.0022712 secs] [Times: user=0.00 sys=0.00, real=0.00 secs] 
2021-01-22T16:59:43.344+0800: 48.459: [GC (Allocation Failure) [PSYoungGen: 8992K->320K(9728K)] 26314K->17658K(31744K), 0.0015982 secs] [Times: user=0.00 sys=0.00, real=0.00 secs] 
2021-01-22T16:59:43.398+0800: 48.513: [GC (Allocation Failure) [PSYoungGen: 9024K->320K(9728K)] 26362K->17690K(31744K), 0.0021865 secs] [Times: user=0.00 sys=0.00, real=0.00 secs] 
2021-01-22T16:59:43.453+0800: 48.568: [GC (Allocation Failure) [PSYoungGen: 9024K->288K(9728K)] 26394K->17722K(31744K), 0.0026799 secs] [Times: user=0.00 sys=0.00, real=0.00 secs] 
2021-01-22T16:59:43.513+0800: 48.627: [GC (Allocation Failure) [PSYoungGen: 8992K->320K(9728K)] 26426K->17770K(31744K), 0.0020611 secs] [Times: user=0.00 sys=0.00, real=0.00 secs] 
2021-01-22T16:59:43.565+0800: 48.679: [GC (Allocation Failure) [PSYoungGen: 9024K->224K(9728K)] 26474K->17698K(31744K), 0.0019208 secs] [Times: user=0.00 sys=0.00, real=0.00 secs] 
2021-01-22T16:59:43.616+0800: 48.731: [GC (Allocation Failure) [PSYoungGen: 8925K->288K(9728K)] 26399K->17794K(31744K), 0.0019797 secs] [Times: user=0.00 sys=0.00, real=0.00 secs] 
2021-01-22T16:59:43.680+0800: 48.795: [GC (Allocation Failure) [PSYoungGen: 8990K->288K(9728K)] 26496K->17810K(31744K), 0.0027933 secs] [Times: user=0.00 sys=0.00, real=0.00 secs] 
2021-01-22T16:59:43.740+0800: 48.854: [GC (Allocation Failure) [PSYoungGen: 8992K->288K(9728K)] 26514K->17826K(31744K), 0.0022670 secs] [Times: user=0.08 sys=0.00, real=0.00 secs] 
2021-01-22T16:59:43.800+0800: 48.914: [GC (Allocation Failure) [PSYoungGen: 8992K->288K(9728K)] 26530K->17842K(31744K), 0.0020763 secs] [Times: user=0.00 sys=0.00, real=0.00 secs] 
2021-01-22T16:59:43.852+0800: 48.967: [GC (Allocation Failure) [PSYoungGen: 8992K->256K(9728K)] 26546K->17826K(31744K), 0.0023760 secs] [Times: user=0.00 sys=0.00, real=0.00 secs] 
2021-01-22T16:59:43.920+0800: 49.036: [GC (Allocation Failure) [PSYoungGen: 8960K->288K(9728K)] 26530K->17874K(31744K), 0.0016989 secs] [Times: user=0.00 sys=0.00, real=0.00 secs] 
2021-01-22T16:59:43.974+0800: 49.089: [GC (Allocation Failure) [PSYoungGen: 8992K->288K(9728K)] 26578K->17890K(31744K), 0.0016798 secs] [Times: user=0.08 sys=0.00, real=0.00 secs] 
2021-01-22T16:59:44.022+0800: 49.138: [GC (Allocation Failure) [PSYoungGen: 8984K->352K(9728K)] 26586K->17970K(31744K), 0.0024224 secs] [Times: user=0.00 sys=0.00, real=0.00 secs] 
2021-01-22T16:59:44.075+0800: 49.190: [GC (Allocation Failure) [PSYoungGen: 9049K->224K(9728K)] 26667K->17866K(31744K), 0.0023581 secs] [Times: user=0.00 sys=0.00, real=0.00 secs] 
2021-01-22T16:59:44.123+0800: 49.239: [GC (Allocation Failure) [PSYoungGen: 8928K->224K(9728K)] 26570K->17882K(31744K), 0.0016272 secs] [Times: user=0.00 sys=0.00, real=0.00 secs] 
2021-01-22T16:59:44.173+0800: 49.288: [GC (Allocation Failure) [PSYoungGen: 8928K->320K(9728K)] 26586K->17994K(31744K), 0.0016069 secs] [Times: user=0.00 sys=0.00, real=0.00 secs] 
2021-01-22T16:59:44.229+0800: 49.345: [GC (Allocation Failure) [PSYoungGen: 9024K->288K(9728K)] 26698K->17978K(31744K), 0.0020321 secs] [Times: user=0.00 sys=0.00, real=0.00 secs] 
2021-01-22T16:59:44.279+0800: 49.394: [GC (Allocation Failure) [PSYoungGen: 8992K->352K(9728K)] 26682K->18058K(31744K), 0.0028412 secs] [Times: user=0.00 sys=0.00, real=0.00 secs] 
2021-01-22T16:59:44.344+0800: 49.459: [GC (Allocation Failure) [PSYoungGen: 9056K->256K(9728K)] 26762K->17994K(31744K), 0.0024991 secs] [Times: user=0.00 sys=0.00, real=0.00 secs] 
2021-01-22T16:59:44.405+0800: 49.520: [GC (Allocation Failure) [PSYoungGen: 8960K->224K(9728K)] 26698K->17978K(31744K), 0.0043067 secs] [Times: user=0.00 sys=0.00, real=0.00 secs] 
2021-01-22T16:59:44.478+0800: 49.593: [GC (Allocation Failure) [PSYoungGen: 8922K->320K(9728K)] 26676K->18090K(31744K), 0.0028843 secs] [Times: user=0.00 sys=0.00, real=0.00 secs] 
2021-01-22T16:59:44.536+0800: 49.651: [GC (Allocation Failure) [PSYoungGen: 9022K->352K(9728K)] 26792K->18138K(31744K), 0.0023743 secs] [Times: user=0.02 sys=0.00, real=0.00 secs] 
2021-01-22T16:59:44.591+0800: 49.707: [GC (Allocation Failure) [PSYoungGen: 9056K->288K(9728K)] 26842K->18106K(31744K), 0.0019563 secs] [Times: user=0.00 sys=0.00, real=0.00 secs] 
2021-01-22T16:59:44.641+0800: 49.756: [GC (Allocation Failure) [PSYoungGen: 8992K->288K(9728K)] 26810K->18122K(31744K), 0.0025572 secs] [Times: user=0.00 sys=0.00, real=0.00 secs] 
2021-01-22T16:59:44.691+0800: 49.806: [GC (Allocation Failure) [PSYoungGen: 8992K->320K(9728K)] 26826K->18178K(31744K), 0.0030533 secs] [Times: user=0.02 sys=0.00, real=0.00 secs] 
2021-01-22T16:59:44.740+0800: 49.855: [GC (Allocation Failure) [PSYoungGen: 9016K->320K(9728K)] 26874K->18202K(31744K), 0.0021419 secs] [Times: user=0.09 sys=0.00, real=0.00 secs] 
2021-01-22T16:59:44.800+0800: 49.915: [GC (Allocation Failure) [PSYoungGen: 9023K->352K(9728K)] 26905K->18250K(31744K), 0.0014248 secs] [Times: user=0.00 sys=0.00, real=0.00 secs] 
2021-01-22T16:59:44.869+0800: 49.984: [GC (Allocation Failure) [PSYoungGen: 9056K->320K(9728K)] 26954K->18242K(31744K), 0.0019048 secs] [Times: user=0.00 sys=0.00, real=0.00 secs] 
2021-01-22T16:59:44.925+0800: 50.040: [GC (Allocation Failure) [PSYoungGen: 9021K->320K(9728K)] 26943K->18274K(31744K), 0.0020474 secs] [Times: user=0.00 sys=0.00, real=0.00 secs] 
2021-01-22T16:59:44.985+0800: 50.099: [GC (Allocation Failure) [PSYoungGen: 9021K->320K(9728K)] 26975K->18290K(31744K), 0.0015864 secs] [Times: user=0.00 sys=0.00, real=0.00 secs] 
2021-01-22T16:59:45.046+0800: 50.161: [GC (Allocation Failure) [PSYoungGen: 9024K->288K(9728K)] 26994K->18274K(31744K), 0.0024138 secs] [Times: user=0.00 sys=0.00, real=0.00 secs] 
2021-01-22T16:59:45.103+0800: 50.218: [GC (Allocation Failure) [PSYoungGen: 8992K->224K(9728K)] 26978K->18234K(31744K), 0.0031660 secs] [Times: user=0.00 sys=0.00, real=0.00 secs] 
2021-01-22T16:59:45.164+0800: 50.279: [GC (Allocation Failure) [PSYoungGen: 8928K->288K(9728K)] 26938K->18314K(31744K), 0.0019359 secs] [Times: user=0.00 sys=0.00, real=0.00 secs] 
2021-01-22T16:59:45.229+0800: 50.343: [GC (Allocation Failure) [PSYoungGen: 8988K->352K(9728K)] 27014K->18394K(31744K), 0.0017289 secs] [Times: user=0.00 sys=0.00, real=0.00 secs] 
2021-01-22T16:59:45.306+0800: 50.421: [GC (Allocation Failure) [PSYoungGen: 9056K->320K(9728K)] 27098K->18386K(31744K), 0.0034931 secs] [Times: user=0.00 sys=0.00, real=0.00 secs] 
2021-01-22T16:59:45.373+0800: 50.487: [GC (Allocation Failure) [PSYoungGen: 9024K->320K(9728K)] 27090K->18402K(31744K), 0.0020961 secs] [Times: user=0.00 sys=0.00, real=0.00 secs] 
2021-01-22T16:59:45.436+0800: 50.551: [GC (Allocation Failure) [PSYoungGen: 9024K->224K(9728K)] 27106K->18338K(31744K), 0.0021741 secs] [Times: user=0.00 sys=0.00, real=0.00 secs] 
2021-01-22T16:59:45.497+0800: 50.611: [GC (Allocation Failure) [PSYoungGen: 8928K->288K(9728K)] 27042K->18418K(31744K), 0.0022896 secs] [Times: user=0.00 sys=0.00, real=0.00 secs] 
2021-01-22T16:59:45.556+0800: 50.671: [GC (Allocation Failure) [PSYoungGen: 8985K->352K(9728K)] 27115K->18506K(31744K), 0.0018635 secs] [Times: user=0.00 sys=0.00, real=0.00 secs] 
2021-01-22T16:59:45.618+0800: 50.733: [GC (Allocation Failure) [PSYoungGen: 9056K->320K(9728K)] 27210K->18490K(31744K), 0.0014982 secs] [Times: user=0.00 sys=0.00, real=0.00 secs] 
2021-01-22T16:59:45.682+0800: 50.797: [GC (Allocation Failure) [PSYoungGen: 9024K->256K(9728K)] 27194K->18450K(31744K), 0.0014371 secs] [Times: user=0.00 sys=0.00, real=0.00 secs] 
2021-01-22T16:59:45.763+0800: 50.878: [GC (Allocation Failure) [PSYoungGen: 8960K->288K(9728K)] 27154K->18506K(31744K), 0.0036513 secs] [Times: user=0.00 sys=0.00, real=0.00 secs] 
2021-01-22T16:59:45.843+0800: 50.958: [GC (Allocation Failure) [PSYoungGen: 8991K->320K(9728K)] 27209K->18570K(31744K), 0.0024585 secs] [Times: user=0.00 sys=0.00, real=0.00 secs] 
2021-01-22T16:59:46.038+0800: 51.153: [GC (Allocation Failure) [PSYoungGen: 9024K->256K(9728K)] 27274K->18522K(31744K), 0.0046940 secs] [Times: user=0.00 sys=0.00, real=0.00 secs] 
2021-01-22T16:59:46.129+0800: 51.244: [GC (Allocation Failure) [PSYoungGen: 8954K->192K(9728K)] 27220K->18474K(31744K), 0.0019191 secs] [Times: user=0.02 sys=0.02, real=0.00 secs] 
2021-01-22T16:59:46.230+0800: 51.345: [GC (Allocation Failure) [PSYoungGen: 8896K->224K(9728K)] 27178K->18522K(31744K), 0.0019453 secs] [Times: user=0.00 sys=0.00, real=0.00 secs] 
2021-01-22T16:59:46.303+0800: 51.418: [GC (Allocation Failure) [PSYoungGen: 8928K->224K(9728K)] 27226K->18546K(31744K), 0.0030256 secs] [Times: user=0.00 sys=0.00, real=0.00 secs] 
2021-01-22T16:59:46.372+0800: 51.487: [GC (Allocation Failure) [PSYoungGen: 8928K->288K(9728K)] 27250K->18626K(31744K), 0.0032323 secs] [Times: user=0.00 sys=0.00, real=0.00 secs] 
2021-01-22T16:59:46.429+0800: 51.544: [GC (Allocation Failure) [PSYoungGen: 8992K->320K(9728K)] 27330K->18674K(31744K), 0.0014900 secs] [Times: user=0.00 sys=0.00, real=0.00 secs] 
2021-01-22T16:59:46.486+0800: 51.601: [GC (Allocation Failure) [PSYoungGen: 9024K->320K(9728K)] 27378K->18690K(31744K), 0.0029882 secs] [Times: user=0.00 sys=0.00, real=0.00 secs] 
2021-01-22T16:59:46.550+0800: 51.665: [GC (Allocation Failure) [PSYoungGen: 9022K->288K(9728K)] 27392K->18682K(31744K), 0.0018627 secs] [Times: user=0.00 sys=0.00, real=0.00 secs] 
2021-01-22T16:59:46.610+0800: 51.725: [GC (Allocation Failure) [PSYoungGen: 8992K->224K(9728K)] 27386K->18634K(31744K), 0.0021522 secs] [Times: user=0.00 sys=0.00, real=0.00 secs] 
2021-01-22T16:59:46.673+0800: 51.788: [GC (Allocation Failure) [PSYoungGen: 8928K->256K(9728K)] 27338K->18698K(31744K), 0.0035053 secs] [Times: user=0.00 sys=0.00, real=0.00 secs] 
2021-01-22T16:59:46.726+0800: 51.841: [GC (Allocation Failure) [PSYoungGen: 8960K->224K(9728K)] 27402K->18682K(31744K), 0.0017382 secs] [Times: user=0.00 sys=0.00, real=0.00 secs] 
2021-01-22T16:59:46.774+0800: 51.889: [GC (Allocation Failure) [PSYoungGen: 8928K->256K(9728K)] 27386K->18730K(31744K), 0.0019063 secs] [Times: user=0.00 sys=0.00, real=0.00 secs] 
2021-01-22T16:59:46.821+0800: 51.936: [GC (Allocation Failure) [PSYoungGen: 8960K->320K(9728K)] 27434K->18810K(31744K), 0.0016022 secs] [Times: user=0.00 sys=0.00, real=0.00 secs] 
2021-01-22T16:59:46.867+0800: 51.982: [GC (Allocation Failure) [PSYoungGen: 9019K->256K(9728K)] 27509K->18770K(31744K), 0.0015496 secs] [Times: user=0.00 sys=0.00, real=0.00 secs] 
2021-01-22T16:59:46.912+0800: 52.026: [GC (Allocation Failure) [PSYoungGen: 8960K->352K(9728K)] 27474K->18882K(31744K), 0.0013758 secs] [Times: user=0.03 sys=0.00, real=0.00 secs] 
2021-01-22T16:59:46.958+0800: 52.073: [GC (Allocation Failure) [PSYoungGen: 9056K->224K(9728K)] 27586K->18770K(31744K), 0.0014775 secs] [Times: user=0.02 sys=0.00, real=0.00 secs] 
2021-01-22T16:59:47.010+0800: 52.124: [GC (Allocation Failure) [PSYoungGen: 8923K->256K(9728K)] 27469K->18826K(31744K), 0.0019197 secs] [Times: user=0.00 sys=0.00, real=0.00 secs] 
2021-01-22T16:59:47.057+0800: 52.172: [GC (Allocation Failure) [PSYoungGen: 8960K->256K(9728K)] 27530K->18842K(31744K), 0.0015914 secs] [Times: user=0.00 sys=0.00, real=0.00 secs] 
2021-01-22T16:59:47.104+0800: 52.218: [GC (Allocation Failure) [PSYoungGen: 8960K->320K(9728K)] 27546K->18922K(31744K), 0.0017699 secs] [Times: user=0.00 sys=0.00, real=0.00 secs] 
2021-01-22T16:59:47.153+0800: 52.268: [GC (Allocation Failure) [PSYoungGen: 9024K->224K(9728K)] 27626K->18842K(31744K), 0.0025713 secs] [Times: user=0.00 sys=0.00, real=0.00 secs] 
2021-01-22T16:59:47.200+0800: 52.315: [GC (Allocation Failure) [PSYoungGen: 8928K->320K(9728K)] 27546K->18954K(31744K), 0.0023551 secs] [Times: user=0.00 sys=0.00, real=0.00 secs] 
2021-01-22T16:59:47.248+0800: 52.363: [GC (Allocation Failure) [PSYoungGen: 9020K->256K(9728K)] 27654K->18906K(31744K), 0.0022216 secs] [Times: user=0.00 sys=0.00, real=0.00 secs] 
2021-01-22T16:59:47.297+0800: 52.411: [GC (Allocation Failure) [PSYoungGen: 8960K->288K(9728K)] 27610K->18954K(31744K), 0.0024543 secs] [Times: user=0.00 sys=0.00, real=0.00 secs] 
2021-01-22T16:59:47.346+0800: 52.461: [GC (Allocation Failure) [PSYoungGen: 8990K->320K(9728K)] 27656K->19010K(31744K), 0.0017180 secs] [Times: user=0.00 sys=0.00, real=0.00 secs] 
2021-01-22T16:59:47.395+0800: 52.510: [GC (Allocation Failure) [PSYoungGen: 9024K->288K(9728K)] 27714K->19010K(31744K), 0.0014940 secs] [Times: user=0.00 sys=0.00, real=0.00 secs] 
2021-01-22T16:59:47.443+0800: 52.559: [GC (Allocation Failure) [PSYoungGen: 8992K->352K(9728K)] 27714K->19090K(31744K), 0.0016644 secs] [Times: user=0.05 sys=0.00, real=0.00 secs] 
2021-01-22T16:59:47.492+0800: 52.608: [GC (Allocation Failure) [PSYoungGen: 9056K->288K(9728K)] 27794K->19042K(31744K), 0.0015370 secs] [Times: user=0.00 sys=0.00, real=0.00 secs] 
2021-01-22T16:59:47.539+0800: 52.655: [GC (Allocation Failure) [PSYoungGen: 8987K->288K(9728K)] 27741K->19058K(31744K), 0.0015067 secs] [Times: user=0.00 sys=0.00, real=0.00 secs] 
2021-01-22T16:59:47.587+0800: 52.703: [GC (Allocation Failure) [PSYoungGen: 8992K->320K(9728K)] 27762K->19106K(31744K), 0.0016653 secs] [Times: user=0.00 sys=0.00, real=0.00 secs] 
2021-01-22T16:59:47.637+0800: 52.753: [GC (Allocation Failure) [PSYoungGen: 9024K->192K(9728K)] 27810K->18994K(31744K), 0.0020159 secs] [Times: user=0.00 sys=0.00, real=0.00 secs] 
2021-01-22T16:59:47.683+0800: 52.799: [GC (Allocation Failure) [PSYoungGen: 8896K->320K(9728K)] 27698K->19138K(31744K), 0.0015324 secs] [Times: user=0.00 sys=0.00, real=0.00 secs] 
2021-01-22T16:59:47.730+0800: 52.845: [GC (Allocation Failure) [PSYoungGen: 9018K->288K(9728K)] 27836K->19138K(31744K), 0.0020848 secs] [Times: user=0.00 sys=0.00, real=0.00 secs] 
2021-01-22T16:59:47.782+0800: 52.897: [GC (Allocation Failure) [PSYoungGen: 8992K->224K(9728K)] 27842K->19090K(31744K), 0.0019279 secs] [Times: user=0.00 sys=0.00, real=0.00 secs] 
2021-01-22T16:59:47.830+0800: 52.945: [GC (Allocation Failure) [PSYoungGen: 8920K->288K(9728K)] 27786K->19170K(31744K), 0.0019379 secs] [Times: user=0.00 sys=0.00, real=0.00 secs] 
2021-01-22T16:59:47.900+0800: 53.015: [GC (Allocation Failure) [PSYoungGen: 8992K->288K(9728K)] 27874K->19186K(31744K), 0.0015966 secs] [Times: user=0.00 sys=0.00, real=0.00 secs] 
2021-01-22T16:59:47.962+0800: 53.077: [GC (Allocation Failure) [PSYoungGen: 8987K->224K(9728K)] 27885K->19138K(31744K), 0.0021709 secs] [Times: user=0.00 sys=0.00, real=0.00 secs] 
2021-01-22T16:59:48.008+0800: 53.123: [GC (Allocation Failure) [PSYoungGen: 8928K->320K(9728K)] 27842K->19258K(31744K), 0.0015913 secs] [Times: user=0.00 sys=0.00, real=0.00 secs] 
2021-01-22T16:59:48.059+0800: 53.174: [GC (Allocation Failure) [PSYoungGen: 9024K->256K(9728K)] 27962K->19210K(31744K), 0.0027067 secs] [Times: user=0.00 sys=0.00, real=0.00 secs] 
2021-01-22T16:59:48.109+0800: 53.224: [GC (Allocation Failure) [PSYoungGen: 8957K->352K(9728K)] 27911K->19322K(31744K), 0.0017809 secs] [Times: user=0.00 sys=0.00, real=0.00 secs] 
2021-01-22T16:59:48.159+0800: 53.274: [GC (Allocation Failure) [PSYoungGen: 9056K->224K(9728K)] 28026K->19210K(31744K), 0.0026388 secs] [Times: user=0.00 sys=0.00, real=0.00 secs] 
2021-01-22T16:59:48.208+0800: 53.323: [GC (Allocation Failure) [PSYoungGen: 8928K->256K(9728K)] 27914K->19258K(31744K), 0.0018832 secs] [Times: user=0.02 sys=0.00, real=0.00 secs] 
2021-01-22T16:59:48.254+0800: 53.369: [GC (Allocation Failure) [PSYoungGen: 8954K->256K(9728K)] 27956K->19274K(31744K), 0.0024122 secs] [Times: user=0.01 sys=0.00, real=0.00 secs] 
2021-01-22T16:59:48.308+0800: 53.423: [GC (Allocation Failure) [PSYoungGen: 8952K->288K(9728K)] 27970K->19322K(31744K), 0.0015490 secs] [Times: user=0.00 sys=0.00, real=0.00 secs] 
2021-01-22T16:59:48.360+0800: 53.475: [GC (Allocation Failure) [PSYoungGen: 8992K->352K(9728K)] 28026K->19402K(31744K), 0.0014945 secs] [Times: user=0.00 sys=0.00, real=0.00 secs] 
2021-01-22T16:59:48.406+0800: 53.521: [GC (Allocation Failure) [PSYoungGen: 9056K->288K(9728K)] 28106K->19354K(31744K), 0.0016009 secs] [Times: user=0.00 sys=0.00, real=0.00 secs] 
2021-01-22T16:59:48.451+0800: 53.566: [GC (Allocation Failure) [PSYoungGen: 8992K->256K(9728K)] 28058K->19338K(31744K), 0.0015607 secs] [Times: user=0.00 sys=0.00, real=0.00 secs] 
2021-01-22T16:59:48.498+0800: 53.613: [GC (Allocation Failure) [PSYoungGen: 8960K->320K(9728K)] 28042K->19418K(31744K), 0.0027439 secs] [Times: user=0.00 sys=0.00, real=0.00 secs] 
2021-01-22T16:59:48.544+0800: 53.659: [GC (Allocation Failure) [PSYoungGen: 9017K->320K(9728K)] 28115K->19434K(31744K), 0.0021966 secs] [Times: user=0.00 sys=0.00, real=0.00 secs] 
2021-01-22T16:59:48.592+0800: 53.706: [GC (Allocation Failure) [PSYoungGen: 9024K->320K(9728K)] 28138K->19450K(31744K), 0.0017790 secs] [Times: user=0.00 sys=0.00, real=0.00 secs] 
2021-01-22T16:59:48.640+0800: 53.755: [GC (Allocation Failure) [PSYoungGen: 9024K->352K(9728K)] 28154K->19498K(31744K), 0.0013829 secs] [Times: user=0.00 sys=0.00, real=0.00 secs] 
2021-01-22T16:59:48.687+0800: 53.801: [GC (Allocation Failure) [PSYoungGen: 9056K->288K(9728K)] 28202K->19450K(31744K), 0.0022705 secs] [Times: user=0.00 sys=0.00, real=0.00 secs] 
2021-01-22T16:59:48.734+0800: 53.849: [GC (Allocation Failure) [PSYoungGen: 8992K->288K(9728K)] 28154K->19466K(31744K), 0.0025680 secs] [Times: user=0.00 sys=0.00, real=0.00 secs] 
2021-01-22T16:59:48.787+0800: 53.901: [GC (Allocation Failure) [PSYoungGen: 8992K->352K(9728K)] 28170K->19546K(31744K), 0.0016497 secs] [Times: user=0.05 sys=0.00, real=0.00 secs] 
2021-01-22T16:59:48.832+0800: 53.946: [GC (Allocation Failure) [PSYoungGen: 9056K->288K(9728K)] 28250K->19498K(31744K), 0.0023902 secs] [Times: user=0.00 sys=0.00, real=0.00 secs] 
2021-01-22T16:59:48.878+0800: 53.993: [GC (Allocation Failure) [PSYoungGen: 8989K->320K(9728K)] 28200K->19546K(31744K), 0.0020527 secs] [Times: user=0.00 sys=0.00, real=0.00 secs] 
2021-01-22T16:59:48.922+0800: 54.037: [GC (Allocation Failure) [PSYoungGen: 9024K->256K(9728K)] 28250K->19498K(31744K), 0.0017703 secs] [Times: user=0.00 sys=0.00, real=0.00 secs] 
2021-01-22T16:59:48.968+0800: 54.083: [GC (Allocation Failure) [PSYoungGen: 8960K->384K(9728K)] 28202K->19642K(31744K), 0.0018266 secs] [Times: user=0.00 sys=0.00, real=0.00 secs] 
2021-01-22T16:59:49.013+0800: 54.127: [GC (Allocation Failure) [PSYoungGen: 9088K->352K(9728K)] 28346K->19626K(31744K), 0.0013269 secs] [Times: user=0.00 sys=0.00, real=0.00 secs] 
2021-01-22T16:59:49.059+0800: 54.174: [GC (Allocation Failure) [PSYoungGen: 9056K->320K(9728K)] 28330K->19610K(31744K), 0.0021156 secs] [Times: user=0.00 sys=0.00, real=0.00 secs] 
2021-01-22T16:59:49.104+0800: 54.219: [GC (Allocation Failure) [PSYoungGen: 9016K->224K(9728K)] 28306K->19546K(31744K), 0.0023281 secs] [Times: user=0.00 sys=0.00, real=0.00 secs] 
2021-01-22T16:59:49.148+0800: 54.264: [GC (Allocation Failure) [PSYoungGen: 8923K->320K(9728K)] 28245K->19658K(31744K), 0.0021587 secs] [Times: user=0.00 sys=0.00, real=0.00 secs] 
2021-01-22T16:59:49.196+0800: 54.311: [GC (Allocation Failure) [PSYoungGen: 9024K->224K(9728K)] 28362K->19578K(31744K), 0.0021579 secs] [Times: user=0.00 sys=0.00, real=0.00 secs] 
2021-01-22T16:59:49.245+0800: 54.361: [GC (Allocation Failure) [PSYoungGen: 8928K->224K(9728K)] 28282K->19594K(31744K), 0.0021232 secs] [Times: user=0.00 sys=0.00, real=0.00 secs] 
2021-01-22T16:59:49.292+0800: 54.407: [GC (Allocation Failure) [PSYoungGen: 8927K->288K(9728K)] 28297K->19674K(31744K), 0.0018943 secs] [Times: user=0.00 sys=0.00, real=0.00 secs] 
2021-01-22T16:59:49.338+0800: 54.453: [GC (Allocation Failure) [PSYoungGen: 8992K->320K(9728K)] 28378K->19722K(31744K), 0.0019841 secs] [Times: user=0.00 sys=0.00, real=0.00 secs] 
2021-01-22T16:59:49.384+0800: 54.499: [GC (Allocation Failure) [PSYoungGen: 9024K->320K(9728K)] 28426K->19738K(31744K), 0.0014596 secs] [Times: user=0.00 sys=0.00, real=0.00 secs] 
2021-01-22T16:59:49.428+0800: 54.543: [GC (Allocation Failure) [PSYoungGen: 9016K->288K(9728K)] 28434K->19738K(31744K), 0.0015466 secs] [Times: user=0.00 sys=0.00, real=0.00 secs] 
2021-01-22T16:59:49.471+0800: 54.586: [GC (Allocation Failure) [PSYoungGen: 8992K->288K(9728K)] 28442K->19770K(31744K), 0.0016012 secs] [Times: user=0.00 sys=0.00, real=0.00 secs] 
2021-01-22T16:59:49.521+0800: 54.636: [GC (Allocation Failure) [PSYoungGen: 8992K->288K(9728K)] 28474K->19786K(31744K), 0.0018010 secs] [Times: user=0.05 sys=0.01, real=0.00 secs] 
2021-01-22T16:59:49.567+0800: 54.682: [GC (Allocation Failure) [PSYoungGen: 8990K->256K(9728K)] 28488K->19770K(31744K), 0.0025203 secs] [Times: user=0.01 sys=0.00, real=0.00 secs] 
2021-01-22T16:59:49.612+0800: 54.727: [GC (Allocation Failure) [PSYoungGen: 8960K->288K(9728K)] 28474K->19818K(31744K), 0.0016026 secs] [Times: user=0.00 sys=0.00, real=0.00 secs] 
2021-01-22T16:59:49.660+0800: 54.775: [GC (Allocation Failure) [PSYoungGen: 8992K->288K(9728K)] 28522K->19850K(31744K), 0.0017861 secs] [Times: user=0.00 sys=0.00, real=0.00 secs] 
2021-01-22T16:59:49.705+0800: 54.820: [GC (Allocation Failure) [PSYoungGen: 8992K->320K(9728K)] 28554K->19906K(31744K), 0.0012920 secs] [Times: user=0.00 sys=0.00, real=0.00 secs] 
2021-01-22T16:59:49.750+0800: 54.865: [GC (Allocation Failure) [PSYoungGen: 9016K->288K(9728K)] 28602K->19906K(31744K), 0.0029108 secs] [Times: user=0.00 sys=0.00, real=0.00 secs] 
2021-01-22T16:59:49.796+0800: 54.911: [GC (Allocation Failure) [PSYoungGen: 8992K->352K(9728K)] 28610K->19986K(31744K), 0.0024769 secs] [Times: user=0.00 sys=0.00, real=0.00 secs] 
2021-01-22T16:59:49.843+0800: 54.958: [GC (Allocation Failure) [PSYoungGen: 9056K->320K(9728K)] 28690K->19978K(31744K), 0.0018377 secs] [Times: user=0.00 sys=0.00, real=0.00 secs] 
2021-01-22T16:59:49.889+0800: 55.004: [GC (Allocation Failure) [PSYoungGen: 9024K->288K(9728K)] 28682K->19962K(31744K), 0.0017464 secs] [Times: user=0.00 sys=0.00, real=0.00 secs] 
2021-01-22T16:59:49.936+0800: 55.051: [GC (Allocation Failure) [PSYoungGen: 8992K->256K(9728K)] 28666K->19954K(31744K), 0.0017650 secs] [Times: user=0.00 sys=0.00, real=0.00 secs] 
2021-01-22T16:59:49.987+0800: 55.102: [GC (Allocation Failure) [PSYoungGen: 8960K->288K(9728K)] 28658K->20002K(31744K), 0.0019239 secs] [Times: user=0.00 sys=0.00, real=0.00 secs] 
2021-01-22T16:59:50.030+0800: 55.145: [GC (Allocation Failure) [PSYoungGen: 8992K->320K(9728K)] 28706K->20066K(31744K), 0.0016317 secs] [Times: user=0.00 sys=0.00, real=0.00 secs] 
2021-01-22T16:59:50.075+0800: 55.190: [GC (Allocation Failure) [PSYoungGen: 9016K->320K(9728K)] 28762K->20082K(31744K), 0.0026618 secs] [Times: user=0.00 sys=0.00, real=0.00 secs] 
2021-01-22T16:59:50.122+0800: 55.237: [GC (Allocation Failure) [PSYoungGen: 9024K->224K(9728K)] 28786K->20002K(31744K), 0.0021301 secs] [Times: user=0.00 sys=0.00, real=0.00 secs] 
2021-01-22T16:59:50.175+0800: 55.289: [GC (Allocation Failure) [PSYoungGen: 8928K->256K(9728K)] 28706K->20050K(31744K), 0.0019360 secs] [Times: user=0.00 sys=0.00, real=0.00 secs] 
2021-01-22T16:59:50.221+0800: 55.335: [GC (Allocation Failure) [PSYoungGen: 8960K->320K(9728K)] 28754K->20130K(31744K), 0.0014376 secs] [Times: user=0.00 sys=0.00, real=0.00 secs] 
2021-01-22T16:59:50.266+0800: 55.381: [GC (Allocation Failure) [PSYoungGen: 9024K->288K(9728K)] 28834K->20122K(31744K), 0.0016329 secs] [Times: user=0.00 sys=0.00, real=0.00 secs] 
2021-01-22T16:59:50.314+0800: 55.429: [GC (Allocation Failure) [PSYoungGen: 8992K->256K(9728K)] 28826K->20106K(31744K), 0.0017881 secs] [Times: user=0.00 sys=0.00, real=0.00 secs] 
2021-01-22T16:59:50.360+0800: 55.475: [GC (Allocation Failure) [PSYoungGen: 8955K->192K(9728K)] 28805K->20058K(31744K), 0.0022849 secs] [Times: user=0.00 sys=0.00, real=0.00 secs] 
2021-01-22T16:59:50.405+0800: 55.520: [GC (Allocation Failure) [PSYoungGen: 8894K->384K(9728K)] 28760K->20266K(31744K), 0.0023612 secs] [Times: user=0.00 sys=0.00, real=0.00 secs] 
2021-01-22T16:59:50.450+0800: 55.565: [GC (Allocation Failure) [PSYoungGen: 9088K->288K(9728K)] 28970K->20186K(31744K), 0.0020381 secs] [Times: user=0.00 sys=0.00, real=0.00 secs] 
2021-01-22T16:59:50.496+0800: 55.610: [GC (Allocation Failure) [PSYoungGen: 8992K->288K(9728K)] 28890K->20202K(31744K), 0.0016572 secs] [Times: user=0.00 sys=0.00, real=0.00 secs] 
2021-01-22T16:59:50.541+0800: 55.656: [GC (Allocation Failure) [PSYoungGen: 8992K->288K(9728K)] 28906K->20218K(31744K), 0.0015198 secs] [Times: user=0.00 sys=0.00, real=0.00 secs] 
2021-01-22T16:59:50.587+0800: 55.702: [GC (Allocation Failure) [PSYoungGen: 8992K->256K(9728K)] 28922K->20210K(31744K), 0.0020089 secs] [Times: user=0.00 sys=0.00, real=0.00 secs] 
2021-01-22T16:59:50.640+0800: 55.754: [GC (Allocation Failure) [PSYoungGen: 8960K->224K(9728K)] 28914K->20194K(31744K), 0.0028261 secs] [Times: user=0.00 sys=0.00, real=0.00 secs] 
2021-01-22T16:59:50.691+0800: 55.806: [GC (Allocation Failure) [PSYoungGen: 8928K->352K(9728K)] 28898K->20346K(31744K), 0.0015852 secs] [Times: user=0.00 sys=0.00, real=0.00 secs] 
2021-01-22T16:59:50.738+0800: 55.852: [GC (Allocation Failure) [PSYoungGen: 9052K->320K(9728K)] 29046K->20330K(31744K), 0.0017750 secs] [Times: user=0.00 sys=0.00, real=0.00 secs] 
2021-01-22T16:59:50.792+0800: 55.906: [GC (Allocation Failure) [PSYoungGen: 9024K->256K(9728K)] 29034K->20282K(31744K), 0.0018883 secs] [Times: user=0.00 sys=0.00, real=0.00 secs] 
2021-01-22T16:59:50.847+0800: 55.961: [GC (Allocation Failure) [PSYoungGen: 8960K->256K(9728K)] 28986K->20298K(31744K), 0.0015752 secs] [Times: user=0.00 sys=0.00, real=0.00 secs] 
2021-01-22T16:59:50.898+0800: 56.013: [GC (Allocation Failure) [PSYoungGen: 8954K->256K(9728K)] 28996K->20314K(31744K), 0.0017669 secs] [Times: user=0.00 sys=0.00, real=0.00 secs] 
2021-01-22T16:59:50.943+0800: 56.058: [GC (Allocation Failure) [PSYoungGen: 8954K->256K(9728K)] 29012K->20330K(31744K), 0.0015697 secs] [Times: user=0.06 sys=0.00, real=0.00 secs] 
2021-01-22T16:59:50.988+0800: 56.103: [GC (Allocation Failure) [PSYoungGen: 8954K->256K(9728K)] 29028K->20354K(31744K), 0.0017410 secs] [Times: user=0.01 sys=0.00, real=0.00 secs] 
2021-01-22T16:59:51.038+0800: 56.153: [GC (Allocation Failure) [PSYoungGen: 8960K->288K(9728K)] 29058K->20402K(31744K), 0.0027098 secs] [Times: user=0.00 sys=0.00, real=0.00 secs] 
2021-01-22T16:59:51.087+0800: 56.203: [GC (Allocation Failure) [PSYoungGen: 8992K->320K(9728K)] 29106K->20450K(31744K), 0.0018432 secs] [Times: user=0.00 sys=0.00, real=0.00 secs] 
2021-01-22T16:59:51.136+0800: 56.252: [GC (Allocation Failure) [PSYoungGen: 9024K->320K(9728K)] 29154K->20466K(31744K), 0.0016651 secs] [Times: user=0.00 sys=0.00, real=0.00 secs] 
2021-01-22T16:59:51.185+0800: 56.300: [GC (Allocation Failure) [PSYoungGen: 9024K->320K(9728K)] 29170K->20482K(31744K), 0.0026294 secs] [Times: user=0.00 sys=0.00, real=0.00 secs] 
2021-01-22T16:59:51.229+0800: 56.344: [GC (Allocation Failure) [PSYoungGen: 9024K->288K(9728K)] 29186K->20466K(31744K), 0.0017069 secs] [Times: user=0.00 sys=0.00, real=0.00 secs] 
2021-01-22T16:59:51.275+0800: 56.390: [GC (Allocation Failure) [PSYoungGen: 8992K->288K(9728K)] 29170K->20490K(31744K), 0.0018917 secs] [Times: user=0.00 sys=0.00, real=0.00 secs] 
2021-01-22T16:59:51.328+0800: 56.444: [GC (Allocation Failure) [PSYoungGen: 8992K->224K(9728K)] 29194K->20442K(31744K), 0.0018788 secs] [Times: user=0.00 sys=0.00, real=0.00 secs] 
2021-01-22T16:59:51.379+0800: 56.494: [GC (Allocation Failure) [PSYoungGen: 8928K->288K(9728K)] 29146K->20538K(31744K), 0.0027833 secs] [Times: user=0.06 sys=0.00, real=0.00 secs] 
2021-01-22T16:59:51.432+0800: 56.547: [GC (Allocation Failure) [PSYoungGen: 8992K->256K(9728K)] 29242K->20522K(31744K), 0.0022362 secs] [Times: user=0.00 sys=0.00, real=0.00 secs] 
2021-01-22T16:59:51.485+0800: 56.600: [GC (Allocation Failure) [PSYoungGen: 8960K->224K(9728K)] 29226K->20506K(31744K), 0.0029197 secs] [Times: user=0.00 sys=0.00, real=0.00 secs] 
2021-01-22T16:59:51.540+0800: 56.655: [GC (Allocation Failure) [PSYoungGen: 8924K->320K(9728K)] 29206K->20618K(31744K), 0.0018976 secs] [Times: user=0.00 sys=0.00, real=0.00 secs] 
2021-01-22T16:59:51.598+0800: 56.713: [GC (Allocation Failure) [PSYoungGen: 9022K->256K(9728K)] 29320K->20570K(31744K), 0.0019079 secs] [Times: user=0.00 sys=0.00, real=0.00 secs] 
2021-01-22T16:59:51.652+0800: 56.767: [GC (Allocation Failure) [PSYoungGen: 8960K->256K(9728K)] 29274K->20594K(31744K), 0.0023222 secs] [Times: user=0.00 sys=0.00, real=0.00 secs] 
2021-01-22T16:59:51.710+0800: 56.824: [GC (Allocation Failure) [PSYoungGen: 8960K->320K(9728K)] 29298K->20674K(31744K), 0.0026793 secs] [Times: user=0.00 sys=0.00, real=0.00 secs] 
2021-01-22T16:59:51.766+0800: 56.881: [GC (Allocation Failure) [PSYoungGen: 9024K->320K(9728K)] 29378K->20690K(31744K), 0.0017169 secs] [Times: user=0.00 sys=0.00, real=0.00 secs] 
2021-01-22T16:59:51.818+0800: 56.933: [GC (Allocation Failure) [PSYoungGen: 9024K->384K(9728K)] 29394K->20770K(31744K), 0.0023985 secs] [Times: user=0.08 sys=0.00, real=0.00 secs] 
2021-01-22T16:59:51.868+0800: 56.983: [GC (Allocation Failure) [PSYoungGen: 9087K->320K(9728K)] 29473K->20722K(31744K), 0.0013663 secs] [Times: user=0.00 sys=0.00, real=0.00 secs] 
2021-01-22T16:59:51.916+0800: 57.031: [GC (Allocation Failure) [PSYoungGen: 9024K->224K(9728K)] 29426K->20642K(31744K), 0.0025579 secs] [Times: user=0.00 sys=0.00, real=0.00 secs] 
2021-01-22T16:59:51.967+0800: 57.082: [GC (Allocation Failure) [PSYoungGen: 8928K->288K(9728K)] 29346K->20722K(31744K), 0.0019256 secs] [Times: user=0.00 sys=0.00, real=0.00 secs] 
2021-01-22T16:59:52.014+0800: 57.129: [GC (Allocation Failure) [PSYoungGen: 8988K->288K(9728K)] 29422K->20738K(31744K), 0.0016851 secs] [Times: user=0.00 sys=0.00, real=0.00 secs] 
2021-01-22T16:59:52.059+0800: 57.174: [GC (Allocation Failure) [PSYoungGen: 8992K->288K(9728K)] 29442K->20762K(31744K), 0.0021918 secs] [Times: user=0.00 sys=0.00, real=0.00 secs] 
2021-01-22T16:59:52.106+0800: 57.221: [GC (Allocation Failure) [PSYoungGen: 8992K->288K(9728K)] 29466K->20778K(31744K), 0.0018793 secs] [Times: user=0.00 sys=0.00, real=0.00 secs] 
2021-01-22T16:59:52.154+0800: 57.269: [GC (Allocation Failure) [PSYoungGen: 8992K->256K(9728K)] 29482K->20762K(31744K), 0.0015552 secs] [Times: user=0.00 sys=0.00, real=0.00 secs] 
2021-01-22T16:59:52.199+0800: 57.314: [GC (Allocation Failure) [PSYoungGen: 8960K->352K(9728K)] 29466K->20874K(31744K), 0.0020454 secs] [Times: user=0.00 sys=0.00, real=0.00 secs] 
2021-01-22T16:59:52.256+0800: 57.371: [GC (Allocation Failure) [PSYoungGen: 9048K->320K(9728K)] 29570K->20858K(31744K), 0.0016086 secs] [Times: user=0.08 sys=0.00, real=0.00 secs] 
2021-01-22T16:59:52.300+0800: 57.414: [GC (Allocation Failure) [PSYoungGen: 9024K->320K(9728K)] 29562K->20874K(31744K), 0.0014429 secs] [Times: user=0.00 sys=0.00, real=0.00 secs] 
2021-01-22T16:59:52.346+0800: 57.461: [GC (Allocation Failure) [PSYoungGen: 9024K->320K(9728K)] 29578K->20906K(31744K), 0.0029964 secs] [Times: user=0.00 sys=0.00, real=0.00 secs] 
2021-01-22T16:59:52.394+0800: 57.509: [GC (Allocation Failure) [PSYoungGen: 9024K->288K(9728K)] 29610K->20898K(31744K), 0.0021738 secs] [Times: user=0.02 sys=0.00, real=0.00 secs] 
2021-01-22T16:59:52.442+0800: 57.556: [GC (Allocation Failure) [PSYoungGen: 8992K->288K(9728K)] 29602K->20914K(31744K), 0.0018554 secs] [Times: user=0.02 sys=0.00, real=0.00 secs] 
2021-01-22T16:59:52.487+0800: 57.601: [GC (Allocation Failure) [PSYoungGen: 8990K->352K(9728K)] 29616K->20994K(31744K), 0.0020914 secs] [Times: user=0.00 sys=0.00, real=0.00 secs] 
2021-01-22T16:59:52.532+0800: 57.647: [GC (Allocation Failure) [PSYoungGen: 9056K->288K(9728K)] 29698K->20946K(31744K), 0.0015971 secs] [Times: user=0.00 sys=0.00, real=0.00 secs] 
2021-01-22T16:59:52.577+0800: 57.692: [GC (Allocation Failure) [PSYoungGen: 8992K->256K(9728K)] 29650K->20930K(31744K), 0.0017570 secs] [Times: user=0.00 sys=0.00, real=0.00 secs] 
2021-01-22T16:59:52.624+0800: 57.738: [GC (Allocation Failure) [PSYoungGen: 8960K->352K(9728K)] 29634K->21050K(31744K), 0.0031994 secs] [Times: user=0.00 sys=0.00, real=0.00 secs] 
2021-01-22T16:59:52.670+0800: 57.785: [GC (Allocation Failure) [PSYoungGen: 9056K->224K(9728K)] 29754K->20938K(31744K), 0.0022437 secs] [Times: user=0.00 sys=0.00, real=0.00 secs] 
2021-01-22T16:59:52.716+0800: 57.831: [GC (Allocation Failure) [PSYoungGen: 8928K->256K(9728K)] 29642K->21002K(31744K), 0.0024443 secs] [Times: user=0.00 sys=0.00, real=0.00 secs] 
2021-01-22T16:59:52.764+0800: 57.880: [GC (Allocation Failure) [PSYoungGen: 8955K->320K(9728K)] 29701K->21082K(31744K), 0.0023281 secs] [Times: user=0.00 sys=0.00, real=0.00 secs] 
2021-01-22T16:59:52.811+0800: 57.926: [GC (Allocation Failure) [PSYoungGen: 9024K->256K(9728K)] 29786K->21034K(31744K), 0.0015497 secs] [Times: user=0.00 sys=0.00, real=0.00 secs] 
2021-01-22T16:59:52.856+0800: 57.971: [GC (Allocation Failure) [PSYoungGen: 8957K->256K(9728K)] 29735K->21050K(31744K), 0.0014896 secs] [Times: user=0.00 sys=0.00, real=0.00 secs] 
2021-01-22T16:59:52.902+0800: 58.017: [GC (Allocation Failure) [PSYoungGen: 8954K->288K(9728K)] 29748K->21098K(31744K), 0.0025501 secs] [Times: user=0.00 sys=0.00, real=0.00 secs] 
2021-01-22T16:59:52.947+0800: 58.062: [GC (Allocation Failure) [PSYoungGen: 8988K->288K(9728K)] 29798K->21114K(31744K), 0.0017653 secs] [Times: user=0.00 sys=0.00, real=0.00 secs] 
2021-01-22T16:59:52.993+0800: 58.109: [GC (Allocation Failure) [PSYoungGen: 8984K->320K(9728K)] 29810K->21162K(31744K), 0.0020672 secs] [Times: user=0.00 sys=0.00, real=0.00 secs] 
2021-01-22T16:59:53.042+0800: 58.157: [GC (Allocation Failure) [PSYoungGen: 9024K->352K(9728K)] 29866K->21210K(31744K), 0.0014298 secs] [Times: user=0.00 sys=0.00, real=0.00 secs] 
2021-01-22T16:59:53.088+0800: 58.203: [GC (Allocation Failure) [PSYoungGen: 9048K->224K(9728K)] 29906K->21098K(31744K), 0.0020524 secs] [Times: user=0.00 sys=0.00, real=0.00 secs] 
2021-01-22T16:59:53.135+0800: 58.251: [GC (Allocation Failure) [PSYoungGen: 8928K->192K(9728K)] 29802K->21082K(31744K), 0.0022087 secs] [Times: user=0.00 sys=0.00, real=0.00 secs] 
2021-01-22T16:59:53.179+0800: 58.295: [GC (Allocation Failure) [PSYoungGen: 8895K->320K(9728K)] 29786K->21226K(31744K), 0.0021380 secs] [Times: user=0.00 sys=0.00, real=0.00 secs] 
2021-01-22T16:59:53.227+0800: 58.342: [GC (Allocation Failure) [PSYoungGen: 9024K->320K(9728K)] 29930K->21242K(31744K), 0.0020088 secs] [Times: user=0.00 sys=0.00, real=0.00 secs] 
2021-01-22T16:59:53.271+0800: 58.386: [GC (Allocation Failure) [PSYoungGen: 9024K->320K(9728K)] 29946K->21258K(31744K), 0.0015838 secs] [Times: user=0.06 sys=0.00, real=0.00 secs] 
2021-01-22T16:59:53.317+0800: 58.432: [GC (Allocation Failure) [PSYoungGen: 9024K->352K(9728K)] 29962K->21306K(31744K), 0.0014090 secs] [Times: user=0.00 sys=0.00, real=0.00 secs] 
2021-01-22T16:59:53.363+0800: 58.478: [GC (Allocation Failure) [PSYoungGen: 9056K->288K(9728K)] 30010K->21258K(31744K), 0.0018993 secs] [Times: user=0.00 sys=0.00, real=0.00 secs] 
2021-01-22T16:59:53.408+0800: 58.523: [GC (Allocation Failure) [PSYoungGen: 8992K->256K(9728K)] 29962K->21250K(31744K), 0.0015172 secs] [Times: user=0.00 sys=0.00, real=0.00 secs] 
2021-01-22T16:59:53.453+0800: 58.568: [GC (Allocation Failure) [PSYoungGen: 8960K->288K(9728K)] 29954K->21298K(31744K), 0.0018728 secs] [Times: user=0.00 sys=0.00, real=0.00 secs] 
2021-01-22T16:59:53.499+0800: 58.613: [GC (Allocation Failure) [PSYoungGen: 8992K->320K(9728K)] 30002K->21346K(31744K), 0.0023824 secs] [Times: user=0.00 sys=0.00, real=0.00 secs] 
2021-01-22T16:59:53.549+0800: 58.664: [GC (Allocation Failure) [PSYoungGen: 9024K->320K(9728K)] 30050K->21362K(31744K), 0.0023719 secs] [Times: user=0.00 sys=0.00, real=0.00 secs] 
2021-01-22T16:59:53.596+0800: 58.711: [GC (Allocation Failure) [PSYoungGen: 9024K->256K(9728K)] 30066K->21314K(31744K), 0.0023465 secs] [Times: user=0.00 sys=0.00, real=0.00 secs] 
2021-01-22T16:59:53.641+0800: 58.756: [GC (Allocation Failure) [PSYoungGen: 8960K->288K(9728K)] 30018K->21378K(31744K), 0.0022379 secs] [Times: user=0.00 sys=0.00, real=0.00 secs] 
2021-01-22T16:59:53.686+0800: 58.801: [GC (Allocation Failure) [PSYoungGen: 8987K->352K(9728K)] 30077K->21466K(31744K), 0.0027622 secs] [Times: user=0.00 sys=0.00, real=0.00 secs] 
2021-01-22T16:59:53.732+0800: 58.847: [GC (Allocation Failure) [PSYoungGen: 9056K->256K(9728K)] 30170K->21394K(31744K), 0.0017783 secs] [Times: user=0.00 sys=0.00, real=0.00 secs] 
2021-01-22T16:59:53.781+0800: 58.896: [GC (Allocation Failure) [PSYoungGen: 8960K->288K(9728K)] 30098K->21458K(31744K), 0.0017416 secs] [Times: user=0.00 sys=0.00, real=0.00 secs] 
2021-01-22T16:59:53.825+0800: 58.940: [GC (Allocation Failure) [PSYoungGen: 8992K->320K(9728K)] 30162K->21506K(31744K), 0.0017530 secs] [Times: user=0.00 sys=0.00, real=0.00 secs] 
2021-01-22T16:59:53.872+0800: 58.987: [GC (Allocation Failure) [PSYoungGen: 9021K->256K(9728K)] 30207K->21458K(31744K), 0.0028024 secs] [Times: user=0.00 sys=0.00, real=0.00 secs] 
2021-01-22T16:59:53.918+0800: 59.032: [GC (Allocation Failure) [PSYoungGen: 8960K->256K(9728K)] 30162K->21474K(31744K), 0.0024376 secs] [Times: user=0.00 sys=0.00, real=0.00 secs] 
2021-01-22T16:59:53.963+0800: 59.078: [GC (Allocation Failure) [PSYoungGen: 8960K->224K(9728K)] 30178K->21466K(31744K), 0.0020077 secs] [Times: user=0.00 sys=0.00, real=0.00 secs] 
2021-01-22T16:59:54.009+0800: 59.123: [GC (Allocation Failure) [PSYoungGen: 8928K->256K(9728K)] 30170K->21522K(31744K), 0.0026623 secs] [Times: user=0.00 sys=0.00, real=0.00 secs] 
2021-01-22T16:59:54.056+0800: 59.171: [GC (Allocation Failure) [PSYoungGen: 8960K->288K(9728K)] 30226K->21570K(31744K), 0.0016796 secs] [Times: user=0.00 sys=0.00, real=0.00 secs] 
2021-01-22T16:59:54.101+0800: 59.215: [GC (Allocation Failure) [PSYoungGen: 8985K->288K(9728K)] 30267K->21586K(31744K), 0.0017414 secs] [Times: user=0.00 sys=0.00, real=0.00 secs] 
2021-01-22T16:59:54.149+0800: 59.263: [GC (Allocation Failure) [PSYoungGen: 8992K->288K(9728K)] 30290K->21602K(31744K), 0.0017227 secs] [Times: user=0.00 sys=0.00, real=0.00 secs] 
2021-01-22T16:59:54.191+0800: 59.306: [GC (Allocation Failure) [PSYoungGen: 8985K->320K(9728K)] 30299K->21650K(31744K), 0.0019614 secs] [Times: user=0.00 sys=0.00, real=0.00 secs] 
2021-01-22T16:59:54.239+0800: 59.353: [GC (Allocation Failure) [PSYoungGen: 9021K->352K(9728K)] 30351K->21698K(31744K), 0.0018326 secs] [Times: user=0.02 sys=0.02, real=0.00 secs] 
2021-01-22T16:59:54.283+0800: 59.397: [GC (Allocation Failure) [PSYoungGen: 9056K->256K(9728K)] 30402K->21626K(31744K), 0.0015925 secs] [Times: user=0.00 sys=0.00, real=0.00 secs] 
2021-01-22T16:59:54.340+0800: 59.454: [GC (Allocation Failure) [PSYoungGen: 8960K->224K(9728K)] 30330K->21610K(31744K), 0.0022527 secs] [Times: user=0.00 sys=0.00, real=0.00 secs] 
2021-01-22T16:59:54.385+0800: 59.501: [GC (Allocation Failure) [PSYoungGen: 8928K->320K(9728K)] 30314K->21722K(31744K), 0.0014781 secs] [Times: user=0.00 sys=0.00, real=0.00 secs] 
2021-01-22T16:59:54.430+0800: 59.545: [GC (Allocation Failure) [PSYoungGen: 9019K->288K(9728K)] 30421K->21714K(31744K), 0.0019773 secs] [Times: user=0.00 sys=0.00, real=0.00 secs] 
2021-01-22T16:59:54.476+0800: 59.591: [GC (Allocation Failure) [PSYoungGen: 8992K->320K(9728K)] 30418K->21762K(31744K), 0.0018909 secs] [Times: user=0.00 sys=0.00, real=0.00 secs] 
2021-01-22T16:59:54.522+0800: 59.637: [GC (Allocation Failure) [PSYoungGen: 9024K->256K(9728K)] 30466K->21714K(31744K), 0.0018371 secs] [Times: user=0.00 sys=0.00, real=0.00 secs] 
2021-01-22T16:59:54.569+0800: 59.684: [GC (Allocation Failure) [PSYoungGen: 8955K->352K(9728K)] 30413K->21826K(31744K), 0.0014266 secs] [Times: user=0.00 sys=0.00, real=0.00 secs] 
2021-01-22T16:59:54.619+0800: 59.734: [GC (Allocation Failure) [PSYoungGen: 9056K->288K(9728K)] 30530K->21786K(31744K), 0.0020940 secs] [Times: user=0.00 sys=0.00, real=0.00 secs] 
2021-01-22T16:59:54.669+0800: 59.785: [GC (Allocation Failure) [PSYoungGen: 8992K->256K(9728K)] 30490K->21770K(31744K), 0.0030934 secs] [Times: user=0.00 sys=0.00, real=0.00 secs] 
2021-01-22T16:59:54.716+0800: 59.832: [GC (Allocation Failure) [PSYoungGen: 8955K->288K(9728K)] 30469K->21818K(31744K), 0.0024594 secs] [Times: user=0.00 sys=0.00, real=0.00 secs] 
2021-01-22T16:59:54.766+0800: 59.881: [GC (Allocation Failure) [PSYoungGen: 8992K->256K(9728K)] 30522K->21802K(31744K), 0.0015499 secs] [Times: user=0.00 sys=0.00, real=0.00 secs] 
2021-01-22T16:59:54.810+0800: 59.926: [GC (Allocation Failure) [PSYoungGen: 8960K->320K(9728K)] 30506K->21882K(31744K), 0.0014730 secs] [Times: user=0.00 sys=0.00, real=0.00 secs] 
2021-01-22T16:59:54.861+0800: 59.976: [GC (Allocation Failure) [PSYoungGen: 9024K->384K(9728K)] 30586K->21962K(31744K), 0.0017597 secs] [Times: user=0.00 sys=0.00, real=0.00 secs] 
2021-01-22T16:59:54.907+0800: 60.022: [GC (Allocation Failure) [PSYoungGen: 9088K->256K(9728K)] 30666K->21850K(31744K), 0.0015796 secs] [Times: user=0.00 sys=0.00, real=0.00 secs] 
2021-01-22T16:59:54.950+0800: 60.065: [GC (Allocation Failure) [PSYoungGen: 8953K->352K(9728K)] 30547K->21970K(31744K), 0.0019755 secs] [Times: user=0.00 sys=0.00, real=0.00 secs] 
2021-01-22T16:59:54.995+0800: 60.110: [GC (Allocation Failure) [PSYoungGen: 9052K->288K(9728K)] 30670K->21930K(31744K), 0.0025424 secs] [Times: user=0.00 sys=0.00, real=0.00 secs] 
2021-01-22T16:59:55.046+0800: 60.161: [GC (Allocation Failure) [PSYoungGen: 8992K->320K(9728K)] 30634K->21978K(31744K), 0.0016153 secs] [Times: user=0.00 sys=0.00, real=0.00 secs] 
2021-01-22T16:59:55.090+0800: 60.205: [GC (Allocation Failure) [PSYoungGen: 9020K->256K(9728K)] 30679K->21938K(31744K), 0.0015832 secs] [Times: user=0.00 sys=0.00, real=0.00 secs] 
2021-01-22T16:59:55.137+0800: 60.252: [GC (Allocation Failure) [PSYoungGen: 8955K->352K(9728K)] 30637K->22050K(31744K), 0.0021736 secs] [Times: user=0.00 sys=0.00, real=0.00 secs] 
2021-01-22T16:59:55.183+0800: 60.298: [GC (Allocation Failure) [PSYoungGen: 9056K->288K(9728K)] 30754K->22010K(31744K), 0.0015892 secs] [Times: user=0.00 sys=0.00, real=0.00 secs] 
2021-01-22T16:59:55.230+0800: 60.345: [GC (Allocation Failure) [PSYoungGen: 8992K->256K(9728K)] 30714K->21994K(31744K), 0.0024555 secs] [Times: user=0.00 sys=0.00, real=0.00 secs] 
2021-01-22T16:59:55.280+0800: 60.395: [GC (Allocation Failure) [PSYoungGen: 8960K->320K(9728K)] 30698K->22074K(31744K), 0.0015433 secs] [Times: user=0.00 sys=0.00, real=0.00 secs] 
2021-01-22T16:59:55.325+0800: 60.440: [GC (Allocation Failure) [PSYoungGen: 9024K->256K(9728K)] 30778K->22050K(31744K), 0.0015634 secs] [Times: user=0.00 sys=0.00, real=0.00 secs] 
2021-01-22T16:59:55.370+0800: 60.485: [GC (Allocation Failure) [PSYoungGen: 8960K->224K(9728K)] 30754K->22034K(31744K), 0.0020374 secs] [Times: user=0.00 sys=0.00, real=0.00 secs] 
2021-01-22T16:59:55.415+0800: 60.530: [GC (Allocation Failure) [PSYoungGen: 8928K->320K(9728K)] 30738K->22146K(31744K), 0.0025466 secs] [Times: user=0.00 sys=0.00, real=0.00 secs] 
2021-01-22T16:59:55.462+0800: 60.577: [GC (Allocation Failure) [PSYoungGen: 9024K->288K(9728K)] 30850K->22138K(31744K), 0.0014171 secs] [Times: user=0.00 sys=0.00, real=0.00 secs] 
2021-01-22T16:59:55.508+0800: 60.623: [GC (Allocation Failure) [PSYoungGen: 8988K->288K(9728K)] 30838K->22154K(31744K), 0.0015979 secs] [Times: user=0.00 sys=0.00, real=0.00 secs] 
2021-01-22T16:59:55.553+0800: 60.668: [GC (Allocation Failure) [PSYoungGen: 8992K->256K(9728K)] 30858K->22138K(31744K), 0.0020133 secs] [Times: user=0.06 sys=0.00, real=0.00 secs] 
2021-01-22T16:59:55.598+0800: 60.712: [GC (Allocation Failure) [PSYoungGen: 8960K->352K(9728K)] 30842K->22250K(31744K), 0.0015509 secs] [Times: user=0.00 sys=0.00, real=0.00 secs] 
2021-01-22T16:59:55.646+0800: 60.761: [GC (Allocation Failure) [PSYoungGen: 9053K->320K(9728K)] 30951K->22234K(31744K), 0.0015319 secs] [Times: user=0.05 sys=0.02, real=0.00 secs] 
2021-01-22T16:59:55.691+0800: 60.806: [GC (Allocation Failure) [PSYoungGen: 9024K->288K(9728K)] 30938K->22218K(31744K), 0.0021906 secs] [Times: user=0.02 sys=0.00, real=0.00 secs] 
2021-01-22T16:59:55.737+0800: 60.852: [GC (Allocation Failure) [PSYoungGen: 8992K->320K(9728K)] 30922K->22274K(31744K), 0.0016224 secs] [Times: user=0.00 sys=0.00, real=0.00 secs] 
2021-01-22T16:59:55.785+0800: 60.899: [GC (Allocation Failure) [PSYoungGen: 9024K->224K(9728K)] 30978K->22194K(31744K), 0.0019301 secs] [Times: user=0.00 sys=0.00, real=0.00 secs] 
2021-01-22T16:59:55.831+0800: 60.945: [GC (Allocation Failure) [PSYoungGen: 8921K->352K(9728K)] 30891K->22338K(31744K), 0.0015925 secs] [Times: user=0.00 sys=0.00, real=0.00 secs] 
2021-01-22T16:59:55.832+0800: 60.947: [Full GC (Ergonomics) [PSYoungGen: 352K->0K(9728K)] [ParOldGen: 21986K->18951K(22016K)] 22338K->18951K(31744K), [Metaspace: 39005K->38895K(1085440K)], 0.0504037 secs] [Times: user=0.39 sys=0.00, real=0.05 secs] 
2021-01-22T16:59:55.925+0800: 61.040: [GC (Allocation Failure) [PSYoungGen: 8701K->192K(9728K)] 27652K->19143K(31744K), 0.0024412 secs] [Times: user=0.00 sys=0.00, real=0.00 secs] 
2021-01-22T16:59:55.971+0800: 61.085: [GC (Allocation Failure) [PSYoungGen: 8893K->224K(9728K)] 27845K->19175K(31744K), 0.0018729 secs] [Times: user=0.00 sys=0.00, real=0.00 secs] 
2021-01-22T16:59:56.021+0800: 61.135: [GC (Allocation Failure) [PSYoungGen: 8928K->224K(9728K)] 27879K->19175K(31744K), 0.0017615 secs] [Times: user=0.01 sys=0.00, real=0.00 secs] 
2021-01-22T16:59:56.067+0800: 61.182: [GC (Allocation Failure) [PSYoungGen: 8928K->224K(9728K)] 27879K->19175K(31744K), 0.0021033 secs] [Times: user=0.09 sys=0.00, real=0.00 secs] 
2021-01-22T16:59:56.118+0800: 61.233: [GC (Allocation Failure) [PSYoungGen: 8925K->192K(9728K)] 27876K->19143K(31744K), 0.0019107 secs] [Times: user=0.00 sys=0.00, real=0.00 secs] 
2021-01-22T16:59:56.163+0800: 61.278: [GC (Allocation Failure) [PSYoungGen: 8896K->288K(9728K)] 27847K->19239K(31744K), 0.0018542 secs] [Times: user=0.00 sys=0.00, real=0.00 secs] 
2021-01-22T16:59:56.208+0800: 61.323: [GC (Allocation Failure) [PSYoungGen: 8986K->288K(9728K)] 27937K->19239K(31744K), 0.0021544 secs] [Times: user=0.05 sys=0.00, real=0.00 secs] 
2021-01-22T16:59:56.257+0800: 61.372: [GC (Allocation Failure) [PSYoungGen: 8992K->256K(9728K)] 27943K->19207K(31744K), 0.0019351 secs] [Times: user=0.00 sys=0.00, real=0.00 secs] 
2021-01-22T16:59:56.302+0800: 61.417: [GC (Allocation Failure) [PSYoungGen: 8956K->256K(9728K)] 27907K->19207K(31744K), 0.0023438 secs] [Times: user=0.09 sys=0.00, real=0.00 secs] 
2021-01-22T16:59:56.348+0800: 61.464: [GC (Allocation Failure) [PSYoungGen: 8960K->288K(9728K)] 27911K->19239K(31744K), 0.0016905 secs] [Times: user=0.02 sys=0.00, real=0.00 secs] 
2021-01-22T16:59:56.393+0800: 61.508: [GC (Allocation Failure) [PSYoungGen: 8992K->256K(9728K)] 27943K->19207K(31744K), 0.0018715 secs] [Times: user=0.00 sys=0.00, real=0.00 secs] 
2021-01-22T16:59:56.439+0800: 61.555: [GC (Allocation Failure) [PSYoungGen: 8960K->288K(9728K)] 27911K->19239K(31744K), 0.0016986 secs] [Times: user=0.00 sys=0.00, real=0.00 secs] 
2021-01-22T16:59:56.484+0800: 61.600: [GC (Allocation Failure) [PSYoungGen: 8985K->288K(9728K)] 27936K->19239K(31744K), 0.0018785 secs] [Times: user=0.00 sys=0.00, real=0.00 secs] 
2021-01-22T16:59:56.529+0800: 61.644: [GC (Allocation Failure) [PSYoungGen: 8992K->288K(9728K)] 27943K->19239K(31744K), 0.0016175 secs] [Times: user=0.00 sys=0.00, real=0.00 secs] 
2021-01-22T16:59:56.575+0800: 61.690: [GC (Allocation Failure) [PSYoungGen: 8989K->320K(9728K)] 27940K->19271K(31744K), 0.0014905 secs] [Times: user=0.00 sys=0.00, real=0.00 secs] 
2021-01-22T16:59:56.621+0800: 61.736: [GC (Allocation Failure) [PSYoungGen: 9020K->288K(9728K)] 27972K->19310K(31744K), 0.0024087 secs] [Times: user=0.00 sys=0.00, real=0.00 secs] 
2021-01-22T16:59:56.667+0800: 61.782: [GC (Allocation Failure) [PSYoungGen: 8988K->256K(9728K)] 28011K->19302K(31744K), 0.0015444 secs] [Times: user=0.00 sys=0.00, real=0.00 secs] 
2021-01-22T16:59:56.711+0800: 61.827: [GC (Allocation Failure) [PSYoungGen: 8960K->256K(9728K)] 28006K->19334K(31744K), 0.0020680 secs] [Times: user=0.00 sys=0.00, real=0.00 secs] 
2021-01-22T16:59:56.761+0800: 61.876: [GC (Allocation Failure) [PSYoungGen: 8960K->352K(9728K)] 28038K->19462K(31744K), 0.0018280 secs] [Times: user=0.00 sys=0.00, real=0.00 secs] 
2021-01-22T16:59:56.806+0800: 61.921: [GC (Allocation Failure) [PSYoungGen: 9056K->224K(9728K)] 28166K->19350K(31744K), 0.0017462 secs] [Times: user=0.00 sys=0.00, real=0.00 secs] 
2021-01-22T16:59:56.857+0800: 61.972: [GC (Allocation Failure) [PSYoungGen: 8927K->256K(9728K)] 28054K->19406K(31744K), 0.0016298 secs] [Times: user=0.00 sys=0.00, real=0.00 secs] 
2021-01-22T16:59:56.901+0800: 62.016: [GC (Allocation Failure) [PSYoungGen: 8960K->288K(9728K)] 28110K->19470K(31744K), 0.0025126 secs] [Times: user=0.00 sys=0.00, real=0.00 secs] 
2021-01-22T16:59:56.947+0800: 62.062: [GC (Allocation Failure) [PSYoungGen: 8992K->288K(9728K)] 28174K->19494K(31744K), 0.0014969 secs] [Times: user=0.00 sys=0.00, real=0.00 secs] 
2021-01-22T16:59:56.993+0800: 62.108: [GC (Allocation Failure) [PSYoungGen: 8987K->256K(9728K)] 28194K->19494K(31744K), 0.0018013 secs] [Times: user=0.00 sys=0.00, real=0.00 secs] 
2021-01-22T16:59:57.037+0800: 62.152: [GC (Allocation Failure) [PSYoungGen: 8960K->224K(9728K)] 28198K->19502K(31744K), 0.0026956 secs] [Times: user=0.05 sys=0.00, real=0.00 secs] 
2021-01-22T16:59:57.085+0800: 62.200: [GC (Allocation Failure) [PSYoungGen: 8928K->224K(9728K)] 28206K->19526K(31744K), 0.0015711 secs] [Times: user=0.00 sys=0.00, real=0.00 secs] 
2021-01-22T16:59:57.128+0800: 62.243: [GC (Allocation Failure) [PSYoungGen: 8928K->256K(9728K)] 28230K->19582K(31744K), 0.0024859 secs] [Times: user=0.00 sys=0.00, real=0.00 secs] 
2021-01-22T16:59:57.176+0800: 62.291: [GC (Allocation Failure) [PSYoungGen: 8956K->352K(9728K)] 28283K->19694K(31744K), 0.0019715 secs] [Times: user=0.01 sys=0.00, real=0.00 secs] 
2021-01-22T16:59:57.220+0800: 62.335: [GC (Allocation Failure) [PSYoungGen: 9049K->256K(9728K)] 28392K->19614K(31744K), 0.0019293 secs] [Times: user=0.00 sys=0.00, real=0.00 secs] 
2021-01-22T16:59:57.268+0800: 62.383: [GC (Allocation Failure) [PSYoungGen: 8960K->320K(9728K)] 28318K->19718K(31744K), 0.0016368 secs] [Times: user=0.00 sys=0.00, real=0.00 secs] 
2021-01-22T16:59:57.311+0800: 62.426: [GC (Allocation Failure) [PSYoungGen: 9024K->320K(9728K)] 28422K->19742K(31744K), 0.0015389 secs] [Times: user=0.00 sys=0.00, real=0.00 secs] 
2021-01-22T16:59:57.367+0800: 62.482: [GC (Allocation Failure) [PSYoungGen: 9024K->288K(9728K)] 28446K->19742K(31744K), 0.0018875 secs] [Times: user=0.00 sys=0.00, real=0.00 secs] 
2021-01-22T16:59:57.415+0800: 62.530: [GC (Allocation Failure) [PSYoungGen: 8986K->288K(9728K)] 28441K->19766K(31744K), 0.0020178 secs] [Times: user=0.00 sys=0.00, real=0.00 secs] 
2021-01-22T16:59:57.465+0800: 62.580: [GC (Allocation Failure) [PSYoungGen: 8992K->256K(9728K)] 28470K->19766K(31744K), 0.0013514 secs] [Times: user=0.00 sys=0.00, real=0.00 secs] 
2021-01-22T16:59:57.513+0800: 62.627: [GC (Allocation Failure) [PSYoungGen: 8960K->320K(9728K)] 28470K->19854K(31744K), 0.0018078 secs] [Times: user=0.00 sys=0.00, real=0.00 secs] 
2021-01-22T16:59:57.563+0800: 62.677: [GC (Allocation Failure) [PSYoungGen: 9024K->352K(9728K)] 28558K->19910K(31744K), 0.0018925 secs] [Times: user=0.00 sys=0.00, real=0.00 secs] 
2021-01-22T16:59:57.612+0800: 62.726: [GC (Allocation Failure) [PSYoungGen: 9056K->320K(9728K)] 28614K->19902K(31744K), 0.0017472 secs] [Times: user=0.00 sys=0.00, real=0.00 secs] 
2021-01-22T16:59:57.668+0800: 62.782: [GC (Allocation Failure) [PSYoungGen: 9024K->352K(9728K)] 28606K->19958K(31744K), 0.0023062 secs] [Times: user=0.00 sys=0.00, real=0.00 secs] 
2021-01-22T16:59:57.715+0800: 62.830: [GC (Allocation Failure) [PSYoungGen: 9048K->288K(9728K)] 28655K->19918K(31744K), 0.0018638 secs] [Times: user=0.00 sys=0.00, real=0.00 secs] 
2021-01-22T16:59:57.769+0800: 62.884: [GC (Allocation Failure) [PSYoungGen: 8991K->288K(9728K)] 28622K->19934K(31744K), 0.0016059 secs] [Times: user=0.00 sys=0.00, real=0.00 secs] 
2021-01-22T16:59:57.819+0800: 62.934: [GC (Allocation Failure) [PSYoungGen: 8992K->256K(9728K)] 28638K->19926K(31744K), 0.0021543 secs] [Times: user=0.00 sys=0.00, real=0.00 secs] 
2021-01-22T16:59:57.870+0800: 62.985: [GC (Allocation Failure) [PSYoungGen: 8957K->384K(9728K)] 28628K->20078K(31744K), 0.0016010 secs] [Times: user=0.00 sys=0.00, real=0.00 secs] 
2021-01-22T16:59:57.924+0800: 63.040: [GC (Allocation Failure) [PSYoungGen: 9088K->256K(9728K)] 28782K->19982K(31744K), 0.0017789 secs] [Times: user=0.00 sys=0.00, real=0.00 secs] 
2021-01-22T16:59:57.971+0800: 63.086: [GC (Allocation Failure) [PSYoungGen: 8960K->288K(9728K)] 28686K->20030K(31744K), 0.0014878 secs] [Times: user=0.00 sys=0.00, real=0.00 secs] 
2021-01-22T16:59:58.032+0800: 63.148: [GC (Allocation Failure) [PSYoungGen: 8992K->288K(9728K)] 28734K->20054K(31744K), 0.0018185 secs] [Times: user=0.00 sys=0.00, real=0.00 secs] 
2021-01-22T16:59:58.096+0800: 63.211: [GC (Allocation Failure) [PSYoungGen: 8989K->288K(9728K)] 28756K->20078K(31744K), 0.0018646 secs] [Times: user=0.00 sys=0.00, real=0.00 secs] 
2021-01-22T16:59:58.151+0800: 63.266: [GC (Allocation Failure) [PSYoungGen: 8992K->320K(9728K)] 28782K->20142K(31744K), 0.0015580 secs] [Times: user=0.00 sys=0.00, real=0.00 secs] 
2021-01-22T16:59:58.206+0800: 63.322: [GC (Allocation Failure) [PSYoungGen: 9024K->352K(9728K)] 28846K->20198K(31744K), 0.0013490 secs] [Times: user=0.00 sys=0.00, real=0.00 secs] 
2021-01-22T16:59:58.266+0800: 63.381: [GC (Allocation Failure) [PSYoungGen: 9056K->384K(9728K)] 28902K->20246K(31744K), 0.0015587 secs] [Times: user=0.00 sys=0.00, real=0.00 secs] 
2021-01-22T16:59:58.317+0800: 63.433: [GC (Allocation Failure) [PSYoungGen: 9088K->224K(9728K)] 28950K->20102K(31744K), 0.0027149 secs] [Times: user=0.08 sys=0.00, real=0.00 secs] 
2021-01-22T16:59:58.368+0800: 63.483: [GC (Allocation Failure) [PSYoungGen: 8928K->288K(9728K)] 28806K->20198K(31744K), 0.0032725 secs] [Times: user=0.00 sys=0.00, real=0.00 secs] 
2021-01-22T16:59:58.416+0800: 63.531: [GC (Allocation Failure) [PSYoungGen: 8992K->224K(9728K)] 28902K->20158K(31744K), 0.0017605 secs] [Times: user=0.00 sys=0.00, real=0.00 secs] 
2021-01-22T16:59:58.466+0800: 63.581: [GC (Allocation Failure) [PSYoungGen: 8923K->224K(9728K)] 28858K->20174K(31744K), 0.0017467 secs] [Times: user=0.00 sys=0.00, real=0.00 secs] 
2021-01-22T16:59:58.517+0800: 63.632: [GC (Allocation Failure) [PSYoungGen: 8928K->288K(9728K)] 28878K->20270K(31744K), 0.0024628 secs] [Times: user=0.00 sys=0.00, real=0.00 secs] 
2021-01-22T16:59:58.566+0800: 63.681: [GC (Allocation Failure) [PSYoungGen: 8991K->320K(9728K)] 28974K->20326K(31744K), 0.0018189 secs] [Times: user=0.00 sys=0.00, real=0.00 secs] 
2021-01-22T16:59:58.639+0800: 63.754: [GC (Allocation Failure) [PSYoungGen: 9020K->288K(9728K)] 29027K->20310K(31744K), 0.0021533 secs] [Times: user=0.00 sys=0.00, real=0.00 secs] 
2021-01-22T16:59:58.701+0800: 63.816: [GC (Allocation Failure) [PSYoungGen: 8992K->352K(9728K)] 29014K->20390K(31744K), 0.0016409 secs] [Times: user=0.00 sys=0.00, real=0.00 secs] 
2021-01-22T16:59:58.760+0800: 63.875: [GC (Allocation Failure) [PSYoungGen: 9055K->256K(9728K)] 29094K->20310K(31744K), 0.0025226 secs] [Times: user=0.00 sys=0.00, real=0.00 secs] 
2021-01-22T16:59:58.813+0800: 63.928: [GC (Allocation Failure) [PSYoungGen: 8960K->384K(9728K)] 29014K->20454K(31744K), 0.0015518 secs] [Times: user=0.00 sys=0.00, real=0.00 secs] 
2021-01-22T16:59:58.870+0800: 63.985: [GC (Allocation Failure) [PSYoungGen: 9087K->224K(9728K)] 29158K->20318K(31744K), 0.0021444 secs] [Times: user=0.00 sys=0.00, real=0.00 secs] 
2021-01-22T16:59:58.930+0800: 64.045: [GC (Allocation Failure) [PSYoungGen: 8928K->320K(9728K)] 29022K->20454K(31744K), 0.0027632 secs] [Times: user=0.00 sys=0.00, real=0.00 secs] 
2021-01-22T16:59:58.984+0800: 64.099: [GC (Allocation Failure) [PSYoungGen: 9024K->224K(9728K)] 29158K->20374K(31744K), 0.0034236 secs] [Times: user=0.00 sys=0.00, real=0.00 secs] 
2021-01-22T16:59:59.042+0800: 64.157: [GC (Allocation Failure) [PSYoungGen: 8928K->288K(9728K)] 29078K->20462K(31744K), 0.0031388 secs] [Times: user=0.00 sys=0.00, real=0.00 secs] 
2021-01-22T16:59:59.101+0800: 64.216: [GC (Allocation Failure) [PSYoungGen: 8992K->352K(9728K)] 29166K->20542K(31744K), 0.0021139 secs] [Times: user=0.00 sys=0.00, real=0.00 secs] 
2021-01-22T16:59:59.164+0800: 64.278: [GC (Allocation Failure) [PSYoungGen: 9056K->320K(9728K)] 29246K->20534K(31744K), 0.0024634 secs] [Times: user=0.00 sys=0.00, real=0.00 secs] 
2021-01-22T16:59:59.221+0800: 64.336: [GC (Allocation Failure) [PSYoungGen: 9024K->224K(9728K)] 29238K->20462K(31744K), 0.0022327 secs] [Times: user=0.00 sys=0.00, real=0.00 secs] 
2021-01-22T16:59:59.279+0800: 64.393: [GC (Allocation Failure) [PSYoungGen: 8928K->288K(9728K)] 29166K->20542K(31744K), 0.0020500 secs] [Times: user=0.00 sys=0.00, real=0.00 secs] 
2021-01-22T16:59:59.360+0800: 64.474: [GC (Allocation Failure) [PSYoungGen: 8992K->320K(9728K)] 29246K->20598K(31744K), 0.0015552 secs] [Times: user=0.00 sys=0.00, real=0.00 secs] 
2021-01-22T16:59:59.432+0800: 64.547: [GC (Allocation Failure) [PSYoungGen: 9024K->288K(9728K)] 29302K->20598K(31744K), 0.0024409 secs] [Times: user=0.00 sys=0.00, real=0.00 secs] 
2021-01-22T16:59:59.496+0800: 64.610: [GC (Allocation Failure) [PSYoungGen: 8986K->320K(9728K)] 29297K->20662K(31744K), 0.0023891 secs] [Times: user=0.00 sys=0.00, real=0.00 secs] 
2021-01-22T16:59:59.571+0800: 64.686: [GC (Allocation Failure) [PSYoungGen: 9024K->288K(9728K)] 29366K->20678K(31744K), 0.0017506 secs] [Times: user=0.00 sys=0.00, real=0.00 secs] 
2021-01-22T16:59:59.647+0800: 64.762: [GC (Allocation Failure) [PSYoungGen: 8985K->256K(9728K)] 29376K->20662K(31744K), 0.0030217 secs] [Times: user=0.00 sys=0.00, real=0.00 secs] 
2021-01-22T16:59:59.720+0800: 64.835: [GC (Allocation Failure) [PSYoungGen: 8960K->384K(9728K)] 29366K->20806K(31744K), 0.0016080 secs] [Times: user=0.00 sys=0.00, real=0.00 secs] 
2021-01-22T16:59:59.793+0800: 64.909: [GC (Allocation Failure) [PSYoungGen: 9088K->320K(9728K)] 29510K->20758K(31744K), 0.0028714 secs] [Times: user=0.00 sys=0.00, real=0.00 secs] 
2021-01-22T16:59:59.855+0800: 64.970: [GC (Allocation Failure) [PSYoungGen: 9024K->320K(9728K)] 29462K->20782K(31744K), 0.0015064 secs] [Times: user=0.00 sys=0.00, real=0.00 secs] 
2021-01-22T16:59:59.905+0800: 65.021: [GC (Allocation Failure) [PSYoungGen: 9024K->288K(9728K)] 29486K->20766K(31744K), 0.0017259 secs] [Times: user=0.00 sys=0.00, real=0.00 secs] 
2021-01-22T16:59:59.955+0800: 65.070: [GC (Allocation Failure) [PSYoungGen: 8992K->352K(9728K)] 29470K->20854K(31744K), 0.0018721 secs] [Times: user=0.00 sys=0.00, real=0.00 secs] 
2021-01-22T17:00:00.011+0800: 65.127: [GC (Allocation Failure) [PSYoungGen: 9050K->288K(9728K)] 29553K->20822K(31744K), 0.0022379 secs] [Times: user=0.00 sys=0.00, real=0.00 secs] 
2021-01-22T17:00:00.061+0800: 65.176: [GC (Allocation Failure) [PSYoungGen: 8992K->352K(9728K)] 29526K->20902K(31744K), 0.0019580 secs] [Times: user=0.00 sys=0.00, real=0.00 secs] 
2021-01-22T17:00:00.111+0800: 65.226: [GC (Allocation Failure) [PSYoungGen: 9056K->256K(9728K)] 29606K->20830K(31744K), 0.0025349 secs] [Times: user=0.00 sys=0.00, real=0.00 secs] 
2021-01-22T17:00:00.161+0800: 65.276: [GC (Allocation Failure) [PSYoungGen: 8960K->320K(9728K)] 29534K->20910K(31744K), 0.0029985 secs] [Times: user=0.01 sys=0.00, real=0.00 secs] 
2021-01-22T17:00:00.211+0800: 65.326: [GC (Allocation Failure) [PSYoungGen: 9024K->288K(9728K)] 29614K->20902K(31744K), 0.0021779 secs] [Times: user=0.00 sys=0.00, real=0.00 secs] 
2021-01-22T17:00:00.261+0800: 65.376: [GC (Allocation Failure) [PSYoungGen: 8992K->256K(9728K)] 29606K->20902K(31744K), 0.0014769 secs] [Times: user=0.00 sys=0.00, real=0.00 secs] 
2021-01-22T17:00:00.315+0800: 65.430: [GC (Allocation Failure) [PSYoungGen: 8953K->288K(9728K)] 29599K->20958K(31744K), 0.0028863 secs] [Times: user=0.00 sys=0.00, real=0.00 secs] 
2021-01-22T17:00:00.368+0800: 65.483: [GC (Allocation Failure) [PSYoungGen: 8992K->320K(9728K)] 29662K->21014K(31744K), 0.0014769 secs] [Times: user=0.00 sys=0.00, real=0.00 secs] 
2021-01-22T17:00:00.431+0800: 65.546: [GC (Allocation Failure) [PSYoungGen: 9018K->352K(9728K)] 29713K->21070K(31744K), 0.0014532 secs] [Times: user=0.00 sys=0.00, real=0.00 secs] 
2021-01-22T17:00:00.479+0800: 65.594: [GC (Allocation Failure) [PSYoungGen: 9056K->352K(9728K)] 29774K->21094K(31744K), 0.0015768 secs] [Times: user=0.00 sys=0.00, real=0.00 secs] 
2021-01-22T17:00:00.533+0800: 65.648: [GC (Allocation Failure) [PSYoungGen: 9056K->288K(9728K)] 29798K->21054K(31744K), 0.0020412 secs] [Times: user=0.00 sys=0.00, real=0.00 secs] 
2021-01-22T17:00:00.583+0800: 65.698: [GC (Allocation Failure) [PSYoungGen: 8992K->320K(9728K)] 29758K->21102K(31744K), 0.0015850 secs] [Times: user=0.00 sys=0.00, real=0.00 secs] 
2021-01-22T17:00:00.632+0800: 65.747: [GC (Allocation Failure) [PSYoungGen: 9024K->256K(9728K)] 29806K->21054K(31744K), 0.0017181 secs] [Times: user=0.00 sys=0.00, real=0.00 secs] 
2021-01-22T17:00:00.685+0800: 65.800: [GC (Allocation Failure) [PSYoungGen: 8959K->320K(9728K)] 29758K->21150K(31744K), 0.0016452 secs] [Times: user=0.00 sys=0.00, real=0.00 secs] 
2021-01-22T17:00:00.735+0800: 65.850: [GC (Allocation Failure) [PSYoungGen: 9018K->320K(9728K)] 29849K->21166K(31744K), 0.0019034 secs] [Times: user=0.00 sys=0.00, real=0.00 secs] 
2021-01-22T17:00:00.785+0800: 65.899: [GC (Allocation Failure) [PSYoungGen: 9024K->288K(9728K)] 29870K->21158K(31744K), 0.0020687 secs] [Times: user=0.00 sys=0.00, real=0.00 secs] 
2021-01-22T17:00:00.837+0800: 65.952: [GC (Allocation Failure) [PSYoungGen: 8992K->320K(9728K)] 29862K->21206K(31744K), 0.0020747 secs] [Times: user=0.00 sys=0.00, real=0.00 secs] 
2021-01-22T17:00:00.887+0800: 66.002: [GC (Allocation Failure) [PSYoungGen: 9024K->320K(9728K)] 29910K->21222K(31744K), 0.0018322 secs] [Times: user=0.00 sys=0.00, real=0.00 secs] 
2021-01-22T17:00:00.942+0800: 66.056: [GC (Allocation Failure) [PSYoungGen: 9024K->288K(9728K)] 29926K->21222K(31744K), 0.0017107 secs] [Times: user=0.00 sys=0.00, real=0.00 secs] 
2021-01-22T17:00:00.992+0800: 66.107: [GC (Allocation Failure) [PSYoungGen: 8992K->288K(9728K)] 29926K->21246K(31744K), 0.0019978 secs] [Times: user=0.00 sys=0.00, real=0.00 secs] 
2021-01-22T17:00:01.044+0800: 66.158: [GC (Allocation Failure) [PSYoungGen: 8986K->256K(9728K)] 29945K->21230K(31744K), 0.0021835 secs] [Times: user=0.00 sys=0.00, real=0.00 secs] 
2021-01-22T17:00:01.094+0800: 66.208: [GC (Allocation Failure) [PSYoungGen: 8960K->320K(9728K)] 29934K->21310K(31744K), 0.0016553 secs] [Times: user=0.00 sys=0.00, real=0.00 secs] 
2021-01-22T17:00:01.145+0800: 66.260: [GC (Allocation Failure) [PSYoungGen: 9024K->256K(9728K)] 30014K->21262K(31744K), 0.0020832 secs] [Times: user=0.08 sys=0.00, real=0.00 secs] 
2021-01-22T17:00:01.195+0800: 66.310: [GC (Allocation Failure) [PSYoungGen: 8960K->256K(9728K)] 29966K->21278K(31744K), 0.0016418 secs] [Times: user=0.00 sys=0.00, real=0.00 secs] 
2021-01-22T17:00:01.247+0800: 66.362: [GC (Allocation Failure) [PSYoungGen: 8960K->256K(9728K)] 29982K->21302K(31744K), 0.0036486 secs] [Times: user=0.00 sys=0.00, real=0.00 secs] 
2021-01-22T17:00:01.301+0800: 66.416: [GC (Allocation Failure) [PSYoungGen: 8960K->320K(9728K)] 30006K->21382K(31744K), 0.0014595 secs] [Times: user=0.00 sys=0.00, real=0.00 secs] 
2021-01-22T17:00:01.350+0800: 66.465: [GC (Allocation Failure) [PSYoungGen: 9024K->320K(9728K)] 30086K->21406K(31744K), 0.0020429 secs] [Times: user=0.05 sys=0.00, real=0.00 secs] 
2021-01-22T17:00:01.397+0800: 66.513: [GC (Allocation Failure) [PSYoungGen: 9022K->288K(9728K)] 30109K->21406K(31744K), 0.0025736 secs] [Times: user=0.00 sys=0.00, real=0.00 secs] 
2021-01-22T17:00:01.450+0800: 66.565: [GC (Allocation Failure) [PSYoungGen: 8988K->288K(9728K)] 30107K->21430K(31744K), 0.0029767 secs] [Times: user=0.00 sys=0.00, real=0.00 secs] 
2021-01-22T17:00:01.499+0800: 66.614: [GC (Allocation Failure) [PSYoungGen: 8992K->288K(9728K)] 30134K->21470K(31744K), 0.0022412 secs] [Times: user=0.00 sys=0.00, real=0.00 secs] 
2021-01-22T17:00:01.548+0800: 66.663: [GC (Allocation Failure) [PSYoungGen: 8991K->352K(9728K)] 30173K->21550K(31744K), 0.0022594 secs] [Times: user=0.00 sys=0.00, real=0.00 secs] 
2021-01-22T17:00:01.597+0800: 66.712: [GC (Allocation Failure) [PSYoungGen: 9056K->320K(9728K)] 30254K->21534K(31744K), 0.0019201 secs] [Times: user=0.00 sys=0.00, real=0.00 secs] 
2021-01-22T17:00:01.646+0800: 66.761: [GC (Allocation Failure) [PSYoungGen: 9024K->256K(9728K)] 30238K->21486K(31744K), 0.0019417 secs] [Times: user=0.06 sys=0.00, real=0.00 secs] 
2021-01-22T17:00:01.698+0800: 66.813: [GC (Allocation Failure) [PSYoungGen: 8959K->320K(9728K)] 30190K->21574K(31744K), 0.0018152 secs] [Times: user=0.00 sys=0.00, real=0.00 secs] 
2021-01-22T17:00:01.747+0800: 66.862: [GC (Allocation Failure) [PSYoungGen: 9024K->320K(9728K)] 30278K->21598K(31744K), 0.0021934 secs] [Times: user=0.00 sys=0.00, real=0.00 secs] 
2021-01-22T17:00:01.798+0800: 66.914: [GC (Allocation Failure) [PSYoungGen: 9024K->256K(9728K)] 30302K->21550K(31744K), 0.0018541 secs] [Times: user=0.00 sys=0.00, real=0.00 secs] 
2021-01-22T17:00:01.847+0800: 66.962: [GC (Allocation Failure) [PSYoungGen: 8960K->288K(9728K)] 30254K->21598K(31744K), 0.0015137 secs] [Times: user=0.00 sys=0.00, real=0.00 secs] 
2021-01-22T17:00:01.896+0800: 67.011: [GC (Allocation Failure) [PSYoungGen: 8990K->288K(9728K)] 30301K->21622K(31744K), 0.0022003 secs] [Times: user=0.08 sys=0.00, real=0.00 secs] 
2021-01-22T17:00:01.946+0800: 67.061: [GC (Allocation Failure) [PSYoungGen: 8992K->352K(9728K)] 30326K->21710K(31744K), 0.0018593 secs] [Times: user=0.00 sys=0.00, real=0.00 secs] 
2021-01-22T17:00:01.997+0800: 67.112: [GC (Allocation Failure) [PSYoungGen: 9056K->288K(9728K)] 30414K->21670K(31744K), 0.0019034 secs] [Times: user=0.00 sys=0.00, real=0.00 secs] 
2021-01-22T17:00:02.045+0800: 67.160: [GC (Allocation Failure) [PSYoungGen: 8990K->320K(9728K)] 30373K->21726K(31744K), 0.0020786 secs] [Times: user=0.00 sys=0.00, real=0.00 secs] 
2021-01-22T17:00:02.097+0800: 67.212: [GC (Allocation Failure) [PSYoungGen: 9024K->352K(9728K)] 30430K->21790K(31744K), 0.0016826 secs] [Times: user=0.00 sys=0.00, real=0.00 secs] 
2021-01-22T17:00:02.147+0800: 67.262: [GC (Allocation Failure) [PSYoungGen: 9052K->288K(9728K)] 30491K->21758K(31744K), 0.0020384 secs] [Times: user=0.00 sys=0.00, real=0.00 secs] 
2021-01-22T17:00:02.196+0800: 67.311: [GC (Allocation Failure) [PSYoungGen: 8989K->256K(9728K)] 30459K->21758K(31744K), 0.0014275 secs] [Times: user=0.00 sys=0.00, real=0.00 secs] 
2021-01-22T17:00:02.246+0800: 67.361: [GC (Allocation Failure) [PSYoungGen: 8960K->320K(9728K)] 30462K->21846K(31744K), 0.0019399 secs] [Times: user=0.00 sys=0.00, real=0.00 secs] 
2021-01-22T17:00:02.296+0800: 67.411: [GC (Allocation Failure) [PSYoungGen: 9024K->288K(9728K)] 30550K->21830K(31744K), 0.0016973 secs] [Times: user=0.00 sys=0.00, real=0.00 secs] 
2021-01-22T17:00:02.345+0800: 67.460: [GC (Allocation Failure) [PSYoungGen: 8987K->288K(9728K)] 30530K->21846K(31744K), 0.0016660 secs] [Times: user=0.00 sys=0.00, real=0.00 secs] 
2021-01-22T17:00:02.395+0800: 67.510: [GC (Allocation Failure) [PSYoungGen: 8992K->320K(9728K)] 30550K->21902K(31744K), 0.0016552 secs] [Times: user=0.00 sys=0.03, real=0.00 secs] 
2021-01-22T17:00:02.443+0800: 67.558: [GC (Allocation Failure) [PSYoungGen: 9022K->224K(9728K)] 30605K->21830K(31744K), 0.0016904 secs] [Times: user=0.05 sys=0.00, real=0.00 secs] 
2021-01-22T17:00:02.493+0800: 67.608: [GC (Allocation Failure) [PSYoungGen: 8928K->256K(9728K)] 30534K->21886K(31744K), 0.0019443 secs] [Times: user=0.00 sys=0.00, real=0.00 secs] 
2021-01-22T17:00:02.543+0800: 67.658: [GC (Allocation Failure) [PSYoungGen: 8960K->256K(9728K)] 30590K->21910K(31744K), 0.0018238 secs] [Times: user=0.00 sys=0.00, real=0.00 secs] 
2021-01-22T17:00:02.595+0800: 67.709: [GC (Allocation Failure) [PSYoungGen: 8960K->288K(9728K)] 30614K->21958K(31744K), 0.0021488 secs] [Times: user=0.00 sys=0.00, real=0.00 secs] 
2021-01-22T17:00:02.656+0800: 67.771: [GC (Allocation Failure) [PSYoungGen: 8988K->288K(9728K)] 30659K->21982K(31744K), 0.0023095 secs] [Times: user=0.00 sys=0.00, real=0.00 secs] 
2021-01-22T17:00:02.708+0800: 67.823: [GC (Allocation Failure) [PSYoungGen: 8992K->288K(9728K)] 30686K->22006K(31744K), 0.0019156 secs] [Times: user=0.02 sys=0.00, real=0.00 secs] 
2021-01-22T17:00:02.761+0800: 67.876: [GC (Allocation Failure) [PSYoungGen: 8992K->320K(9728K)] 30710K->22054K(31744K), 0.0019390 secs] [Times: user=0.00 sys=0.00, real=0.00 secs] 
2021-01-22T17:00:02.811+0800: 67.925: [GC (Allocation Failure) [PSYoungGen: 9020K->320K(9728K)] 30754K->22070K(31744K), 0.0017605 secs] [Times: user=0.00 sys=0.00, real=0.00 secs] 
2021-01-22T17:00:02.859+0800: 67.974: [GC (Allocation Failure) [PSYoungGen: 9016K->352K(9728K)] 30767K->22126K(31744K), 0.0016516 secs] [Times: user=0.00 sys=0.00, real=0.00 secs] 
2021-01-22T17:00:02.909+0800: 68.024: [GC (Allocation Failure) [PSYoungGen: 9056K->288K(9728K)] 30830K->22078K(31744K), 0.0020580 secs] [Times: user=0.00 sys=0.00, real=0.00 secs] 
2021-01-22T17:00:02.960+0800: 68.074: [GC (Allocation Failure) [PSYoungGen: 8989K->320K(9728K)] 30779K->22134K(31744K), 0.0016368 secs] [Times: user=0.00 sys=0.00, real=0.00 secs] 
2021-01-22T17:00:03.012+0800: 68.126: [GC (Allocation Failure) [PSYoungGen: 9019K->320K(9728K)] 30834K->22150K(31744K), 0.0021916 secs] [Times: user=0.00 sys=0.00, real=0.00 secs] 
2021-01-22T17:00:03.061+0800: 68.175: [GC (Allocation Failure) [PSYoungGen: 9024K->352K(9728K)] 30854K->22198K(31744K), 0.0019040 secs] [Times: user=0.00 sys=0.00, real=0.00 secs] 
2021-01-22T17:00:03.110+0800: 68.225: [GC (Allocation Failure) [PSYoungGen: 9053K->320K(9728K)] 30900K->22182K(31744K), 0.0015946 secs] [Times: user=0.00 sys=0.00, real=0.00 secs] 
2021-01-22T17:00:03.161+0800: 68.276: [GC (Allocation Failure) [PSYoungGen: 9024K->384K(9728K)] 30886K->22262K(31744K), 0.0016709 secs] [Times: user=0.06 sys=0.00, real=0.00 secs] 
2021-01-22T17:00:03.212+0800: 68.327: [GC (Allocation Failure) [PSYoungGen: 9088K->320K(9728K)] 30966K->22214K(31744K), 0.0017337 secs] [Times: user=0.00 sys=0.00, real=0.00 secs] 
2021-01-22T17:00:03.261+0800: 68.376: [GC (Allocation Failure) [PSYoungGen: 9024K->320K(9728K)] 30918K->22230K(31744K), 0.0020824 secs] [Times: user=0.00 sys=0.00, real=0.00 secs] 
2021-01-22T17:00:03.311+0800: 68.426: [GC (Allocation Failure) [PSYoungGen: 9024K->288K(9728K)] 30934K->22214K(31744K), 0.0015105 secs] [Times: user=0.00 sys=0.00, real=0.00 secs] 
2021-01-22T17:00:03.366+0800: 68.481: [GC (Allocation Failure) [PSYoungGen: 8992K->224K(9728K)] 30918K->22190K(31744K), 0.0027182 secs] [Times: user=0.00 sys=0.00, real=0.00 secs] 
2021-01-22T17:00:03.424+0800: 68.540: [GC (Allocation Failure) [PSYoungGen: 8928K->288K(9728K)] 30894K->22302K(31744K), 0.0015795 secs] [Times: user=0.00 sys=0.00, real=0.00 secs] 
2021-01-22T17:00:03.426+0800: 68.542: [Full GC (Ergonomics) [PSYoungGen: 288K->0K(9728K)] [ParOldGen: 22014K->20240K(22016K)] 22302K->20240K(31744K), [Metaspace: 38935K->38924K(1085440K)], 0.0465083 secs] [Times: user=0.24 sys=0.00, real=0.05 secs] 
2021-01-22T17:00:03.521+0800: 68.636: [GC (Allocation Failure) [PSYoungGen: 8704K->128K(9728K)] 28944K->20368K(31744K), 0.0026590 secs] [Times: user=0.03 sys=0.00, real=0.00 secs] 
2021-01-22T17:00:03.569+0800: 68.684: [GC (Allocation Failure) [PSYoungGen: 8832K->192K(9728K)] 29072K->20432K(31744K), 0.0014945 secs] [Times: user=0.00 sys=0.00, real=0.00 secs] 
2021-01-22T17:00:03.618+0800: 68.734: [GC (Allocation Failure) [PSYoungGen: 8896K->160K(9728K)] 29136K->20400K(31744K), 0.0017391 secs] [Times: user=0.00 sys=0.00, real=0.00 secs] 
2021-01-22T17:00:03.672+0800: 68.787: [GC (Allocation Failure) [PSYoungGen: 8864K->128K(9728K)] 29104K->20368K(31744K), 0.0019790 secs] [Times: user=0.00 sys=0.00, real=0.00 secs] 
2021-01-22T17:00:03.723+0800: 68.838: [GC (Allocation Failure) [PSYoungGen: 8832K->256K(9728K)] 29072K->20496K(31744K), 0.0023546 secs] [Times: user=0.02 sys=0.00, real=0.00 secs] 
2021-01-22T17:00:03.776+0800: 68.891: [GC (Allocation Failure) [PSYoungGen: 8960K->160K(9728K)] 29200K->20400K(31744K), 0.0023462 secs] [Times: user=0.00 sys=0.00, real=0.00 secs] 
2021-01-22T17:00:03.824+0800: 68.939: [GC (Allocation Failure) [PSYoungGen: 8862K->256K(9728K)] 29102K->20496K(31744K), 0.0017807 secs] [Times: user=0.00 sys=0.00, real=0.00 secs] 
2021-01-22T17:00:03.874+0800: 68.989: [GC (Allocation Failure) [PSYoungGen: 8960K->256K(9728K)] 29200K->20496K(31744K), 0.0026432 secs] [Times: user=0.00 sys=0.00, real=0.00 secs] 
2021-01-22T17:00:03.938+0800: 69.053: [GC (Allocation Failure) [PSYoungGen: 8960K->224K(9728K)] 29200K->20464K(31744K), 0.0017287 secs] [Times: user=0.00 sys=0.00, real=0.00 secs] 
2021-01-22T17:00:03.992+0800: 69.107: [GC (Allocation Failure) [PSYoungGen: 8928K->224K(9728K)] 29168K->20464K(31744K), 0.0028112 secs] [Times: user=0.00 sys=0.00, real=0.00 secs] 
2021-01-22T17:00:04.041+0800: 69.156: [GC (Allocation Failure) [PSYoungGen: 8928K->320K(9728K)] 29168K->20560K(31744K), 0.0016129 secs] [Times: user=0.00 sys=0.00, real=0.00 secs] 
2021-01-22T17:00:04.090+0800: 69.205: [GC (Allocation Failure) [PSYoungGen: 9018K->288K(9728K)] 29259K->20528K(31744K), 0.0019282 secs] [Times: user=0.00 sys=0.00, real=0.00 secs] 
2021-01-22T17:00:04.140+0800: 69.255: [GC (Allocation Failure) [PSYoungGen: 8992K->224K(9728K)] 29232K->20464K(31744K), 0.0019109 secs] [Times: user=0.00 sys=0.00, real=0.00 secs] 
2021-01-22T17:00:04.191+0800: 69.306: [GC (Allocation Failure) [PSYoungGen: 8923K->352K(9728K)] 29164K->20592K(31744K), 0.0014866 secs] [Times: user=0.00 sys=0.00, real=0.00 secs] 
2021-01-22T17:00:04.241+0800: 69.355: [GC (Allocation Failure) [PSYoungGen: 9056K->352K(9728K)] 29296K->20592K(31744K), 0.0022201 secs] [Times: user=0.00 sys=0.00, real=0.00 secs] 
2021-01-22T17:00:04.299+0800: 69.414: [GC (Allocation Failure) [PSYoungGen: 9056K->384K(9728K)] 29296K->20680K(31744K), 0.0020319 secs] [Times: user=0.00 sys=0.00, real=0.00 secs] 
2021-01-22T17:00:04.349+0800: 69.463: [GC (Allocation Failure) [PSYoungGen: 9087K->256K(9728K)] 29384K->20584K(31744K), 0.0018041 secs] [Times: user=0.11 sys=0.00, real=0.00 secs] 
2021-01-22T17:00:04.398+0800: 69.513: [GC (Allocation Failure) [PSYoungGen: 8960K->288K(9728K)] 29288K->20648K(31744K), 0.0025293 secs] [Times: user=0.00 sys=0.00, real=0.00 secs] 
2021-01-22T17:00:04.447+0800: 69.561: [GC (Allocation Failure) [PSYoungGen: 8989K->256K(9728K)] 29350K->20648K(31744K), 0.0017341 secs] [Times: user=0.00 sys=0.00, real=0.00 secs] 
2021-01-22T17:00:04.496+0800: 69.610: [GC (Allocation Failure) [PSYoungGen: 8960K->256K(9728K)] 29352K->20664K(31744K), 0.0018606 secs] [Times: user=0.00 sys=0.00, real=0.00 secs] 
2021-01-22T17:00:04.549+0800: 69.663: [GC (Allocation Failure) [PSYoungGen: 8960K->288K(9728K)] 29368K->20720K(31744K), 0.0024892 secs] [Times: user=0.00 sys=0.00, real=0.00 secs] 
2021-01-22T17:00:04.596+0800: 69.711: [GC (Allocation Failure) [PSYoungGen: 8992K->320K(9728K)] 29424K->20776K(31744K), 0.0015641 secs] [Times: user=0.00 sys=0.00, real=0.00 secs] 
2021-01-22T17:00:04.647+0800: 69.762: [GC (Allocation Failure) [PSYoungGen: 9021K->320K(9728K)] 29478K->20808K(31744K), 0.0026202 secs] [Times: user=0.02 sys=0.00, real=0.00 secs] 
2021-01-22T17:00:04.697+0800: 69.811: [GC (Allocation Failure) [PSYoungGen: 9024K->288K(9728K)] 29512K->20824K(31744K), 0.0018615 secs] [Times: user=0.00 sys=0.00, real=0.00 secs] 
2021-01-22T17:00:04.747+0800: 69.861: [GC (Allocation Failure) [PSYoungGen: 8992K->320K(9728K)] 29528K->20888K(31744K), 0.0020458 secs] [Times: user=0.00 sys=0.00, real=0.00 secs] 
2021-01-22T17:00:04.799+0800: 69.914: [GC (Allocation Failure) [PSYoungGen: 9024K->320K(9728K)] 29592K->20920K(31744K), 0.0020432 secs] [Times: user=0.00 sys=0.00, real=0.00 secs] 
2021-01-22T17:00:04.849+0800: 69.964: [GC (Allocation Failure) [PSYoungGen: 9024K->256K(9728K)] 29624K->20880K(31744K), 0.0018312 secs] [Times: user=0.08 sys=0.02, real=0.00 secs] 
2021-01-22T17:00:04.897+0800: 70.013: [GC (Allocation Failure) [PSYoungGen: 8960K->320K(9728K)] 29584K->20960K(31744K), 0.0021546 secs] [Times: user=0.00 sys=0.00, real=0.00 secs] 
2021-01-22T17:00:04.947+0800: 70.063: [GC (Allocation Failure) [PSYoungGen: 9024K->320K(9728K)] 29664K->20976K(31744K), 0.0018914 secs] [Times: user=0.00 sys=0.00, real=0.00 secs] 
2021-01-22T17:00:04.996+0800: 70.111: [GC (Allocation Failure) [PSYoungGen: 9018K->256K(9728K)] 29675K->20928K(31744K), 0.0019110 secs] [Times: user=0.00 sys=0.00, real=0.00 secs] 
2021-01-22T17:00:05.046+0800: 70.161: [GC (Allocation Failure) [PSYoungGen: 8953K->288K(9728K)] 29626K->20984K(31744K), 0.0025323 secs] [Times: user=0.00 sys=0.00, real=0.00 secs] 
2021-01-22T17:00:05.096+0800: 70.211: [GC (Allocation Failure) [PSYoungGen: 8992K->320K(9728K)] 29688K->21056K(31744K), 0.0015519 secs] [Times: user=0.00 sys=0.00, real=0.00 secs] 
2021-01-22T17:00:05.145+0800: 70.261: [GC (Allocation Failure) [PSYoungGen: 9023K->352K(9728K)] 29760K->21128K(31744K), 0.0017088 secs] [Times: user=0.02 sys=0.00, real=0.00 secs] 
2021-01-22T17:00:05.194+0800: 70.309: [GC (Allocation Failure) [PSYoungGen: 9049K->256K(9728K)] 29826K->21056K(31744K), 0.0016481 secs] [Times: user=0.00 sys=0.00, real=0.00 secs] 
2021-01-22T17:00:05.244+0800: 70.359: [GC (Allocation Failure) [PSYoungGen: 8959K->256K(9728K)] 29760K->21080K(31744K), 0.0015532 secs] [Times: user=0.00 sys=0.00, real=0.00 secs] 
2021-01-22T17:00:05.298+0800: 70.413: [GC (Allocation Failure) [PSYoungGen: 8960K->288K(9728K)] 29784K->21144K(31744K), 0.0033331 secs] [Times: user=0.00 sys=0.00, real=0.00 secs] 
2021-01-22T17:00:05.347+0800: 70.462: [GC (Allocation Failure) [PSYoungGen: 8992K->288K(9728K)] 29848K->21176K(31744K), 0.0022275 secs] [Times: user=0.02 sys=0.00, real=0.00 secs] 
2021-01-22T17:00:05.396+0800: 70.511: [GC (Allocation Failure) [PSYoungGen: 8992K->288K(9728K)] 29880K->21216K(31744K), 0.0024324 secs] [Times: user=0.03 sys=0.00, real=0.00 secs] 
2021-01-22T17:00:05.445+0800: 70.560: [GC (Allocation Failure) [PSYoungGen: 8990K->288K(9728K)] 29919K->21240K(31744K), 0.0015284 secs] [Times: user=0.00 sys=0.00, real=0.00 secs] 
2021-01-22T17:00:05.494+0800: 70.609: [GC (Allocation Failure) [PSYoungGen: 8992K->256K(9728K)] 29944K->21232K(31744K), 0.0022273 secs] [Times: user=0.00 sys=0.00, real=0.00 secs] 
2021-01-22T17:00:05.545+0800: 70.660: [GC (Allocation Failure) [PSYoungGen: 8960K->320K(9728K)] 29936K->21320K(31744K), 0.0025595 secs] [Times: user=0.00 sys=0.00, real=0.00 secs] 
2021-01-22T17:00:05.592+0800: 70.707: [GC (Allocation Failure) [PSYoungGen: 9024K->320K(9728K)] 30024K->21344K(31744K), 0.0015621 secs] [Times: user=0.00 sys=0.00, real=0.00 secs] 
2021-01-22T17:00:05.643+0800: 70.758: [GC (Allocation Failure) [PSYoungGen: 9017K->320K(9728K)] 30041K->21376K(31744K), 0.0019425 secs] [Times: user=0.00 sys=0.00, real=0.00 secs] 
2021-01-22T17:00:05.696+0800: 70.811: [GC (Allocation Failure) [PSYoungGen: 9024K->288K(9728K)] 30080K->21376K(31744K), 0.0015434 secs] [Times: user=0.00 sys=0.00, real=0.00 secs] 
2021-01-22T17:00:05.743+0800: 70.858: [GC (Allocation Failure) [PSYoungGen: 8992K->320K(9728K)] 30080K->21424K(31744K), 0.0016868 secs] [Times: user=0.00 sys=0.00, real=0.00 secs] 
2021-01-22T17:00:05.794+0800: 70.909: [GC (Allocation Failure) [PSYoungGen: 9020K->288K(9728K)] 30125K->21416K(31744K), 0.0018411 secs] [Times: user=0.00 sys=0.00, real=0.00 secs] 
2021-01-22T17:00:05.844+0800: 70.958: [GC (Allocation Failure) [PSYoungGen: 8990K->288K(9728K)] 30119K->21432K(31744K), 0.0025890 secs] [Times: user=0.00 sys=0.00, real=0.00 secs] 
2021-01-22T17:00:05.894+0800: 71.009: [GC (Allocation Failure) [PSYoungGen: 8985K->256K(9728K)] 30130K->21432K(31744K), 0.0019245 secs] [Times: user=0.00 sys=0.00, real=0.00 secs] 
2021-01-22T17:00:05.942+0800: 71.057: [GC (Allocation Failure) [PSYoungGen: 8956K->288K(9728K)] 30133K->21496K(31744K), 0.0021970 secs] [Times: user=0.02 sys=0.00, real=0.00 secs] 
2021-01-22T17:00:05.994+0800: 71.109: [GC (Allocation Failure) [PSYoungGen: 8992K->352K(9728K)] 30200K->21584K(31744K), 0.0017276 secs] [Times: user=0.00 sys=0.00, real=0.00 secs] 
2021-01-22T17:00:06.043+0800: 71.157: [GC (Allocation Failure) [PSYoungGen: 9056K->256K(9728K)] 30288K->21512K(31744K), 0.0023309 secs] [Times: user=0.00 sys=0.00, real=0.00 secs] 
2021-01-22T17:00:06.093+0800: 71.208: [GC (Allocation Failure) [PSYoungGen: 8960K->256K(9728K)] 30216K->21528K(31744K), 0.0028068 secs] [Times: user=0.00 sys=0.00, real=0.00 secs] 
2021-01-22T17:00:06.142+0800: 71.257: [GC (Allocation Failure) [PSYoungGen: 8960K->352K(9728K)] 30232K->21656K(31744K), 0.0023982 secs] [Times: user=0.00 sys=0.00, real=0.00 secs] 
2021-01-22T17:00:06.193+0800: 71.308: [GC (Allocation Failure) [PSYoungGen: 9056K->288K(9728K)] 30360K->21624K(31744K), 0.0016677 secs] [Times: user=0.06 sys=0.00, real=0.00 secs] 
2021-01-22T17:00:06.240+0800: 71.355: [GC (Allocation Failure) [PSYoungGen: 8988K->288K(9728K)] 30325K->21648K(31744K), 0.0017492 secs] [Times: user=0.02 sys=0.02, real=0.00 secs] 
2021-01-22T17:00:06.291+0800: 71.406: [GC (Allocation Failure) [PSYoungGen: 8987K->320K(9728K)] 30348K->21704K(31744K), 0.0015884 secs] [Times: user=0.00 sys=0.00, real=0.00 secs] 
2021-01-22T17:00:06.341+0800: 71.455: [GC (Allocation Failure) [PSYoungGen: 9024K->288K(9728K)] 30408K->21696K(31744K), 0.0026130 secs] [Times: user=0.00 sys=0.00, real=0.00 secs] 
2021-01-22T17:00:06.392+0800: 71.507: [GC (Allocation Failure) [PSYoungGen: 8992K->256K(9728K)] 30400K->21688K(31744K), 0.0023384 secs] [Times: user=0.00 sys=0.00, real=0.00 secs] 
2021-01-22T17:00:06.449+0800: 71.563: [GC (Allocation Failure) [PSYoungGen: 8953K->256K(9728K)] 30386K->21712K(31744K), 0.0017092 secs] [Times: user=0.00 sys=0.00, real=0.00 secs] 
2021-01-22T17:00:06.505+0800: 71.620: [GC (Allocation Failure) [PSYoungGen: 8960K->352K(9728K)] 30416K->21832K(31744K), 0.0016628 secs] [Times: user=0.02 sys=0.00, real=0.00 secs] 
2021-01-22T17:00:06.554+0800: 71.668: [GC (Allocation Failure) [PSYoungGen: 9056K->256K(9728K)] 30536K->21768K(31744K), 0.0029110 secs] [Times: user=0.00 sys=0.00, real=0.00 secs] 
2021-01-22T17:00:06.603+0800: 71.718: [GC (Allocation Failure) [PSYoungGen: 8960K->320K(9728K)] 30472K->21864K(31744K), 0.0019447 secs] [Times: user=0.00 sys=0.00, real=0.00 secs] 
2021-01-22T17:00:06.661+0800: 71.777: [GC (Allocation Failure) [PSYoungGen: 9024K->352K(9728K)] 30568K->21928K(31744K), 0.0022952 secs] [Times: user=0.03 sys=0.00, real=0.00 secs] 
2021-01-22T17:00:06.720+0800: 71.835: [GC (Allocation Failure) [PSYoungGen: 9056K->256K(9728K)] 30632K->21848K(31744K), 0.0031975 secs] [Times: user=0.00 sys=0.00, real=0.00 secs] 
2021-01-22T17:00:06.776+0800: 71.891: [GC (Allocation Failure) [PSYoungGen: 8960K->256K(9728K)] 30552K->21872K(31744K), 0.0016570 secs] [Times: user=0.00 sys=0.00, real=0.00 secs] 
2021-01-22T17:00:06.827+0800: 71.942: [GC (Allocation Failure) [PSYoungGen: 8960K->352K(9728K)] 30576K->21992K(31744K), 0.0027175 secs] [Times: user=0.00 sys=0.00, real=0.00 secs] 
2021-01-22T17:00:06.876+0800: 71.992: [GC (Allocation Failure) [PSYoungGen: 9056K->256K(9728K)] 30696K->21912K(31744K), 0.0024962 secs] [Times: user=0.00 sys=0.00, real=0.00 secs] 
2021-01-22T17:00:06.924+0800: 72.039: [GC (Allocation Failure) [PSYoungGen: 8960K->288K(9728K)] 30616K->21960K(31744K), 0.0016999 secs] [Times: user=0.00 sys=0.00, real=0.00 secs] 
2021-01-22T17:00:06.973+0800: 72.089: [GC (Allocation Failure) [PSYoungGen: 8992K->256K(9728K)] 30664K->21960K(31744K), 0.0022011 secs] [Times: user=0.08 sys=0.00, real=0.00 secs] 
2021-01-22T17:00:07.024+0800: 72.139: [GC (Allocation Failure) [PSYoungGen: 8959K->320K(9728K)] 30663K->22040K(31744K), 0.0016356 secs] [Times: user=0.00 sys=0.00, real=0.00 secs] 
2021-01-22T17:00:07.076+0800: 72.191: [GC (Allocation Failure) [PSYoungGen: 9024K->320K(9728K)] 30744K->22072K(31744K), 0.0023371 secs] [Times: user=0.00 sys=0.00, real=0.00 secs] 
2021-01-22T17:00:07.130+0800: 72.245: [GC (Allocation Failure) [PSYoungGen: 9024K->224K(9728K)] 30776K->21992K(31744K), 0.0018013 secs] [Times: user=0.05 sys=0.00, real=0.00 secs] 
2021-01-22T17:00:07.178+0800: 72.293: [GC (Allocation Failure) [PSYoungGen: 8928K->288K(9728K)] 30696K->22088K(31744K), 0.0019298 secs] [Times: user=0.00 sys=0.00, real=0.00 secs] 
2021-01-22T17:00:07.227+0800: 72.343: [GC (Allocation Failure) [PSYoungGen: 8992K->416K(9728K)] 30792K->22232K(31744K), 0.0021931 secs] [Times: user=0.00 sys=0.00, real=0.00 secs] 
2021-01-22T17:00:07.286+0800: 72.401: [GC (Allocation Failure) [PSYoungGen: 9118K->288K(9728K)] 30935K->22128K(31744K), 0.0021054 secs] [Times: user=0.02 sys=0.00, real=0.00 secs] 
2021-01-22T17:00:07.334+0800: 72.449: [GC (Allocation Failure) [PSYoungGen: 8992K->320K(9728K)] 30832K->22192K(31744K), 0.0022984 secs] [Times: user=0.05 sys=0.00, real=0.00 secs] 
2021-01-22T17:00:07.386+0800: 72.501: [GC (Allocation Failure) [PSYoungGen: 9024K->352K(9728K)] 30896K->22280K(31744K), 0.0018420 secs] [Times: user=0.00 sys=0.00, real=0.00 secs] 
2021-01-22T17:00:07.436+0800: 72.551: [GC (Allocation Failure) [PSYoungGen: 9056K->256K(9728K)] 30984K->22208K(31744K), 0.0027242 secs] [Times: user=0.00 sys=0.00, real=0.00 secs] 
2021-01-22T17:00:07.489+0800: 72.604: [GC (Allocation Failure) [PSYoungGen: 8960K->288K(9728K)] 30912K->22264K(31744K), 0.0018414 secs] [Times: user=0.02 sys=0.00, real=0.00 secs] 
2021-01-22T17:00:07.491+0800: 72.606: [Full GC (Ergonomics) [PSYoungGen: 288K->0K(9728K)] [ParOldGen: 21976K->20957K(22016K)] 22264K->20957K(31744K), [Metaspace: 38962K->38962K(1085440K)], 0.0415704 secs] [Times: user=0.14 sys=0.00, real=0.04 secs] 
2021-01-22T17:00:07.580+0800: 72.695: [GC (Allocation Failure) [PSYoungGen: 8704K->256K(9728K)] 29661K->21213K(31744K), 0.0023112 secs] [Times: user=0.00 sys=0.00, real=0.00 secs] 
2021-01-22T17:00:07.629+0800: 72.744: [GC (Allocation Failure) [PSYoungGen: 8960K->256K(9728K)] 29917K->21213K(31744K), 0.0016674 secs] [Times: user=0.00 sys=0.00, real=0.00 secs] 
2021-01-22T17:00:07.681+0800: 72.796: [GC (Allocation Failure) [PSYoungGen: 8960K->128K(9728K)] 29917K->21085K(31744K), 0.0020472 secs] [Times: user=0.00 sys=0.00, real=0.00 secs] 
2021-01-22T17:00:07.730+0800: 72.844: [GC (Allocation Failure) [PSYoungGen: 8832K->192K(9728K)] 29789K->21149K(31744K), 0.0022586 secs] [Times: user=0.00 sys=0.00, real=0.00 secs] 
2021-01-22T17:00:07.784+0800: 72.899: [GC (Allocation Failure) [PSYoungGen: 8891K->192K(9728K)] 29849K->21149K(31744K), 0.0015798 secs] [Times: user=0.00 sys=0.00, real=0.00 secs] 
2021-01-22T17:00:07.835+0800: 72.949: [GC (Allocation Failure) [PSYoungGen: 8896K->192K(9728K)] 29853K->21149K(31744K), 0.0019306 secs] [Times: user=0.00 sys=0.00, real=0.00 secs] 
2021-01-22T17:00:07.885+0800: 72.999: [GC (Allocation Failure) [PSYoungGen: 8896K->224K(9728K)] 29853K->21181K(31744K), 0.0015852 secs] [Times: user=0.00 sys=0.00, real=0.00 secs] 
2021-01-22T17:00:07.934+0800: 73.049: [GC (Allocation Failure) [PSYoungGen: 8928K->256K(9728K)] 29885K->21213K(31744K), 0.0017352 secs] [Times: user=0.00 sys=0.00, real=0.00 secs] 
2021-01-22T17:00:07.982+0800: 73.097: [GC (Allocation Failure) [PSYoungGen: 8960K->320K(9728K)] 29917K->21277K(31744K), 0.0020106 secs] [Times: user=0.00 sys=0.00, real=0.00 secs] 
2021-01-22T17:00:08.030+0800: 73.145: [GC (Allocation Failure) [PSYoungGen: 9019K->288K(9728K)] 29977K->21245K(31744K), 0.0024239 secs] [Times: user=0.00 sys=0.00, real=0.00 secs] 
2021-01-22T17:00:08.081+0800: 73.195: [GC (Allocation Failure) [PSYoungGen: 8992K->320K(9728K)] 29949K->21277K(31744K), 0.0019269 secs] [Times: user=0.00 sys=0.00, real=0.00 secs] 
2021-01-22T17:00:08.132+0800: 73.247: [GC (Allocation Failure) [PSYoungGen: 9024K->256K(9728K)] 29981K->21213K(31744K), 0.0022401 secs] [Times: user=0.00 sys=0.00, real=0.00 secs] 
2021-01-22T17:00:08.179+0800: 73.294: [GC (Allocation Failure) [PSYoungGen: 8960K->256K(9728K)] 29917K->21213K(31744K), 0.0016730 secs] [Times: user=0.00 sys=0.00, real=0.00 secs] 
2021-01-22T17:00:08.229+0800: 73.344: [GC (Allocation Failure) [PSYoungGen: 8958K->288K(9728K)] 29916K->21245K(31744K), 0.0022436 secs] [Times: user=0.00 sys=0.00, real=0.00 secs] 
2021-01-22T17:00:08.280+0800: 73.395: [GC (Allocation Failure) [PSYoungGen: 8988K->288K(9728K)] 29946K->21245K(31744K), 0.0027626 secs] [Times: user=0.00 sys=0.00, real=0.00 secs] 
2021-01-22T17:00:08.331+0800: 73.445: [GC (Allocation Failure) [PSYoungGen: 8988K->320K(9728K)] 29946K->21333K(31744K), 0.0017828 secs] [Times: user=0.00 sys=0.00, real=0.00 secs] 
2021-01-22T17:00:08.379+0800: 73.495: [GC (Allocation Failure) [PSYoungGen: 9024K->288K(9728K)] 30037K->21333K(31744K), 0.0018251 secs] [Times: user=0.01 sys=0.00, real=0.00 secs] 
2021-01-22T17:00:08.427+0800: 73.543: [GC (Allocation Failure) [PSYoungGen: 8992K->320K(9728K)] 30037K->21389K(31744K), 0.0018565 secs] [Times: user=0.00 sys=0.02, real=0.00 secs] 
2021-01-22T17:00:08.476+0800: 73.591: [GC (Allocation Failure) [PSYoungGen: 9024K->224K(9728K)] 30093K->21325K(31744K), 0.0025863 secs] [Times: user=0.00 sys=0.00, real=0.00 secs] 
2021-01-22T17:00:08.525+0800: 73.641: [GC (Allocation Failure) [PSYoungGen: 8928K->256K(9728K)] 30029K->21405K(31744K), 0.0032060 secs] [Times: user=0.00 sys=0.00, real=0.00 secs] 
2021-01-22T17:00:08.584+0800: 73.700: [GC (Allocation Failure) [PSYoungGen: 8960K->256K(9728K)] 30109K->21437K(31744K), 0.0021524 secs] [Times: user=0.00 sys=0.00, real=0.00 secs] 
2021-01-22T17:00:08.655+0800: 73.771: [GC (Allocation Failure) [PSYoungGen: 8960K->288K(9728K)] 30141K->21493K(31744K), 0.0020319 secs] [Times: user=0.00 sys=0.00, real=0.00 secs] 
2021-01-22T17:00:08.729+0800: 73.845: [GC (Allocation Failure) [PSYoungGen: 8989K->256K(9728K)] 30195K->21485K(31744K), 0.0020543 secs] [Times: user=0.00 sys=0.00, real=0.00 secs] 
2021-01-22T17:00:08.786+0800: 73.901: [GC (Allocation Failure) [PSYoungGen: 8960K->320K(9728K)] 30189K->21581K(31744K), 0.0014272 secs] [Times: user=0.06 sys=0.00, real=0.00 secs] 
2021-01-22T17:00:08.834+0800: 73.949: [GC (Allocation Failure) [PSYoungGen: 9024K->320K(9728K)] 30285K->21597K(31744K), 0.0023103 secs] [Times: user=0.00 sys=0.00, real=0.00 secs] 
2021-01-22T17:00:08.883+0800: 73.998: [GC (Allocation Failure) [PSYoungGen: 9024K->256K(9728K)] 30301K->21573K(31744K), 0.0029329 secs] [Times: user=0.00 sys=0.00, real=0.00 secs] 
2021-01-22T17:00:08.933+0800: 74.048: [GC (Allocation Failure) [PSYoungGen: 8960K->256K(9728K)] 30277K->21621K(31744K), 0.0025523 secs] [Times: user=0.00 sys=0.00, real=0.00 secs] 
2021-01-22T17:00:08.983+0800: 74.098: [GC (Allocation Failure) [PSYoungGen: 8952K->288K(9728K)] 30317K->21669K(31744K), 0.0021058 secs] [Times: user=0.00 sys=0.00, real=0.00 secs] 
2021-01-22T17:00:09.032+0800: 74.147: [GC (Allocation Failure) [PSYoungGen: 8992K->288K(9728K)] 30373K->21693K(31744K), 0.0022502 secs] [Times: user=0.00 sys=0.00, real=0.00 secs] 
2021-01-22T17:00:09.080+0800: 74.195: [GC (Allocation Failure) [PSYoungGen: 8991K->320K(9728K)] 30396K->21749K(31744K), 0.0019997 secs] [Times: user=0.00 sys=0.00, real=0.00 secs] 
2021-01-22T17:00:09.138+0800: 74.253: [GC (Allocation Failure) [PSYoungGen: 9020K->320K(9728K)] 30449K->21765K(31744K), 0.0023008 secs] [Times: user=0.00 sys=0.00, real=0.00 secs] 
2021-01-22T17:00:09.190+0800: 74.305: [GC (Allocation Failure) [PSYoungGen: 9024K->288K(9728K)] 30469K->21757K(31744K), 0.0015530 secs] [Times: user=0.00 sys=0.00, real=0.00 secs] 
2021-01-22T17:00:09.237+0800: 74.352: [GC (Allocation Failure) [PSYoungGen: 8992K->288K(9728K)] 30461K->21789K(31744K), 0.0016234 secs] [Times: user=0.00 sys=0.00, real=0.00 secs] 
2021-01-22T17:00:09.287+0800: 74.402: [GC (Allocation Failure) [PSYoungGen: 8992K->320K(9728K)] 30493K->21869K(31744K), 0.0023542 secs] [Times: user=0.09 sys=0.00, real=0.00 secs] 
2021-01-22T17:00:09.336+0800: 74.451: [GC (Allocation Failure) [PSYoungGen: 9024K->320K(9728K)] 30573K->21917K(31744K), 0.0016438 secs] [Times: user=0.00 sys=0.00, real=0.00 secs] 
2021-01-22T17:00:09.383+0800: 74.498: [GC (Allocation Failure) [PSYoungGen: 9024K->288K(9728K)] 30621K->21925K(31744K), 0.0020433 secs] [Times: user=0.00 sys=0.00, real=0.00 secs] 
2021-01-22T17:00:09.444+0800: 74.559: [GC (Allocation Failure) [PSYoungGen: 8992K->384K(9728K)] 30629K->22037K(31744K), 0.0018337 secs] [Times: user=0.00 sys=0.00, real=0.00 secs] 
2021-01-22T17:00:09.500+0800: 74.615: [GC (Allocation Failure) [PSYoungGen: 9084K->320K(9728K)] 30738K->21997K(31744K), 0.0025500 secs] [Times: user=0.00 sys=0.00, real=0.00 secs] 
2021-01-22T17:00:09.552+0800: 74.667: [GC (Allocation Failure) [PSYoungGen: 9023K->320K(9728K)] 30700K->22021K(31744K), 0.0015023 secs] [Times: user=0.02 sys=0.00, real=0.00 secs] 
2021-01-22T17:00:09.601+0800: 74.716: [GC (Allocation Failure) [PSYoungGen: 9018K->352K(9728K)] 30720K->22077K(31744K), 0.0030050 secs] [Times: user=0.00 sys=0.00, real=0.00 secs] 
2021-01-22T17:00:09.653+0800: 74.768: [GC (Allocation Failure) [PSYoungGen: 9056K->256K(9728K)] 30781K->22013K(31744K), 0.0025828 secs] [Times: user=0.00 sys=0.00, real=0.00 secs] 
2021-01-22T17:00:09.707+0800: 74.822: [GC (Allocation Failure) [PSYoungGen: 8960K->288K(9728K)] 30717K->22077K(31744K), 0.0014809 secs] [Times: user=0.00 sys=0.00, real=0.00 secs] 
2021-01-22T17:00:09.756+0800: 74.870: [GC (Allocation Failure) [PSYoungGen: 8989K->256K(9728K)] 30779K->22077K(31744K), 0.0027587 secs] [Times: user=0.06 sys=0.00, real=0.00 secs] 
2021-01-22T17:00:09.805+0800: 74.919: [GC (Allocation Failure) [PSYoungGen: 8957K->288K(9728K)] 30778K->22133K(31744K), 0.0017884 secs] [Times: user=0.00 sys=0.00, real=0.00 secs] 
2021-01-22T17:00:09.852+0800: 74.966: [GC (Allocation Failure) [PSYoungGen: 8991K->256K(9728K)] 30836K->22125K(31744K), 0.0017546 secs] [Times: user=0.00 sys=0.00, real=0.00 secs] 
2021-01-22T17:00:09.901+0800: 75.016: [GC (Allocation Failure) [PSYoungGen: 8960K->288K(9728K)] 30829K->22197K(31744K), 0.0018227 secs] [Times: user=0.00 sys=0.00, real=0.00 secs] 
2021-01-22T17:00:09.954+0800: 75.068: [GC (Allocation Failure) [PSYoungGen: 8992K->192K(9728K)] 30901K->22125K(31744K), 0.0017821 secs] [Times: user=0.00 sys=0.00, real=0.00 secs] 
2021-01-22T17:00:10.001+0800: 75.116: [GC (Allocation Failure) [PSYoungGen: 8896K->288K(9728K)] 30829K->22245K(31744K), 0.0018672 secs] [Times: user=0.00 sys=0.00, real=0.00 secs] 
2021-01-22T17:00:10.051+0800: 75.166: [GC (Allocation Failure) [PSYoungGen: 8986K->352K(9728K)] 30943K->22341K(31744K), 0.0015445 secs] [Times: user=0.00 sys=0.00, real=0.00 secs] 
2021-01-22T17:00:10.053+0800: 75.167: [Full GC (Ergonomics) [PSYoungGen: 352K->0K(9728K)] [ParOldGen: 21989K->21350K(22016K)] 22341K->21350K(31744K), [Metaspace: 38965K->38965K(1085440K)], 0.1179510 secs] [Times: user=0.64 sys=0.00, real=0.12 secs] 
2021-01-22T17:00:10.216+0800: 75.331: [GC (Allocation Failure) [PSYoungGen: 8700K->224K(9728K)] 30050K->21574K(31744K), 0.0015797 secs] [Times: user=0.00 sys=0.00, real=0.00 secs] 
2021-01-22T17:00:10.270+0800: 75.386: [GC (Allocation Failure) [PSYoungGen: 8928K->192K(9728K)] 30278K->21542K(31744K), 0.0028309 secs] [Times: user=0.00 sys=0.00, real=0.00 secs] 
2021-01-22T17:00:10.324+0800: 75.440: [GC (Allocation Failure) [PSYoungGen: 8896K->192K(9728K)] 30246K->21542K(31744K), 0.0031610 secs] [Times: user=0.00 sys=0.00, real=0.00 secs] 
2021-01-22T17:00:10.375+0800: 75.490: [GC (Allocation Failure) [PSYoungGen: 8896K->224K(9728K)] 30246K->21574K(31744K), 0.0014645 secs] [Times: user=0.00 sys=0.00, real=0.00 secs] 
2021-01-22T17:00:10.424+0800: 75.539: [GC (Allocation Failure) [PSYoungGen: 8928K->288K(9728K)] 30278K->21638K(31744K), 0.0015763 secs] [Times: user=0.00 sys=0.00, real=0.00 secs] 
2021-01-22T17:00:10.473+0800: 75.588: [GC (Allocation Failure) [PSYoungGen: 8989K->224K(9728K)] 30339K->21574K(31744K), 0.0024487 secs] [Times: user=0.08 sys=0.00, real=0.00 secs] 
2021-01-22T17:00:10.523+0800: 75.638: [GC (Allocation Failure) [PSYoungGen: 8928K->224K(9728K)] 30278K->21574K(31744K), 0.0019636 secs] [Times: user=0.00 sys=0.00, real=0.00 secs] 
2021-01-22T17:00:10.572+0800: 75.687: [GC (Allocation Failure) [PSYoungGen: 8920K->192K(9728K)] 30270K->21542K(31744K), 0.0022541 secs] [Times: user=0.00 sys=0.00, real=0.00 secs] 
2021-01-22T17:00:10.636+0800: 75.751: [GC (Allocation Failure) [PSYoungGen: 8896K->224K(9728K)] 30246K->21582K(31744K), 0.0029234 secs] [Times: user=0.00 sys=0.00, real=0.00 secs] 
2021-01-22T17:00:10.691+0800: 75.806: [GC (Allocation Failure) [PSYoungGen: 8920K->160K(9728K)] 30278K->21518K(31744K), 0.0020582 secs] [Times: user=0.00 sys=0.00, real=0.00 secs] 
2021-01-22T17:00:10.740+0800: 75.855: [GC (Allocation Failure) [PSYoungGen: 8864K->288K(9728K)] 30222K->21646K(31744K), 0.0017433 secs] [Times: user=0.08 sys=0.00, real=0.00 secs] 
2021-01-22T17:00:10.791+0800: 75.906: [GC (Allocation Failure) [PSYoungGen: 8992K->256K(9728K)] 30350K->21614K(31744K), 0.0020264 secs] [Times: user=0.00 sys=0.00, real=0.00 secs] 
2021-01-22T17:00:10.839+0800: 75.954: [GC (Allocation Failure) [PSYoungGen: 8960K->288K(9728K)] 30318K->21646K(31744K), 0.0021450 secs] [Times: user=0.00 sys=0.00, real=0.00 secs] 
2021-01-22T17:00:10.889+0800: 76.004: [GC (Allocation Failure) [PSYoungGen: 8992K->256K(9728K)] 30350K->21614K(31744K), 0.0020299 secs] [Times: user=0.00 sys=0.00, real=0.00 secs] 
2021-01-22T17:00:10.940+0800: 76.055: [GC (Allocation Failure) [PSYoungGen: 8960K->320K(9728K)] 30318K->21678K(31744K), 0.0023838 secs] [Times: user=0.00 sys=0.00, real=0.00 secs] 
2021-01-22T17:00:10.991+0800: 76.106: [GC (Allocation Failure) [PSYoungGen: 9018K->320K(9728K)] 30376K->21726K(31744K), 0.0017517 secs] [Times: user=0.00 sys=0.00, real=0.00 secs] 
2021-01-22T17:00:11.041+0800: 76.155: [GC (Allocation Failure) [PSYoungGen: 9024K->256K(9728K)] 30430K->21694K(31744K), 0.0020759 secs] [Times: user=0.00 sys=0.00, real=0.00 secs] 
2021-01-22T17:00:11.091+0800: 76.206: [GC (Allocation Failure) [PSYoungGen: 8960K->320K(9728K)] 30398K->21790K(31744K), 0.0022534 secs] [Times: user=0.00 sys=0.00, real=0.00 secs] 
2021-01-22T17:00:11.146+0800: 76.260: [GC (Allocation Failure) [PSYoungGen: 9024K->256K(9728K)] 30494K->21742K(31744K), 0.0018455 secs] [Times: user=0.09 sys=0.00, real=0.00 secs] 
2021-01-22T17:00:11.199+0800: 76.313: [GC (Allocation Failure) [PSYoungGen: 8960K->352K(9728K)] 30446K->21870K(31744K), 0.0015860 secs] [Times: user=0.00 sys=0.00, real=0.00 secs] 
2021-01-22T17:00:11.250+0800: 76.364: [GC (Allocation Failure) [PSYoungGen: 9056K->320K(9728K)] 30574K->21862K(31744K), 0.0031232 secs] [Times: user=0.00 sys=0.00, real=0.00 secs] 
2021-01-22T17:00:11.301+0800: 76.415: [GC (Allocation Failure) [PSYoungGen: 9020K->384K(9728K)] 30562K->21958K(31744K), 0.0017196 secs] [Times: user=0.00 sys=0.00, real=0.00 secs] 
2021-01-22T17:00:11.351+0800: 76.466: [GC (Allocation Failure) [PSYoungGen: 9080K->256K(9728K)] 30655K->21862K(31744K), 0.0015704 secs] [Times: user=0.00 sys=0.00, real=0.00 secs] 
2021-01-22T17:00:11.400+0800: 76.514: [GC (Allocation Failure) [PSYoungGen: 8960K->320K(9728K)] 30566K->21974K(31744K), 0.0015252 secs] [Times: user=0.00 sys=0.00, real=0.00 secs] 
2021-01-22T17:00:11.450+0800: 76.565: [GC (Allocation Failure) [PSYoungGen: 9024K->256K(9728K)] 30678K->21934K(31744K), 0.0018182 secs] [Times: user=0.00 sys=0.00, real=0.00 secs] 
2021-01-22T17:00:11.498+0800: 76.612: [GC (Allocation Failure) [PSYoungGen: 8960K->352K(9728K)] 30638K->22046K(31744K), 0.0020793 secs] [Times: user=0.00 sys=0.00, real=0.00 secs] 
2021-01-22T17:00:11.546+0800: 76.661: [GC (Allocation Failure) [PSYoungGen: 9056K->320K(9728K)] 30750K->22038K(31744K), 0.0018409 secs] [Times: user=0.00 sys=0.00, real=0.00 secs] 
2021-01-22T17:00:11.594+0800: 76.709: [GC (Allocation Failure) [PSYoungGen: 9024K->288K(9728K)] 30742K->22022K(31744K), 0.0015548 secs] [Times: user=0.00 sys=0.00, real=0.00 secs] 
2021-01-22T17:00:11.646+0800: 76.761: [GC (Allocation Failure) [PSYoungGen: 8986K->288K(9728K)] 30720K->22038K(31744K), 0.0019161 secs] [Times: user=0.02 sys=0.00, real=0.00 secs] 
2021-01-22T17:00:11.696+0800: 76.810: [GC (Allocation Failure) [PSYoungGen: 8987K->256K(9728K)] 30737K->22022K(31744K), 0.0022764 secs] [Times: user=0.00 sys=0.00, real=0.00 secs] 
2021-01-22T17:00:11.747+0800: 76.862: [GC (Allocation Failure) [PSYoungGen: 8959K->320K(9728K)] 30726K->22110K(31744K), 0.0016487 secs] [Times: user=0.00 sys=0.00, real=0.00 secs] 
2021-01-22T17:00:11.797+0800: 76.911: [GC (Allocation Failure) [PSYoungGen: 9024K->256K(9728K)] 30814K->22062K(31744K), 0.0019347 secs] [Times: user=0.00 sys=0.00, real=0.00 secs] 
2021-01-22T17:00:11.846+0800: 76.961: [GC (Allocation Failure) [PSYoungGen: 8960K->288K(9728K)] 30766K->22126K(31744K), 0.0020365 secs] [Times: user=0.00 sys=0.00, real=0.00 secs] 
2021-01-22T17:00:11.897+0800: 77.013: [GC (Allocation Failure) [PSYoungGen: 8992K->320K(9728K)] 30830K->22182K(31744K), 0.0029350 secs] [Times: user=0.00 sys=0.00, real=0.00 secs] 
2021-01-22T17:00:11.946+0800: 77.062: [GC (Allocation Failure) [PSYoungGen: 9018K->320K(9728K)] 30880K->22198K(31744K), 0.0018490 secs] [Times: user=0.00 sys=0.00, real=0.00 secs] 
2021-01-22T17:00:11.996+0800: 77.111: [GC (Allocation Failure) [PSYoungGen: 9019K->352K(9728K)] 30897K->22246K(31744K), 0.0017851 secs] [Times: user=0.00 sys=0.00, real=0.00 secs] 
2021-01-22T17:00:12.043+0800: 77.159: [GC (Allocation Failure) [PSYoungGen: 9056K->288K(9728K)] 30950K->22206K(31744K), 0.0025041 secs] [Times: user=0.00 sys=0.00, real=0.00 secs] 
2021-01-22T17:00:12.093+0800: 77.208: [GC (Allocation Failure) [PSYoungGen: 8992K->256K(9728K)] 30910K->22190K(31744K), 0.0016465 secs] [Times: user=0.00 sys=0.00, real=0.00 secs] 
2021-01-22T17:00:12.148+0800: 77.264: [GC (Allocation Failure) [PSYoungGen: 8960K->224K(9728K)] 30894K->22174K(31744K), 0.0026202 secs] [Times: user=0.00 sys=0.00, real=0.00 secs] 
2021-01-22T17:00:12.203+0800: 77.318: [GC (Allocation Failure) [PSYoungGen: 8928K->256K(9728K)] 30878K->22222K(31744K), 0.0022590 secs] [Times: user=0.00 sys=0.00, real=0.00 secs] 
2021-01-22T17:00:12.255+0800: 77.370: [GC (Allocation Failure) [PSYoungGen: 8959K->320K(9728K)] 30925K->22310K(31744K), 0.0019979 secs] [Times: user=0.08 sys=0.00, real=0.00 secs] 
2021-01-22T17:00:12.257+0800: 77.372: [Full GC (Ergonomics) [PSYoungGen: 320K->0K(9728K)] [ParOldGen: 21990K->21685K(22016K)] 22310K->21685K(31744K), [Metaspace: 38983K->38983K(1085440K)], 0.0390054 secs] [Times: user=0.14 sys=0.00, real=0.04 secs] 
2021-01-22T17:00:12.343+0800: 77.458: [GC (Allocation Failure) [PSYoungGen: 8698K->160K(9728K)] 30383K->21845K(31744K), 0.0028215 secs] [Times: user=0.00 sys=0.00, real=0.00 secs] 
2021-01-22T17:00:12.405+0800: 77.521: [GC (Allocation Failure) [PSYoungGen: 8864K->160K(9728K)] 30549K->21845K(31744K), 0.0019375 secs] [Times: user=0.00 sys=0.00, real=0.00 secs] 
2021-01-22T17:00:12.467+0800: 77.582: [GC (Allocation Failure) [PSYoungGen: 8863K->288K(9728K)] 30549K->21973K(31744K), 0.0021606 secs] [Times: user=0.00 sys=0.00, real=0.00 secs] 
2021-01-22T17:00:12.527+0800: 77.642: [GC (Allocation Failure) [PSYoungGen: 8992K->192K(9728K)] 30677K->21877K(31744K), 0.0017554 secs] [Times: user=0.00 sys=0.00, real=0.00 secs] 
2021-01-22T17:00:12.583+0800: 77.698: [GC (Allocation Failure) [PSYoungGen: 8896K->160K(9728K)] 30581K->21845K(31744K), 0.0018630 secs] [Times: user=0.08 sys=0.00, real=0.00 secs] 
2021-01-22T17:00:12.639+0800: 77.754: [GC (Allocation Failure) [PSYoungGen: 8864K->256K(9728K)] 30549K->21941K(31744K), 0.0020452 secs] [Times: user=0.00 sys=0.00, real=0.00 secs] 
2021-01-22T17:00:12.695+0800: 77.810: [GC (Allocation Failure) [PSYoungGen: 8960K->224K(9728K)] 30645K->21917K(31744K), 0.0014979 secs] [Times: user=0.00 sys=0.00, real=0.00 secs] 
2021-01-22T17:00:12.746+0800: 77.861: [GC (Allocation Failure) [PSYoungGen: 8928K->192K(9728K)] 30621K->21893K(31744K), 0.0025118 secs] [Times: user=0.00 sys=0.00, real=0.00 secs] 
2021-01-22T17:00:12.796+0800: 77.911: [GC (Allocation Failure) [PSYoungGen: 8888K->288K(9728K)] 30589K->21989K(31744K), 0.0021901 secs] [Times: user=0.00 sys=0.00, real=0.00 secs] 
2021-01-22T17:00:12.848+0800: 77.963: [GC (Allocation Failure) [PSYoungGen: 8987K->256K(9728K)] 30688K->21957K(31744K), 0.0018387 secs] [Times: user=0.02 sys=0.00, real=0.00 secs] 
2021-01-22T17:00:12.898+0800: 78.013: [GC (Allocation Failure) [PSYoungGen: 8960K->288K(9728K)] 30661K->21989K(31744K), 0.0022670 secs] [Times: user=0.00 sys=0.00, real=0.00 secs] 
2021-01-22T17:00:12.949+0800: 78.064: [GC (Allocation Failure) [PSYoungGen: 8992K->320K(9728K)] 30693K->22021K(31744K), 0.0014835 secs] [Times: user=0.00 sys=0.00, real=0.00 secs] 
2021-01-22T17:00:13.005+0800: 78.120: [GC (Allocation Failure) [PSYoungGen: 9024K->256K(9728K)] 30725K->21957K(31744K), 0.0015893 secs] [Times: user=0.01 sys=0.00, real=0.00 secs] 
2021-01-22T17:00:13.060+0800: 78.174: [GC (Allocation Failure) [PSYoungGen: 8960K->352K(9728K)] 30661K->22053K(31744K), 0.0025928 secs] [Times: user=0.00 sys=0.00, real=0.00 secs] 
2021-01-22T17:00:13.114+0800: 78.229: [GC (Allocation Failure) [PSYoungGen: 9050K->320K(9728K)] 30752K->22021K(31744K), 0.0019418 secs] [Times: user=0.00 sys=0.02, real=0.00 secs] 
2021-01-22T17:00:13.168+0800: 78.282: [GC (Allocation Failure) [PSYoungGen: 9024K->256K(9728K)] 30725K->22012K(31744K), 0.0029245 secs] [Times: user=0.00 sys=0.00, real=0.00 secs] 
2021-01-22T17:00:13.224+0800: 78.338: [GC (Allocation Failure) [PSYoungGen: 8960K->256K(9728K)] 30716K->22036K(31744K), 0.0019212 secs] [Times: user=0.02 sys=0.00, real=0.00 secs] 
2021-01-22T17:00:13.280+0800: 78.395: [GC (Allocation Failure) [PSYoungGen: 8960K->256K(9728K)] 30740K->22060K(31744K), 0.0028079 secs] [Times: user=0.00 sys=0.00, real=0.00 secs] 
2021-01-22T17:02:38.610+0800: 223.726: [GC (Allocation Failure) [PSYoungGen: 8959K->320K(9728K)] 30764K->22172K(31744K), 0.0040910 secs] [Times: user=0.00 sys=0.00, real=0.01 secs] 
2021-01-22T17:05:46.645+0800: 411.760: [GC (Allocation Failure) [PSYoungGen: 9024K->256K(9728K)] 30876K->22148K(31744K), 0.0040023 secs] [Times: user=0.13 sys=0.00, real=0.00 secs] 
2021-01-22T17:09:02.660+0800: 607.775: [GC (Allocation Failure) [PSYoungGen: 8960K->352K(9728K)] 30852K->22268K(31744K), 0.0031548 secs] [Times: user=0.02 sys=0.00, real=0.00 secs] 
2021-01-22T17:12:18.684+0800: 803.799: [GC (Allocation Failure) [PSYoungGen: 9056K->352K(9728K)] 30972K->22316K(31744K), 0.0057127 secs] [Times: user=0.00 sys=0.00, real=0.01 secs] 
2021-01-22T17:12:18.690+0800: 803.805: [Full GC (Ergonomics) [PSYoungGen: 352K->0K(9728K)] [ParOldGen: 21964K->21802K(22016K)] 22316K->21802K(31744K), [Metaspace: 39171K->39075K(1085440K)], 0.2115511 secs] [Times: user=1.05 sys=0.00, real=0.21 secs] 
2021-01-22T17:15:22.700+0800: 987.815: [GC (Allocation Failure) [PSYoungGen: 8704K->256K(9728K)] 30506K->22066K(31744K), 0.0041399 secs] [Times: user=0.00 sys=0.00, real=0.00 secs] 
2021-01-22T17:18:42.702+0800: 1187.817: [GC (Allocation Failure) [PSYoungGen: 8960K->256K(9728K)] 30770K->22074K(31744K), 0.0041067 secs] [Times: user=0.00 sys=0.00, real=0.00 secs] 
2021-01-22T17:21:58.728+0800: 1383.843: [GC (Allocation Failure) [PSYoungGen: 8960K->256K(9728K)] 30778K->22074K(31744K), 0.0041899 secs] [Times: user=0.00 sys=0.00, real=0.00 secs] 
2021-01-22T17:25:18.733+0800: 1583.848: [GC (Allocation Failure) [PSYoungGen: 8960K->256K(9728K)] 30778K->22082K(31744K), 0.0049570 secs] [Times: user=0.00 sys=0.00, real=0.00 secs] 
2021-01-22T17:28:38.754+0800: 1783.869: [GC (Allocation Failure) [PSYoungGen: 8960K->256K(9728K)] 30786K->22082K(31744K), 0.0038043 secs] [Times: user=0.02 sys=0.00, real=0.00 secs] 
2021-01-22T17:31:58.759+0800: 1983.874: [GC (Allocation Failure) [PSYoungGen: 8960K->256K(9728K)] 30786K->22090K(31744K), 0.0043084 secs] [Times: user=0.00 sys=0.00, real=0.00 secs] 
2021-01-22T17:35:18.776+0800: 2183.891: [GC (Allocation Failure) [PSYoungGen: 8960K->224K(9728K)] 30794K->22066K(31744K), 0.0041432 secs] [Times: user=0.00 sys=0.00, real=0.00 secs] 
2021-01-22T17:38:38.799+0800: 2383.914: [GC (Allocation Failure) [PSYoungGen: 8928K->256K(9728K)] 30770K->22098K(31744K), 0.0048202 secs] [Times: user=0.00 sys=0.00, real=0.00 secs] 
2021-01-22T17:41:54.829+0800: 2579.944: [GC (Allocation Failure) [PSYoungGen: 8960K->288K(9728K)] 30802K->22130K(31744K), 0.0041614 secs] [Times: user=0.00 sys=0.00, real=0.00 secs] 
2021-01-22T17:45:14.851+0800: 2779.966: [GC (Allocation Failure) [PSYoungGen: 8992K->288K(9728K)] 30834K->22130K(31744K), 0.0041323 secs] [Times: user=0.00 sys=0.00, real=0.00 secs] 
2021-01-22T17:48:36.186+0800: 2981.301: [GC (Allocation Failure) [PSYoungGen: 8992K->288K(9728K)] 30834K->22130K(31744K), 0.0051146 secs] [Times: user=0.00 sys=0.00, real=0.00 secs] 
2021-01-22T17:49:28.129+0800: 3033.244: [GC (Allocation Failure) [PSYoungGen: 8992K->602K(9728K)] 30834K->22452K(31744K), 0.0027526 secs] [Times: user=0.00 sys=0.02, real=0.00 secs] 
2021-01-22T17:50:26.859+0800: 3091.974: [GC (Allocation Failure) [PSYoungGen: 9306K->832K(9728K)] 31156K->22683K(31744K), 0.0022538 secs] [Times: user=0.00 sys=0.00, real=0.00 secs] 
2021-01-22T17:53:46.897+0800: 3292.012: [GC (Allocation Failure) [PSYoungGen: 9536K->544K(9728K)] 31387K->22394K(31744K), 0.0043753 secs] [Times: user=0.00 sys=0.00, real=0.00 secs] 
2021-01-22T17:57:06.895+0800: 3492.011: [GC (Allocation Failure) [PSYoungGen: 9248K->544K(9728K)] 31098K->22394K(31744K), 0.0017957 secs] [Times: user=0.02 sys=0.00, real=0.00 secs] 
2021-01-22T18:00:26.920+0800: 3692.036: [GC (Allocation Failure) [PSYoungGen: 9248K->544K(9728K)] 31098K->22490K(31744K), 0.0045382 secs] [Times: user=0.00 sys=0.00, real=0.00 secs] 
2021-01-22T18:03:42.963+0800: 3888.079: [GC (Allocation Failure) [PSYoungGen: 9248K->480K(9728K)] 31194K->22458K(31744K), 0.0045259 secs] [Times: user=0.00 sys=0.00, real=0.01 secs] 
2021-01-22T18:03:42.969+0800: 3888.084: [Full GC (Ergonomics) [PSYoungGen: 480K->336K(9728K)] [ParOldGen: 21978K->21815K(22016K)] 22458K->22151K(31744K), [Metaspace: 39803K->39671K(1085440K)], 0.1969871 secs] [Times: user=0.97 sys=0.02, real=0.20 secs] 
2021-01-22T18:06:50.971+0800: 4076.086: [GC (Allocation Failure) [PSYoungGen: 9040K->608K(9728K)] 30855K->22455K(31744K), 0.0101995 secs] [Times: user=0.13 sys=0.00, real=0.01 secs] 
2021-01-22T18:10:10.987+0800: 4276.102: [GC (Allocation Failure) [PSYoungGen: 9312K->512K(9728K)] 31159K->22415K(31744K), 0.0054005 secs] [Times: user=0.00 sys=0.00, real=0.01 secs] 
2021-01-22T18:13:31.010+0800: 4476.125: [GC (Allocation Failure) [PSYoungGen: 9216K->512K(9728K)] 31119K->22447K(31744K), 0.0044958 secs] [Times: user=0.00 sys=0.00, real=0.01 secs] 
