Java HotSpot(TM) 64-Bit Server VM (25.231-b11) for windows-amd64 JRE (1.8.0_231-b11), built on Oct  5 2019 03:11:30 by "java_re" with MS VC++ 10.0 (VS2010)
Memory: 4k page, physical 16377868k(10015720k free), swap 30009356k(19854476k free)
CommandLine flags: -XX:InitialHeapSize=2147483648 -XX:MaxHeapSize=2147483648 -XX:+PrintGC -XX:+PrintGCDateStamps -XX:+PrintGCDetails -XX:+PrintGCTimeStamps -XX:-UseAdaptiveSizePolicy -XX:+UseCompressedClassPointers -XX:+UseCompressedOops -XX:-UseLargePagesIndividualAllocation -XX:+UseParallelGC 
2021-01-21T13:43:08.854+0800: 0.302: [GC (Allocation Failure) [PSYoungGen: 524800K->87035K(611840K)] 524800K->142166K(2010112K), 0.0376025 secs] [Times: user=0.08 sys=0.17, real=0.04 secs] 
2021-01-21T13:43:08.984+0800: 0.434: [GC (Allocation Failure) [PSYoungGen: 611835K->87025K(611840K)] 666966K->240158K(2010112K), 0.0487294 secs] [Times: user=0.13 sys=0.38, real=0.05 secs] 
2021-01-21T13:43:09.120+0800: 0.570: [GC (Allocation Failure) [PSYoungGen: 611825K->87036K(611840K)] 764958K->358770K(2010112K), 0.0535949 secs] [Times: user=0.38 sys=0.13, real=0.05 secs] 
2021-01-21T13:43:09.260+0800: 0.709: [GC (Allocation Failure) [PSYoungGen: 611836K->87039K(611840K)] 883570K->472036K(2010112K), 0.0521692 secs] [Times: user=0.31 sys=0.05, real=0.05 secs] 
2021-01-21T13:43:09.400+0800: 0.849: [GC (Allocation Failure) [PSYoungGen: 611839K->87032K(611840K)] 996836K->590835K(2010112K), 0.0535495 secs] [Times: user=0.28 sys=0.11, real=0.05 secs] 
2021-01-21T13:43:09.544+0800: 0.993: [GC (Allocation Failure) [PSYoungGen: 611832K->87037K(611840K)] 1115635K->702974K(2010112K), 0.0512368 secs] [Times: user=0.38 sys=0.06, real=0.05 secs] 
2021-01-21T13:43:09.690+0800: 1.139: [GC (Allocation Failure) [PSYoungGen: 611837K->87028K(611840K)] 1227774K->815461K(2010112K), 0.0529106 secs] [Times: user=0.23 sys=0.13, real=0.05 secs] 
2021-01-21T13:43:09.833+0800: 1.282: [GC (Allocation Failure) [PSYoungGen: 611828K->87027K(611840K)] 1340261K->927859K(2010112K), 0.0529249 secs] [Times: user=0.34 sys=0.03, real=0.05 secs] 
2021-01-21T13:43:09.972+0800: 1.422: [GC (Allocation Failure) [PSYoungGen: 611827K->87036K(611840K)] 1452659K->1041352K(2010112K), 0.0509794 secs] [Times: user=0.28 sys=0.09, real=0.05 secs] 
2021-01-21T13:43:10.110+0800: 1.559: [GC (Allocation Failure) [PSYoungGen: 611836K->87031K(611840K)] 1566152K->1164251K(2010112K), 0.0545064 secs] [Times: user=0.31 sys=0.19, real=0.06 secs] 
2021-01-21T13:43:10.252+0800: 1.701: [GC (Allocation Failure) [PSYoungGen: 611831K->87023K(611840K)] 1689051K->1271303K(2010112K), 0.0505644 secs] [Times: user=0.24 sys=0.13, real=0.05 secs] 
2021-01-21T13:43:10.386+0800: 1.835: [GC (Allocation Failure) [PSYoungGen: 611823K->87036K(611840K)] 1796103K->1392224K(2010112K), 0.0545699 secs] [Times: user=0.38 sys=0.11, real=0.06 secs] 
2021-01-21T13:43:10.441+0800: 1.890: [Full GC (Ergonomics) [PSYoungGen: 87036K->0K(611840K)] [ParOldGen: 1305187K->379729K(1398272K)] 1392224K->379729K(2010112K), [Metaspace: 2601K->2601K(1056768K)], 0.1177576 secs] [Times: user=0.84 sys=0.02, real=0.12 secs] 
2021-01-21T13:43:10.644+0800: 2.093: [GC (Allocation Failure) [PSYoungGen: 524709K->87033K(611840K)] 904438K->522113K(2010112K), 0.0373098 secs] [Times: user=0.24 sys=0.00, real=0.04 secs] 
2021-01-21T13:43:10.767+0800: 2.215: [GC (Allocation Failure) [PSYoungGen: 611833K->87028K(611840K)] 1046913K->627459K(2010112K), 0.0509778 secs] [Times: user=0.33 sys=0.00, real=0.05 secs] 
2021-01-21T13:43:10.905+0800: 2.353: [GC (Allocation Failure) [PSYoungGen: 611828K->87037K(611840K)] 1152259K->739539K(2010112K), 0.0503190 secs] [Times: user=0.50 sys=0.00, real=0.05 secs] 
2021-01-21T13:43:11.038+0800: 2.487: [GC (Allocation Failure) [PSYoungGen: 611837K->87025K(611840K)] 1264339K->856442K(2010112K), 0.0523811 secs] [Times: user=0.38 sys=0.00, real=0.05 secs] 
2021-01-21T13:43:11.175+0800: 2.624: [GC (Allocation Failure) [PSYoungGen: 611825K->87032K(611840K)] 1381242K->963074K(2010112K), 0.0501378 secs] [Times: user=0.33 sys=0.00, real=0.05 secs] 
2021-01-21T13:43:11.314+0800: 2.764: [GC (Allocation Failure) [PSYoungGen: 611832K->87024K(611840K)] 1487874K->1069090K(2010112K), 0.0493456 secs] [Times: user=0.38 sys=0.00, real=0.05 secs] 
2021-01-21T13:43:11.450+0800: 2.899: [GC (Allocation Failure) [PSYoungGen: 611824K->87026K(611840K)] 1593890K->1186718K(2010112K), 0.0535260 secs] [Times: user=0.50 sys=0.00, real=0.05 secs] 
2021-01-21T13:43:11.591+0800: 3.041: [GC (Allocation Failure) [PSYoungGen: 611826K->87039K(611840K)] 1711518K->1292811K(2010112K), 0.0505030 secs] [Times: user=0.50 sys=0.00, real=0.05 secs] 
Heap
 PSYoungGen      total 611840K, used 108721K [0x00000000d5580000, 0x0000000100000000, 0x0000000100000000)
  eden space 524800K, 4% used [0x00000000d5580000,0x00000000d6aac738,0x00000000f5600000)
  from space 87040K, 99% used [0x00000000fab00000,0x00000000ffffff40,0x0000000100000000)
  to   space 87040K, 0% used [0x00000000f5600000,0x00000000f5600000,0x00000000fab00000)
 ParOldGen       total 1398272K, used 1205771K [0x0000000080000000, 0x00000000d5580000, 0x00000000d5580000)
  object space 1398272K, 86% used [0x0000000080000000,0x00000000c9982da0,0x00000000d5580000)
 Metaspace       used 2608K, capacity 4486K, committed 4864K, reserved 1056768K
  class space    used 283K, capacity 386K, committed 512K, reserved 1048576K
