Java HotSpot(TM) 64-Bit Server VM (25.231-b11) for windows-amd64 JRE (1.8.0_231-b11), built on Oct  5 2019 03:11:30 by "java_re" with MS VC++ 10.0 (VS2010)
Memory: 4k page, physical 16377868k(10447496k free), swap 30009356k(20358380k free)
CommandLine flags: -XX:InitialHeapSize=6442450944 -XX:MaxHeapSize=6442450944 -XX:+PrintGC -XX:+PrintGCDateStamps -XX:+PrintGCDetails -XX:+PrintGCTimeStamps -XX:-UseAdaptiveSizePolicy -XX:+UseCompressedClassPointers -XX:+UseCompressedOops -XX:-UseLargePagesIndividualAllocation -XX:+UseParallelGC 
2021-01-20T21:10:36.315+0800: 0.717: [GC (Allocation Failure) [PSYoungGen: 1572864K->262123K(1835008K)] 1572864K->298376K(6029312K), 0.0617670 secs] [Times: user=0.22 sys=0.28, real=0.06 secs] 
2021-01-20T21:10:36.633+0800: 1.034: [GC (Allocation Failure) [PSYoungGen: 1834987K->262142K(1835008K)] 1871240K->384625K(6029312K), 0.0791762 secs] [Times: user=0.14 sys=0.38, real=0.08 secs] 
2021-01-20T21:10:36.957+0800: 1.358: [GC (Allocation Failure) [PSYoungGen: 1834500K->262141K(1835008K)] 1956983K->486264K(6029312K), 0.0753380 secs] [Times: user=0.47 sys=0.14, real=0.08 secs] 
2021-01-20T21:10:37.275+0800: 1.677: [GC (Allocation Failure) [PSYoungGen: 1835005K->262133K(1835008K)] 2059128K->572016K(6029312K), 0.0725000 secs] [Times: user=0.48 sys=0.06, real=0.07 secs] 
2021-01-20T21:10:37.584+0800: 1.986: [GC (Allocation Failure) [PSYoungGen: 1834997K->262141K(1835008K)] 2144880K->661751K(6029312K), 0.0723769 secs] [Times: user=0.41 sys=0.20, real=0.07 secs] 
2021-01-20T21:10:37.898+0800: 2.299: [GC (Allocation Failure) [PSYoungGen: 1835005K->262143K(1835008K)] 2234615K->753334K(6029312K), 0.0729886 secs] [Times: user=0.52 sys=0.03, real=0.07 secs] 
2021-01-20T21:10:38.207+0800: 2.608: [GC (Allocation Failure) [PSYoungGen: 1835007K->262130K(1835008K)] 2326198K->852528K(6029312K), 0.0738541 secs] [Times: user=0.48 sys=0.14, real=0.07 secs] 
2021-01-20T21:10:38.514+0800: 2.916: [GC (Allocation Failure) [PSYoungGen: 1834994K->262135K(1835008K)] 2425392K->939873K(6029312K), 0.0718642 secs] [Times: user=0.41 sys=0.08, real=0.07 secs] 
Heap
 PSYoungGen      total 1835008K, used 926700K [0x0000000740000000, 0x00000007c0000000, 0x00000007c0000000)
  eden space 1572864K, 42% used [0x0000000740000000,0x00000007688fd460,0x00000007a0000000)
  from space 262144K, 99% used [0x00000007b0000000,0x00000007bfffde68,0x00000007c0000000)
  to   space 262144K, 0% used [0x00000007a0000000,0x00000007a0000000,0x00000007b0000000)
 ParOldGen       total 4194304K, used 677738K [0x0000000640000000, 0x0000000740000000, 0x0000000740000000)
  object space 4194304K, 16% used [0x0000000640000000,0x00000006695da8e0,0x0000000740000000)
 Metaspace       used 2608K, capacity 4486K, committed 4864K, reserved 1056768K
  class space    used 283K, capacity 386K, committed 512K, reserved 1048576K
