Java HotSpot(TM) 64-Bit Server VM (25.231-b11) for windows-amd64 JRE (1.8.0_231-b11), built on Oct  5 2019 03:11:30 by "java_re" with MS VC++ 10.0 (VS2010)
Memory: 4k page, physical 16377868k(10403240k free), swap 30009356k(20313892k free)
CommandLine flags: -XX:InitialHeapSize=4294967296 -XX:MaxHeapSize=4294967296 -XX:+PrintGC -XX:+PrintGCDateStamps -XX:+PrintGCDetails -XX:+PrintGCTimeStamps -XX:-UseAdaptiveSizePolicy -XX:+UseCompressedClassPointers -XX:+UseCompressedOops -XX:-UseLargePagesIndividualAllocation -XX:+UseParallelGC 
2021-01-20T21:03:33.551+0800: 0.519: [GC (Allocation Failure) [PSYoungGen: 1048576K->174585K(1223168K)] 1048576K->239895K(4019712K), 0.0522143 secs] [Times: user=0.16 sys=0.17, real=0.05 secs] 
2021-01-20T21:03:33.771+0800: 0.739: [GC (Allocation Failure) [PSYoungGen: 1223161K->174579K(1223168K)] 1288471K->373893K(4019712K), 0.0643745 secs] [Times: user=0.19 sys=0.31, real=0.07 secs] 
2021-01-20T21:03:33.997+0800: 0.965: [GC (Allocation Failure) [PSYoungGen: 1223155K->174589K(1223168K)] 1422469K->510149K(4019712K), 0.0671194 secs] [Times: user=0.44 sys=0.13, real=0.07 secs] 
2021-01-20T21:03:34.239+0800: 1.207: [GC (Allocation Failure) [PSYoungGen: 1223165K->174575K(1223168K)] 1558725K->647135K(4019712K), 0.0638950 secs] [Times: user=0.39 sys=0.09, real=0.06 secs] 
2021-01-20T21:03:34.464+0800: 1.432: [GC (Allocation Failure) [PSYoungGen: 1223151K->174577K(1223168K)] 1695711K->775622K(4019712K), 0.0632747 secs] [Times: user=0.38 sys=0.09, real=0.06 secs] 
2021-01-20T21:03:34.688+0800: 1.656: [GC (Allocation Failure) [PSYoungGen: 1223153K->174588K(1223168K)] 1824198K->905399K(4019712K), 0.0641897 secs] [Times: user=0.34 sys=0.14, real=0.06 secs] 
2021-01-20T21:03:34.904+0800: 1.872: [GC (Allocation Failure) [PSYoungGen: 1223164K->174585K(1223168K)] 1953975K->1034692K(4019712K), 0.0638879 secs] [Times: user=0.34 sys=0.14, real=0.06 secs] 
2021-01-20T21:03:35.118+0800: 2.086: [GC (Allocation Failure) [PSYoungGen: 1223161K->174588K(1223168K)] 2083268K->1161345K(4019712K), 0.0630790 secs] [Times: user=0.47 sys=0.03, real=0.06 secs] 
2021-01-20T21:03:35.353+0800: 2.320: [GC (Allocation Failure) [PSYoungGen: 1223164K->174591K(1223168K)] 2209921K->1289215K(4019712K), 0.0638260 secs] [Times: user=0.42 sys=0.05, real=0.06 secs] 
2021-01-20T21:03:35.579+0800: 2.547: [GC (Allocation Failure) [PSYoungGen: 1223167K->174588K(1223168K)] 2337791K->1430834K(4019712K), 0.0658905 secs] [Times: user=0.34 sys=0.16, real=0.07 secs] 
2021-01-20T21:03:35.799+0800: 2.767: [GC (Allocation Failure) [PSYoungGen: 1223164K->174579K(1223168K)] 2479410K->1556987K(4019712K), 0.0629235 secs] [Times: user=0.34 sys=0.16, real=0.06 secs] 
2021-01-20T21:03:36.014+0800: 2.982: [GC (Allocation Failure) [PSYoungGen: 1223155K->174579K(1223168K)] 2605563K->1680642K(4019712K), 0.0627197 secs] [Times: user=0.34 sys=0.16, real=0.06 secs] 
Heap
 PSYoungGen      total 1223168K, used 472992K [0x000000076ab00000, 0x00000007c0000000, 0x00000007c0000000)
  eden space 1048576K, 28% used [0x000000076ab00000,0x000000077ce6b338,0x00000007aab00000)
  from space 174592K, 99% used [0x00000007b5580000,0x00000007bfffce78,0x00000007c0000000)
  to   space 174592K, 0% used [0x00000007aab00000,0x00000007aab00000,0x00000007b5580000)
 ParOldGen       total 2796544K, used 1506062K [0x00000006c0000000, 0x000000076ab00000, 0x000000076ab00000)
  object space 2796544K, 53% used [0x00000006c0000000,0x000000071bec3b68,0x000000076ab00000)
 Metaspace       used 2608K, capacity 4486K, committed 4864K, reserved 1056768K
  class space    used 283K, capacity 386K, committed 512K, reserved 1048576K
