Java HotSpot(TM) 64-Bit Server VM (25.231-b11) for windows-amd64 JRE (1.8.0_231-b11), built on Oct  5 2019 03:11:30 by "java_re" with MS VC++ 10.0 (VS2010)
Memory: 4k page, physical 16377868k(10446540k free), swap 30009356k(20362276k free)
CommandLine flags: -XX:InitialHeapSize=8589934592 -XX:MaxHeapSize=8589934592 -XX:+PrintGC -XX:+PrintGCDateStamps -XX:+PrintGCDetails -XX:+PrintGCTimeStamps -XX:-UseAdaptiveSizePolicy -XX:+UseCompressedClassPointers -XX:+UseCompressedOops -XX:-UseLargePagesIndividualAllocation -XX:+UseParallelGC 
2021-01-20T21:11:08.028+0800: 0.934: [GC (Allocation Failure) [PSYoungGen: 2097664K->326410K(2446848K)] 2097664K->326418K(8039424K), 0.0682408 secs] [Times: user=0.16 sys=0.47, real=0.07 secs] 
2021-01-20T21:11:08.439+0800: 1.345: [GC (Allocation Failure) [PSYoungGen: 2424074K->349178K(2446848K)] 2424082K->370716K(8039424K), 0.0771183 secs] [Times: user=0.30 sys=0.33, real=0.08 secs] 
2021-01-20T21:11:08.837+0800: 1.743: [GC (Allocation Failure) [PSYoungGen: 2446842K->349183K(2446848K)] 2468380K->408379K(8039424K), 0.0787647 secs] [Times: user=0.55 sys=0.06, real=0.08 secs] 
2021-01-20T21:11:09.228+0800: 2.135: [GC (Allocation Failure) [PSYoungGen: 2446847K->349163K(2446848K)] 2506043K->430880K(8039424K), 0.0755409 secs] [Times: user=0.63 sys=0.00, real=0.08 secs] 
2021-01-20T21:11:09.614+0800: 2.521: [GC (Allocation Failure) [PSYoungGen: 2446827K->349182K(2446848K)] 2528544K->449000K(8039424K), 0.0749157 secs] [Times: user=0.63 sys=0.00, real=0.07 secs] 
2021-01-20T21:11:09.998+0800: 2.904: [GC (Allocation Failure) [PSYoungGen: 2446846K->349165K(2446848K)] 2546664K->459487K(8039424K), 0.0738004 secs] [Times: user=0.48 sys=0.00, real=0.07 secs] 
Heap
 PSYoungGen      total 2446848K, used 1147953K [0x0000000715580000, 0x00000007c0000000, 0x00000007c0000000)
  eden space 2097664K, 38% used [0x0000000715580000,0x0000000746190dd8,0x0000000795600000)
  from space 349184K, 99% used [0x00000007aab00000,0x00000007bfffb768,0x00000007c0000000)
  to   space 349184K, 0% used [0x0000000795600000,0x0000000795600000,0x00000007aab00000)
 ParOldGen       total 5592576K, used 110322K [0x00000005c0000000, 0x0000000715580000, 0x0000000715580000)
  object space 5592576K, 1% used [0x00000005c0000000,0x00000005c6bbc870,0x0000000715580000)
 Metaspace       used 2608K, capacity 4486K, committed 4864K, reserved 1056768K
  class space    used 283K, capacity 386K, committed 512K, reserved 1048576K
