Java HotSpot(TM) 64-Bit Server VM (25.231-b11) for windows-amd64 JRE (1.8.0_231-b11), built on Oct  5 2019 03:11:30 by "java_re" with MS VC++ 10.0 (VS2010)
Memory: 4k page, physical 16377868k(10540280k free), swap 30009356k(20341416k free)
CommandLine flags: -XX:InitialHeapSize=1073741824 -XX:MaxHeapSize=1073741824 -XX:+PrintGC -XX:+PrintGCDateStamps -XX:+PrintGCDetails -XX:+PrintGCTimeStamps -XX:-UseAdaptiveSizePolicy -XX:+UseCompressedClassPointers -XX:+UseCompressedOops -XX:-UseLargePagesIndividualAllocation -XX:+UseParallelGC 
2021-01-20T19:55:45.545+0800: 0.195: [GC (Allocation Failure) [PSYoungGen: 262144K->43513K(305664K)] 262144K->81609K(1005056K), 0.0179485 secs] [Times: user=0.09 sys=0.03, real=0.02 secs] 
2021-01-20T19:55:45.608+0800: 0.258: [GC (Allocation Failure) [PSYoungGen: 305657K->43518K(305664K)] 343753K->152672K(1005056K), 0.0248163 secs] [Times: user=0.17 sys=0.08, real=0.02 secs] 
2021-01-20T19:55:45.677+0800: 0.328: [GC (Allocation Failure) [PSYoungGen: 305662K->43519K(305664K)] 414816K->224182K(1005056K), 0.0247973 secs] [Times: user=0.06 sys=0.06, real=0.02 secs] 
2021-01-20T19:55:45.741+0800: 0.392: [GC (Allocation Failure) [PSYoungGen: 305663K->43515K(305664K)] 486326K->296460K(1005056K), 0.0254257 secs] [Times: user=0.13 sys=0.00, real=0.03 secs] 
2021-01-20T19:55:45.808+0800: 0.459: [GC (Allocation Failure) [PSYoungGen: 305659K->43519K(305664K)] 558604K->361741K(1005056K), 0.0238211 secs] [Times: user=0.22 sys=0.03, real=0.02 secs] 
2021-01-20T19:55:45.876+0800: 0.526: [GC (Allocation Failure) [PSYoungGen: 305663K->43516K(305664K)] 623885K->427956K(1005056K), 0.0239176 secs] [Times: user=0.20 sys=0.05, real=0.02 secs] 
2021-01-20T19:55:45.941+0800: 0.592: [GC (Allocation Failure) [PSYoungGen: 305660K->43511K(305664K)] 690100K->506801K(1005056K), 0.0264056 secs] [Times: user=0.09 sys=0.03, real=0.03 secs] 
2021-01-20T19:55:46.008+0800: 0.659: [GC (Allocation Failure) [PSYoungGen: 305655K->43508K(305664K)] 768945K->581176K(1005056K), 0.0251614 secs] [Times: user=0.19 sys=0.06, real=0.03 secs] 
2021-01-20T19:55:46.075+0800: 0.726: [GC (Allocation Failure) [PSYoungGen: 305614K->43504K(305664K)] 843282K->653454K(1005056K), 0.0248320 secs] [Times: user=0.17 sys=0.08, real=0.02 secs] 
2021-01-20T19:55:46.100+0800: 0.751: [Full GC (Ergonomics) [PSYoungGen: 43504K->0K(305664K)] [ParOldGen: 609949K->332210K(699392K)] 653454K->332210K(1005056K), [Metaspace: 2601K->2601K(1056768K)], 0.0785917 secs] [Times: user=0.58 sys=0.00, real=0.08 secs] 
2021-01-20T19:55:46.217+0800: 0.868: [GC (Allocation Failure) [PSYoungGen: 262144K->43516K(305664K)] 594354K->410204K(1005056K), 0.0167503 secs] [Times: user=0.13 sys=0.00, real=0.02 secs] 
2021-01-20T19:55:46.276+0800: 0.927: [GC (Allocation Failure) [PSYoungGen: 305660K->43516K(305664K)] 672348K->485582K(1005056K), 0.0249806 secs] [Times: user=0.25 sys=0.00, real=0.03 secs] 
2021-01-20T19:55:46.340+0800: 0.991: [GC (Allocation Failure) [PSYoungGen: 305660K->43519K(305664K)] 747726K->562802K(1005056K), 0.0252916 secs] [Times: user=0.25 sys=0.00, real=0.03 secs] 
2021-01-20T19:55:46.405+0800: 1.056: [GC (Allocation Failure) [PSYoungGen: 305663K->43518K(305664K)] 824946K->638078K(1005056K), 0.0252510 secs] [Times: user=0.22 sys=0.00, real=0.03 secs] 
2021-01-20T19:55:46.476+0800: 1.127: [GC (Allocation Failure) [PSYoungGen: 305662K->43509K(305664K)] 900222K->710876K(1005056K), 0.0253026 secs] [Times: user=0.16 sys=0.08, real=0.02 secs] 
2021-01-20T19:55:46.501+0800: 1.152: [Full GC (Ergonomics) [PSYoungGen: 43509K->0K(305664K)] [ParOldGen: 667366K->359996K(699392K)] 710876K->359996K(1005056K), [Metaspace: 2601K->2601K(1056768K)], 0.0808726 secs] [Times: user=0.63 sys=0.00, real=0.08 secs] 
2021-01-20T19:55:46.622+0800: 1.273: [GC (Allocation Failure) [PSYoungGen: 262144K->43517K(305664K)] 622140K->440293K(1005056K), 0.0170556 secs] [Times: user=0.13 sys=0.00, real=0.02 secs] 
2021-01-20T19:55:46.679+0800: 1.330: [GC (Allocation Failure) [PSYoungGen: 305661K->43518K(305664K)] 702437K->510591K(1005056K), 0.0237230 secs] [Times: user=0.13 sys=0.00, real=0.02 secs] 
2021-01-20T19:55:46.744+0800: 1.395: [GC (Allocation Failure) [PSYoungGen: 305662K->43501K(305664K)] 772735K->590133K(1005056K), 0.0253702 secs] [Times: user=0.25 sys=0.00, real=0.03 secs] 
2021-01-20T19:55:46.808+0800: 1.459: [GC (Allocation Failure) [PSYoungGen: 305645K->43511K(305664K)] 852277K->668559K(1005056K), 0.0251629 secs] [Times: user=0.25 sys=0.00, real=0.03 secs] 
2021-01-20T19:55:46.834+0800: 1.484: [Full GC (Ergonomics) [PSYoungGen: 43511K->0K(305664K)] [ParOldGen: 625048K->377825K(699392K)] 668559K->377825K(1005056K), [Metaspace: 2601K->2601K(1056768K)], 0.0821522 secs] [Times: user=0.63 sys=0.00, real=0.08 secs] 
2021-01-20T19:55:46.954+0800: 1.605: [GC (Allocation Failure) [PSYoungGen: 262144K->43516K(305664K)] 639969K->464431K(1005056K), 0.0181046 secs] [Times: user=0.13 sys=0.02, real=0.02 secs] 
2021-01-20T19:55:47.017+0800: 1.668: [GC (Allocation Failure) [PSYoungGen: 305660K->43515K(305664K)] 726575K->541804K(1005056K), 0.0253870 secs] [Times: user=0.11 sys=0.00, real=0.03 secs] 
2021-01-20T19:55:47.082+0800: 1.733: [GC (Allocation Failure) [PSYoungGen: 305659K->43516K(305664K)] 803948K->620076K(1005056K), 0.0252777 secs] [Times: user=0.13 sys=0.00, real=0.03 secs] 
2021-01-20T19:55:47.146+0800: 1.797: [GC (Allocation Failure) [PSYoungGen: 305660K->43519K(305664K)] 882220K->692238K(1005056K), 0.0244182 secs] [Times: user=0.13 sys=0.00, real=0.03 secs] 
2021-01-20T19:55:47.171+0800: 1.821: [Full GC (Ergonomics) [PSYoungGen: 43519K->0K(305664K)] [ParOldGen: 648718K->381695K(699392K)] 692238K->381695K(1005056K), [Metaspace: 2601K->2601K(1056768K)], 0.0851730 secs] [Times: user=0.73 sys=0.00, real=0.09 secs] 
2021-01-20T19:55:47.297+0800: 1.947: [GC (Allocation Failure) [PSYoungGen: 262144K->43507K(305664K)] 643839K->455143K(1005056K), 0.0159546 secs] [Times: user=0.13 sys=0.00, real=0.02 secs] 
2021-01-20T19:55:47.351+0800: 2.002: [GC (Allocation Failure) [PSYoungGen: 305595K->43508K(305664K)] 717231K->528651K(1005056K), 0.0244594 secs] [Times: user=0.13 sys=0.00, real=0.02 secs] 
2021-01-20T19:55:47.414+0800: 2.064: [GC (Allocation Failure) [PSYoungGen: 305571K->43518K(305664K)] 790714K->604385K(1005056K), 0.0248808 secs] [Times: user=0.25 sys=0.00, real=0.02 secs] 
2021-01-20T19:55:47.478+0800: 2.128: [GC (Allocation Failure) [PSYoungGen: 305662K->43510K(305664K)] 866529K->681989K(1005056K), 0.0252728 secs] [Times: user=0.25 sys=0.00, real=0.03 secs] 
2021-01-20T19:55:47.503+0800: 2.154: [Full GC (Ergonomics) [PSYoungGen: 43510K->0K(305664K)] [ParOldGen: 638479K->381509K(699392K)] 681989K->381509K(1005056K), [Metaspace: 2601K->2601K(1056768K)], 0.0843619 secs] [Times: user=0.61 sys=0.00, real=0.08 secs] 
2021-01-20T19:55:47.626+0800: 2.278: [GC (Allocation Failure) [PSYoungGen: 262144K->43504K(305664K)] 643653K->458979K(1005056K), 0.0164952 secs] [Times: user=0.13 sys=0.00, real=0.02 secs] 
2021-01-20T19:55:47.681+0800: 2.333: [GC (Allocation Failure) [PSYoungGen: 305648K->43518K(305664K)] 721123K->534370K(1005056K), 0.0248818 secs] [Times: user=0.25 sys=0.00, real=0.03 secs] 
2021-01-20T19:55:47.745+0800: 2.396: [GC (Allocation Failure) [PSYoungGen: 305662K->43518K(305664K)] 796514K->614551K(1005056K), 0.0257027 secs] [Times: user=0.25 sys=0.00, real=0.03 secs] 
2021-01-20T19:55:47.809+0800: 2.461: [GC (Allocation Failure) [PSYoungGen: 305662K->43514K(305664K)] 876695K->696549K(1005056K), 0.0263148 secs] [Times: user=0.25 sys=0.00, real=0.03 secs] 
2021-01-20T19:55:47.837+0800: 2.487: [Full GC (Ergonomics) [PSYoungGen: 43514K->0K(305664K)] [ParOldGen: 653034K->381895K(699392K)] 696549K->381895K(1005056K), [Metaspace: 2601K->2601K(1056768K)], 0.0840618 secs] [Times: user=0.63 sys=0.00, real=0.08 secs] 
2021-01-20T19:55:47.959+0800: 2.609: [GC (Allocation Failure) [PSYoungGen: 262144K->43518K(305664K)] 644039K->461617K(1005056K), 0.0170118 secs] [Times: user=0.13 sys=0.00, real=0.02 secs] 
2021-01-20T19:55:48.015+0800: 2.666: [GC (Allocation Failure) [PSYoungGen: 305662K->43512K(305664K)] 723761K->527613K(1005056K), 0.0231303 secs] [Times: user=0.23 sys=0.00, real=0.02 secs] 
2021-01-20T19:55:48.078+0800: 2.729: [GC (Allocation Failure) [PSYoungGen: 305656K->43508K(305664K)] 789757K->603395K(1005056K), 0.0256648 secs] [Times: user=0.22 sys=0.02, real=0.02 secs] 
2021-01-20T19:55:48.144+0800: 2.795: [GC (Allocation Failure) [PSYoungGen: 305298K->43519K(305664K)] 865186K->678825K(1005056K), 0.0252260 secs] [Times: user=0.13 sys=0.00, real=0.02 secs] 
2021-01-20T19:55:48.169+0800: 2.820: [Full GC (Ergonomics) [PSYoungGen: 43519K->0K(305664K)] [ParOldGen: 635305K->377865K(699392K)] 678825K->377865K(1005056K), [Metaspace: 2601K->2601K(1056768K)], 0.0844725 secs] [Times: user=0.73 sys=0.00, real=0.09 secs] 
2021-01-20T19:55:48.294+0800: 2.945: [GC (Allocation Failure) [PSYoungGen: 262144K->43519K(305664K)] 640009K->457777K(1005056K), 0.0171405 secs] [Times: user=0.13 sys=0.00, real=0.02 secs] 
2021-01-20T19:55:48.351+0800: 3.002: [GC (Allocation Failure) [PSYoungGen: 305663K->43516K(305664K)] 719921K->534859K(1005056K), 0.0249838 secs] [Times: user=0.14 sys=0.00, real=0.02 secs] 
2021-01-20T19:55:48.415+0800: 3.066: [GC (Allocation Failure) [PSYoungGen: 305660K->43502K(305664K)] 797003K->604174K(1005056K), 0.0238043 secs] [Times: user=0.13 sys=0.00, real=0.02 secs] 
Heap
 PSYoungGen      total 305664K, used 54196K [0x00000000eab00000, 0x0000000100000000, 0x0000000100000000)
  eden space 262144K, 4% used [0x00000000eab00000,0x00000000eb5719f8,0x00000000fab00000)
  from space 43520K, 99% used [0x00000000fab00000,0x00000000fd57b8a8,0x00000000fd580000)
  to   space 43520K, 0% used [0x00000000fd580000,0x00000000fd580000,0x0000000100000000)
 ParOldGen       total 699392K, used 560672K [0x00000000c0000000, 0x00000000eab00000, 0x00000000eab00000)
  object space 699392K, 80% used [0x00000000c0000000,0x00000000e23882f0,0x00000000eab00000)
 Metaspace       used 2608K, capacity 4486K, committed 4864K, reserved 1056768K
  class space    used 283K, capacity 386K, committed 512K, reserved 1048576K
