Java HotSpot(TM) 64-Bit Server VM (25.231-b11) for windows-amd64 JRE (1.8.0_231-b11), built on Oct  5 2019 03:11:30 by "java_re" with MS VC++ 10.0 (VS2010)
Memory: 4k page, physical 16377868k(9069120k free), swap 30009356k(18243700k free)
CommandLine flags: -XX:InitialHeapSize=2147483648 -XX:MaxHeapSize=2147483648 -XX:ParallelGCThreads=4 -XX:+PrintGC -XX:+PrintGCDateStamps -XX:+PrintGCDetails -XX:+PrintGCTimeStamps -XX:-UseAdaptiveSizePolicy -XX:+UseCompressedClassPointers -XX:+UseCompressedOops -XX:-UseLargePagesIndividualAllocation -XX:+UseParallelGC 
2021-01-21T16:05:08.237+0800: 0.301: [GC (Allocation Failure) [PSYoungGen: 524800K->87033K(611840K)] 524800K->150844K(2010112K), 0.0308615 secs] [Times: user=0.03 sys=0.09, real=0.03 secs] 
2021-01-21T16:05:08.356+0800: 0.420: [GC (Allocation Failure) [PSYoungGen: 611833K->87033K(611840K)] 675644K->266164K(2010112K), 0.0395987 secs] [Times: user=0.03 sys=0.16, real=0.04 secs] 
2021-01-21T16:05:08.481+0800: 0.545: [GC (Allocation Failure) [PSYoungGen: 611833K->87021K(611840K)] 790964K->372321K(2010112K), 0.0407500 secs] [Times: user=0.09 sys=0.09, real=0.04 secs] 
2021-01-21T16:05:08.607+0800: 0.671: [GC (Allocation Failure) [PSYoungGen: 611821K->87029K(611840K)] 897121K->479616K(2010112K), 0.0409772 secs] [Times: user=0.13 sys=0.06, real=0.04 secs] 
2021-01-21T16:05:08.727+0800: 0.790: [GC (Allocation Failure) [PSYoungGen: 611829K->87036K(611840K)] 1004416K->601723K(2010112K), 0.0440709 secs] [Times: user=0.09 sys=0.09, real=0.04 secs] 
2021-01-21T16:05:08.852+0800: 0.915: [GC (Allocation Failure) [PSYoungGen: 611836K->87038K(611840K)] 1126523K->713538K(2010112K), 0.0392957 secs] [Times: user=0.06 sys=0.06, real=0.04 secs] 
2021-01-21T16:05:08.997+0800: 1.061: [GC (Allocation Failure) [PSYoungGen: 611838K->87029K(611840K)] 1238338K->826877K(2010112K), 0.0526899 secs] [Times: user=0.08 sys=0.17, real=0.05 secs] 
2021-01-21T16:05:09.159+0800: 1.223: [GC (Allocation Failure) [PSYoungGen: 611829K->87024K(611840K)] 1351677K->941840K(2010112K), 0.0483795 secs] [Times: user=0.13 sys=0.06, real=0.05 secs] 
2021-01-21T16:05:09.311+0800: 1.375: [GC (Allocation Failure) [PSYoungGen: 611824K->87027K(611840K)] 1466640K->1062557K(2010112K), 0.0479410 secs] [Times: user=0.17 sys=0.02, real=0.05 secs] 
2021-01-21T16:05:09.468+0800: 1.531: [GC (Allocation Failure) [PSYoungGen: 611827K->87034K(611840K)] 1587357K->1171231K(2010112K), 0.0445264 secs] [Times: user=0.09 sys=0.09, real=0.04 secs] 
2021-01-21T16:05:09.621+0800: 1.684: [GC (Allocation Failure) [PSYoungGen: 611834K->87031K(611840K)] 1696031K->1288735K(2010112K), 0.0536671 secs] [Times: user=0.11 sys=0.14, real=0.05 secs] 
2021-01-21T16:05:09.783+0800: 1.846: [GC (Allocation Failure) [PSYoungGen: 611831K->87030K(611840K)] 1813535K->1405459K(2010112K), 0.0442373 secs] [Times: user=0.08 sys=0.05, real=0.04 secs] 
2021-01-21T16:05:09.827+0800: 1.890: [Full GC (Ergonomics) [PSYoungGen: 87030K->0K(611840K)] [ParOldGen: 1318428K->378696K(1398272K)] 1405459K->378696K(2010112K), [Metaspace: 2601K->2601K(1056768K)], 0.0963381 secs] [Times: user=0.38 sys=0.02, real=0.10 secs] 
2021-01-21T16:05:10.015+0800: 2.079: [GC (Allocation Failure) [PSYoungGen: 524800K->87020K(611840K)] 903496K->518553K(2010112K), 0.0294569 secs] [Times: user=0.13 sys=0.00, real=0.03 secs] 
2021-01-21T16:05:10.139+0800: 2.203: [GC (Allocation Failure) [PSYoungGen: 611820K->87029K(611840K)] 1043353K->630450K(2010112K), 0.0391613 secs] [Times: user=0.19 sys=0.00, real=0.04 secs] 
2021-01-21T16:05:10.272+0800: 2.336: [GC (Allocation Failure) [PSYoungGen: 611829K->87033K(611840K)] 1155250K->751420K(2010112K), 0.0415935 secs] [Times: user=0.19 sys=0.00, real=0.04 secs] 
2021-01-21T16:05:10.406+0800: 2.469: [GC (Allocation Failure) [PSYoungGen: 611833K->87029K(611840K)] 1276220K->866286K(2010112K), 0.0388855 secs] [Times: user=0.19 sys=0.00, real=0.04 secs] 
2021-01-21T16:05:10.537+0800: 2.601: [GC (Allocation Failure) [PSYoungGen: 611829K->87023K(611840K)] 1391086K->981980K(2010112K), 0.0414219 secs] [Times: user=0.19 sys=0.00, real=0.04 secs] 
2021-01-21T16:05:10.669+0800: 2.733: [GC (Allocation Failure) [PSYoungGen: 611823K->87039K(611840K)] 1506780K->1095095K(2010112K), 0.0409980 secs] [Times: user=0.19 sys=0.00, real=0.04 secs] 
2021-01-21T16:05:10.807+0800: 2.871: [GC (Allocation Failure) [PSYoungGen: 611839K->87037K(611840K)] 1619895K->1196809K(2010112K), 0.0399703 secs] [Times: user=0.19 sys=0.00, real=0.04 secs] 
2021-01-21T16:05:10.946+0800: 3.009: [GC (Allocation Failure) [PSYoungGen: 611837K->87029K(611840K)] 1721609K->1304390K(2010112K), 0.0386776 secs] [Times: user=0.13 sys=0.00, real=0.04 secs] 
2021-01-21T16:05:11.088+0800: 3.151: [GC (Allocation Failure) [PSYoungGen: 611829K->87027K(611840K)] 1829190K->1422949K(2010112K), 0.0424324 secs] [Times: user=0.14 sys=0.03, real=0.04 secs] 
2021-01-21T16:05:11.130+0800: 3.194: [Full GC (Ergonomics) [PSYoungGen: 87027K->0K(611840K)] [ParOldGen: 1335922K->374669K(1398272K)] 1422949K->374669K(2010112K), [Metaspace: 2601K->2601K(1056768K)], 0.0845413 secs] [Times: user=0.31 sys=0.00, real=0.08 secs] 
2021-01-21T16:05:11.317+0800: 3.380: [GC (Allocation Failure) [PSYoungGen: 524800K->87027K(611840K)] 899469K->528030K(2010112K), 0.0278464 secs] [Times: user=0.08 sys=0.00, real=0.03 secs] 
2021-01-21T16:05:11.453+0800: 3.516: [GC (Allocation Failure) [PSYoungGen: 611827K->87039K(611840K)] 1052830K->638932K(2010112K), 0.0410410 secs] [Times: user=0.19 sys=0.00, real=0.04 secs] 
2021-01-21T16:05:11.597+0800: 3.660: [GC (Allocation Failure) [PSYoungGen: 611839K->87039K(611840K)] 1163732K->755742K(2010112K), 0.0386425 secs] [Times: user=0.13 sys=0.00, real=0.04 secs] 
2021-01-21T16:05:11.739+0800: 3.803: [GC (Allocation Failure) [PSYoungGen: 611839K->87039K(611840K)] 1280542K->866283K(2010112K), 0.0413299 secs] [Times: user=0.11 sys=0.00, real=0.04 secs] 
2021-01-21T16:05:11.889+0800: 3.953: [GC (Allocation Failure) [PSYoungGen: 611839K->87039K(611840K)] 1391083K->973474K(2010112K), 0.0378144 secs] [Times: user=0.19 sys=0.00, real=0.04 secs] 
2021-01-21T16:05:12.021+0800: 4.085: [GC (Allocation Failure) [PSYoungGen: 611839K->87030K(611840K)] 1498274K->1090416K(2010112K), 0.0423000 secs] [Times: user=0.17 sys=0.02, real=0.04 secs] 
2021-01-21T16:05:12.155+0800: 4.219: [GC (Allocation Failure) [PSYoungGen: 611830K->87031K(611840K)] 1615216K->1204470K(2010112K), 0.0413979 secs] [Times: user=0.19 sys=0.00, real=0.04 secs] 
2021-01-21T16:05:12.294+0800: 4.358: [GC (Allocation Failure) [PSYoungGen: 611831K->87023K(611840K)] 1729270K->1310619K(2010112K), 0.0418245 secs] [Times: user=0.19 sys=0.00, real=0.04 secs] 
2021-01-21T16:05:12.430+0800: 4.494: [GC (Allocation Failure) [PSYoungGen: 611823K->87023K(611840K)] 1835419K->1424261K(2010112K), 0.0382002 secs] [Times: user=0.11 sys=0.00, real=0.04 secs] 
2021-01-21T16:05:12.468+0800: 4.532: [Full GC (Ergonomics) [PSYoungGen: 87023K->0K(611840K)] [ParOldGen: 1337238K->376345K(1398272K)] 1424261K->376345K(2010112K), [Metaspace: 2601K->2601K(1056768K)], 0.0805690 secs] [Times: user=0.28 sys=0.00, real=0.08 secs] 
2021-01-21T16:05:12.643+0800: 4.706: [GC (Allocation Failure) [PSYoungGen: 524800K->87030K(611840K)] 901145K->527121K(2010112K), 0.0312899 secs] [Times: user=0.13 sys=0.00, real=0.03 secs] 
2021-01-21T16:05:12.769+0800: 4.832: [GC (Allocation Failure) [PSYoungGen: 611830K->87034K(611840K)] 1051921K->629708K(2010112K), 0.0358425 secs] [Times: user=0.13 sys=0.00, real=0.04 secs] 
2021-01-21T16:05:12.902+0800: 4.965: [GC (Allocation Failure) [PSYoungGen: 611834K->87021K(611840K)] 1154508K->737465K(2010112K), 0.0391876 secs] [Times: user=0.19 sys=0.00, real=0.04 secs] 
2021-01-21T16:05:13.041+0800: 5.104: [GC (Allocation Failure) [PSYoungGen: 611821K->87038K(611840K)] 1262265K->848630K(2010112K), 0.0377811 secs] [Times: user=0.13 sys=0.00, real=0.04 secs] 
2021-01-21T16:05:13.179+0800: 5.243: [GC (Allocation Failure) [PSYoungGen: 611838K->87034K(611840K)] 1373430K->963862K(2010112K), 0.0436221 secs] [Times: user=0.19 sys=0.00, real=0.04 secs] 
2021-01-21T16:05:13.321+0800: 5.384: [GC (Allocation Failure) [PSYoungGen: 611834K->87031K(611840K)] 1488662K->1097487K(2010112K), 0.0438107 secs] [Times: user=0.19 sys=0.00, real=0.04 secs] 
2021-01-21T16:05:13.464+0800: 5.527: [GC (Allocation Failure) [PSYoungGen: 611831K->87032K(611840K)] 1622287K->1206606K(2010112K), 0.0422789 secs] [Times: user=0.19 sys=0.00, real=0.04 secs] 
2021-01-21T16:05:13.597+0800: 5.661: [GC (Allocation Failure) [PSYoungGen: 611832K->87037K(611840K)] 1731406K->1316335K(2010112K), 0.0380355 secs] [Times: user=0.13 sys=0.00, real=0.04 secs] 
2021-01-21T16:05:13.729+0800: 5.793: [GC (Allocation Failure) [PSYoungGen: 611837K->87032K(611840K)] 1841135K->1431123K(2010112K), 0.0403045 secs] [Times: user=0.19 sys=0.00, real=0.04 secs] 
2021-01-21T16:05:13.769+0800: 5.833: [Full GC (Ergonomics) [PSYoungGen: 87032K->0K(611840K)] [ParOldGen: 1344091K->380796K(1398272K)] 1431123K->380796K(2010112K), [Metaspace: 2608K->2608K(1056768K)], 0.0846035 secs] [Times: user=0.31 sys=0.00, real=0.09 secs] 
2021-01-21T16:05:13.954+0800: 6.017: [GC (Allocation Failure) [PSYoungGen: 524800K->87032K(611840K)] 905596K->533283K(2010112K), 0.0277798 secs] [Times: user=0.06 sys=0.00, real=0.03 secs] 
2021-01-21T16:05:14.085+0800: 6.149: [GC (Allocation Failure) [PSYoungGen: 611832K->87037K(611840K)] 1058083K->662148K(2010112K), 0.0429037 secs] [Times: user=0.19 sys=0.00, real=0.04 secs] 
2021-01-21T16:05:14.235+0800: 6.299: [GC (Allocation Failure) [PSYoungGen: 611837K->87028K(611840K)] 1186948K->773931K(2010112K), 0.0385135 secs] [Times: user=0.13 sys=0.00, real=0.04 secs] 
2021-01-21T16:05:14.383+0800: 6.447: [GC (Allocation Failure) [PSYoungGen: 611828K->87028K(611840K)] 1298731K->883977K(2010112K), 0.0411508 secs] [Times: user=0.19 sys=0.00, real=0.04 secs] 
2021-01-21T16:05:14.516+0800: 6.580: [GC (Allocation Failure) [PSYoungGen: 611828K->87013K(611840K)] 1408777K->1008175K(2010112K), 0.0431850 secs] [Times: user=0.19 sys=0.00, real=0.04 secs] 
2021-01-21T16:05:14.656+0800: 6.720: [GC (Allocation Failure) [PSYoungGen: 611813K->87025K(611840K)] 1532975K->1121959K(2010112K), 0.0427587 secs] [Times: user=0.19 sys=0.00, real=0.04 secs] 
2021-01-21T16:05:14.793+0800: 6.856: [GC (Allocation Failure) [PSYoungGen: 611825K->87034K(611840K)] 1646759K->1222097K(2010112K), 0.0372781 secs] [Times: user=0.19 sys=0.00, real=0.04 secs] 
2021-01-21T16:05:14.921+0800: 6.984: [GC (Allocation Failure) [PSYoungGen: 611834K->87031K(611840K)] 1746897K->1331540K(2010112K), 0.0408266 secs] [Times: user=0.19 sys=0.00, real=0.04 secs] 
2021-01-21T16:05:15.057+0800: 7.120: [GC (Allocation Failure) [PSYoungGen: 611831K->87028K(611840K)] 1856340K->1441053K(2010112K), 0.0380038 secs] [Times: user=0.17 sys=0.02, real=0.04 secs] 
2021-01-21T16:05:15.095+0800: 7.158: [Full GC (Ergonomics) [PSYoungGen: 87028K->0K(611840K)] [ParOldGen: 1354024K->379320K(1398272K)] 1441053K->379320K(2010112K), [Metaspace: 2608K->2608K(1056768K)], 0.0824120 secs] [Times: user=0.31 sys=0.00, real=0.08 secs] 
2021-01-21T16:05:15.269+0800: 7.333: [GC (Allocation Failure) [PSYoungGen: 524800K->87032K(611840K)] 904120K->523342K(2010112K), 0.0298744 secs] [Times: user=0.13 sys=0.00, real=0.03 secs] 
2021-01-21T16:05:15.392+0800: 7.455: [GC (Allocation Failure) [PSYoungGen: 611832K->87030K(611840K)] 1048142K->644758K(2010112K), 0.0396802 secs] [Times: user=0.13 sys=0.00, real=0.04 secs] 
2021-01-21T16:05:15.546+0800: 7.609: [GC (Allocation Failure) [PSYoungGen: 611595K->87017K(611840K)] 1169323K->758841K(2010112K), 0.0398143 secs] [Times: user=0.19 sys=0.00, real=0.04 secs] 
2021-01-21T16:05:15.688+0800: 7.751: [GC (Allocation Failure) [PSYoungGen: 611817K->87031K(611840K)] 1283641K->865566K(2010112K), 0.0370130 secs] [Times: user=0.19 sys=0.00, real=0.04 secs] 
2021-01-21T16:05:15.825+0800: 7.888: [GC (Allocation Failure) [PSYoungGen: 611831K->87035K(611840K)] 1390366K->983754K(2010112K), 0.0424520 secs] [Times: user=0.19 sys=0.00, real=0.04 secs] 
2021-01-21T16:05:15.966+0800: 8.029: [GC (Allocation Failure) [PSYoungGen: 611835K->87028K(611840K)] 1508554K->1102117K(2010112K), 0.0393756 secs] [Times: user=0.19 sys=0.00, real=0.04 secs] 
2021-01-21T16:05:16.100+0800: 8.164: [GC (Allocation Failure) [PSYoungGen: 611828K->87031K(611840K)] 1626917K->1214720K(2010112K), 0.0430954 secs] [Times: user=0.19 sys=0.00, real=0.04 secs] 
2021-01-21T16:05:16.239+0800: 8.302: [GC (Allocation Failure) [PSYoungGen: 611831K->87034K(611840K)] 1739520K->1326735K(2010112K), 0.0387212 secs] [Times: user=0.13 sys=0.00, real=0.04 secs] 
2021-01-21T16:05:16.370+0800: 8.433: [GC (Allocation Failure) [PSYoungGen: 611834K->87036K(611840K)] 1851535K->1440298K(2010112K), 0.0412096 secs] [Times: user=0.19 sys=0.00, real=0.04 secs] 
2021-01-21T16:05:16.411+0800: 8.474: [Full GC (Ergonomics) [PSYoungGen: 87036K->0K(611840K)] [ParOldGen: 1353261K->374067K(1398272K)] 1440298K->374067K(2010112K), [Metaspace: 2608K->2608K(1056768K)], 0.0822957 secs] [Times: user=0.31 sys=0.00, real=0.08 secs] 
2021-01-21T16:05:16.594+0800: 8.658: [GC (Allocation Failure) [PSYoungGen: 524800K->87027K(611840K)] 898867K->526514K(2010112K), 0.0290636 secs] [Times: user=0.06 sys=0.00, real=0.03 secs] 
2021-01-21T16:05:16.725+0800: 8.789: [GC (Allocation Failure) [PSYoungGen: 611394K->87027K(611840K)] 1050881K->639497K(2010112K), 0.0409689 secs] [Times: user=0.19 sys=0.00, real=0.04 secs] 
2021-01-21T16:05:16.870+0800: 8.934: [GC (Allocation Failure) [PSYoungGen: 611511K->87026K(611840K)] 1163982K->746624K(2010112K), 0.0364414 secs] [Times: user=0.13 sys=0.00, real=0.04 secs] 
2021-01-21T16:05:17.008+0800: 9.071: [GC (Allocation Failure) [PSYoungGen: 611826K->87031K(611840K)] 1271424K->860257K(2010112K), 0.0409710 secs] [Times: user=0.19 sys=0.00, real=0.04 secs] 
2021-01-21T16:05:17.157+0800: 9.221: [GC (Allocation Failure) [PSYoungGen: 611831K->87036K(611840K)] 1385057K->976097K(2010112K), 0.0412025 secs] [Times: user=0.13 sys=0.00, real=0.04 secs] 
2021-01-21T16:05:17.316+0800: 9.379: [GC (Allocation Failure) [PSYoungGen: 611836K->87025K(611840K)] 1500897K->1087356K(2010112K), 0.0407937 secs] [Times: user=0.13 sys=0.00, real=0.04 secs] 
2021-01-21T16:05:17.442+0800: 9.505: [GC (Allocation Failure) [PSYoungGen: 611509K->87038K(611840K)] 1611840K->1196843K(2010112K), 0.0385776 secs] [Times: user=0.13 sys=0.00, real=0.04 secs] 
2021-01-21T16:05:17.586+0800: 9.649: [GC (Allocation Failure) [PSYoungGen: 611838K->87038K(611840K)] 1721643K->1307379K(2010112K), 0.0422917 secs] [Times: user=0.19 sys=0.00, real=0.04 secs] 
2021-01-21T16:05:17.733+0800: 9.796: [GC (Allocation Failure) [PSYoungGen: 611838K->87033K(611840K)] 1832179K->1416818K(2010112K), 0.0379484 secs] [Times: user=0.19 sys=0.00, real=0.04 secs] 
2021-01-21T16:05:17.771+0800: 9.834: [Full GC (Ergonomics) [PSYoungGen: 87033K->0K(611840K)] [ParOldGen: 1329784K->376927K(1398272K)] 1416818K->376927K(2010112K), [Metaspace: 2608K->2608K(1056768K)], 0.0817574 secs] [Times: user=0.31 sys=0.00, real=0.08 secs] 
2021-01-21T16:05:17.957+0800: 10.020: [GC (Allocation Failure) [PSYoungGen: 524800K->87038K(611840K)] 901727K->526157K(2010112K), 0.0308071 secs] [Times: user=0.13 sys=0.00, real=0.03 secs] 
Heap
 PSYoungGen      total 611840K, used 242086K [0x00000000d5580000, 0x0000000100000000, 0x0000000100000000)
  eden space 524800K, 29% used [0x00000000d5580000,0x00000000decea0d0,0x00000000f5600000)
  from space 87040K, 99% used [0x00000000f5600000,0x00000000faaffae0,0x00000000fab00000)
  to   space 87040K, 0% used [0x00000000fab00000,0x00000000fab00000,0x0000000100000000)
 ParOldGen       total 1398272K, used 439118K [0x0000000080000000, 0x00000000d5580000, 0x00000000d5580000)
  object space 1398272K, 31% used [0x0000000080000000,0x000000009acd3bc8,0x00000000d5580000)
 Metaspace       used 2615K, capacity 4490K, committed 4864K, reserved 1056768K
  class space    used 283K, capacity 386K, committed 512K, reserved 1048576K
