Java HotSpot(TM) 64-Bit Server VM (25.231-b11) for windows-amd64 JRE (1.8.0_231-b11), built on Oct  5 2019 03:11:30 by "java_re" with MS VC++ 10.0 (VS2010)
Memory: 4k page, physical 16377868k(9016668k free), swap 30009356k(18217164k free)
CommandLine flags: -XX:InitialHeapSize=2147483648 -XX:MaxHeapSize=2147483648 -XX:MaxTenuringThreshold=6 -XX:NewRatio=2 -XX:OldPLABSize=16 -XX:ParallelGCThreads=4 -XX:+PrintGC -XX:+PrintGCDateStamps -XX:+PrintGCDetails -XX:+PrintGCTimeStamps -XX:-UseAdaptiveSizePolicy -XX:+UseCompressedClassPointers -XX:+UseCompressedOops -XX:+UseConcMarkSweepGC -XX:-UseLargePagesIndividualAllocation -XX:+UseParNewGC 
2021-01-21T16:06:58.442+0800: 0.316: [GC (Allocation Failure) 2021-01-21T16:06:58.442+0800: 0.316: [ParNew: 559232K->69887K(629120K), 0.0339965 secs] 559232K->141101K(2027264K), 0.0341485 secs] [Times: user=0.06 sys=0.06, real=0.03 secs] 
2021-01-21T16:06:58.565+0800: 0.439: [GC (Allocation Failure) 2021-01-21T16:06:58.565+0800: 0.439: [ParNew: 629119K->69886K(629120K), 0.0466536 secs] 700333K->273262K(2027264K), 0.0467275 secs] [Times: user=0.14 sys=0.05, real=0.05 secs] 
2021-01-21T16:06:58.700+0800: 0.574: [GC (Allocation Failure) 2021-01-21T16:06:58.700+0800: 0.574: [ParNew: 629118K->69888K(629120K), 0.0659019 secs] 832494K->402680K(2027264K), 0.0659759 secs] [Times: user=0.22 sys=0.03, real=0.07 secs] 
2021-01-21T16:06:58.850+0800: 0.724: [GC (Allocation Failure) 2021-01-21T16:06:58.851+0800: 0.725: [ParNew: 629120K->69888K(629120K), 0.0650945 secs] 961912K->530891K(2027264K), 0.0651896 secs] [Times: user=0.22 sys=0.03, real=0.07 secs] 
2021-01-21T16:06:59.000+0800: 0.874: [GC (Allocation Failure) 2021-01-21T16:06:59.000+0800: 0.874: [ParNew: 629120K->69888K(629120K), 0.0626956 secs] 1090123K->656756K(2027264K), 0.0627698 secs] [Times: user=0.19 sys=0.06, real=0.06 secs] 
2021-01-21T16:06:59.148+0800: 1.022: [GC (Allocation Failure) 2021-01-21T16:06:59.148+0800: 1.022: [ParNew: 629120K->69888K(629120K), 0.0743740 secs] 1215988K->792727K(2027264K), 0.0744491 secs] [Times: user=0.25 sys=0.06, real=0.07 secs] 
2021-01-21T16:06:59.223+0800: 1.096: [GC (CMS Initial Mark) [1 CMS-initial-mark: 722839K(1398144K)] 804616K(2027264K), 0.0002478 secs] [Times: user=0.00 sys=0.00, real=0.00 secs] 
2021-01-21T16:06:59.223+0800: 1.097: [CMS-concurrent-mark-start]
2021-01-21T16:06:59.235+0800: 1.109: [CMS-concurrent-mark: 0.012/0.012 secs] [Times: user=0.00 sys=0.00, real=0.01 secs] 
2021-01-21T16:06:59.235+0800: 1.109: [CMS-concurrent-preclean-start]
2021-01-21T16:06:59.237+0800: 1.111: [CMS-concurrent-preclean: 0.002/0.002 secs] [Times: user=0.03 sys=0.00, real=0.00 secs] 
2021-01-21T16:06:59.237+0800: 1.111: [CMS-concurrent-abortable-preclean-start]
2021-01-21T16:06:59.309+0800: 1.183: [GC (Allocation Failure) 2021-01-21T16:06:59.309+0800: 1.183: [ParNew2021-01-21T16:06:59.339+0800: 1.212: [CMS-concurrent-abortable-preclean: 0.002/0.102 secs] [Times: user=0.17 sys=0.02, real=0.10 secs] 
: 629120K->69888K(629120K), 0.0726438 secs] 1351959K->940021K(2027264K), 0.0727225 secs] [Times: user=0.26 sys=0.05, real=0.07 secs] 
2021-01-21T16:06:59.382+0800: 1.256: [GC (CMS Final Remark) [YG occupancy: 70343 K (629120 K)]2021-01-21T16:06:59.382+0800: 1.256: [Rescan (parallel) , 0.0006359 secs]2021-01-21T16:06:59.383+0800: 1.257: [weak refs processing, 0.0000116 secs]2021-01-21T16:06:59.383+0800: 1.257: [class unloading, 0.0002018 secs]2021-01-21T16:06:59.383+0800: 1.257: [scrub symbol table, 0.0003925 secs]2021-01-21T16:06:59.384+0800: 1.257: [scrub string table, 0.0000865 secs][1 CMS-remark: 870133K(1398144K)] 940476K(2027264K), 0.0014203 secs] [Times: user=0.00 sys=0.00, real=0.00 secs] 
2021-01-21T16:06:59.384+0800: 1.257: [CMS-concurrent-sweep-start]
2021-01-21T16:06:59.385+0800: 1.259: [CMS-concurrent-sweep: 0.001/0.001 secs] [Times: user=0.00 sys=0.00, real=0.00 secs] 
2021-01-21T16:06:59.385+0800: 1.259: [CMS-concurrent-reset-start]
2021-01-21T16:06:59.387+0800: 1.261: [CMS-concurrent-reset: 0.002/0.002 secs] [Times: user=0.00 sys=0.00, real=0.00 secs] 
2021-01-21T16:06:59.468+0800: 1.343: [GC (Allocation Failure) 2021-01-21T16:06:59.468+0800: 1.343: [ParNew: 629120K->69888K(629120K), 0.0434900 secs] 1070313K->658344K(2027264K), 0.0436229 secs] [Times: user=0.19 sys=0.00, real=0.04 secs] 
2021-01-21T16:06:59.598+0800: 1.473: [GC (Allocation Failure) 2021-01-21T16:06:59.598+0800: 1.473: [ParNew: 629120K->69888K(629120K), 0.0405975 secs] 1217576K->783777K(2027264K), 0.0406832 secs] [Times: user=0.13 sys=0.00, real=0.04 secs] 
2021-01-21T16:06:59.738+0800: 1.612: [GC (Allocation Failure) 2021-01-21T16:06:59.738+0800: 1.612: [ParNew: 629120K->69888K(629120K), 0.0440700 secs] 1343009K->926652K(2027264K), 0.0441596 secs] [Times: user=0.19 sys=0.00, real=0.04 secs] 
2021-01-21T16:06:59.881+0800: 1.755: [GC (Allocation Failure) 2021-01-21T16:06:59.881+0800: 1.755: [ParNew: 629120K->69888K(629120K), 0.0854847 secs] 1485884K->1066918K(2027264K), 0.0855733 secs] [Times: user=0.28 sys=0.03, real=0.09 secs] 
2021-01-21T16:06:59.967+0800: 1.841: [GC (CMS Initial Mark) [1 CMS-initial-mark: 997030K(1398144K)] 1078096K(2027264K), 0.0001880 secs] [Times: user=0.00 sys=0.00, real=0.00 secs] 
2021-01-21T16:06:59.967+0800: 1.841: [CMS-concurrent-mark-start]
2021-01-21T16:06:59.974+0800: 1.848: [CMS-concurrent-mark: 0.007/0.007 secs] [Times: user=0.03 sys=0.00, real=0.01 secs] 
2021-01-21T16:06:59.974+0800: 1.849: [CMS-concurrent-preclean-start]
2021-01-21T16:06:59.976+0800: 1.851: [CMS-concurrent-preclean: 0.002/0.002 secs] [Times: user=0.00 sys=0.00, real=0.00 secs] 
2021-01-21T16:06:59.976+0800: 1.851: [CMS-concurrent-abortable-preclean-start]
2021-01-21T16:07:00.071+0800: 1.946: [GC (Allocation Failure) 2021-01-21T16:07:00.071+0800: 1.946: [ParNew2021-01-21T16:07:00.080+0800: 1.954: [CMS-concurrent-abortable-preclean: 0.002/0.103 secs] [Times: user=0.16 sys=0.00, real=0.10 secs] 
: 629120K->69888K(629120K), 0.0759955 secs] 1626150K->1198004K(2027264K), 0.0760851 secs] [Times: user=0.28 sys=0.03, real=0.08 secs] 
2021-01-21T16:07:00.148+0800: 2.022: [GC (CMS Final Remark) [YG occupancy: 81068 K (629120 K)]2021-01-21T16:07:00.148+0800: 2.022: [Rescan (parallel) , 0.0010677 secs]2021-01-21T16:07:00.149+0800: 2.023: [weak refs processing, 0.0000188 secs]2021-01-21T16:07:00.149+0800: 2.023: [class unloading, 0.0002437 secs]2021-01-21T16:07:00.149+0800: 2.023: [scrub symbol table, 0.0005133 secs]2021-01-21T16:07:00.149+0800: 2.024: [scrub string table, 0.0001277 secs][1 CMS-remark: 1128116K(1398144K)] 1209185K(2027264K), 0.0020814 secs] [Times: user=0.00 sys=0.00, real=0.00 secs] 
2021-01-21T16:07:00.150+0800: 2.024: [CMS-concurrent-sweep-start]
2021-01-21T16:07:00.152+0800: 2.027: [CMS-concurrent-sweep: 0.002/0.002 secs] [Times: user=0.00 sys=0.00, real=0.00 secs] 
2021-01-21T16:07:00.152+0800: 2.027: [CMS-concurrent-reset-start]
2021-01-21T16:07:00.154+0800: 2.029: [CMS-concurrent-reset: 0.002/0.002 secs] [Times: user=0.00 sys=0.00, real=0.00 secs] 
2021-01-21T16:07:00.248+0800: 2.122: [GC (Allocation Failure) 2021-01-21T16:07:00.248+0800: 2.122: [ParNew: 629120K->69888K(629120K), 0.0464095 secs] 1076132K->667183K(2027264K), 0.0464982 secs] [Times: user=0.19 sys=0.00, real=0.05 secs] 
2021-01-21T16:07:00.394+0800: 2.268: [GC (Allocation Failure) 2021-01-21T16:07:00.394+0800: 2.268: [ParNew: 629120K->69888K(629120K), 0.0432699 secs] 1226415K->800808K(2027264K), 0.0433626 secs] [Times: user=0.13 sys=0.00, real=0.04 secs] 
2021-01-21T16:07:00.538+0800: 2.412: [GC (Allocation Failure) 2021-01-21T16:07:00.538+0800: 2.412: [ParNew: 629120K->69888K(629120K), 0.0432477 secs] 1360040K->940448K(2027264K), 0.0433352 secs] [Times: user=0.19 sys=0.00, real=0.04 secs] 
2021-01-21T16:07:00.692+0800: 2.566: [GC (Allocation Failure) 2021-01-21T16:07:00.692+0800: 2.566: [ParNew: 629120K->69888K(629120K), 0.0495297 secs] 1499680K->1073328K(2027264K), 0.0496236 secs] [Times: user=0.19 sys=0.00, real=0.05 secs] 
2021-01-21T16:07:00.742+0800: 2.616: [GC (CMS Initial Mark) [1 CMS-initial-mark: 1003440K(1398144K)] 1073830K(2027264K), 0.0001594 secs] [Times: user=0.00 sys=0.00, real=0.00 secs] 
2021-01-21T16:07:00.742+0800: 2.616: [CMS-concurrent-mark-start]
2021-01-21T16:07:00.753+0800: 2.627: [CMS-concurrent-mark: 0.011/0.011 secs] [Times: user=0.03 sys=0.00, real=0.01 secs] 
2021-01-21T16:07:00.753+0800: 2.627: [CMS-concurrent-preclean-start]
2021-01-21T16:07:00.755+0800: 2.629: [CMS-concurrent-preclean: 0.002/0.002 secs] [Times: user=0.00 sys=0.00, real=0.00 secs] 
2021-01-21T16:07:00.755+0800: 2.629: [CMS-concurrent-abortable-preclean-start]
2021-01-21T16:07:00.895+0800: 2.769: [GC (Allocation Failure) 2021-01-21T16:07:00.896+0800: 2.770: [ParNew: 629120K->69888K(629120K), 0.0538565 secs] 1632560K->1205250K(2027264K), 0.0539577 secs] [Times: user=0.17 sys=0.00, real=0.05 secs] 
2021-01-21T16:07:00.950+0800: 2.824: [CMS-concurrent-abortable-preclean: 0.005/0.194 secs] [Times: user=0.31 sys=0.00, real=0.19 secs] 
2021-01-21T16:07:00.950+0800: 2.824: [GC (CMS Final Remark) [YG occupancy: 82028 K (629120 K)]2021-01-21T16:07:00.950+0800: 2.824: [Rescan (parallel) , 0.0009820 secs]2021-01-21T16:07:00.951+0800: 2.825: [weak refs processing, 0.0000166 secs]2021-01-21T16:07:00.951+0800: 2.825: [class unloading, 0.0002253 secs]2021-01-21T16:07:00.951+0800: 2.825: [scrub symbol table, 0.0004818 secs]2021-01-21T16:07:00.951+0800: 2.825: [scrub string table, 0.0001272 secs][1 CMS-remark: 1135362K(1398144K)] 1217390K(2027264K), 0.0019339 secs] [Times: user=0.00 sys=0.00, real=0.00 secs] 
2021-01-21T16:07:00.952+0800: 2.826: [CMS-concurrent-sweep-start]
2021-01-21T16:07:00.955+0800: 2.829: [CMS-concurrent-sweep: 0.003/0.003 secs] [Times: user=0.03 sys=0.00, real=0.00 secs] 
2021-01-21T16:07:00.955+0800: 2.829: [CMS-concurrent-reset-start]
2021-01-21T16:07:00.957+0800: 2.831: [CMS-concurrent-reset: 0.002/0.002 secs] [Times: user=0.00 sys=0.00, real=0.00 secs] 
2021-01-21T16:07:01.055+0800: 2.929: [GC (Allocation Failure) 2021-01-21T16:07:01.055+0800: 2.929: [ParNew: 629120K->69888K(629120K), 0.0422807 secs] 1079962K->653117K(2027264K), 0.0423742 secs] [Times: user=0.19 sys=0.00, real=0.04 secs] 
2021-01-21T16:07:01.195+0800: 3.069: [GC (Allocation Failure) 2021-01-21T16:07:01.195+0800: 3.069: [ParNew: 629120K->69888K(629120K), 0.0435016 secs] 1212349K->787359K(2027264K), 0.0435910 secs] [Times: user=0.19 sys=0.00, real=0.04 secs] 
2021-01-21T16:07:01.334+0800: 3.209: [GC (Allocation Failure) 2021-01-21T16:07:01.334+0800: 3.209: [ParNew: 629120K->69888K(629120K), 0.0451181 secs] 1346591K->925393K(2027264K), 0.0452063 secs] [Times: user=0.19 sys=0.00, real=0.05 secs] 
2021-01-21T16:07:01.479+0800: 3.353: [GC (Allocation Failure) 2021-01-21T16:07:01.479+0800: 3.354: [ParNew: 629120K->69888K(629120K), 0.0477442 secs] 1484625K->1070482K(2027264K), 0.0478372 secs] [Times: user=0.19 sys=0.00, real=0.05 secs] 
2021-01-21T16:07:01.527+0800: 3.401: [GC (CMS Initial Mark) [1 CMS-initial-mark: 1000594K(1398144K)] 1071007K(2027264K), 0.0002545 secs] [Times: user=0.00 sys=0.00, real=0.00 secs] 
2021-01-21T16:07:01.528+0800: 3.402: [CMS-concurrent-mark-start]
2021-01-21T16:07:01.534+0800: 3.409: [CMS-concurrent-mark: 0.007/0.007 secs] [Times: user=0.03 sys=0.00, real=0.01 secs] 
2021-01-21T16:07:01.534+0800: 3.409: [CMS-concurrent-preclean-start]
2021-01-21T16:07:01.536+0800: 3.411: [CMS-concurrent-preclean: 0.002/0.002 secs] [Times: user=0.00 sys=0.00, real=0.00 secs] 
2021-01-21T16:07:01.536+0800: 3.411: [CMS-concurrent-abortable-preclean-start]
2021-01-21T16:07:01.629+0800: 3.503: [GC (Allocation Failure) 2021-01-21T16:07:01.629+0800: 3.503: [ParNew2021-01-21T16:07:01.640+0800: 3.514: [CMS-concurrent-abortable-preclean: 0.002/0.103 secs] [Times: user=0.09 sys=0.00, real=0.10 secs] 
: 629120K->69888K(629120K), 0.0440047 secs] 1629714K->1207136K(2027264K), 0.0440954 secs] [Times: user=0.19 sys=0.00, real=0.04 secs] 
2021-01-21T16:07:01.673+0800: 3.548: [GC (CMS Final Remark) [YG occupancy: 81428 K (629120 K)]2021-01-21T16:07:01.674+0800: 3.548: [Rescan (parallel) , 0.0010458 secs]2021-01-21T16:07:01.675+0800: 3.549: [weak refs processing, 0.0000191 secs]2021-01-21T16:07:01.675+0800: 3.549: [class unloading, 0.0002181 secs]2021-01-21T16:07:01.675+0800: 3.549: [scrub symbol table, 0.0004487 secs]2021-01-21T16:07:01.675+0800: 3.549: [scrub string table, 0.0001144 secs][1 CMS-remark: 1137248K(1398144K)] 1218676K(2027264K), 0.0019697 secs] [Times: user=0.00 sys=0.00, real=0.00 secs] 
2021-01-21T16:07:01.676+0800: 3.550: [CMS-concurrent-sweep-start]
2021-01-21T16:07:01.678+0800: 3.553: [CMS-concurrent-sweep: 0.003/0.003 secs] [Times: user=0.00 sys=0.00, real=0.00 secs] 
2021-01-21T16:07:01.678+0800: 3.553: [CMS-concurrent-reset-start]
2021-01-21T16:07:01.681+0800: 3.555: [CMS-concurrent-reset: 0.002/0.002 secs] [Times: user=0.00 sys=0.00, real=0.00 secs] 
2021-01-21T16:07:01.774+0800: 3.649: [GC (Allocation Failure) 2021-01-21T16:07:01.774+0800: 3.649: [ParNew: 629120K->69888K(629120K), 0.0453506 secs] 1091469K->676844K(2027264K), 0.0454393 secs] [Times: user=0.19 sys=0.00, real=0.05 secs] 
2021-01-21T16:07:01.915+0800: 3.789: [GC (Allocation Failure) 2021-01-21T16:07:01.915+0800: 3.789: [ParNew: 629120K->69888K(629120K), 0.0450630 secs] 1236076K->823648K(2027264K), 0.0451518 secs] [Times: user=0.19 sys=0.00, real=0.05 secs] 
2021-01-21T16:07:02.061+0800: 3.935: [GC (Allocation Failure) 2021-01-21T16:07:02.061+0800: 3.935: [ParNew: 629120K->69888K(629120K), 0.0453212 secs] 1382880K->970590K(2027264K), 0.0454083 secs] [Times: user=0.17 sys=0.02, real=0.04 secs] 
2021-01-21T16:07:02.106+0800: 3.980: [GC (CMS Initial Mark) [1 CMS-initial-mark: 900702K(1398144K)] 971304K(2027264K), 0.0001408 secs] [Times: user=0.00 sys=0.00, real=0.00 secs] 
2021-01-21T16:07:02.106+0800: 3.980: [CMS-concurrent-mark-start]
2021-01-21T16:07:02.114+0800: 3.988: [CMS-concurrent-mark: 0.007/0.007 secs] [Times: user=0.03 sys=0.00, real=0.01 secs] 
2021-01-21T16:07:02.114+0800: 3.988: [CMS-concurrent-preclean-start]
2021-01-21T16:07:02.116+0800: 3.990: [CMS-concurrent-preclean: 0.002/0.002 secs] [Times: user=0.00 sys=0.00, real=0.00 secs] 
2021-01-21T16:07:02.116+0800: 3.990: [CMS-concurrent-abortable-preclean-start]
2021-01-21T16:07:02.209+0800: 4.083: [GC (Allocation Failure) 2021-01-21T16:07:02.209+0800: 4.083: [ParNew2021-01-21T16:07:02.219+0800: 4.092: [CMS-concurrent-abortable-preclean: 0.002/0.103 secs] [Times: user=0.09 sys=0.00, real=0.10 secs] 
: 629120K->69888K(629120K), 0.0530428 secs] 1529822K->1116965K(2027264K), 0.0531619 secs] [Times: user=0.19 sys=0.00, real=0.05 secs] 
2021-01-21T16:07:02.263+0800: 4.137: [GC (CMS Final Remark) [YG occupancy: 70311 K (629120 K)]2021-01-21T16:07:02.263+0800: 4.137: [Rescan (parallel) , 0.0018259 secs]2021-01-21T16:07:02.265+0800: 4.139: [weak refs processing, 0.0000249 secs]2021-01-21T16:07:02.265+0800: 4.139: [class unloading, 0.0003377 secs]2021-01-21T16:07:02.265+0800: 4.139: [scrub symbol table, 0.0007477 secs]2021-01-21T16:07:02.266+0800: 4.140: [scrub string table, 0.0001271 secs][1 CMS-remark: 1047077K(1398144K)] 1117388K(2027264K), 0.0032200 secs] [Times: user=0.00 sys=0.00, real=0.00 secs] 
2021-01-21T16:07:02.266+0800: 4.140: [CMS-concurrent-sweep-start]
2021-01-21T16:07:02.270+0800: 4.144: [CMS-concurrent-sweep: 0.004/0.004 secs] [Times: user=0.03 sys=0.00, real=0.00 secs] 
2021-01-21T16:07:02.270+0800: 4.144: [CMS-concurrent-reset-start]
2021-01-21T16:07:02.272+0800: 4.146: [CMS-concurrent-reset: 0.002/0.002 secs] [Times: user=0.00 sys=0.00, real=0.00 secs] 
2021-01-21T16:07:02.384+0800: 4.258: [GC (Allocation Failure) 2021-01-21T16:07:02.384+0800: 4.258: [ParNew: 629120K->69888K(629120K), 0.0548940 secs] 1112135K->689656K(2027264K), 0.0549859 secs] [Times: user=0.25 sys=0.00, real=0.05 secs] 
2021-01-21T16:07:02.554+0800: 4.429: [GC (Allocation Failure) 2021-01-21T16:07:02.554+0800: 4.429: [ParNew: 629120K->69888K(629120K), 0.0507263 secs] 1248888K->822497K(2027264K), 0.0508111 secs] [Times: user=0.17 sys=0.02, real=0.05 secs] 
2021-01-21T16:07:02.718+0800: 4.593: [GC (Allocation Failure) 2021-01-21T16:07:02.718+0800: 4.593: [ParNew: 629120K->69888K(629120K), 0.0520601 secs] 1381729K->956983K(2027264K), 0.0521494 secs] [Times: user=0.23 sys=0.01, real=0.05 secs] 
2021-01-21T16:07:02.885+0800: 4.759: [GC (Allocation Failure) 2021-01-21T16:07:02.885+0800: 4.760: [ParNew: 629120K->69888K(629120K), 0.0512498 secs] 1516215K->1090325K(2027264K), 0.0514241 secs] [Times: user=0.19 sys=0.00, real=0.05 secs] 
2021-01-21T16:07:02.937+0800: 4.811: [GC (CMS Initial Mark) [1 CMS-initial-mark: 1020437K(1398144K)] 1090970K(2027264K), 0.0001432 secs] [Times: user=0.00 sys=0.00, real=0.00 secs] 
2021-01-21T16:07:02.937+0800: 4.811: [CMS-concurrent-mark-start]
2021-01-21T16:07:02.946+0800: 4.820: [CMS-concurrent-mark: 0.009/0.009 secs] [Times: user=0.03 sys=0.00, real=0.01 secs] 
2021-01-21T16:07:02.946+0800: 4.820: [CMS-concurrent-preclean-start]
2021-01-21T16:07:02.949+0800: 4.823: [CMS-concurrent-preclean: 0.003/0.003 secs] [Times: user=0.00 sys=0.00, real=0.00 secs] 
2021-01-21T16:07:02.949+0800: 4.823: [CMS-concurrent-abortable-preclean-start]
2021-01-21T16:07:03.049+0800: 4.923: [GC (Allocation Failure) 2021-01-21T16:07:03.049+0800: 4.924: [ParNew2021-01-21T16:07:03.052+0800: 4.926: [CMS-concurrent-abortable-preclean: 0.002/0.103 secs] [Times: user=0.11 sys=0.00, real=0.10 secs] 
: 629120K->69888K(629120K), 0.0613501 secs] 1649557K->1231867K(2027264K), 0.0614427 secs] [Times: user=0.23 sys=0.02, real=0.06 secs] 
2021-01-21T16:07:03.111+0800: 4.985: [GC (CMS Final Remark) [YG occupancy: 70579 K (629120 K)]2021-01-21T16:07:03.111+0800: 4.985: [Rescan (parallel) , 0.0012460 secs]2021-01-21T16:07:03.112+0800: 4.986: [weak refs processing, 0.0000212 secs]2021-01-21T16:07:03.112+0800: 4.986: [class unloading, 0.0002627 secs]2021-01-21T16:07:03.112+0800: 4.987: [scrub symbol table, 0.0007377 secs]2021-01-21T16:07:03.113+0800: 4.987: [scrub string table, 0.0001805 secs][1 CMS-remark: 1161979K(1398144K)] 1232558K(2027264K), 0.0025870 secs] [Times: user=0.00 sys=0.00, real=0.00 secs] 
2021-01-21T16:07:03.113+0800: 4.988: [CMS-concurrent-sweep-start]
2021-01-21T16:07:03.118+0800: 4.992: [CMS-concurrent-sweep: 0.004/0.004 secs] [Times: user=0.00 sys=0.00, real=0.01 secs] 
2021-01-21T16:07:03.118+0800: 4.992: [CMS-concurrent-reset-start]
2021-01-21T16:07:03.120+0800: 4.994: [CMS-concurrent-reset: 0.002/0.002 secs] [Times: user=0.00 sys=0.00, real=0.00 secs] 
2021-01-21T16:07:03.223+0800: 5.097: [GC (Allocation Failure) 2021-01-21T16:07:03.223+0800: 5.097: [ParNew: 629120K->69888K(629120K), 0.0456712 secs] 1090806K->683429K(2027264K), 0.0457633 secs] [Times: user=0.19 sys=0.00, real=0.05 secs] 
2021-01-21T16:07:03.371+0800: 5.245: [GC (Allocation Failure) 2021-01-21T16:07:03.371+0800: 5.245: [ParNew: 629120K->69888K(629120K), 0.0411201 secs] 1242661K->811704K(2027264K), 0.0412098 secs] [Times: user=0.19 sys=0.00, real=0.04 secs] 
2021-01-21T16:07:03.514+0800: 5.388: [GC (Allocation Failure) 2021-01-21T16:07:03.514+0800: 5.388: [ParNew: 629120K->69888K(629120K), 0.0434638 secs] 1370936K->946599K(2027264K), 0.0435525 secs] [Times: user=0.19 sys=0.00, real=0.04 secs] 
2021-01-21T16:07:03.656+0800: 5.530: [GC (Allocation Failure) 2021-01-21T16:07:03.656+0800: 5.530: [ParNew: 629120K->69888K(629120K), 0.0446158 secs] 1505831K->1095445K(2027264K), 0.0447045 secs] [Times: user=0.19 sys=0.00, real=0.04 secs] 
2021-01-21T16:07:03.701+0800: 5.575: [GC (CMS Initial Mark) [1 CMS-initial-mark: 1025557K(1398144K)] 1106927K(2027264K), 0.0001984 secs] [Times: user=0.00 sys=0.00, real=0.00 secs] 
2021-01-21T16:07:03.701+0800: 5.575: [CMS-concurrent-mark-start]
2021-01-21T16:07:03.708+0800: 5.582: [CMS-concurrent-mark: 0.007/0.007 secs] [Times: user=0.03 sys=0.00, real=0.01 secs] 
2021-01-21T16:07:03.708+0800: 5.582: [CMS-concurrent-preclean-start]
2021-01-21T16:07:03.710+0800: 5.584: [CMS-concurrent-preclean: 0.002/0.002 secs] [Times: user=0.00 sys=0.00, real=0.00 secs] 
2021-01-21T16:07:03.710+0800: 5.584: [CMS-concurrent-abortable-preclean-start]
2021-01-21T16:07:03.800+0800: 5.674: [GC (Allocation Failure) 2021-01-21T16:07:03.800+0800: 5.674: [ParNew2021-01-21T16:07:03.814+0800: 5.687: [CMS-concurrent-abortable-preclean: 0.002/0.103 secs] [Times: user=0.16 sys=0.00, real=0.10 secs] 
: 629120K->69888K(629120K), 0.0417015 secs] 1654677K->1229811K(2027264K), 0.0417903 secs] [Times: user=0.13 sys=0.00, real=0.04 secs] 
2021-01-21T16:07:03.842+0800: 5.716: [GC (CMS Final Remark) [YG occupancy: 81128 K (629120 K)]2021-01-21T16:07:03.842+0800: 5.716: [Rescan (parallel) , 0.0010706 secs]2021-01-21T16:07:03.843+0800: 5.717: [weak refs processing, 0.0000173 secs]2021-01-21T16:07:03.843+0800: 5.717: [class unloading, 0.0002252 secs]2021-01-21T16:07:03.843+0800: 5.717: [scrub symbol table, 0.0004528 secs]2021-01-21T16:07:03.844+0800: 5.718: [scrub string table, 0.0001195 secs][1 CMS-remark: 1159923K(1398144K)] 1241051K(2027264K), 0.0019900 secs] [Times: user=0.00 sys=0.00, real=0.00 secs] 
2021-01-21T16:07:03.844+0800: 5.718: [CMS-concurrent-sweep-start]
2021-01-21T16:07:03.848+0800: 5.721: [CMS-concurrent-sweep: 0.003/0.003 secs] [Times: user=0.03 sys=0.00, real=0.00 secs] 
2021-01-21T16:07:03.848+0800: 5.721: [CMS-concurrent-reset-start]
2021-01-21T16:07:03.850+0800: 5.723: [CMS-concurrent-reset: 0.002/0.002 secs] [Times: user=0.00 sys=0.00, real=0.00 secs] 
2021-01-21T16:07:03.944+0800: 5.818: [GC (Allocation Failure) 2021-01-21T16:07:03.944+0800: 5.818: [ParNew: 629120K->69888K(629120K), 0.0424712 secs] 1095519K->672517K(2027264K), 0.0425617 secs] [Times: user=0.16 sys=0.00, real=0.04 secs] 
2021-01-21T16:07:04.083+0800: 5.957: [GC (Allocation Failure) 2021-01-21T16:07:04.083+0800: 5.957: [ParNew: 629120K->69888K(629120K), 0.0420440 secs] 1231749K->811410K(2027264K), 0.0421325 secs] [Times: user=0.13 sys=0.00, real=0.04 secs] 
2021-01-21T16:07:04.226+0800: 6.100: [GC (Allocation Failure) 2021-01-21T16:07:04.226+0800: 6.100: [ParNew: 629120K->69888K(629120K), 0.0421177 secs] 1370642K->950367K(2027264K), 0.0422082 secs] [Times: user=0.19 sys=0.00, real=0.04 secs] 
2021-01-21T16:07:04.361+0800: 6.236: [GC (Allocation Failure) 2021-01-21T16:07:04.362+0800: 6.236: [ParNew: 629120K->69888K(629120K), 0.0475430 secs] 1509599K->1100311K(2027264K), 0.0476340 secs] [Times: user=0.19 sys=0.00, real=0.05 secs] 
2021-01-21T16:07:04.409+0800: 6.284: [GC (CMS Initial Mark) [1 CMS-initial-mark: 1030423K(1398144K)] 1111653K(2027264K), 0.0001665 secs] [Times: user=0.00 sys=0.00, real=0.00 secs] 
2021-01-21T16:07:04.410+0800: 6.284: [CMS-concurrent-mark-start]
2021-01-21T16:07:04.416+0800: 6.291: [CMS-concurrent-mark: 0.007/0.007 secs] [Times: user=0.00 sys=0.00, real=0.01 secs] 
2021-01-21T16:07:04.417+0800: 6.291: [CMS-concurrent-preclean-start]
2021-01-21T16:07:04.419+0800: 6.293: [CMS-concurrent-preclean: 0.002/0.002 secs] [Times: user=0.00 sys=0.00, real=0.00 secs] 
2021-01-21T16:07:04.419+0800: 6.293: [CMS-concurrent-abortable-preclean-start]
2021-01-21T16:07:04.509+0800: 6.384: [GC (Allocation Failure) 2021-01-21T16:07:04.509+0800: 6.384: [ParNew2021-01-21T16:07:04.522+0800: 6.396: [CMS-concurrent-abortable-preclean: 0.002/0.103 secs] [Times: user=0.16 sys=0.00, real=0.10 secs] 
: 629120K->69888K(629120K), 0.0442258 secs] 1659543K->1237128K(2027264K), 0.0443194 secs] [Times: user=0.19 sys=0.00, real=0.04 secs] 
2021-01-21T16:07:04.554+0800: 6.429: [GC (CMS Final Remark) [YG occupancy: 81171 K (629120 K)]2021-01-21T16:07:04.554+0800: 6.429: [Rescan (parallel) , 0.0010047 secs]2021-01-21T16:07:04.555+0800: 6.430: [weak refs processing, 0.0000183 secs]2021-01-21T16:07:04.555+0800: 6.430: [class unloading, 0.0002284 secs]2021-01-21T16:07:04.555+0800: 6.430: [scrub symbol table, 0.0005010 secs]2021-01-21T16:07:04.556+0800: 6.430: [scrub string table, 0.0001146 secs][1 CMS-remark: 1167240K(1398144K)] 1248412K(2027264K), 0.0019882 secs] [Times: user=0.00 sys=0.00, real=0.00 secs] 
2021-01-21T16:07:04.556+0800: 6.431: [CMS-concurrent-sweep-start]
2021-01-21T16:07:04.559+0800: 6.434: [CMS-concurrent-sweep: 0.003/0.003 secs] [Times: user=0.00 sys=0.00, real=0.00 secs] 
2021-01-21T16:07:04.560+0800: 6.434: [CMS-concurrent-reset-start]
2021-01-21T16:07:04.562+0800: 6.436: [CMS-concurrent-reset: 0.002/0.002 secs] [Times: user=0.00 sys=0.00, real=0.00 secs] 
2021-01-21T16:07:04.658+0800: 6.532: [GC (Allocation Failure) 2021-01-21T16:07:04.658+0800: 6.533: [ParNew: 629120K->69888K(629120K), 0.0441943 secs] 1095632K->671179K(2027264K), 0.0442893 secs] [Times: user=0.13 sys=0.00, real=0.04 secs] 
2021-01-21T16:07:04.796+0800: 6.670: [GC (Allocation Failure) 2021-01-21T16:07:04.796+0800: 6.670: [ParNew: 629120K->69888K(629120K), 0.0439828 secs] 1230411K->823276K(2027264K), 0.0440743 secs] [Times: user=0.19 sys=0.00, real=0.04 secs] 
2021-01-21T16:07:04.943+0800: 6.817: [GC (Allocation Failure) 2021-01-21T16:07:04.943+0800: 6.817: [ParNew: 629120K->69888K(629120K), 0.0404542 secs] 1382508K->953127K(2027264K), 0.0405458 secs] [Times: user=0.13 sys=0.00, real=0.04 secs] 
2021-01-21T16:07:05.100+0800: 6.974: [GC (Allocation Failure) 2021-01-21T16:07:05.100+0800: 6.975: [ParNew: 628620K->69888K(629120K), 0.0694118 secs] 1511859K->1104414K(2027264K), 0.0695017 secs] [Times: user=0.22 sys=0.01, real=0.07 secs] 
2021-01-21T16:07:05.170+0800: 7.044: [GC (CMS Initial Mark) [1 CMS-initial-mark: 1034526K(1398144K)] 1104981K(2027264K), 0.0001608 secs] [Times: user=0.00 sys=0.00, real=0.00 secs] 
2021-01-21T16:07:05.170+0800: 7.044: [CMS-concurrent-mark-start]
2021-01-21T16:07:05.180+0800: 7.054: [CMS-concurrent-mark: 0.010/0.010 secs] [Times: user=0.03 sys=0.00, real=0.01 secs] 
2021-01-21T16:07:05.180+0800: 7.054: [CMS-concurrent-preclean-start]
2021-01-21T16:07:05.184+0800: 7.058: [CMS-concurrent-preclean: 0.003/0.003 secs] [Times: user=0.00 sys=0.00, real=0.00 secs] 
2021-01-21T16:07:05.184+0800: 7.058: [CMS-concurrent-abortable-preclean-start]
2021-01-21T16:07:05.300+0800: 7.174: [GC (Allocation Failure) 2021-01-21T16:07:05.300+0800: 7.174: [ParNew: 629120K->69888K(629120K), 0.0434508 secs] 1663646K->1233869K(2027264K), 0.0435542 secs] [Times: user=0.13 sys=0.00, real=0.04 secs] 
2021-01-21T16:07:05.460+0800: 7.334: [GC (Allocation Failure) 2021-01-21T16:07:05.460+0800: 7.334: [ParNew: 629120K->69888K(629120K), 0.0762847 secs] 1793101K->1370913K(2027264K), 0.0763675 secs] [Times: user=0.24 sys=0.08, real=0.08 secs] 
2021-01-21T16:07:05.536+0800: 7.410: [CMS-concurrent-abortable-preclean: 0.014/0.352 secs] [Times: user=0.64 sys=0.08, real=0.35 secs] 
2021-01-21T16:07:05.537+0800: 7.411: [GC (CMS Final Remark) [YG occupancy: 81429 K (629120 K)]2021-01-21T16:07:05.537+0800: 7.411: [Rescan (parallel) , 0.0009635 secs]2021-01-21T16:07:05.538+0800: 7.412: [weak refs processing, 0.0000182 secs]2021-01-21T16:07:05.538+0800: 7.412: [class unloading, 0.0003766 secs]2021-01-21T16:07:05.538+0800: 7.412: [scrub symbol table, 0.0005046 secs]2021-01-21T16:07:05.539+0800: 7.413: [scrub string table, 0.0001180 secs][1 CMS-remark: 1301025K(1398144K)] 1382454K(2027264K), 0.0020936 secs] [Times: user=0.00 sys=0.00, real=0.00 secs] 
2021-01-21T16:07:05.539+0800: 7.413: [CMS-concurrent-sweep-start]
2021-01-21T16:07:05.542+0800: 7.416: [CMS-concurrent-sweep: 0.004/0.004 secs] [Times: user=0.00 sys=0.00, real=0.00 secs] 
2021-01-21T16:07:05.543+0800: 7.417: [CMS-concurrent-reset-start]
2021-01-21T16:07:05.544+0800: 7.418: [CMS-concurrent-reset: 0.002/0.002 secs] [Times: user=0.00 sys=0.00, real=0.00 secs] 
2021-01-21T16:07:05.638+0800: 7.512: [GC (Allocation Failure) 2021-01-21T16:07:05.638+0800: 7.512: [ParNew: 629120K->69888K(629120K), 0.0435410 secs] 1237891K->814284K(2027264K), 0.0436312 secs] [Times: user=0.19 sys=0.00, real=0.04 secs] 
2021-01-21T16:07:05.780+0800: 7.654: [GC (Allocation Failure) 2021-01-21T16:07:05.780+0800: 7.654: [ParNew: 629120K->69888K(629120K), 0.0457788 secs] 1373516K->966044K(2027264K), 0.0458712 secs] [Times: user=0.19 sys=0.00, real=0.05 secs] 
2021-01-21T16:07:05.826+0800: 7.700: [GC (CMS Initial Mark) [1 CMS-initial-mark: 896156K(1398144K)] 966761K(2027264K), 0.0001665 secs] [Times: user=0.00 sys=0.00, real=0.00 secs] 
2021-01-21T16:07:05.826+0800: 7.700: [CMS-concurrent-mark-start]
2021-01-21T16:07:05.833+0800: 7.706: [CMS-concurrent-mark: 0.006/0.006 secs] [Times: user=0.03 sys=0.00, real=0.01 secs] 
2021-01-21T16:07:05.833+0800: 7.706: [CMS-concurrent-preclean-start]
2021-01-21T16:07:05.835+0800: 7.708: [CMS-concurrent-preclean: 0.002/0.002 secs] [Times: user=0.00 sys=0.00, real=0.00 secs] 
2021-01-21T16:07:05.835+0800: 7.708: [CMS-concurrent-abortable-preclean-start]
2021-01-21T16:07:05.927+0800: 7.801: [GC (Allocation Failure) 2021-01-21T16:07:05.927+0800: 7.801: [ParNew2021-01-21T16:07:05.938+0800: 7.811: [CMS-concurrent-abortable-preclean: 0.002/0.103 secs] [Times: user=0.09 sys=0.00, real=0.10 secs] 
: 629120K->69888K(629120K), 0.0398403 secs] 1525276K->1091314K(2027264K), 0.0399336 secs] [Times: user=0.13 sys=0.00, real=0.04 secs] 
2021-01-21T16:07:05.967+0800: 7.841: [GC (CMS Final Remark) [YG occupancy: 82237 K (629120 K)]2021-01-21T16:07:05.967+0800: 7.841: [Rescan (parallel) , 0.0010356 secs]2021-01-21T16:07:05.968+0800: 7.842: [weak refs processing, 0.0000174 secs]2021-01-21T16:07:05.968+0800: 7.842: [class unloading, 0.0002349 secs]2021-01-21T16:07:05.969+0800: 7.842: [scrub symbol table, 0.0004526 secs]2021-01-21T16:07:05.969+0800: 7.843: [scrub string table, 0.0001186 secs][1 CMS-remark: 1021426K(1398144K)] 1103664K(2027264K), 0.0019633 secs] [Times: user=0.00 sys=0.00, real=0.00 secs] 
2021-01-21T16:07:05.969+0800: 7.843: [CMS-concurrent-sweep-start]
2021-01-21T16:07:05.973+0800: 7.847: [CMS-concurrent-sweep: 0.003/0.003 secs] [Times: user=0.03 sys=0.00, real=0.00 secs] 
2021-01-21T16:07:05.973+0800: 7.847: [CMS-concurrent-reset-start]
2021-01-21T16:07:05.975+0800: 7.849: [CMS-concurrent-reset: 0.002/0.002 secs] [Times: user=0.00 sys=0.00, real=0.00 secs] 
2021-01-21T16:07:06.068+0800: 7.941: [GC (Allocation Failure) 2021-01-21T16:07:06.068+0800: 7.941: [ParNew: 629120K->69888K(629120K), 0.0427265 secs] 1087531K->671361K(2027264K), 0.0428193 secs] [Times: user=0.13 sys=0.01, real=0.04 secs] 
2021-01-21T16:07:06.206+0800: 8.081: [GC (Allocation Failure) 2021-01-21T16:07:06.206+0800: 8.081: [ParNew: 629120K->69888K(629120K), 0.0434646 secs] 1230593K->816534K(2027264K), 0.0435523 secs] [Times: user=0.13 sys=0.00, real=0.04 secs] 
2021-01-21T16:07:06.347+0800: 8.222: [GC (Allocation Failure) 2021-01-21T16:07:06.347+0800: 8.222: [ParNew: 629120K->69888K(629120K), 0.0431301 secs] 1375766K->954199K(2027264K), 0.0432199 secs] [Times: user=0.13 sys=0.00, real=0.04 secs] 
2021-01-21T16:07:06.390+0800: 8.265: [GC (CMS Initial Mark) [1 CMS-initial-mark: 884311K(1398144K)] 965881K(2027264K), 0.0002466 secs] [Times: user=0.01 sys=0.00, real=0.00 secs] 
2021-01-21T16:07:06.391+0800: 8.265: [CMS-concurrent-mark-start]
2021-01-21T16:07:06.397+0800: 8.272: [CMS-concurrent-mark: 0.006/0.006 secs] [Times: user=0.00 sys=0.00, real=0.01 secs] 
2021-01-21T16:07:06.397+0800: 8.272: [CMS-concurrent-preclean-start]
2021-01-21T16:07:06.399+0800: 8.274: [CMS-concurrent-preclean: 0.002/0.002 secs] [Times: user=0.00 sys=0.00, real=0.00 secs] 
2021-01-21T16:07:06.399+0800: 8.274: [CMS-concurrent-abortable-preclean-start]
2021-01-21T16:07:06.491+0800: 8.365: [GC (Allocation Failure) 2021-01-21T16:07:06.491+0800: 8.365: [ParNew2021-01-21T16:07:06.502+0800: 8.376: [CMS-concurrent-abortable-preclean: 0.002/0.102 secs] [Times: user=0.16 sys=0.00, real=0.10 secs] 
: 629120K->69888K(629120K), 0.0426843 secs] 1513431K->1099651K(2027264K), 0.0427736 secs] [Times: user=0.19 sys=0.00, real=0.04 secs] 
2021-01-21T16:07:06.534+0800: 8.408: [GC (CMS Final Remark) [YG occupancy: 81079 K (629120 K)]2021-01-21T16:07:06.534+0800: 8.408: [Rescan (parallel) , 0.0010378 secs]2021-01-21T16:07:06.535+0800: 8.409: [weak refs processing, 0.0000165 secs]2021-01-21T16:07:06.535+0800: 8.409: [class unloading, 0.0002315 secs]2021-01-21T16:07:06.535+0800: 8.410: [scrub symbol table, 0.0004773 secs]2021-01-21T16:07:06.536+0800: 8.410: [scrub string table, 0.0001205 secs][1 CMS-remark: 1029763K(1398144K)] 1110843K(2027264K), 0.0019952 secs] [Times: user=0.00 sys=0.00, real=0.00 secs] 
2021-01-21T16:07:06.536+0800: 8.410: [CMS-concurrent-sweep-start]
2021-01-21T16:07:06.539+0800: 8.414: [CMS-concurrent-sweep: 0.003/0.003 secs] [Times: user=0.00 sys=0.00, real=0.00 secs] 
2021-01-21T16:07:06.539+0800: 8.414: [CMS-concurrent-reset-start]
2021-01-21T16:07:06.541+0800: 8.416: [CMS-concurrent-reset: 0.002/0.002 secs] [Times: user=0.00 sys=0.00, real=0.00 secs] 
2021-01-21T16:07:06.638+0800: 8.513: [GC (Allocation Failure) 2021-01-21T16:07:06.638+0800: 8.513: [ParNew: 629120K->69888K(629120K), 0.0411182 secs] 1095919K->665389K(2027264K), 0.0412132 secs] [Times: user=0.19 sys=0.00, real=0.04 secs] 
2021-01-21T16:07:06.776+0800: 8.650: [GC (Allocation Failure) 2021-01-21T16:07:06.776+0800: 8.650: [ParNew: 629120K->69888K(629120K), 0.0440266 secs] 1224621K->805369K(2027264K), 0.0441190 secs] [Times: user=0.19 sys=0.00, real=0.04 secs] 
2021-01-21T16:07:06.918+0800: 8.792: [GC (Allocation Failure) 2021-01-21T16:07:06.918+0800: 8.792: [ParNew: 629120K->69888K(629120K), 0.0432681 secs] 1364601K->950218K(2027264K), 0.0433562 secs] [Times: user=0.19 sys=0.00, real=0.04 secs] 
2021-01-21T16:07:07.059+0800: 8.933: [GC (Allocation Failure) 2021-01-21T16:07:07.059+0800: 8.933: [ParNew: 629120K->69888K(629120K), 0.0415493 secs] 1509450K->1088805K(2027264K), 0.0416392 secs] [Times: user=0.19 sys=0.00, real=0.04 secs] 
2021-01-21T16:07:07.101+0800: 8.975: [GC (CMS Initial Mark) [1 CMS-initial-mark: 1018917K(1398144K)] 1089265K(2027264K), 0.0002427 secs] [Times: user=0.00 sys=0.00, real=0.00 secs] 
2021-01-21T16:07:07.101+0800: 8.975: [CMS-concurrent-mark-start]
2021-01-21T16:07:07.107+0800: 8.982: [CMS-concurrent-mark: 0.007/0.007 secs] [Times: user=0.00 sys=0.00, real=0.01 secs] 
2021-01-21T16:07:07.107+0800: 8.982: [CMS-concurrent-preclean-start]
2021-01-21T16:07:07.109+0800: 8.984: [CMS-concurrent-preclean: 0.002/0.002 secs] [Times: user=0.00 sys=0.00, real=0.00 secs] 
2021-01-21T16:07:07.109+0800: 8.984: [CMS-concurrent-abortable-preclean-start]
2021-01-21T16:07:07.199+0800: 9.073: [GC (Allocation Failure) 2021-01-21T16:07:07.199+0800: 9.073: [ParNew2021-01-21T16:07:07.213+0800: 9.087: [CMS-concurrent-abortable-preclean: 0.002/0.103 secs] [Times: user=0.17 sys=0.00, real=0.10 secs] 
: 629120K->69888K(629120K), 0.0443764 secs] 1648037K->1234469K(2027264K), 0.0444704 secs] [Times: user=0.19 sys=0.00, real=0.05 secs] 
2021-01-21T16:07:07.244+0800: 9.118: [GC (CMS Final Remark) [YG occupancy: 81267 K (629120 K)]2021-01-21T16:07:07.244+0800: 9.118: [Rescan (parallel) , 0.0010040 secs]2021-01-21T16:07:07.245+0800: 9.119: [weak refs processing, 0.0000166 secs]2021-01-21T16:07:07.245+0800: 9.119: [class unloading, 0.0002295 secs]2021-01-21T16:07:07.245+0800: 9.119: [scrub symbol table, 0.0004516 secs]2021-01-21T16:07:07.246+0800: 9.120: [scrub string table, 0.0001224 secs][1 CMS-remark: 1164581K(1398144K)] 1245849K(2027264K), 0.0019402 secs] [Times: user=0.00 sys=0.00, real=0.00 secs] 
2021-01-21T16:07:07.246+0800: 9.120: [CMS-concurrent-sweep-start]
2021-01-21T16:07:07.249+0800: 9.123: [CMS-concurrent-sweep: 0.003/0.003 secs] [Times: user=0.00 sys=0.00, real=0.00 secs] 
2021-01-21T16:07:07.250+0800: 9.124: [CMS-concurrent-reset-start]
2021-01-21T16:07:07.252+0800: 9.126: [CMS-concurrent-reset: 0.002/0.002 secs] [Times: user=0.03 sys=0.00, real=0.00 secs] 
2021-01-21T16:07:07.346+0800: 9.220: [GC (Allocation Failure) 2021-01-21T16:07:07.346+0800: 9.220: [ParNew: 629120K->69888K(629120K), 0.0470204 secs] 1102341K->684699K(2027264K), 0.0471136 secs] [Times: user=0.19 sys=0.00, real=0.05 secs] 
2021-01-21T16:07:07.491+0800: 9.365: [GC (Allocation Failure) 2021-01-21T16:07:07.491+0800: 9.365: [ParNew: 629120K->69888K(629120K), 0.0420329 secs] 1243931K->822008K(2027264K), 0.0421237 secs] [Times: user=0.19 sys=0.00, real=0.04 secs] 
2021-01-21T16:07:07.633+0800: 9.507: [GC (Allocation Failure) 2021-01-21T16:07:07.633+0800: 9.507: [ParNew: 629120K->69888K(629120K), 0.0411620 secs] 1381240K->954285K(2027264K), 0.0412532 secs] [Times: user=0.19 sys=0.00, real=0.04 secs] 
2021-01-21T16:07:07.772+0800: 9.646: [GC (Allocation Failure) 2021-01-21T16:07:07.772+0800: 9.646: [ParNew: 629120K->69888K(629120K), 0.0425377 secs] 1513517K->1100264K(2027264K), 0.0426310 secs] [Times: user=0.17 sys=0.02, real=0.04 secs] 
2021-01-21T16:07:07.815+0800: 9.689: [GC (CMS Initial Mark) [1 CMS-initial-mark: 1030376K(1398144K)] 1111491K(2027264K), 0.0002411 secs] [Times: user=0.00 sys=0.00, real=0.00 secs] 
2021-01-21T16:07:07.815+0800: 9.689: [CMS-concurrent-mark-start]
2021-01-21T16:07:07.822+0800: 9.696: [CMS-concurrent-mark: 0.007/0.007 secs] [Times: user=0.00 sys=0.00, real=0.01 secs] 
2021-01-21T16:07:07.822+0800: 9.696: [CMS-concurrent-preclean-start]
2021-01-21T16:07:07.824+0800: 9.698: [CMS-concurrent-preclean: 0.002/0.002 secs] [Times: user=0.00 sys=0.00, real=0.00 secs] 
2021-01-21T16:07:07.824+0800: 9.698: [CMS-concurrent-abortable-preclean-start]
2021-01-21T16:07:07.910+0800: 9.784: [GC (Allocation Failure) 2021-01-21T16:07:07.910+0800: 9.784: [ParNew2021-01-21T16:07:07.926+0800: 9.800: [CMS-concurrent-abortable-preclean: 0.002/0.102 secs] [Times: user=0.16 sys=0.00, real=0.10 secs] 
: 629120K->69888K(629120K), 0.0434364 secs] 1659496K->1240486K(2027264K), 0.0435290 secs] [Times: user=0.13 sys=0.00, real=0.04 secs] 
2021-01-21T16:07:07.953+0800: 9.828: [GC (CMS Final Remark) [YG occupancy: 81799 K (629120 K)]2021-01-21T16:07:07.953+0800: 9.828: [Rescan (parallel) , 0.0009594 secs]2021-01-21T16:07:07.954+0800: 9.829: [weak refs processing, 0.0000181 secs]2021-01-21T16:07:07.954+0800: 9.829: [class unloading, 0.0002307 secs]2021-01-21T16:07:07.955+0800: 9.829: [scrub symbol table, 0.0004444 secs]2021-01-21T16:07:07.955+0800: 9.830: [scrub string table, 0.0001189 secs][1 CMS-remark: 1170598K(1398144K)] 1252397K(2027264K), 0.0018842 secs] [Times: user=0.02 sys=0.00, real=0.00 secs] 
2021-01-21T16:07:07.955+0800: 9.830: [CMS-concurrent-sweep-start]
2021-01-21T16:07:07.959+0800: 9.833: [CMS-concurrent-sweep: 0.003/0.003 secs] [Times: user=0.00 sys=0.00, real=0.00 secs] 
2021-01-21T16:07:07.959+0800: 9.833: [CMS-concurrent-reset-start]
2021-01-21T16:07:07.961+0800: 9.835: [CMS-concurrent-reset: 0.002/0.002 secs] [Times: user=0.00 sys=0.00, real=0.00 secs] 
2021-01-21T16:07:08.054+0800: 9.929: [GC (Allocation Failure) 2021-01-21T16:07:08.054+0800: 9.929: [ParNew: 629120K->69888K(629120K), 0.0440705 secs] 1090516K->681064K(2027264K), 0.0441648 secs] [Times: user=0.17 sys=0.00, real=0.05 secs] 
2021-01-21T16:07:08.197+0800: 10.071: [GC (Allocation Failure) 2021-01-21T16:07:08.197+0800: 10.071: [ParNew: 629120K->69888K(629120K), 0.0398600 secs] 1240296K->806098K(2027264K), 0.0399511 secs] [Times: user=0.19 sys=0.00, real=0.04 secs] 
Heap
 par new generation   total 629120K, used 92324K [0x0000000080000000, 0x00000000aaaa0000, 0x00000000aaaa0000)
  eden space 559232K,   4% used [0x0000000080000000, 0x00000000815e90c0, 0x00000000a2220000)
  from space 69888K, 100% used [0x00000000a2220000, 0x00000000a6660000, 0x00000000a6660000)
  to   space 69888K,   0% used [0x00000000a6660000, 0x00000000a6660000, 0x00000000aaaa0000)
 concurrent mark-sweep generation total 1398144K, used 736210K [0x00000000aaaa0000, 0x0000000100000000, 0x0000000100000000)
 Metaspace       used 2615K, capacity 4490K, committed 4864K, reserved 1056768K
  class space    used 283K, capacity 386K, committed 512K, reserved 1048576K
