Java HotSpot(TM) 64-Bit Server VM (25.231-b11) for windows-amd64 JRE (1.8.0_231-b11), built on Oct  5 2019 03:11:30 by "java_re" with MS VC++ 10.0 (VS2010)
Memory: 4k page, physical 16377868k(9281408k free), swap 30009356k(18177600k free)
CommandLine flags: -XX:InitialHeapSize=2147483648 -XX:MaxHeapSize=2147483648 -XX:+PrintGC -XX:+PrintGCDateStamps -XX:+PrintGCDetails -XX:+PrintGCTimeStamps -XX:-UseAdaptiveSizePolicy -XX:+UseCompressedClassPointers -XX:+UseCompressedOops -XX:-UseLargePagesIndividualAllocation -XX:+UseSerialGC 
2021-01-21T15:58:46.039+0800: 0.307: [GC (Allocation Failure) 2021-01-21T15:58:46.039+0800: 0.307: [DefNew: 559232K->69887K(629120K), 0.0593371 secs] 559232K->143590K(2027264K), 0.0595062 secs] [Times: user=0.05 sys=0.01, real=0.06 secs] 
2021-01-21T15:58:46.184+0800: 0.453: [GC (Allocation Failure) 2021-01-21T15:58:46.184+0800: 0.453: [DefNew: 629119K->69887K(629120K), 0.0803075 secs] 702822K->265532K(2027264K), 0.0803784 secs] [Times: user=0.03 sys=0.05, real=0.08 secs] 
2021-01-21T15:58:46.349+0800: 0.618: [GC (Allocation Failure) 2021-01-21T15:58:46.349+0800: 0.618: [DefNew: 628648K->69888K(629120K), 0.0631397 secs] 824293K->380757K(2027264K), 0.0632098 secs] [Times: user=0.05 sys=0.02, real=0.06 secs] 
2021-01-21T15:58:46.493+0800: 0.761: [GC (Allocation Failure) 2021-01-21T15:58:46.493+0800: 0.761: [DefNew: 629120K->69888K(629120K), 0.0672741 secs] 939989K->511606K(2027264K), 0.0673436 secs] [Times: user=0.01 sys=0.05, real=0.07 secs] 
2021-01-21T15:58:46.638+0800: 0.907: [GC (Allocation Failure) 2021-01-21T15:58:46.638+0800: 0.907: [DefNew: 629120K->69887K(629120K), 0.0661883 secs] 1070838K->638683K(2027264K), 0.0662593 secs] [Times: user=0.03 sys=0.03, real=0.07 secs] 
2021-01-21T15:58:46.810+0800: 1.079: [GC (Allocation Failure) 2021-01-21T15:58:46.810+0800: 1.079: [DefNew: 629119K->69887K(629120K), 0.0820927 secs] 1197915K->763927K(2027264K), 0.0821789 secs] [Times: user=0.03 sys=0.06, real=0.08 secs] 
2021-01-21T15:58:46.991+0800: 1.260: [GC (Allocation Failure) 2021-01-21T15:58:46.991+0800: 1.260: [DefNew: 629119K->69888K(629120K), 0.0804489 secs] 1323159K->887030K(2027264K), 0.0805353 secs] [Times: user=0.03 sys=0.05, real=0.08 secs] 
2021-01-21T15:58:47.171+0800: 1.440: [GC (Allocation Failure) 2021-01-21T15:58:47.171+0800: 1.440: [DefNew: 629120K->69888K(629120K), 0.0828254 secs] 1446262K->1014102K(2027264K), 0.0829134 secs] [Times: user=0.05 sys=0.05, real=0.08 secs] 
2021-01-21T15:58:47.353+0800: 1.622: [GC (Allocation Failure) 2021-01-21T15:58:47.353+0800: 1.623: [DefNew: 629120K->69887K(629120K), 0.0786414 secs] 1573334K->1132741K(2027264K), 0.0787284 secs] [Times: user=0.05 sys=0.03, real=0.08 secs] 
2021-01-21T15:58:47.531+0800: 1.800: [GC (Allocation Failure) 2021-01-21T15:58:47.531+0800: 1.800: [DefNew: 629119K->69888K(629120K), 0.0805534 secs] 1691973K->1257424K(2027264K), 0.0806379 secs] [Times: user=0.02 sys=0.08, real=0.08 secs] 
2021-01-21T15:58:47.709+0800: 1.978: [GC (Allocation Failure) 2021-01-21T15:58:47.709+0800: 1.978: [DefNew: 629120K->69887K(629120K), 0.0760763 secs] 1816656K->1372988K(2027264K), 0.0761618 secs] [Times: user=0.05 sys=0.03, real=0.08 secs] 
2021-01-21T15:58:47.882+0800: 2.151: [GC (Allocation Failure) 2021-01-21T15:58:47.882+0800: 2.151: [DefNew: 629119K->629119K(629120K), 0.0000231 secs]2021-01-21T15:58:47.882+0800: 2.151: [Tenured: 1303100K->410801K(1398144K), 0.0779172 secs] 1932220K->410801K(2027264K), [Metaspace: 2601K->2601K(1056768K)], 0.0780545 secs] [Times: user=0.08 sys=0.00, real=0.08 secs] 
2021-01-21T15:58:48.062+0800: 2.331: [GC (Allocation Failure) 2021-01-21T15:58:48.062+0800: 2.331: [DefNew: 559232K->69887K(629120K), 0.0323599 secs] 970033K->557744K(2027264K), 0.0324471 secs] [Times: user=0.03 sys=0.00, real=0.03 secs] 
2021-01-21T15:58:48.189+0800: 2.458: [GC (Allocation Failure) 2021-01-21T15:58:48.189+0800: 2.458: [DefNew: 629119K->69888K(629120K), 0.0408773 secs] 1116976K->681075K(2027264K), 0.0409649 secs] [Times: user=0.03 sys=0.00, real=0.04 secs] 
2021-01-21T15:58:48.329+0800: 2.598: [GC (Allocation Failure) 2021-01-21T15:58:48.330+0800: 2.598: [DefNew: 629120K->69888K(629120K), 0.0441960 secs] 1240307K->811227K(2027264K), 0.0443514 secs] [Times: user=0.03 sys=0.02, real=0.05 secs] 
2021-01-21T15:58:48.477+0800: 2.746: [GC (Allocation Failure) 2021-01-21T15:58:48.477+0800: 2.746: [DefNew: 629120K->69887K(629120K), 0.0466716 secs] 1370459K->931733K(2027264K), 0.0467595 secs] [Times: user=0.05 sys=0.00, real=0.05 secs] 
2021-01-21T15:58:48.623+0800: 2.892: [GC (Allocation Failure) 2021-01-21T15:58:48.623+0800: 2.892: [DefNew: 629119K->69887K(629120K), 0.0416448 secs] 1490965K->1050375K(2027264K), 0.0417333 secs] [Times: user=0.05 sys=0.00, real=0.04 secs] 
2021-01-21T15:58:48.762+0800: 3.031: [GC (Allocation Failure) 2021-01-21T15:58:48.762+0800: 3.031: [DefNew: 629119K->69887K(629120K), 0.0423583 secs] 1609607K->1176818K(2027264K), 0.0424544 secs] [Times: user=0.05 sys=0.00, real=0.04 secs] 
2021-01-21T15:58:48.916+0800: 3.185: [GC (Allocation Failure) 2021-01-21T15:58:48.916+0800: 3.185: [DefNew: 629119K->69887K(629120K), 0.0451035 secs] 1736050K->1308464K(2027264K), 0.0451987 secs] [Times: user=0.05 sys=0.00, real=0.05 secs] 
2021-01-21T15:58:49.074+0800: 3.343: [GC (Allocation Failure) 2021-01-21T15:58:49.074+0800: 3.343: [DefNew: 629119K->69888K(629120K), 0.0639951 secs] 1867696K->1429940K(2027264K), 0.0640791 secs] [Times: user=0.05 sys=0.02, real=0.06 secs] 
2021-01-21T15:58:49.247+0800: 3.516: [GC (Allocation Failure) 2021-01-21T15:58:49.247+0800: 3.516: [DefNew: 629120K->629120K(629120K), 0.0000255 secs]2021-01-21T15:58:49.247+0800: 3.516: [Tenured: 1360052K->465362K(1398144K), 0.0910803 secs] 1989172K->465362K(2027264K), [Metaspace: 2601K->2601K(1056768K)], 0.0912116 secs] [Times: user=0.09 sys=0.00, real=0.09 secs] 
2021-01-21T15:58:49.447+0800: 3.716: [GC (Allocation Failure) 2021-01-21T15:58:49.447+0800: 3.716: [DefNew: 559232K->69887K(629120K), 0.0341447 secs] 1024594K->615862K(2027264K), 0.0342400 secs] [Times: user=0.03 sys=0.00, real=0.03 secs] 
2021-01-21T15:58:49.610+0800: 3.879: [GC (Allocation Failure) 2021-01-21T15:58:49.610+0800: 3.879: [DefNew: 629119K->69887K(629120K), 0.0406345 secs] 1175094K->742175K(2027264K), 0.0407747 secs] [Times: user=0.05 sys=0.00, real=0.04 secs] 
2021-01-21T15:58:49.758+0800: 4.026: [GC (Allocation Failure) 2021-01-21T15:58:49.758+0800: 4.027: [DefNew: 629119K->69887K(629120K), 0.0434448 secs] 1301407K->872557K(2027264K), 0.0435413 secs] [Times: user=0.05 sys=0.00, real=0.04 secs] 
2021-01-21T15:58:49.909+0800: 4.178: [GC (Allocation Failure) 2021-01-21T15:58:49.909+0800: 4.178: [DefNew: 629119K->69888K(629120K), 0.0420586 secs] 1431789K->997752K(2027264K), 0.0421541 secs] [Times: user=0.03 sys=0.00, real=0.04 secs] 
2021-01-21T15:58:50.059+0800: 4.327: [GC (Allocation Failure) 2021-01-21T15:58:50.059+0800: 4.327: [DefNew: 629120K->69888K(629120K), 0.0453354 secs] 1556984K->1136687K(2027264K), 0.0454389 secs] [Times: user=0.05 sys=0.00, real=0.05 secs] 
2021-01-21T15:58:50.234+0800: 4.503: [GC (Allocation Failure) 2021-01-21T15:58:50.234+0800: 4.504: [DefNew: 629120K->69887K(629120K), 0.0378628 secs] 1695919K->1249803K(2027264K), 0.0379534 secs] [Times: user=0.05 sys=0.00, real=0.04 secs] 
2021-01-21T15:58:50.381+0800: 4.650: [GC (Allocation Failure) 2021-01-21T15:58:50.381+0800: 4.650: [DefNew: 629119K->69887K(629120K), 0.0428066 secs] 1809035K->1382657K(2027264K), 0.0429032 secs] [Times: user=0.05 sys=0.00, real=0.04 secs] 
2021-01-21T15:58:50.538+0800: 4.807: [GC (Allocation Failure) 2021-01-21T15:58:50.538+0800: 4.807: [DefNew: 629119K->629119K(629120K), 0.0000272 secs]2021-01-21T15:58:50.538+0800: 4.807: [Tenured: 1312769K->435474K(1398144K), 0.0859508 secs] 1941889K->435474K(2027264K), [Metaspace: 2608K->2608K(1056768K)], 0.0860985 secs] [Times: user=0.08 sys=0.00, real=0.09 secs] 
2021-01-21T15:58:50.732+0800: 5.001: [GC (Allocation Failure) 2021-01-21T15:58:50.732+0800: 5.001: [DefNew: 559232K->69887K(629120K), 0.0331288 secs] 994706K->588545K(2027264K), 0.0332250 secs] [Times: user=0.03 sys=0.00, real=0.03 secs] 
2021-01-21T15:58:50.874+0800: 5.143: [GC (Allocation Failure) 2021-01-21T15:58:50.874+0800: 5.143: [DefNew: 629119K->69887K(629120K), 0.0438433 secs] 1147777K->720519K(2027264K), 0.0439432 secs] [Times: user=0.05 sys=0.00, real=0.04 secs] 
2021-01-21T15:58:51.024+0800: 5.292: [GC (Allocation Failure) 2021-01-21T15:58:51.024+0800: 5.293: [DefNew: 629119K->69887K(629120K), 0.0447758 secs] 1279751K->851239K(2027264K), 0.0448705 secs] [Times: user=0.05 sys=0.00, real=0.04 secs] 
2021-01-21T15:58:51.177+0800: 5.446: [GC (Allocation Failure) 2021-01-21T15:58:51.177+0800: 5.446: [DefNew: 629119K->69887K(629120K), 0.0451261 secs] 1410471K->982317K(2027264K), 0.0452203 secs] [Times: user=0.05 sys=0.00, real=0.05 secs] 
2021-01-21T15:58:51.328+0800: 5.597: [GC (Allocation Failure) 2021-01-21T15:58:51.328+0800: 5.597: [DefNew: 629119K->69887K(629120K), 0.0411206 secs] 1541549K->1104678K(2027264K), 0.0412166 secs] [Times: user=0.05 sys=0.00, real=0.04 secs] 
2021-01-21T15:58:51.478+0800: 5.747: [GC (Allocation Failure) 2021-01-21T15:58:51.478+0800: 5.747: [DefNew: 629119K->69887K(629120K), 0.0432186 secs] 1663910K->1232731K(2027264K), 0.0433093 secs] [Times: user=0.05 sys=0.00, real=0.04 secs] 
2021-01-21T15:58:51.630+0800: 5.898: [GC (Allocation Failure) 2021-01-21T15:58:51.630+0800: 5.899: [DefNew: 629119K->69887K(629120K), 0.0433152 secs] 1791963K->1362420K(2027264K), 0.0434103 secs] [Times: user=0.05 sys=0.00, real=0.04 secs] 
2021-01-21T15:58:51.780+0800: 6.049: [GC (Allocation Failure) 2021-01-21T15:58:51.780+0800: 6.049: [DefNew: 629119K->629119K(629120K), 0.0000268 secs]2021-01-21T15:58:51.780+0800: 6.049: [Tenured: 1292532K->392842K(1398144K), 0.0861390 secs] 1921652K->392842K(2027264K), [Metaspace: 2608K->2608K(1056768K)], 0.0862872 secs] [Times: user=0.09 sys=0.00, real=0.09 secs] 
2021-01-21T15:58:51.980+0800: 6.250: [GC (Allocation Failure) 2021-01-21T15:58:51.980+0800: 6.250: [DefNew: 559232K->69888K(629120K), 0.0331499 secs] 952074K->547593K(2027264K), 0.0332424 secs] [Times: user=0.03 sys=0.00, real=0.03 secs] 
2021-01-21T15:58:52.122+0800: 6.391: [GC (Allocation Failure) 2021-01-21T15:58:52.122+0800: 6.391: [DefNew: 629120K->69887K(629120K), 0.0433448 secs] 1106825K->676775K(2027264K), 0.0434402 secs] [Times: user=0.05 sys=0.00, real=0.04 secs] 
2021-01-21T15:58:52.272+0800: 6.541: [GC (Allocation Failure) 2021-01-21T15:58:52.272+0800: 6.541: [DefNew: 629119K->69887K(629120K), 0.0454256 secs] 1236007K->810788K(2027264K), 0.0455243 secs] [Times: user=0.05 sys=0.00, real=0.05 secs] 
2021-01-21T15:58:52.426+0800: 6.695: [GC (Allocation Failure) 2021-01-21T15:58:52.426+0800: 6.695: [DefNew: 629119K->69887K(629120K), 0.0426844 secs] 1370020K->937274K(2027264K), 0.0427813 secs] [Times: user=0.03 sys=0.00, real=0.04 secs] 
2021-01-21T15:58:52.576+0800: 6.845: [GC (Allocation Failure) 2021-01-21T15:58:52.576+0800: 6.845: [DefNew: 629119K->69887K(629120K), 0.0448596 secs] 1496506K->1077223K(2027264K), 0.0449534 secs] [Times: user=0.05 sys=0.00, real=0.05 secs] 
2021-01-21T15:58:52.731+0800: 7.000: [GC (Allocation Failure) 2021-01-21T15:58:52.731+0800: 7.000: [DefNew: 629119K->69887K(629120K), 0.0458764 secs] 1636455K->1215599K(2027264K), 0.0459766 secs] [Times: user=0.05 sys=0.00, real=0.05 secs] 
2021-01-21T15:58:52.888+0800: 7.157: [GC (Allocation Failure) 2021-01-21T15:58:52.888+0800: 7.157: [DefNew: 629119K->69887K(629120K), 0.0414827 secs] 1774831K->1342618K(2027264K), 0.0415792 secs] [Times: user=0.05 sys=0.00, real=0.04 secs] 
2021-01-21T15:58:53.039+0800: 7.308: [GC (Allocation Failure) 2021-01-21T15:58:53.039+0800: 7.308: [DefNew: 629119K->629119K(629120K), 0.0000267 secs]2021-01-21T15:58:53.039+0800: 7.308: [Tenured: 1272730K->369958K(1398144K), 0.0824212 secs] 1901850K->369958K(2027264K), [Metaspace: 2608K->2608K(1056768K)], 0.0825644 secs] [Times: user=0.08 sys=0.00, real=0.08 secs] 
2021-01-21T15:58:53.229+0800: 7.498: [GC (Allocation Failure) 2021-01-21T15:58:53.229+0800: 7.498: [DefNew: 559232K->69887K(629120K), 0.0335135 secs] 929190K->524281K(2027264K), 0.0336072 secs] [Times: user=0.03 sys=0.00, real=0.03 secs] 
2021-01-21T15:58:53.372+0800: 7.641: [GC (Allocation Failure) 2021-01-21T15:58:53.372+0800: 7.641: [DefNew: 629119K->69887K(629120K), 0.0426968 secs] 1083513K->653652K(2027264K), 0.0427995 secs] [Times: user=0.05 sys=0.00, real=0.04 secs] 
2021-01-21T15:58:53.521+0800: 7.790: [GC (Allocation Failure) 2021-01-21T15:58:53.521+0800: 7.790: [DefNew: 629119K->69887K(629120K), 0.0437920 secs] 1212884K->785812K(2027264K), 0.0438868 secs] [Times: user=0.05 sys=0.00, real=0.04 secs] 
2021-01-21T15:58:53.681+0800: 7.951: [GC (Allocation Failure) 2021-01-21T15:58:53.681+0800: 7.951: [DefNew: 629119K->69887K(629120K), 0.0423506 secs] 1345044K->909516K(2027264K), 0.0424448 secs] [Times: user=0.05 sys=0.00, real=0.04 secs] 
2021-01-21T15:58:53.834+0800: 8.103: [GC (Allocation Failure) 2021-01-21T15:58:53.834+0800: 8.103: [DefNew: 629119K->69888K(629120K), 0.0448214 secs] 1468748K->1044157K(2027264K), 0.0449169 secs] [Times: user=0.05 sys=0.00, real=0.04 secs] 
2021-01-21T15:58:53.988+0800: 8.257: [GC (Allocation Failure) 2021-01-21T15:58:53.988+0800: 8.257: [DefNew: 629120K->69887K(629120K), 0.0418902 secs] 1603389K->1169344K(2027264K), 0.0419860 secs] [Times: user=0.03 sys=0.00, real=0.04 secs] 
2021-01-21T15:58:54.138+0800: 8.408: [GC (Allocation Failure) 2021-01-21T15:58:54.138+0800: 8.408: [DefNew: 629119K->69887K(629120K), 0.0443761 secs] 1728576K->1304945K(2027264K), 0.0444746 secs] [Times: user=0.05 sys=0.00, real=0.05 secs] 
2021-01-21T15:58:54.292+0800: 8.561: [GC (Allocation Failure) 2021-01-21T15:58:54.292+0800: 8.561: [DefNew: 629119K->629119K(629120K), 0.0000268 secs]2021-01-21T15:58:54.292+0800: 8.561: [Tenured: 1235057K->425472K(1398144K), 0.0873434 secs] 1864177K->425472K(2027264K), [Metaspace: 2608K->2608K(1056768K)], 0.0874873 secs] [Times: user=0.09 sys=0.00, real=0.09 secs] 
2021-01-21T15:58:54.486+0800: 8.755: [GC (Allocation Failure) 2021-01-21T15:58:54.486+0800: 8.755: [DefNew: 559232K->69887K(629120K), 0.0348078 secs] 984704K->588360K(2027264K), 0.0349023 secs] [Times: user=0.03 sys=0.00, real=0.03 secs] 
2021-01-21T15:58:54.626+0800: 8.895: [GC (Allocation Failure) 2021-01-21T15:58:54.626+0800: 8.895: [DefNew: 629119K->69887K(629120K), 0.0442317 secs] 1147592K->720600K(2027264K), 0.0443307 secs] [Times: user=0.03 sys=0.00, real=0.04 secs] 
2021-01-21T15:58:54.775+0800: 9.044: [GC (Allocation Failure) 2021-01-21T15:58:54.776+0800: 9.044: [DefNew: 629119K->69888K(629120K), 0.0441430 secs] 1279832K->854896K(2027264K), 0.0442398 secs] [Times: user=0.05 sys=0.00, real=0.04 secs] 
2021-01-21T15:58:54.931+0800: 9.200: [GC (Allocation Failure) 2021-01-21T15:58:54.931+0800: 9.200: [DefNew: 629120K->69888K(629120K), 0.0412618 secs] 1414128K->974917K(2027264K), 0.0413591 secs] [Times: user=0.05 sys=0.00, real=0.04 secs] 
2021-01-21T15:58:55.083+0800: 9.352: [GC (Allocation Failure) 2021-01-21T15:58:55.083+0800: 9.352: [DefNew: 629120K->69888K(629120K), 0.0429432 secs] 1534149K->1104265K(2027264K), 0.0430395 secs] [Times: user=0.05 sys=0.00, real=0.04 secs] 
2021-01-21T15:58:55.235+0800: 9.504: [GC (Allocation Failure) 2021-01-21T15:58:55.235+0800: 9.504: [DefNew: 629120K->69887K(629120K), 0.0594868 secs] 1663497K->1237866K(2027264K), 0.0595975 secs] [Times: user=0.05 sys=0.00, real=0.06 secs] 
2021-01-21T15:58:55.435+0800: 9.704: [GC (Allocation Failure) 2021-01-21T15:58:55.435+0800: 9.704: [DefNew: 629119K->69887K(629120K), 0.0385891 secs] 1797098K->1361472K(2027264K), 0.0386746 secs] [Times: user=0.05 sys=0.00, real=0.04 secs] 
2021-01-21T15:58:55.581+0800: 9.850: [GC (Allocation Failure) 2021-01-21T15:58:55.581+0800: 9.850: [DefNew: 629119K->629119K(629120K), 0.0000268 secs]2021-01-21T15:58:55.581+0800: 9.850: [Tenured: 1291584K->445966K(1398144K), 0.0850768 secs] 1920704K->445966K(2027264K), [Metaspace: 2608K->2608K(1056768K)], 0.0852214 secs] [Times: user=0.08 sys=0.00, real=0.08 secs] 
2021-01-21T15:58:55.774+0800: 10.043: [GC (Allocation Failure) 2021-01-21T15:58:55.775+0800: 10.043: [DefNew: 559232K->69886K(629120K), 0.0306851 secs] 1005198K->587183K(2027264K), 0.0307863 secs] [Times: user=0.03 sys=0.00, real=0.03 secs] 
Heap
 def new generation   total 629120K, used 103991K [0x0000000080000000, 0x00000000aaaa0000, 0x00000000aaaa0000)
  eden space 559232K,   6% used [0x0000000080000000, 0x000000008214e310, 0x00000000a2220000)
  from space 69888K,  99% used [0x00000000a6660000, 0x00000000aaa9fb28, 0x00000000aaaa0000)
  to   space 69888K,   0% used [0x00000000a2220000, 0x00000000a2220000, 0x00000000a6660000)
 tenured generation   total 1398144K, used 517297K [0x00000000aaaa0000, 0x0000000100000000, 0x0000000100000000)
   the space 1398144K,  36% used [0x00000000aaaa0000, 0x00000000ca3cc488, 0x00000000ca3cc600, 0x0000000100000000)
 Metaspace       used 2615K, capacity 4490K, committed 4864K, reserved 1056768K
  class space    used 283K, capacity 386K, committed 512K, reserved 1048576K
