Java HotSpot(TM) 64-Bit Server VM (25.231-b11) for windows-amd64 JRE (1.8.0_231-b11), built on Oct  5 2019 03:11:30 by "java_re" with MS VC++ 10.0 (VS2010)
Memory: 4k page, physical 16377868k(10049528k free), swap 30009356k(19878300k free)
CommandLine flags: -XX:InitialHeapSize=4294967296 -XX:MaxHeapSize=4294967296 -XX:MaxTenuringThreshold=6 -XX:NewRatio=2 -XX:OldPLABSize=16 -XX:+PrintGC -XX:+PrintGCDateStamps -XX:+PrintGCDetails -XX:+PrintGCTimeStamps -XX:-UseAdaptiveSizePolicy -XX:+UseCompressedClassPointers -XX:+UseCompressedOops -XX:+UseConcMarkSweepGC -XX:-UseLargePagesIndividualAllocation -XX:+UseParNewGC 
2021-01-21T13:29:07.490+0800: 0.556: [GC (Allocation Failure) 2021-01-21T13:29:07.490+0800: 0.556: [ParNew: 1118528K->139775K(1258304K), 0.0655851 secs] 1118528K->239955K(4054528K), 0.0657508 secs] [Times: user=0.25 sys=0.23, real=0.07 secs] 
2021-01-21T13:29:07.760+0800: 0.827: [GC (Allocation Failure) 2021-01-21T13:29:07.761+0800: 0.827: [ParNew: 1258303K->139774K(1258304K), 0.0821778 secs] 1358483K->391759K(4054528K), 0.0822601 secs] [Times: user=0.30 sys=0.28, real=0.08 secs] 
2021-01-21T13:29:08.043+0800: 1.110: [GC (Allocation Failure) 2021-01-21T13:29:08.043+0800: 1.110: [ParNew: 1258302K->139776K(1258304K), 0.1032537 secs] 1510287K->534363K(4054528K), 0.1033341 secs] [Times: user=0.80 sys=0.06, real=0.10 secs] 
2021-01-21T13:29:08.340+0800: 1.406: [GC (Allocation Failure) 2021-01-21T13:29:08.340+0800: 1.406: [ParNew: 1258304K->139776K(1258304K), 0.1058387 secs] 1652891K->685674K(4054528K), 0.1059197 secs] [Times: user=0.81 sys=0.06, real=0.11 secs] 
2021-01-21T13:29:08.657+0800: 1.723: [GC (Allocation Failure) 2021-01-21T13:29:08.657+0800: 1.723: [ParNew: 1258304K->139774K(1258304K), 0.1062128 secs] 1804202K->837065K(4054528K), 0.1062990 secs] [Times: user=0.67 sys=0.06, real=0.11 secs] 
2021-01-21T13:29:08.948+0800: 2.015: [GC (Allocation Failure) 2021-01-21T13:29:08.949+0800: 2.015: [ParNew: 1258302K->139776K(1258304K), 0.1080469 secs] 1955593K->989001K(4054528K), 0.1081298 secs] [Times: user=0.80 sys=0.06, real=0.11 secs] 
2021-01-21T13:29:09.250+0800: 2.316: [GC (Allocation Failure) 2021-01-21T13:29:09.250+0800: 2.316: [ParNew: 1258304K->139776K(1258304K), 0.1005192 secs] 2107529K->1132180K(4054528K), 0.1006003 secs] [Times: user=0.83 sys=0.05, real=0.10 secs] 
2021-01-21T13:29:09.543+0800: 2.610: [GC (Allocation Failure) 2021-01-21T13:29:09.543+0800: 2.610: [ParNew: 1258304K->139776K(1258304K), 0.1061490 secs] 2250708K->1281688K(4054528K), 0.1062284 secs] [Times: user=0.83 sys=0.05, real=0.11 secs] 
2021-01-21T13:29:09.839+0800: 2.906: [GC (Allocation Failure) 2021-01-21T13:29:09.839+0800: 2.906: [ParNew: 1258304K->139776K(1258304K), 0.1012767 secs] 2400216K->1426069K(4054528K), 0.1013576 secs] [Times: user=0.83 sys=0.05, real=0.10 secs] 
Heap
 par new generation   total 1258304K, used 638520K [0x00000006c0000000, 0x0000000715550000, 0x0000000715550000)
  eden space 1118528K,  44% used [0x00000006c0000000, 0x00000006de70e278, 0x0000000704450000)
  from space 139776K, 100% used [0x000000070ccd0000, 0x0000000715550000, 0x0000000715550000)
  to   space 139776K,   0% used [0x0000000704450000, 0x0000000704450000, 0x000000070ccd0000)
 concurrent mark-sweep generation total 2796224K, used 1286293K [0x0000000715550000, 0x00000007c0000000, 0x00000007c0000000)
 Metaspace       used 2608K, capacity 4486K, committed 4864K, reserved 1056768K
  class space    used 283K, capacity 386K, committed 512K, reserved 1048576K
