Java HotSpot(TM) 64-Bit Server VM (25.231-b11) for windows-amd64 JRE (1.8.0_231-b11), built on Oct  5 2019 03:11:30 by "java_re" with MS VC++ 10.0 (VS2010)
Memory: 4k page, physical 16377868k(9387488k free), swap 30009356k(18166168k free)
CommandLine flags: -XX:InitialHeapSize=2147483648 -XX:MaxHeapSize=2147483648 -XX:+PrintGC -XX:+PrintGCDateStamps -XX:+PrintGCDetails -XX:+PrintGCTimeStamps -XX:-UseAdaptiveSizePolicy -XX:+UseCompressedClassPointers -XX:+UseCompressedOops -XX:-UseLargePagesIndividualAllocation -XX:+UseParallelGC 
2021-01-21T16:00:04.021+0800: 0.334: [GC (Allocation Failure) [PSYoungGen: 524800K->87039K(611840K)] 524800K->151125K(2010112K), 0.0359885 secs] [Times: user=0.09 sys=0.16, real=0.04 secs] 
2021-01-21T16:00:04.146+0800: 0.459: [GC (Allocation Failure) [PSYoungGen: 611839K->87039K(611840K)] 675925K->264692K(2010112K), 0.0479705 secs] [Times: user=0.09 sys=0.27, real=0.05 secs] 
2021-01-21T16:00:04.283+0800: 0.596: [GC (Allocation Failure) [PSYoungGen: 611839K->87035K(611840K)] 789492K->369410K(2010112K), 0.0463832 secs] [Times: user=0.20 sys=0.06, real=0.05 secs] 
2021-01-21T16:00:04.431+0800: 0.745: [GC (Allocation Failure) [PSYoungGen: 611835K->87038K(611840K)] 894210K->480716K(2010112K), 0.0460499 secs] [Times: user=0.25 sys=0.13, real=0.05 secs] 
2021-01-21T16:00:04.571+0800: 0.885: [GC (Allocation Failure) [PSYoungGen: 611838K->87031K(611840K)] 1005516K->593772K(2010112K), 0.0465840 secs] [Times: user=0.25 sys=0.13, real=0.05 secs] 
2021-01-21T16:00:04.721+0800: 1.035: [GC (Allocation Failure) [PSYoungGen: 611831K->87034K(611840K)] 1118572K->715181K(2010112K), 0.0520959 secs] [Times: user=0.19 sys=0.11, real=0.05 secs] 
2021-01-21T16:00:04.875+0800: 1.189: [GC (Allocation Failure) [PSYoungGen: 611834K->87034K(611840K)] 1239981K->826433K(2010112K), 0.0509682 secs] [Times: user=0.31 sys=0.19, real=0.05 secs] 
2021-01-21T16:00:05.021+0800: 1.335: [GC (Allocation Failure) [PSYoungGen: 611834K->87037K(611840K)] 1351233K->946101K(2010112K), 0.0486697 secs] [Times: user=0.22 sys=0.13, real=0.05 secs] 
2021-01-21T16:00:05.167+0800: 1.481: [GC (Allocation Failure) [PSYoungGen: 611837K->87038K(611840K)] 1470901K->1060984K(2010112K), 0.0482297 secs] [Times: user=0.25 sys=0.13, real=0.05 secs] 
2021-01-21T16:00:05.316+0800: 1.629: [GC (Allocation Failure) [PSYoungGen: 611838K->87029K(611840K)] 1585784K->1168035K(2010112K), 0.0444590 secs] [Times: user=0.14 sys=0.11, real=0.04 secs] 
2021-01-21T16:00:05.465+0800: 1.779: [GC (Allocation Failure) [PSYoungGen: 611829K->87036K(611840K)] 1692835K->1278347K(2010112K), 0.0439252 secs] [Times: user=0.28 sys=0.09, real=0.04 secs] 
2021-01-21T16:00:05.604+0800: 1.917: [GC (Allocation Failure) [PSYoungGen: 611836K->87036K(611840K)] 1803147K->1393304K(2010112K), 0.0427659 secs] [Times: user=0.25 sys=0.11, real=0.04 secs] 
2021-01-21T16:00:05.647+0800: 1.960: [Full GC (Ergonomics) [PSYoungGen: 87036K->0K(611840K)] [ParOldGen: 1306267K->373616K(1398272K)] 1393304K->373616K(2010112K), [Metaspace: 2601K->2601K(1056768K)], 0.1031257 secs] [Times: user=0.75 sys=0.00, real=0.10 secs] 
2021-01-21T16:00:05.846+0800: 2.159: [GC (Allocation Failure) [PSYoungGen: 524800K->87032K(611840K)] 898416K->527090K(2010112K), 0.0354463 secs] [Times: user=0.25 sys=0.00, real=0.04 secs] 
2021-01-21T16:00:05.979+0800: 2.292: [GC (Allocation Failure) [PSYoungGen: 611832K->87031K(611840K)] 1051890K->646307K(2010112K), 0.0488138 secs] [Times: user=0.34 sys=0.00, real=0.05 secs] 
2021-01-21T16:00:06.120+0800: 2.433: [GC (Allocation Failure) [PSYoungGen: 611831K->87037K(611840K)] 1171107K->763382K(2010112K), 0.0462271 secs] [Times: user=0.36 sys=0.00, real=0.05 secs] 
2021-01-21T16:00:06.261+0800: 2.575: [GC (Allocation Failure) [PSYoungGen: 611837K->87036K(611840K)] 1288182K->878824K(2010112K), 0.0464405 secs] [Times: user=0.34 sys=0.00, real=0.05 secs] 
2021-01-21T16:00:06.413+0800: 2.726: [GC (Allocation Failure) [PSYoungGen: 611836K->87026K(611840K)] 1403624K->982800K(2010112K), 0.0449808 secs] [Times: user=0.38 sys=0.00, real=0.04 secs] 
2021-01-21T16:00:06.568+0800: 2.882: [GC (Allocation Failure) [PSYoungGen: 611826K->87027K(611840K)] 1507600K->1093294K(2010112K), 0.0459348 secs] [Times: user=0.36 sys=0.00, real=0.05 secs] 
2021-01-21T16:00:06.715+0800: 3.029: [GC (Allocation Failure) [PSYoungGen: 611827K->87037K(611840K)] 1618094K->1206820K(2010112K), 0.0423143 secs] [Times: user=0.38 sys=0.00, real=0.04 secs] 
2021-01-21T16:00:06.859+0800: 3.173: [GC (Allocation Failure) [PSYoungGen: 611837K->87037K(611840K)] 1731620K->1321355K(2010112K), 0.0420289 secs] [Times: user=0.36 sys=0.00, real=0.04 secs] 
2021-01-21T16:00:06.996+0800: 3.310: [GC (Allocation Failure) [PSYoungGen: 611837K->87032K(611840K)] 1846155K->1434260K(2010112K), 0.0428962 secs] [Times: user=0.27 sys=0.08, real=0.04 secs] 
2021-01-21T16:00:07.039+0800: 3.353: [Full GC (Ergonomics) [PSYoungGen: 87032K->0K(611840K)] [ParOldGen: 1347228K->382638K(1398272K)] 1434260K->382638K(2010112K), [Metaspace: 2601K->2601K(1056768K)], 0.0957922 secs] [Times: user=0.75 sys=0.00, real=0.10 secs] 
2021-01-21T16:00:07.229+0800: 3.543: [GC (Allocation Failure) [PSYoungGen: 524800K->87032K(611840K)] 907438K->525781K(2010112K), 0.0329611 secs] [Times: user=0.25 sys=0.00, real=0.03 secs] 
2021-01-21T16:00:07.361+0800: 3.674: [GC (Allocation Failure) [PSYoungGen: 611832K->87036K(611840K)] 1050581K->632860K(2010112K), 0.0458679 secs] [Times: user=0.25 sys=0.00, real=0.05 secs] 
2021-01-21T16:00:07.514+0800: 3.827: [GC (Allocation Failure) [PSYoungGen: 611836K->87023K(611840K)] 1157660K->740037K(2010112K), 0.0446649 secs] [Times: user=0.36 sys=0.00, real=0.04 secs] 
2021-01-21T16:00:07.666+0800: 3.979: [GC (Allocation Failure) [PSYoungGen: 611823K->87039K(611840K)] 1264837K->854289K(2010112K), 0.0473821 secs] [Times: user=0.38 sys=0.00, real=0.05 secs] 
2021-01-21T16:00:07.818+0800: 4.131: [GC (Allocation Failure) [PSYoungGen: 611839K->87039K(611840K)] 1379089K->969587K(2010112K), 0.0475174 secs] [Times: user=0.38 sys=0.00, real=0.05 secs] 
2021-01-21T16:00:07.959+0800: 4.273: [GC (Allocation Failure) [PSYoungGen: 611839K->87026K(611840K)] 1494387K->1068977K(2010112K), 0.0448755 secs] [Times: user=0.38 sys=0.00, real=0.04 secs] 
2021-01-21T16:00:08.098+0800: 4.412: [GC (Allocation Failure) [PSYoungGen: 611826K->87033K(611840K)] 1593777K->1184464K(2010112K), 0.0453531 secs] [Times: user=0.36 sys=0.00, real=0.04 secs] 
2021-01-21T16:00:08.240+0800: 4.554: [GC (Allocation Failure) [PSYoungGen: 611833K->87038K(611840K)] 1709264K->1300184K(2010112K), 0.0412115 secs] [Times: user=0.25 sys=0.00, real=0.04 secs] 
2021-01-21T16:00:08.377+0800: 4.691: [GC (Allocation Failure) [PSYoungGen: 611838K->87036K(611840K)] 1824984K->1412928K(2010112K), 0.0413551 secs] [Times: user=0.25 sys=0.00, real=0.04 secs] 
2021-01-21T16:00:08.419+0800: 4.732: [Full GC (Ergonomics) [PSYoungGen: 87036K->0K(611840K)] [ParOldGen: 1325891K->381388K(1398272K)] 1412928K->381388K(2010112K), [Metaspace: 2601K->2601K(1056768K)], 0.0958007 secs] [Times: user=0.75 sys=0.00, real=0.10 secs] 
2021-01-21T16:00:08.619+0800: 4.932: [GC (Allocation Failure) [PSYoungGen: 524800K->87039K(611840K)] 906188K->537127K(2010112K), 0.0380157 secs] [Times: user=0.23 sys=0.00, real=0.04 secs] 
2021-01-21T16:00:08.763+0800: 5.077: [GC (Allocation Failure) [PSYoungGen: 611839K->87039K(611840K)] 1061927K->642933K(2010112K), 0.0445289 secs] [Times: user=0.38 sys=0.00, real=0.05 secs] 
2021-01-21T16:00:08.911+0800: 5.225: [GC (Allocation Failure) [PSYoungGen: 611839K->87032K(611840K)] 1167733K->754062K(2010112K), 0.0449617 secs] [Times: user=0.36 sys=0.00, real=0.05 secs] 
2021-01-21T16:00:09.059+0800: 5.372: [GC (Allocation Failure) [PSYoungGen: 611832K->87028K(611840K)] 1278862K->870948K(2010112K), 0.0465232 secs] [Times: user=0.38 sys=0.00, real=0.05 secs] 
2021-01-21T16:00:09.215+0800: 5.529: [GC (Allocation Failure) [PSYoungGen: 611828K->87028K(611840K)] 1395748K->978167K(2010112K), 0.0458756 secs] [Times: user=0.38 sys=0.00, real=0.05 secs] 
2021-01-21T16:00:09.363+0800: 5.676: [GC (Allocation Failure) [PSYoungGen: 611828K->87029K(611840K)] 1502967K->1092775K(2010112K), 0.0464491 secs] [Times: user=0.38 sys=0.00, real=0.05 secs] 
2021-01-21T16:00:09.504+0800: 5.817: [GC (Allocation Failure) [PSYoungGen: 611829K->87037K(611840K)] 1617575K->1220852K(2010112K), 0.0440392 secs] [Times: user=0.34 sys=0.01, real=0.04 secs] 
2021-01-21T16:00:09.643+0800: 5.956: [GC (Allocation Failure) [PSYoungGen: 611221K->87039K(611840K)] 1745036K->1330268K(2010112K), 0.0415307 secs] [Times: user=0.19 sys=0.00, real=0.04 secs] 
2021-01-21T16:00:09.782+0800: 6.096: [GC (Allocation Failure) [PSYoungGen: 611839K->87038K(611840K)] 1855068K->1438654K(2010112K), 0.0419796 secs] [Times: user=0.25 sys=0.00, real=0.04 secs] 
2021-01-21T16:00:09.824+0800: 6.138: [Full GC (Ergonomics) [PSYoungGen: 87038K->0K(611840K)] [ParOldGen: 1351615K->377389K(1398272K)] 1438654K->377389K(2010112K), [Metaspace: 2608K->2608K(1056768K)], 0.0921899 secs] [Times: user=0.75 sys=0.00, real=0.09 secs] 
2021-01-21T16:00:10.020+0800: 6.334: [GC (Allocation Failure) [PSYoungGen: 524800K->87032K(611840K)] 902189K->523434K(2010112K), 0.0331569 secs] [Times: user=0.25 sys=0.00, real=0.03 secs] 
2021-01-21T16:00:10.158+0800: 6.471: [GC (Allocation Failure) [PSYoungGen: 611832K->87024K(611840K)] 1048234K->633347K(2010112K), 0.0452277 secs] [Times: user=0.25 sys=0.00, real=0.05 secs] 
2021-01-21T16:00:10.308+0800: 6.621: [GC (Allocation Failure) [PSYoungGen: 611824K->87035K(611840K)] 1158147K->751709K(2010112K), 0.0460445 secs] [Times: user=0.38 sys=0.00, real=0.05 secs] 
2021-01-21T16:00:10.459+0800: 6.772: [GC (Allocation Failure) [PSYoungGen: 611835K->87031K(611840K)] 1276509K->865205K(2010112K), 0.0462072 secs] [Times: user=0.38 sys=0.00, real=0.05 secs] 
2021-01-21T16:00:10.609+0800: 6.922: [GC (Allocation Failure) [PSYoungGen: 611831K->87039K(611840K)] 1390005K->975831K(2010112K), 0.0460701 secs] [Times: user=0.38 sys=0.00, real=0.05 secs] 
2021-01-21T16:00:10.761+0800: 7.074: [GC (Allocation Failure) [PSYoungGen: 611839K->87037K(611840K)] 1500631K->1086043K(2010112K), 0.0483170 secs] [Times: user=0.38 sys=0.00, real=0.05 secs] 
2021-01-21T16:00:10.907+0800: 7.220: [GC (Allocation Failure) [PSYoungGen: 611837K->87022K(611840K)] 1610843K->1205723K(2010112K), 0.0431966 secs] [Times: user=0.33 sys=0.02, real=0.04 secs] 
2021-01-21T16:00:11.042+0800: 7.355: [GC (Allocation Failure) [PSYoungGen: 611822K->87030K(611840K)] 1730523K->1318201K(2010112K), 0.0401878 secs] [Times: user=0.38 sys=0.00, real=0.04 secs] 
2021-01-21T16:00:11.175+0800: 7.489: [GC (Allocation Failure) [PSYoungGen: 611830K->87035K(611840K)] 1843001K->1422810K(2010112K), 0.0406294 secs] [Times: user=0.25 sys=0.00, real=0.04 secs] 
2021-01-21T16:00:11.216+0800: 7.529: [Full GC (Ergonomics) [PSYoungGen: 87035K->0K(611840K)] [ParOldGen: 1335774K->366981K(1398272K)] 1422810K->366981K(2010112K), [Metaspace: 2608K->2608K(1056768K)], 0.0901847 secs] [Times: user=0.67 sys=0.00, real=0.09 secs] 
2021-01-21T16:00:11.411+0800: 7.724: [GC (Allocation Failure) [PSYoungGen: 524800K->87028K(611840K)] 891781K->505226K(2010112K), 0.0322603 secs] [Times: user=0.25 sys=0.00, real=0.03 secs] 
2021-01-21T16:00:11.545+0800: 7.858: [GC (Allocation Failure) [PSYoungGen: 611828K->87039K(611840K)] 1030026K->615562K(2010112K), 0.0451297 secs] [Times: user=0.38 sys=0.00, real=0.04 secs] 
2021-01-21T16:00:11.697+0800: 8.011: [GC (Allocation Failure) [PSYoungGen: 611839K->87038K(611840K)] 1140362K->730421K(2010112K), 0.0453077 secs] [Times: user=0.38 sys=0.00, real=0.05 secs] 
2021-01-21T16:00:11.845+0800: 8.158: [GC (Allocation Failure) [PSYoungGen: 611838K->87039K(611840K)] 1255221K->841502K(2010112K), 0.0474575 secs] [Times: user=0.31 sys=0.00, real=0.05 secs] 
2021-01-21T16:00:11.987+0800: 8.300: [GC (Allocation Failure) [PSYoungGen: 611839K->87035K(611840K)] 1366302K->949678K(2010112K), 0.0460009 secs] [Times: user=0.38 sys=0.00, real=0.05 secs] 
2021-01-21T16:00:12.125+0800: 8.438: [GC (Allocation Failure) [PSYoungGen: 611835K->87032K(611840K)] 1474478K->1072067K(2010112K), 0.0487506 secs] [Times: user=0.45 sys=0.00, real=0.05 secs] 
2021-01-21T16:00:12.270+0800: 8.583: [GC (Allocation Failure) [PSYoungGen: 611832K->87027K(611840K)] 1596867K->1189085K(2010112K), 0.0439487 secs] [Times: user=0.25 sys=0.01, real=0.04 secs] 
2021-01-21T16:00:12.414+0800: 8.727: [GC (Allocation Failure) [PSYoungGen: 611827K->87039K(611840K)] 1713885K->1303146K(2010112K), 0.0411234 secs] [Times: user=0.38 sys=0.00, real=0.04 secs] 
2021-01-21T16:00:12.562+0800: 8.876: [GC (Allocation Failure) [PSYoungGen: 611839K->87036K(611840K)] 1827946K->1415795K(2010112K), 0.0420625 secs] [Times: user=0.38 sys=0.00, real=0.04 secs] 
2021-01-21T16:00:12.605+0800: 8.918: [Full GC (Ergonomics) [PSYoungGen: 87036K->0K(611840K)] [ParOldGen: 1328759K->374693K(1398272K)] 1415795K->374693K(2010112K), [Metaspace: 2608K->2608K(1056768K)], 0.0915529 secs] [Times: user=0.72 sys=0.00, real=0.09 secs] 
2021-01-21T16:00:12.796+0800: 9.109: [GC (Allocation Failure) [PSYoungGen: 524800K->87039K(611840K)] 899493K->526107K(2010112K), 0.0346253 secs] [Times: user=0.38 sys=0.00, real=0.03 secs] 
2021-01-21T16:00:12.930+0800: 9.243: [GC (Allocation Failure) [PSYoungGen: 611839K->87039K(611840K)] 1050907K->647264K(2010112K), 0.0481575 secs] [Times: user=0.38 sys=0.00, real=0.05 secs] 
2021-01-21T16:00:13.087+0800: 9.400: [GC (Allocation Failure) [PSYoungGen: 611839K->87034K(611840K)] 1172064K->754041K(2010112K), 0.0437256 secs] [Times: user=0.38 sys=0.00, real=0.04 secs] 
2021-01-21T16:00:13.233+0800: 9.547: [GC (Allocation Failure) [PSYoungGen: 611834K->87032K(611840K)] 1278841K->867096K(2010112K), 0.0455953 secs] [Times: user=0.38 sys=0.00, real=0.05 secs] 
2021-01-21T16:00:13.382+0800: 9.695: [GC (Allocation Failure) [PSYoungGen: 611832K->87037K(611840K)] 1391896K->984785K(2010112K), 0.0480517 secs] [Times: user=0.34 sys=0.00, real=0.05 secs] 
2021-01-21T16:00:13.524+0800: 9.837: [GC (Allocation Failure) [PSYoungGen: 611837K->87033K(611840K)] 1509585K->1104507K(2010112K), 0.0475006 secs] [Times: user=0.38 sys=0.00, real=0.05 secs] 
2021-01-21T16:00:13.664+0800: 9.978: [GC (Allocation Failure) [PSYoungGen: 611833K->87026K(611840K)] 1629307K->1216384K(2010112K), 0.0421319 secs] [Times: user=0.38 sys=0.00, real=0.04 secs] 
2021-01-21T16:00:13.797+0800: 10.111: [GC (Allocation Failure) [PSYoungGen: 611826K->87039K(611840K)] 1741184K->1329191K(2010112K), 0.0418928 secs] [Times: user=0.38 sys=0.00, real=0.04 secs] 
Heap
 PSYoungGen      total 611840K, used 97536K [0x00000000d5580000, 0x0000000100000000, 0x0000000100000000)
  eden space 524800K, 2% used [0x00000000d5580000,0x00000000d5fc0190,0x00000000f5600000)
  from space 87040K, 99% used [0x00000000f5600000,0x00000000faaffec8,0x00000000fab00000)
  to   space 87040K, 0% used [0x00000000fab00000,0x00000000fab00000,0x0000000100000000)
 ParOldGen       total 1398272K, used 1242151K [0x0000000080000000, 0x00000000d5580000, 0x00000000d5580000)
  object space 1398272K, 88% used [0x0000000080000000,0x00000000cbd09e28,0x00000000d5580000)
 Metaspace       used 2615K, capacity 4490K, committed 4864K, reserved 1056768K
  class space    used 283K, capacity 386K, committed 512K, reserved 1048576K
