Java HotSpot(TM) 64-Bit Server VM (25.231-b11) for windows-amd64 JRE (1.8.0_231-b11), built on Oct  5 2019 03:11:30 by "java_re" with MS VC++ 10.0 (VS2010)
Memory: 4k page, physical 16377868k(10364356k free), swap 30009356k(20631576k free)
CommandLine flags: -XX:InitialHeapSize=4294967296 -XX:MaxHeapSize=4294967296 -XX:+PrintGC -XX:+PrintGCDateStamps -XX:+PrintGCDetails -XX:+PrintGCTimeStamps -XX:-UseAdaptiveSizePolicy -XX:+UseCompressedClassPointers -XX:+UseCompressedOops -XX:-UseLargePagesIndividualAllocation -XX:+UseSerialGC 
2021-01-20T21:24:36.881+0800: 0.540: [GC (Allocation Failure) 2021-01-20T21:24:36.881+0800: 0.540: [DefNew: 1118528K->139776K(1258304K), 0.0996466 secs] 1118528K->233216K(4054528K), 0.0998381 secs] [Times: user=0.09 sys=0.00, real=0.10 secs] 
2021-01-20T21:24:37.160+0800: 0.819: [GC (Allocation Failure) 2021-01-20T21:24:37.160+0800: 0.819: [DefNew: 1258304K->139776K(1258304K), 0.1209138 secs] 1351744K->378230K(4054528K), 0.1210021 secs] [Times: user=0.05 sys=0.08, real=0.12 secs] 
2021-01-20T21:24:37.472+0800: 1.130: [GC (Allocation Failure) 2021-01-20T21:24:37.472+0800: 1.130: [DefNew: 1258304K->139775K(1258304K), 0.0927013 secs] 1496758K->528955K(4054528K), 0.0927800 secs] [Times: user=0.06 sys=0.03, real=0.09 secs] 
2021-01-20T21:24:37.737+0800: 1.396: [GC (Allocation Failure) 2021-01-20T21:24:37.737+0800: 1.396: [DefNew: 1258303K->139775K(1258304K), 0.0920017 secs] 1647483K->683395K(4054528K), 0.0920791 secs] [Times: user=0.08 sys=0.02, real=0.09 secs] 
2021-01-20T21:24:38.008+0800: 1.667: [GC (Allocation Failure) 2021-01-20T21:24:38.008+0800: 1.667: [DefNew: 1258303K->139775K(1258304K), 0.0902444 secs] 1801923K->836016K(4054528K), 0.0903234 secs] [Times: user=0.06 sys=0.03, real=0.09 secs] 
2021-01-20T21:24:38.264+0800: 1.923: [GC (Allocation Failure) 2021-01-20T21:24:38.264+0800: 1.923: [DefNew: 1258303K->139775K(1258304K), 0.0882936 secs] 1954544K->982200K(4054528K), 0.0883693 secs] [Times: user=0.05 sys=0.05, real=0.09 secs] 
2021-01-20T21:24:38.524+0800: 2.182: [GC (Allocation Failure) 2021-01-20T21:24:38.524+0800: 2.182: [DefNew: 1258303K->139775K(1258304K), 0.0868727 secs] 2100728K->1124881K(4054528K), 0.0869488 secs] [Times: user=0.06 sys=0.02, real=0.09 secs] 
2021-01-20T21:24:38.782+0800: 2.441: [GC (Allocation Failure) 2021-01-20T21:24:38.782+0800: 2.441: [DefNew: 1258303K->139775K(1258304K), 0.0932453 secs] 2243409K->1284099K(4054528K), 0.0933214 secs] [Times: user=0.06 sys=0.03, real=0.09 secs] 
2021-01-20T21:24:39.041+0800: 2.699: [GC (Allocation Failure) 2021-01-20T21:24:39.041+0800: 2.699: [DefNew: 1258303K->139775K(1258304K), 0.0970177 secs] 2402627K->1449690K(4054528K), 0.0970889 secs] [Times: user=0.06 sys=0.03, real=0.10 secs] 
2021-01-20T21:24:39.302+0800: 2.960: [GC (Allocation Failure) 2021-01-20T21:24:39.302+0800: 2.960: [DefNew: 1258303K->139775K(1258304K), 0.0948783 secs] 2568218K->1611426K(4054528K), 0.0949540 secs] [Times: user=0.03 sys=0.06, real=0.10 secs] 
Heap
 def new generation   total 1258304K, used 322450K [0x00000006c0000000, 0x0000000715550000, 0x0000000715550000)
  eden space 1118528K,  16% used [0x00000006c0000000, 0x00000006cb264ad0, 0x0000000704450000)
  from space 139776K,  99% used [0x0000000704450000, 0x000000070cccff78, 0x000000070ccd0000)
  to   space 139776K,   0% used [0x000000070ccd0000, 0x000000070ccd0000, 0x0000000715550000)
 tenured generation   total 2796224K, used 1471650K [0x0000000715550000, 0x00000007c0000000, 0x00000007c0000000)
   the space 2796224K,  52% used [0x0000000715550000, 0x000000076f278a18, 0x000000076f278c00, 0x00000007c0000000)
 Metaspace       used 2608K, capacity 4486K, committed 4864K, reserved 1056768K
  class space    used 283K, capacity 386K, committed 512K, reserved 1048576K
