Java HotSpot(TM) 64-Bit Server VM (25.231-b11) for windows-amd64 JRE (1.8.0_231-b11), built on Oct  5 2019 03:11:30 by "java_re" with MS VC++ 10.0 (VS2010)
Memory: 4k page, physical 16377868k(9015976k free), swap 30009356k(18225588k free)
CommandLine flags: -XX:InitialHeapSize=2147483648 -XX:MaxHeapSize=2147483648 -XX:ParallelGCThreads=4 -XX:+PrintGC -XX:+PrintGCDateStamps -XX:+PrintGCDetails -XX:+PrintGCTimeStamps -XX:-UseAdaptiveSizePolicy -XX:+UseCompressedClassPointers -XX:+UseCompressedOops -XX:+UseG1GC -XX:-UseLargePagesIndividualAllocation 
2021-01-21T16:07:16.719+0800: 0.166: [GC pause (G1 Evacuation Pause) (young), 0.0082256 secs]
   [Parallel Time: 7.4 ms, GC Workers: 4]
      [GC Worker Start (ms): Min: 166.3, Avg: 166.3, Max: 166.4, Diff: 0.1]
      [Ext Root Scanning (ms): Min: 0.2, Avg: 0.2, Max: 0.2, Diff: 0.0, Sum: 0.7]
      [Update RS (ms): Min: 0.3, Avg: 0.3, Max: 0.3, Diff: 0.0, Sum: 1.1]
         [Processed Buffers: Min: 6, Avg: 6.3, Max: 7, Diff: 1, Sum: 25]
      [Scan RS (ms): Min: 0.0, Avg: 0.0, Max: 0.0, Diff: 0.0, Sum: 0.0]
      [Code Root Scanning (ms): Min: 0.0, Avg: 0.0, Max: 0.0, Diff: 0.0, Sum: 0.0]
      [Object Copy (ms): Min: 6.7, Avg: 6.8, Max: 6.8, Diff: 0.1, Sum: 27.0]
      [Termination (ms): Min: 0.0, Avg: 0.0, Max: 0.1, Diff: 0.1, Sum: 0.1]
         [Termination Attempts: Min: 1, Avg: 1.0, Max: 1, Diff: 0, Sum: 4]
      [GC Worker Other (ms): Min: 0.0, Avg: 0.0, Max: 0.0, Diff: 0.0, Sum: 0.1]
      [GC Worker Total (ms): Min: 7.3, Avg: 7.3, Max: 7.3, Diff: 0.1, Sum: 29.1]
      [GC Worker End (ms): Min: 173.6, Avg: 173.6, Max: 173.6, Diff: 0.0]
   [Code Root Fixup: 0.0 ms]
   [Code Root Purge: 0.0 ms]
   [Clear CT: 0.1 ms]
   [Other: 0.8 ms]
      [Choose CSet: 0.0 ms]
      [Ref Proc: 0.1 ms]
      [Ref Enq: 0.0 ms]
      [Redirty Cards: 0.1 ms]
      [Humongous Register: 0.0 ms]
      [Humongous Reclaim: 0.1 ms]
      [Free CSet: 0.1 ms]
   [Eden: 102.0M(102.0M)->0.0B(89.0M) Survivors: 0.0B->13.0M Heap: 131.8M(2048.0M)->50.1M(2048.0M)]
 [Times: user=0.03 sys=0.03, real=0.01 secs] 
2021-01-21T16:07:16.757+0800: 0.204: [GC pause (G1 Evacuation Pause) (young), 0.0095940 secs]
   [Parallel Time: 8.8 ms, GC Workers: 4]
      [GC Worker Start (ms): Min: 204.3, Avg: 204.4, Max: 204.4, Diff: 0.1]
      [Ext Root Scanning (ms): Min: 0.1, Avg: 0.1, Max: 0.2, Diff: 0.1, Sum: 0.6]
      [Update RS (ms): Min: 0.3, Avg: 0.3, Max: 0.3, Diff: 0.1, Sum: 1.2]
         [Processed Buffers: Min: 6, Avg: 7.8, Max: 11, Diff: 5, Sum: 31]
      [Scan RS (ms): Min: 0.0, Avg: 0.0, Max: 0.0, Diff: 0.0, Sum: 0.0]
      [Code Root Scanning (ms): Min: 0.0, Avg: 0.0, Max: 0.0, Diff: 0.0, Sum: 0.0]
      [Object Copy (ms): Min: 8.2, Avg: 8.3, Max: 8.3, Diff: 0.1, Sum: 33.0]
      [Termination (ms): Min: 0.0, Avg: 0.0, Max: 0.0, Diff: 0.0, Sum: 0.0]
         [Termination Attempts: Min: 1, Avg: 1.0, Max: 1, Diff: 0, Sum: 4]
      [GC Worker Other (ms): Min: 0.0, Avg: 0.0, Max: 0.0, Diff: 0.0, Sum: 0.0]
      [GC Worker Total (ms): Min: 8.7, Avg: 8.7, Max: 8.8, Diff: 0.1, Sum: 35.0]
      [GC Worker End (ms): Min: 213.1, Avg: 213.1, Max: 213.1, Diff: 0.0]
   [Code Root Fixup: 0.0 ms]
   [Code Root Purge: 0.0 ms]
   [Clear CT: 0.2 ms]
   [Other: 0.6 ms]
      [Choose CSet: 0.0 ms]
      [Ref Proc: 0.1 ms]
      [Ref Enq: 0.0 ms]
      [Redirty Cards: 0.1 ms]
      [Humongous Register: 0.1 ms]
      [Humongous Reclaim: 0.1 ms]
      [Free CSet: 0.1 ms]
   [Eden: 89.0M(89.0M)->0.0B(89.0M) Survivors: 13.0M->13.0M Heap: 165.6M(2048.0M)->90.4M(2048.0M)]
 [Times: user=0.02 sys=0.00, real=0.01 secs] 
2021-01-21T16:07:16.790+0800: 0.237: [GC pause (G1 Evacuation Pause) (young), 0.0099867 secs]
   [Parallel Time: 8.8 ms, GC Workers: 4]
      [GC Worker Start (ms): Min: 237.0, Avg: 237.0, Max: 237.0, Diff: 0.1]
      [Ext Root Scanning (ms): Min: 0.1, Avg: 0.1, Max: 0.2, Diff: 0.1, Sum: 0.6]
      [Update RS (ms): Min: 0.1, Avg: 0.1, Max: 0.1, Diff: 0.0, Sum: 0.4]
         [Processed Buffers: Min: 0, Avg: 2.0, Max: 3, Diff: 3, Sum: 8]
      [Scan RS (ms): Min: 0.0, Avg: 0.0, Max: 0.0, Diff: 0.0, Sum: 0.1]
      [Code Root Scanning (ms): Min: 0.0, Avg: 0.0, Max: 0.0, Diff: 0.0, Sum: 0.0]
      [Object Copy (ms): Min: 8.4, Avg: 8.4, Max: 8.5, Diff: 0.1, Sum: 33.7]
      [Termination (ms): Min: 0.0, Avg: 0.0, Max: 0.1, Diff: 0.1, Sum: 0.2]
         [Termination Attempts: Min: 1, Avg: 1.0, Max: 1, Diff: 0, Sum: 4]
      [GC Worker Other (ms): Min: 0.0, Avg: 0.0, Max: 0.0, Diff: 0.0, Sum: 0.1]
      [GC Worker Total (ms): Min: 8.7, Avg: 8.8, Max: 8.8, Diff: 0.1, Sum: 35.0]
      [GC Worker End (ms): Min: 245.7, Avg: 245.8, Max: 245.8, Diff: 0.0]
   [Code Root Fixup: 0.0 ms]
   [Code Root Purge: 0.0 ms]
   [Clear CT: 0.3 ms]
   [Other: 0.9 ms]
      [Choose CSet: 0.0 ms]
      [Ref Proc: 0.3 ms]
      [Ref Enq: 0.0 ms]
      [Redirty Cards: 0.2 ms]
      [Humongous Register: 0.1 ms]
      [Humongous Reclaim: 0.1 ms]
      [Free CSet: 0.1 ms]
   [Eden: 89.0M(89.0M)->0.0B(89.0M) Survivors: 13.0M->13.0M Heap: 204.7M(2048.0M)->126.9M(2048.0M)]
 [Times: user=0.03 sys=0.03, real=0.01 secs] 
2021-01-21T16:07:16.834+0800: 0.281: [GC pause (G1 Evacuation Pause) (young), 0.0104632 secs]
   [Parallel Time: 9.2 ms, GC Workers: 4]
      [GC Worker Start (ms): Min: 281.5, Avg: 281.5, Max: 281.5, Diff: 0.1]
      [Ext Root Scanning (ms): Min: 0.1, Avg: 0.2, Max: 0.2, Diff: 0.1, Sum: 0.6]
      [Update RS (ms): Min: 0.3, Avg: 0.3, Max: 0.3, Diff: 0.0, Sum: 1.2]
         [Processed Buffers: Min: 3, Avg: 5.0, Max: 6, Diff: 3, Sum: 20]
      [Scan RS (ms): Min: 0.0, Avg: 0.0, Max: 0.0, Diff: 0.0, Sum: 0.1]
      [Code Root Scanning (ms): Min: 0.0, Avg: 0.0, Max: 0.0, Diff: 0.0, Sum: 0.0]
      [Object Copy (ms): Min: 8.6, Avg: 8.6, Max: 8.7, Diff: 0.0, Sum: 34.6]
      [Termination (ms): Min: 0.0, Avg: 0.0, Max: 0.0, Diff: 0.0, Sum: 0.0]
         [Termination Attempts: Min: 1, Avg: 1.0, Max: 1, Diff: 0, Sum: 4]
      [GC Worker Other (ms): Min: 0.0, Avg: 0.0, Max: 0.0, Diff: 0.0, Sum: 0.0]
      [GC Worker Total (ms): Min: 9.1, Avg: 9.1, Max: 9.2, Diff: 0.1, Sum: 36.6]
      [GC Worker End (ms): Min: 290.6, Avg: 290.6, Max: 290.6, Diff: 0.0]
   [Code Root Fixup: 0.0 ms]
   [Code Root Purge: 0.0 ms]
   [Clear CT: 0.3 ms]
   [Other: 1.0 ms]
      [Choose CSet: 0.0 ms]
      [Ref Proc: 0.1 ms]
      [Ref Enq: 0.0 ms]
      [Redirty Cards: 0.4 ms]
      [Humongous Register: 0.1 ms]
      [Humongous Reclaim: 0.1 ms]
      [Free CSet: 0.1 ms]
   [Eden: 89.0M(89.0M)->0.0B(89.0M) Survivors: 13.0M->13.0M Heap: 241.1M(2048.0M)->168.2M(2048.0M)]
 [Times: user=0.00 sys=0.00, real=0.01 secs] 
2021-01-21T16:07:16.877+0800: 0.324: [GC pause (G1 Evacuation Pause) (young), 0.0107225 secs]
   [Parallel Time: 9.1 ms, GC Workers: 4]
      [GC Worker Start (ms): Min: 324.6, Avg: 324.6, Max: 324.7, Diff: 0.1]
      [Ext Root Scanning (ms): Min: 0.2, Avg: 0.3, Max: 0.3, Diff: 0.1, Sum: 1.0]
      [Update RS (ms): Min: 0.2, Avg: 0.3, Max: 0.3, Diff: 0.0, Sum: 1.1]
         [Processed Buffers: Min: 1, Avg: 2.8, Max: 4, Diff: 3, Sum: 11]
      [Scan RS (ms): Min: 0.0, Avg: 0.0, Max: 0.0, Diff: 0.0, Sum: 0.1]
      [Code Root Scanning (ms): Min: 0.0, Avg: 0.0, Max: 0.0, Diff: 0.0, Sum: 0.0]
      [Object Copy (ms): Min: 8.4, Avg: 8.4, Max: 8.4, Diff: 0.0, Sum: 33.6]
      [Termination (ms): Min: 0.0, Avg: 0.0, Max: 0.0, Diff: 0.0, Sum: 0.1]
         [Termination Attempts: Min: 1, Avg: 1.0, Max: 1, Diff: 0, Sum: 4]
      [GC Worker Other (ms): Min: 0.0, Avg: 0.0, Max: 0.0, Diff: 0.0, Sum: 0.1]
      [GC Worker Total (ms): Min: 9.0, Avg: 9.0, Max: 9.0, Diff: 0.1, Sum: 36.0]
      [GC Worker End (ms): Min: 333.6, Avg: 333.6, Max: 333.6, Diff: 0.0]
   [Code Root Fixup: 0.0 ms]
   [Code Root Purge: 0.0 ms]
   [Clear CT: 0.5 ms]
   [Other: 1.1 ms]
      [Choose CSet: 0.0 ms]
      [Ref Proc: 0.2 ms]
      [Ref Enq: 0.0 ms]
      [Redirty Cards: 0.4 ms]
      [Humongous Register: 0.1 ms]
      [Humongous Reclaim: 0.1 ms]
      [Free CSet: 0.1 ms]
   [Eden: 89.0M(89.0M)->0.0B(89.0M) Survivors: 13.0M->13.0M Heap: 287.3M(2048.0M)->201.7M(2048.0M)]
 [Times: user=0.00 sys=0.00, real=0.01 secs] 
2021-01-21T16:07:16.921+0800: 0.369: [GC pause (G1 Evacuation Pause) (young), 0.0088240 secs]
   [Parallel Time: 7.6 ms, GC Workers: 4]
      [GC Worker Start (ms): Min: 368.9, Avg: 368.9, Max: 368.9, Diff: 0.1]
      [Ext Root Scanning (ms): Min: 0.1, Avg: 0.2, Max: 0.2, Diff: 0.1, Sum: 0.7]
      [Update RS (ms): Min: 0.2, Avg: 0.2, Max: 0.2, Diff: 0.0, Sum: 0.7]
         [Processed Buffers: Min: 0, Avg: 2.8, Max: 4, Diff: 4, Sum: 11]
      [Scan RS (ms): Min: 0.0, Avg: 0.0, Max: 0.0, Diff: 0.0, Sum: 0.0]
      [Code Root Scanning (ms): Min: 0.0, Avg: 0.0, Max: 0.0, Diff: 0.0, Sum: 0.0]
      [Object Copy (ms): Min: 7.0, Avg: 7.1, Max: 7.2, Diff: 0.2, Sum: 28.3]
      [Termination (ms): Min: 0.0, Avg: 0.1, Max: 0.1, Diff: 0.1, Sum: 0.3]
         [Termination Attempts: Min: 1, Avg: 1.0, Max: 1, Diff: 0, Sum: 4]
      [GC Worker Other (ms): Min: 0.0, Avg: 0.0, Max: 0.0, Diff: 0.0, Sum: 0.0]
      [GC Worker Total (ms): Min: 7.5, Avg: 7.5, Max: 7.6, Diff: 0.1, Sum: 30.1]
      [GC Worker End (ms): Min: 376.4, Avg: 376.4, Max: 376.4, Diff: 0.0]
   [Code Root Fixup: 0.0 ms]
   [Code Root Purge: 0.0 ms]
   [Clear CT: 0.3 ms]
   [Other: 0.9 ms]
      [Choose CSet: 0.0 ms]
      [Ref Proc: 0.1 ms]
      [Ref Enq: 0.0 ms]
      [Redirty Cards: 0.3 ms]
      [Humongous Register: 0.1 ms]
      [Humongous Reclaim: 0.1 ms]
      [Free CSet: 0.0 ms]
   [Eden: 89.0M(89.0M)->0.0B(95.0M) Survivors: 13.0M->13.0M Heap: 314.7M(2048.0M)->233.5M(2048.0M)]
 [Times: user=0.06 sys=0.00, real=0.01 secs] 
2021-01-21T16:07:16.954+0800: 0.402: [GC pause (G1 Evacuation Pause) (young), 0.0090064 secs]
   [Parallel Time: 7.8 ms, GC Workers: 4]
      [GC Worker Start (ms): Min: 401.8, Avg: 401.8, Max: 401.8, Diff: 0.1]
      [Ext Root Scanning (ms): Min: 0.1, Avg: 0.1, Max: 0.2, Diff: 0.0, Sum: 0.6]
      [Update RS (ms): Min: 0.2, Avg: 0.2, Max: 0.3, Diff: 0.1, Sum: 1.0]
         [Processed Buffers: Min: 1, Avg: 4.0, Max: 5, Diff: 4, Sum: 16]
      [Scan RS (ms): Min: 0.0, Avg: 0.0, Max: 0.0, Diff: 0.0, Sum: 0.1]
      [Code Root Scanning (ms): Min: 0.0, Avg: 0.0, Max: 0.0, Diff: 0.0, Sum: 0.0]
      [Object Copy (ms): Min: 7.2, Avg: 7.2, Max: 7.3, Diff: 0.1, Sum: 28.9]
      [Termination (ms): Min: 0.0, Avg: 0.1, Max: 0.1, Diff: 0.1, Sum: 0.4]
         [Termination Attempts: Min: 1, Avg: 1.0, Max: 1, Diff: 0, Sum: 4]
      [GC Worker Other (ms): Min: 0.0, Avg: 0.0, Max: 0.0, Diff: 0.0, Sum: 0.0]
      [GC Worker Total (ms): Min: 7.7, Avg: 7.7, Max: 7.7, Diff: 0.1, Sum: 30.8]
      [GC Worker End (ms): Min: 409.5, Avg: 409.5, Max: 409.5, Diff: 0.0]
   [Code Root Fixup: 0.0 ms]
   [Code Root Purge: 0.0 ms]
   [Clear CT: 0.2 ms]
   [Other: 1.0 ms]
      [Choose CSet: 0.0 ms]
      [Ref Proc: 0.2 ms]
      [Ref Enq: 0.0 ms]
      [Redirty Cards: 0.4 ms]
      [Humongous Register: 0.1 ms]
      [Humongous Reclaim: 0.1 ms]
      [Free CSet: 0.1 ms]
   [Eden: 95.0M(95.0M)->0.0B(119.0M) Survivors: 13.0M->14.0M Heap: 355.0M(2048.0M)->263.3M(2048.0M)]
 [Times: user=0.00 sys=0.00, real=0.01 secs] 
2021-01-21T16:07:17.001+0800: 0.449: [GC pause (G1 Evacuation Pause) (young), 0.0118168 secs]
   [Parallel Time: 10.6 ms, GC Workers: 4]
      [GC Worker Start (ms): Min: 449.0, Avg: 449.1, Max: 449.1, Diff: 0.1]
      [Ext Root Scanning (ms): Min: 0.1, Avg: 0.2, Max: 0.2, Diff: 0.1, Sum: 0.7]
      [Update RS (ms): Min: 0.3, Avg: 0.3, Max: 0.4, Diff: 0.0, Sum: 1.4]
         [Processed Buffers: Min: 2, Avg: 4.8, Max: 6, Diff: 4, Sum: 19]
      [Scan RS (ms): Min: 0.0, Avg: 0.0, Max: 0.0, Diff: 0.0, Sum: 0.1]
      [Code Root Scanning (ms): Min: 0.0, Avg: 0.0, Max: 0.0, Diff: 0.0, Sum: 0.0]
      [Object Copy (ms): Min: 9.9, Avg: 9.9, Max: 10.0, Diff: 0.1, Sum: 39.7]
      [Termination (ms): Min: 0.0, Avg: 0.0, Max: 0.1, Diff: 0.1, Sum: 0.1]
         [Termination Attempts: Min: 1, Avg: 1.0, Max: 1, Diff: 0, Sum: 4]
      [GC Worker Other (ms): Min: 0.0, Avg: 0.0, Max: 0.0, Diff: 0.0, Sum: 0.1]
      [GC Worker Total (ms): Min: 10.5, Avg: 10.5, Max: 10.6, Diff: 0.1, Sum: 42.1]
      [GC Worker End (ms): Min: 459.6, Avg: 459.6, Max: 459.6, Diff: 0.0]
   [Code Root Fixup: 0.0 ms]
   [Code Root Purge: 0.0 ms]
   [Clear CT: 0.1 ms]
   [Other: 1.1 ms]
      [Choose CSet: 0.0 ms]
      [Ref Proc: 0.1 ms]
      [Ref Enq: 0.0 ms]
      [Redirty Cards: 0.4 ms]
      [Humongous Register: 0.1 ms]
      [Humongous Reclaim: 0.1 ms]
      [Free CSet: 0.1 ms]
   [Eden: 119.0M(119.0M)->0.0B(155.0M) Survivors: 14.0M->17.0M Heap: 416.5M(2048.0M)->304.9M(2048.0M)]
 [Times: user=0.00 sys=0.00, real=0.01 secs] 
2021-01-21T16:07:17.086+0800: 0.534: [GC pause (G1 Evacuation Pause) (young), 0.0322640 secs]
   [Parallel Time: 30.1 ms, GC Workers: 4]
      [GC Worker Start (ms): Min: 534.5, Avg: 534.6, Max: 534.6, Diff: 0.1]
      [Ext Root Scanning (ms): Min: 0.4, Avg: 0.5, Max: 0.5, Diff: 0.1, Sum: 1.8]
      [Update RS (ms): Min: 0.7, Avg: 0.9, Max: 1.1, Diff: 0.4, Sum: 3.6]
         [Processed Buffers: Min: 3, Avg: 4.0, Max: 5, Diff: 2, Sum: 16]
      [Scan RS (ms): Min: 0.0, Avg: 0.1, Max: 0.1, Diff: 0.1, Sum: 0.2]
      [Code Root Scanning (ms): Min: 0.0, Avg: 0.0, Max: 0.0, Diff: 0.0, Sum: 0.0]
      [Object Copy (ms): Min: 28.0, Avg: 28.3, Max: 28.7, Diff: 0.7, Sum: 113.1]
      [Termination (ms): Min: 0.0, Avg: 0.2, Max: 0.5, Diff: 0.5, Sum: 0.7]
         [Termination Attempts: Min: 1, Avg: 1.0, Max: 1, Diff: 0, Sum: 4]
      [GC Worker Other (ms): Min: 0.0, Avg: 0.0, Max: 0.0, Diff: 0.0, Sum: 0.1]
      [GC Worker Total (ms): Min: 29.8, Avg: 29.9, Max: 30.0, Diff: 0.2, Sum: 119.5]
      [GC Worker End (ms): Min: 564.4, Avg: 564.5, Max: 564.5, Diff: 0.0]
   [Code Root Fixup: 0.0 ms]
   [Code Root Purge: 0.0 ms]
   [Clear CT: 0.4 ms]
   [Other: 1.8 ms]
      [Choose CSet: 0.0 ms]
      [Ref Proc: 0.3 ms]
      [Ref Enq: 0.0 ms]
      [Redirty Cards: 0.4 ms]
      [Humongous Register: 0.3 ms]
      [Humongous Reclaim: 0.3 ms]
      [Free CSet: 0.2 ms]
   [Eden: 155.0M(155.0M)->0.0B(147.0M) Survivors: 17.0M->22.0M Heap: 495.7M(2048.0M)->342.1M(2048.0M)]
 [Times: user=0.03 sys=0.09, real=0.03 secs] 
2021-01-21T16:07:17.173+0800: 0.621: [GC pause (G1 Evacuation Pause) (young), 0.0148255 secs]
   [Parallel Time: 13.6 ms, GC Workers: 4]
      [GC Worker Start (ms): Min: 620.9, Avg: 620.9, Max: 621.0, Diff: 0.1]
      [Ext Root Scanning (ms): Min: 0.1, Avg: 0.2, Max: 0.2, Diff: 0.1, Sum: 0.7]
      [Update RS (ms): Min: 0.3, Avg: 0.4, Max: 0.4, Diff: 0.1, Sum: 1.5]
         [Processed Buffers: Min: 1, Avg: 4.8, Max: 6, Diff: 5, Sum: 19]
      [Scan RS (ms): Min: 0.0, Avg: 0.0, Max: 0.0, Diff: 0.0, Sum: 0.1]
      [Code Root Scanning (ms): Min: 0.0, Avg: 0.0, Max: 0.0, Diff: 0.0, Sum: 0.0]
      [Object Copy (ms): Min: 12.7, Avg: 12.8, Max: 12.9, Diff: 0.2, Sum: 51.1]
      [Termination (ms): Min: 0.0, Avg: 0.2, Max: 0.2, Diff: 0.2, Sum: 0.6]
         [Termination Attempts: Min: 1, Avg: 1.0, Max: 1, Diff: 0, Sum: 4]
      [GC Worker Other (ms): Min: 0.0, Avg: 0.0, Max: 0.0, Diff: 0.0, Sum: 0.1]
      [GC Worker Total (ms): Min: 13.5, Avg: 13.5, Max: 13.6, Diff: 0.1, Sum: 54.1]
      [GC Worker End (ms): Min: 634.4, Avg: 634.4, Max: 634.4, Diff: 0.0]
   [Code Root Fixup: 0.0 ms]
   [Code Root Purge: 0.0 ms]
   [Clear CT: 0.2 ms]
   [Other: 1.0 ms]
      [Choose CSet: 0.0 ms]
      [Ref Proc: 0.1 ms]
      [Ref Enq: 0.0 ms]
      [Redirty Cards: 0.3 ms]
      [Humongous Register: 0.1 ms]
      [Humongous Reclaim: 0.1 ms]
      [Free CSet: 0.1 ms]
   [Eden: 147.0M(147.0M)->0.0B(193.0M) Survivors: 22.0M->22.0M Heap: 522.6M(2048.0M)->383.5M(2048.0M)]
 [Times: user=0.02 sys=0.00, real=0.01 secs] 
2021-01-21T16:07:17.250+0800: 0.698: [GC pause (G1 Evacuation Pause) (young), 0.0179050 secs]
   [Parallel Time: 16.5 ms, GC Workers: 4]
      [GC Worker Start (ms): Min: 697.9, Avg: 698.0, Max: 698.0, Diff: 0.1]
      [Ext Root Scanning (ms): Min: 0.1, Avg: 0.2, Max: 0.2, Diff: 0.1, Sum: 0.6]
      [Update RS (ms): Min: 0.2, Avg: 0.3, Max: 0.3, Diff: 0.1, Sum: 1.0]
         [Processed Buffers: Min: 0, Avg: 4.8, Max: 7, Diff: 7, Sum: 19]
      [Scan RS (ms): Min: 0.0, Avg: 0.0, Max: 0.0, Diff: 0.0, Sum: 0.1]
      [Code Root Scanning (ms): Min: 0.0, Avg: 0.0, Max: 0.0, Diff: 0.0, Sum: 0.0]
      [Object Copy (ms): Min: 15.8, Avg: 15.9, Max: 16.0, Diff: 0.1, Sum: 63.6]
      [Termination (ms): Min: 0.0, Avg: 0.1, Max: 0.1, Diff: 0.1, Sum: 0.3]
         [Termination Attempts: Min: 1, Avg: 1.3, Max: 2, Diff: 1, Sum: 5]
      [GC Worker Other (ms): Min: 0.0, Avg: 0.0, Max: 0.0, Diff: 0.0, Sum: 0.1]
      [GC Worker Total (ms): Min: 16.4, Avg: 16.4, Max: 16.5, Diff: 0.1, Sum: 65.8]
      [GC Worker End (ms): Min: 714.4, Avg: 714.4, Max: 714.4, Diff: 0.0]
   [Code Root Fixup: 0.0 ms]
   [Code Root Purge: 0.0 ms]
   [Clear CT: 0.3 ms]
   [Other: 1.1 ms]
      [Choose CSet: 0.0 ms]
      [Ref Proc: 0.2 ms]
      [Ref Enq: 0.0 ms]
      [Redirty Cards: 0.3 ms]
      [Humongous Register: 0.1 ms]
      [Humongous Reclaim: 0.1 ms]
      [Free CSet: 0.1 ms]
   [Eden: 193.0M(193.0M)->0.0B(208.0M) Survivors: 22.0M->27.0M Heap: 636.4M(2048.0M)->446.6M(2048.0M)]
 [Times: user=0.08 sys=0.05, real=0.02 secs] 
2021-01-21T16:07:17.326+0800: 0.773: [GC pause (G1 Evacuation Pause) (young), 0.0203113 secs]
   [Parallel Time: 19.1 ms, GC Workers: 4]
      [GC Worker Start (ms): Min: 773.6, Avg: 773.7, Max: 773.7, Diff: 0.1]
      [Ext Root Scanning (ms): Min: 0.1, Avg: 0.2, Max: 0.2, Diff: 0.1, Sum: 0.7]
      [Update RS (ms): Min: 0.4, Avg: 0.4, Max: 0.4, Diff: 0.0, Sum: 1.5]
         [Processed Buffers: Min: 1, Avg: 4.3, Max: 6, Diff: 5, Sum: 17]
      [Scan RS (ms): Min: 0.0, Avg: 0.0, Max: 0.1, Diff: 0.0, Sum: 0.2]
      [Code Root Scanning (ms): Min: 0.0, Avg: 0.0, Max: 0.0, Diff: 0.0, Sum: 0.0]
      [Object Copy (ms): Min: 18.1, Avg: 18.3, Max: 18.3, Diff: 0.2, Sum: 73.1]
      [Termination (ms): Min: 0.0, Avg: 0.1, Max: 0.2, Diff: 0.2, Sum: 0.3]
         [Termination Attempts: Min: 1, Avg: 1.3, Max: 2, Diff: 1, Sum: 5]
      [GC Worker Other (ms): Min: 0.0, Avg: 0.0, Max: 0.0, Diff: 0.0, Sum: 0.1]
      [GC Worker Total (ms): Min: 18.9, Avg: 19.0, Max: 19.0, Diff: 0.1, Sum: 75.9]
      [GC Worker End (ms): Min: 792.6, Avg: 792.6, Max: 792.6, Diff: 0.0]
   [Code Root Fixup: 0.0 ms]
   [Code Root Purge: 0.0 ms]
   [Clear CT: 0.2 ms]
   [Other: 1.0 ms]
      [Choose CSet: 0.0 ms]
      [Ref Proc: 0.1 ms]
      [Ref Enq: 0.0 ms]
      [Redirty Cards: 0.3 ms]
      [Humongous Register: 0.2 ms]
      [Humongous Reclaim: 0.2 ms]
      [Free CSet: 0.1 ms]
   [Eden: 208.0M(208.0M)->0.0B(243.0M) Survivors: 27.0M->30.0M Heap: 709.4M(2048.0M)->497.8M(2048.0M)]
 [Times: user=0.03 sys=0.09, real=0.02 secs] 
2021-01-21T16:07:17.416+0800: 0.863: [GC pause (G1 Evacuation Pause) (young), 0.0241932 secs]
   [Parallel Time: 22.8 ms, GC Workers: 4]
      [GC Worker Start (ms): Min: 863.7, Avg: 863.8, Max: 863.8, Diff: 0.1]
      [Ext Root Scanning (ms): Min: 0.2, Avg: 0.2, Max: 0.2, Diff: 0.1, Sum: 0.7]
      [Update RS (ms): Min: 0.6, Avg: 0.6, Max: 0.6, Diff: 0.0, Sum: 2.5]
         [Processed Buffers: Min: 2, Avg: 7.3, Max: 11, Diff: 9, Sum: 29]
      [Scan RS (ms): Min: 0.0, Avg: 0.0, Max: 0.1, Diff: 0.0, Sum: 0.2]
      [Code Root Scanning (ms): Min: 0.0, Avg: 0.0, Max: 0.0, Diff: 0.0, Sum: 0.0]
      [Object Copy (ms): Min: 21.7, Avg: 21.8, Max: 21.9, Diff: 0.1, Sum: 87.2]
      [Termination (ms): Min: 0.0, Avg: 0.1, Max: 0.2, Diff: 0.2, Sum: 0.3]
         [Termination Attempts: Min: 1, Avg: 1.3, Max: 2, Diff: 1, Sum: 5]
      [GC Worker Other (ms): Min: 0.0, Avg: 0.0, Max: 0.0, Diff: 0.0, Sum: 0.1]
      [GC Worker Total (ms): Min: 22.7, Avg: 22.7, Max: 22.8, Diff: 0.1, Sum: 91.0]
      [GC Worker End (ms): Min: 886.5, Avg: 886.5, Max: 886.5, Diff: 0.0]
   [Code Root Fixup: 0.0 ms]
   [Code Root Purge: 0.0 ms]
   [Clear CT: 0.2 ms]
   [Other: 1.1 ms]
      [Choose CSet: 0.0 ms]
      [Ref Proc: 0.2 ms]
      [Ref Enq: 0.0 ms]
      [Redirty Cards: 0.3 ms]
      [Humongous Register: 0.2 ms]
      [Humongous Reclaim: 0.2 ms]
      [Free CSet: 0.1 ms]
   [Eden: 243.0M(243.0M)->0.0B(262.0M) Survivors: 30.0M->35.0M Heap: 804.7M(2048.0M)->577.3M(2048.0M)]
 [Times: user=0.05 sys=0.08, real=0.02 secs] 
2021-01-21T16:07:17.521+0800: 0.968: [GC pause (G1 Evacuation Pause) (young), 0.0248791 secs]
   [Parallel Time: 23.6 ms, GC Workers: 4]
      [GC Worker Start (ms): Min: 968.5, Avg: 968.5, Max: 968.5, Diff: 0.1]
      [Ext Root Scanning (ms): Min: 0.1, Avg: 0.2, Max: 0.2, Diff: 0.1, Sum: 0.7]
      [Update RS (ms): Min: 0.5, Avg: 0.5, Max: 0.6, Diff: 0.0, Sum: 2.1]
         [Processed Buffers: Min: 3, Avg: 6.5, Max: 8, Diff: 5, Sum: 26]
      [Scan RS (ms): Min: 0.0, Avg: 0.0, Max: 0.1, Diff: 0.0, Sum: 0.2]
      [Code Root Scanning (ms): Min: 0.0, Avg: 0.0, Max: 0.0, Diff: 0.0, Sum: 0.0]
      [Object Copy (ms): Min: 22.7, Avg: 22.8, Max: 22.8, Diff: 0.1, Sum: 91.0]
      [Termination (ms): Min: 0.0, Avg: 0.0, Max: 0.1, Diff: 0.1, Sum: 0.2]
         [Termination Attempts: Min: 1, Avg: 1.0, Max: 1, Diff: 0, Sum: 4]
      [GC Worker Other (ms): Min: 0.0, Avg: 0.0, Max: 0.0, Diff: 0.0, Sum: 0.1]
      [GC Worker Total (ms): Min: 23.5, Avg: 23.6, Max: 23.6, Diff: 0.1, Sum: 94.3]
      [GC Worker End (ms): Min: 992.1, Avg: 992.1, Max: 992.1, Diff: 0.0]
   [Code Root Fixup: 0.0 ms]
   [Code Root Purge: 0.0 ms]
   [Clear CT: 0.1 ms]
   [Other: 1.1 ms]
      [Choose CSet: 0.0 ms]
      [Ref Proc: 0.2 ms]
      [Ref Enq: 0.0 ms]
      [Redirty Cards: 0.2 ms]
      [Humongous Register: 0.2 ms]
      [Humongous Reclaim: 0.2 ms]
      [Free CSet: 0.2 ms]
   [Eden: 262.0M(262.0M)->0.0B(1034.0M) Survivors: 35.0M->38.0M Heap: 919.4M(2048.0M)->651.4M(2048.0M)]
 [Times: user=0.00 sys=0.06, real=0.03 secs] 
2021-01-21T16:07:17.840+0800: 1.287: [GC pause (G1 Humongous Allocation) (young) (initial-mark), 0.0398841 secs]
   [Parallel Time: 37.9 ms, GC Workers: 4]
      [GC Worker Start (ms): Min: 1287.0, Avg: 1287.0, Max: 1287.1, Diff: 0.1]
      [Ext Root Scanning (ms): Min: 0.2, Avg: 0.2, Max: 0.2, Diff: 0.1, Sum: 0.8]
      [Update RS (ms): Min: 0.5, Avg: 0.5, Max: 0.5, Diff: 0.0, Sum: 1.9]
         [Processed Buffers: Min: 4, Avg: 6.3, Max: 7, Diff: 3, Sum: 25]
      [Scan RS (ms): Min: 0.1, Avg: 0.1, Max: 0.1, Diff: 0.0, Sum: 0.4]
      [Code Root Scanning (ms): Min: 0.0, Avg: 0.0, Max: 0.0, Diff: 0.0, Sum: 0.0]
      [Object Copy (ms): Min: 36.8, Avg: 36.8, Max: 36.9, Diff: 0.1, Sum: 147.3]
      [Termination (ms): Min: 0.0, Avg: 0.1, Max: 0.1, Diff: 0.1, Sum: 0.3]
         [Termination Attempts: Min: 1, Avg: 1.0, Max: 1, Diff: 0, Sum: 4]
      [GC Worker Other (ms): Min: 0.0, Avg: 0.0, Max: 0.0, Diff: 0.0, Sum: 0.1]
      [GC Worker Total (ms): Min: 37.6, Avg: 37.7, Max: 37.7, Diff: 0.1, Sum: 150.8]
      [GC Worker End (ms): Min: 1324.7, Avg: 1324.7, Max: 1324.7, Diff: 0.0]
   [Code Root Fixup: 0.0 ms]
   [Code Root Purge: 0.0 ms]
   [Clear CT: 0.2 ms]
   [Other: 1.8 ms]
      [Choose CSet: 0.0 ms]
      [Ref Proc: 0.2 ms]
      [Ref Enq: 0.0 ms]
      [Redirty Cards: 0.3 ms]
      [Humongous Register: 0.2 ms]
      [Humongous Reclaim: 0.4 ms]
      [Free CSet: 0.4 ms]
   [Eden: 612.0M(1034.0M)->0.0B(4096.0K) Survivors: 38.0M->134.0M Heap: 1421.4M(2048.0M)->777.9M(2048.0M)]
 [Times: user=0.08 sys=0.11, real=0.04 secs] 
2021-01-21T16:07:17.880+0800: 1.327: [GC concurrent-root-region-scan-start]
2021-01-21T16:07:17.880+0800: 1.327: [GC concurrent-root-region-scan-end, 0.0003398 secs]
2021-01-21T16:07:17.880+0800: 1.327: [GC concurrent-mark-start]
2021-01-21T16:07:17.881+0800: 1.328: [GC pause (G1 Evacuation Pause) (young), 0.0287681 secs]
   [Parallel Time: 27.6 ms, GC Workers: 4]
      [GC Worker Start (ms): Min: 1328.5, Avg: 1328.5, Max: 1328.5, Diff: 0.1]
      [Ext Root Scanning (ms): Min: 0.1, Avg: 0.2, Max: 0.2, Diff: 0.1, Sum: 0.7]
      [Update RS (ms): Min: 0.4, Avg: 0.4, Max: 0.5, Diff: 0.0, Sum: 1.8]
         [Processed Buffers: Min: 6, Avg: 6.8, Max: 8, Diff: 2, Sum: 27]
      [Scan RS (ms): Min: 0.0, Avg: 0.0, Max: 0.0, Diff: 0.0, Sum: 0.1]
      [Code Root Scanning (ms): Min: 0.0, Avg: 0.0, Max: 0.0, Diff: 0.0, Sum: 0.0]
      [Object Copy (ms): Min: 26.7, Avg: 26.8, Max: 26.8, Diff: 0.1, Sum: 107.0]
      [Termination (ms): Min: 0.0, Avg: 0.1, Max: 0.1, Diff: 0.1, Sum: 0.3]
         [Termination Attempts: Min: 1, Avg: 1.0, Max: 1, Diff: 0, Sum: 4]
      [GC Worker Other (ms): Min: 0.0, Avg: 0.0, Max: 0.0, Diff: 0.0, Sum: 0.1]
      [GC Worker Total (ms): Min: 27.4, Avg: 27.5, Max: 27.5, Diff: 0.1, Sum: 109.9]
      [GC Worker End (ms): Min: 1356.0, Avg: 1356.0, Max: 1356.0, Diff: 0.0]
   [Code Root Fixup: 0.0 ms]
   [Code Root Purge: 0.0 ms]
   [Clear CT: 0.3 ms]
   [Other: 0.9 ms]
      [Choose CSet: 0.0 ms]
      [Ref Proc: 0.1 ms]
      [Ref Enq: 0.0 ms]
      [Redirty Cards: 0.3 ms]
      [Humongous Register: 0.2 ms]
      [Humongous Reclaim: 0.1 ms]
      [Free CSet: 0.1 ms]
   [Eden: 4096.0K(4096.0K)->0.0B(138.0M) Survivors: 134.0M->1024.0K Heap: 784.6M(2048.0M)->779.1M(2048.0M)]
 [Times: user=0.13 sys=0.00, real=0.03 secs] 
2021-01-21T16:07:17.915+0800: 1.361: [GC concurrent-mark-end, 0.0344053 secs]
2021-01-21T16:07:17.915+0800: 1.362: [GC remark 2021-01-21T16:07:17.915+0800: 1.362: [Finalize Marking, 0.0001885 secs] 2021-01-21T16:07:17.915+0800: 1.362: [GC ref-proc, 0.0001004 secs] 2021-01-21T16:07:17.915+0800: 1.362: [Unloading, 0.0005596 secs], 0.0019410 secs]
 [Times: user=0.00 sys=0.00, real=0.00 secs] 
2021-01-21T16:07:17.917+0800: 1.364: [GC cleanup 802M->639M(2048M), 0.0015442 secs]
 [Times: user=0.00 sys=0.00, real=0.00 secs] 
2021-01-21T16:07:17.919+0800: 1.365: [GC concurrent-cleanup-start]
2021-01-21T16:07:17.919+0800: 1.366: [GC concurrent-cleanup-end, 0.0001469 secs]
2021-01-21T16:07:17.951+0800: 1.398: [GC pause (G1 Evacuation Pause) (young), 0.0100684 secs]
   [Parallel Time: 9.0 ms, GC Workers: 4]
      [GC Worker Start (ms): Min: 1397.8, Avg: 1397.9, Max: 1397.9, Diff: 0.1]
      [Ext Root Scanning (ms): Min: 0.2, Avg: 0.2, Max: 0.2, Diff: 0.1, Sum: 0.7]
      [Update RS (ms): Min: 0.6, Avg: 0.6, Max: 0.7, Diff: 0.0, Sum: 2.5]
         [Processed Buffers: Min: 3, Avg: 8.3, Max: 11, Diff: 8, Sum: 33]
      [Scan RS (ms): Min: 0.0, Avg: 0.0, Max: 0.0, Diff: 0.0, Sum: 0.1]
      [Code Root Scanning (ms): Min: 0.0, Avg: 0.0, Max: 0.0, Diff: 0.0, Sum: 0.0]
      [Object Copy (ms): Min: 8.0, Avg: 8.0, Max: 8.1, Diff: 0.1, Sum: 32.2]
      [Termination (ms): Min: 0.0, Avg: 0.0, Max: 0.1, Diff: 0.1, Sum: 0.1]
         [Termination Attempts: Min: 1, Avg: 1.0, Max: 1, Diff: 0, Sum: 4]
      [GC Worker Other (ms): Min: 0.0, Avg: 0.0, Max: 0.0, Diff: 0.0, Sum: 0.0]
      [GC Worker Total (ms): Min: 8.9, Avg: 8.9, Max: 9.0, Diff: 0.1, Sum: 35.8]
      [GC Worker End (ms): Min: 1406.8, Avg: 1406.8, Max: 1406.8, Diff: 0.0]
   [Code Root Fixup: 0.0 ms]
   [Code Root Purge: 0.0 ms]
   [Clear CT: 0.2 ms]
   [Other: 0.9 ms]
      [Choose CSet: 0.0 ms]
      [Ref Proc: 0.1 ms]
      [Ref Enq: 0.0 ms]
      [Redirty Cards: 0.1 ms]
      [Humongous Register: 0.2 ms]
      [Humongous Reclaim: 0.1 ms]
      [Free CSet: 0.1 ms]
   [Eden: 138.0M(138.0M)->0.0B(84.0M) Survivors: 1024.0K->18.0M Heap: 785.4M(2048.0M)->648.3M(2048.0M)]
 [Times: user=0.06 sys=0.00, real=0.01 secs] 
2021-01-21T16:07:17.981+0800: 1.428: [GC pause (G1 Evacuation Pause) (mixed), 0.0110937 secs]
   [Parallel Time: 9.6 ms, GC Workers: 4]
      [GC Worker Start (ms): Min: 1427.9, Avg: 1428.0, Max: 1428.0, Diff: 0.1]
      [Ext Root Scanning (ms): Min: 0.2, Avg: 0.2, Max: 0.2, Diff: 0.1, Sum: 0.8]
      [Update RS (ms): Min: 0.5, Avg: 0.5, Max: 0.5, Diff: 0.0, Sum: 1.9]
         [Processed Buffers: Min: 1, Avg: 6.0, Max: 8, Diff: 7, Sum: 24]
      [Scan RS (ms): Min: 0.0, Avg: 0.1, Max: 0.1, Diff: 0.0, Sum: 0.2]
      [Code Root Scanning (ms): Min: 0.0, Avg: 0.0, Max: 0.0, Diff: 0.0, Sum: 0.0]
      [Object Copy (ms): Min: 8.7, Avg: 8.7, Max: 8.8, Diff: 0.0, Sum: 35.0]
      [Termination (ms): Min: 0.0, Avg: 0.0, Max: 0.0, Diff: 0.0, Sum: 0.0]
         [Termination Attempts: Min: 1, Avg: 1.0, Max: 1, Diff: 0, Sum: 4]
      [GC Worker Other (ms): Min: 0.0, Avg: 0.0, Max: 0.0, Diff: 0.0, Sum: 0.1]
      [GC Worker Total (ms): Min: 9.5, Avg: 9.5, Max: 9.5, Diff: 0.1, Sum: 38.0]
      [GC Worker End (ms): Min: 1437.5, Avg: 1437.5, Max: 1437.5, Diff: 0.0]
   [Code Root Fixup: 0.0 ms]
   [Code Root Purge: 0.0 ms]
   [Clear CT: 0.4 ms]
   [Other: 1.1 ms]
      [Choose CSet: 0.0 ms]
      [Ref Proc: 0.1 ms]
      [Ref Enq: 0.0 ms]
      [Redirty Cards: 0.3 ms]
      [Humongous Register: 0.2 ms]
      [Humongous Reclaim: 0.1 ms]
      [Free CSet: 0.1 ms]
   [Eden: 84.0M(84.0M)->0.0B(89.0M) Survivors: 18.0M->13.0M Heap: 758.5M(2048.0M)->632.2M(2048.0M)]
 [Times: user=0.06 sys=0.00, real=0.01 secs] 
2021-01-21T16:07:18.014+0800: 1.461: [GC pause (G1 Evacuation Pause) (mixed), 0.0110383 secs]
   [Parallel Time: 9.7 ms, GC Workers: 4]
      [GC Worker Start (ms): Min: 1461.2, Avg: 1461.2, Max: 1461.2, Diff: 0.1]
      [Ext Root Scanning (ms): Min: 0.1, Avg: 0.2, Max: 0.2, Diff: 0.1, Sum: 0.8]
      [Update RS (ms): Min: 0.6, Avg: 0.6, Max: 0.6, Diff: 0.0, Sum: 2.4]
         [Processed Buffers: Min: 4, Avg: 8.0, Max: 10, Diff: 6, Sum: 32]
      [Scan RS (ms): Min: 0.0, Avg: 0.1, Max: 0.1, Diff: 0.0, Sum: 0.2]
      [Code Root Scanning (ms): Min: 0.0, Avg: 0.0, Max: 0.0, Diff: 0.0, Sum: 0.0]
      [Object Copy (ms): Min: 8.6, Avg: 8.7, Max: 8.8, Diff: 0.1, Sum: 34.7]
      [Termination (ms): Min: 0.0, Avg: 0.1, Max: 0.1, Diff: 0.1, Sum: 0.3]
         [Termination Attempts: Min: 1, Avg: 1.0, Max: 1, Diff: 0, Sum: 4]
      [GC Worker Other (ms): Min: 0.0, Avg: 0.0, Max: 0.0, Diff: 0.0, Sum: 0.1]
      [GC Worker Total (ms): Min: 9.6, Avg: 9.6, Max: 9.7, Diff: 0.1, Sum: 38.5]
      [GC Worker End (ms): Min: 1470.8, Avg: 1470.8, Max: 1470.8, Diff: 0.0]
   [Code Root Fixup: 0.0 ms]
   [Code Root Purge: 0.0 ms]
   [Clear CT: 0.3 ms]
   [Other: 1.0 ms]
      [Choose CSet: 0.0 ms]
      [Ref Proc: 0.2 ms]
      [Ref Enq: 0.0 ms]
      [Redirty Cards: 0.3 ms]
      [Humongous Register: 0.2 ms]
      [Humongous Reclaim: 0.1 ms]
      [Free CSet: 0.1 ms]
   [Eden: 89.0M(89.0M)->0.0B(89.0M) Survivors: 13.0M->13.0M Heap: 746.8M(2048.0M)->628.6M(2048.0M)]
 [Times: user=0.06 sys=0.00, real=0.01 secs] 
2021-01-21T16:07:18.049+0800: 1.496: [GC pause (G1 Evacuation Pause) (mixed), 0.0097261 secs]
   [Parallel Time: 8.4 ms, GC Workers: 4]
      [GC Worker Start (ms): Min: 1496.0, Avg: 1496.0, Max: 1496.0, Diff: 0.1]
      [Ext Root Scanning (ms): Min: 0.1, Avg: 0.2, Max: 0.2, Diff: 0.1, Sum: 0.7]
      [Update RS (ms): Min: 0.7, Avg: 0.7, Max: 0.7, Diff: 0.0, Sum: 2.7]
         [Processed Buffers: Min: 4, Avg: 8.5, Max: 10, Diff: 6, Sum: 34]
      [Scan RS (ms): Min: 0.0, Avg: 0.0, Max: 0.1, Diff: 0.0, Sum: 0.2]
      [Code Root Scanning (ms): Min: 0.0, Avg: 0.0, Max: 0.0, Diff: 0.0, Sum: 0.0]
      [Object Copy (ms): Min: 7.3, Avg: 7.4, Max: 7.4, Diff: 0.1, Sum: 29.4]
      [Termination (ms): Min: 0.0, Avg: 0.0, Max: 0.1, Diff: 0.1, Sum: 0.1]
         [Termination Attempts: Min: 1, Avg: 1.0, Max: 1, Diff: 0, Sum: 4]
      [GC Worker Other (ms): Min: 0.0, Avg: 0.0, Max: 0.0, Diff: 0.0, Sum: 0.1]
      [GC Worker Total (ms): Min: 8.3, Avg: 8.3, Max: 8.4, Diff: 0.1, Sum: 33.2]
      [GC Worker End (ms): Min: 1504.3, Avg: 1504.3, Max: 1504.3, Diff: 0.0]
   [Code Root Fixup: 0.0 ms]
   [Code Root Purge: 0.0 ms]
   [Clear CT: 0.3 ms]
   [Other: 1.0 ms]
      [Choose CSet: 0.0 ms]
      [Ref Proc: 0.2 ms]
      [Ref Enq: 0.0 ms]
      [Redirty Cards: 0.3 ms]
      [Humongous Register: 0.2 ms]
      [Humongous Reclaim: 0.1 ms]
      [Free CSet: 0.1 ms]
   [Eden: 89.0M(89.0M)->0.0B(89.0M) Survivors: 13.0M->13.0M Heap: 741.7M(2048.0M)->611.2M(2048.0M)]
 [Times: user=0.00 sys=0.00, real=0.01 secs] 
2021-01-21T16:07:18.080+0800: 1.527: [GC pause (G1 Evacuation Pause) (mixed), 0.0107121 secs]
   [Parallel Time: 9.3 ms, GC Workers: 4]
      [GC Worker Start (ms): Min: 1527.1, Avg: 1527.1, Max: 1527.2, Diff: 0.1]
      [Ext Root Scanning (ms): Min: 0.2, Avg: 0.2, Max: 0.2, Diff: 0.1, Sum: 0.8]
      [Update RS (ms): Min: 0.6, Avg: 0.6, Max: 0.7, Diff: 0.1, Sum: 2.5]
         [Processed Buffers: Min: 4, Avg: 8.5, Max: 10, Diff: 6, Sum: 34]
      [Scan RS (ms): Min: 0.0, Avg: 0.0, Max: 0.1, Diff: 0.1, Sum: 0.1]
      [Code Root Scanning (ms): Min: 0.0, Avg: 0.0, Max: 0.0, Diff: 0.0, Sum: 0.0]
      [Object Copy (ms): Min: 8.2, Avg: 8.3, Max: 8.4, Diff: 0.1, Sum: 33.1]
      [Termination (ms): Min: 0.0, Avg: 0.1, Max: 0.1, Diff: 0.1, Sum: 0.3]
         [Termination Attempts: Min: 1, Avg: 1.0, Max: 1, Diff: 0, Sum: 4]
      [GC Worker Other (ms): Min: 0.0, Avg: 0.0, Max: 0.0, Diff: 0.0, Sum: 0.1]
      [GC Worker Total (ms): Min: 9.2, Avg: 9.2, Max: 9.3, Diff: 0.1, Sum: 36.9]
      [GC Worker End (ms): Min: 1536.4, Avg: 1536.4, Max: 1536.4, Diff: 0.0]
   [Code Root Fixup: 0.0 ms]
   [Code Root Purge: 0.0 ms]
   [Clear CT: 0.3 ms]
   [Other: 1.1 ms]
      [Choose CSet: 0.0 ms]
      [Ref Proc: 0.1 ms]
      [Ref Enq: 0.0 ms]
      [Redirty Cards: 0.3 ms]
      [Humongous Register: 0.2 ms]
      [Humongous Reclaim: 0.1 ms]
      [Free CSet: 0.1 ms]
   [Eden: 89.0M(89.0M)->0.0B(305.0M) Survivors: 13.0M->13.0M Heap: 725.8M(2048.0M)->615.3M(2048.0M)]
 [Times: user=0.00 sys=0.00, real=0.01 secs] 
2021-01-21T16:07:18.180+0800: 1.627: [GC pause (G1 Evacuation Pause) (young), 0.0223583 secs]
   [Parallel Time: 20.7 ms, GC Workers: 4]
      [GC Worker Start (ms): Min: 1627.4, Avg: 1627.4, Max: 1627.4, Diff: 0.1]
      [Ext Root Scanning (ms): Min: 0.2, Avg: 0.2, Max: 0.2, Diff: 0.1, Sum: 0.7]
      [Update RS (ms): Min: 0.8, Avg: 0.8, Max: 0.9, Diff: 0.1, Sum: 3.4]
         [Processed Buffers: Min: 9, Avg: 9.8, Max: 12, Diff: 3, Sum: 39]
      [Scan RS (ms): Min: 0.0, Avg: 0.0, Max: 0.1, Diff: 0.1, Sum: 0.2]
      [Code Root Scanning (ms): Min: 0.0, Avg: 0.0, Max: 0.0, Diff: 0.0, Sum: 0.0]
      [Object Copy (ms): Min: 19.4, Avg: 19.5, Max: 19.5, Diff: 0.1, Sum: 77.9]
      [Termination (ms): Min: 0.0, Avg: 0.0, Max: 0.1, Diff: 0.1, Sum: 0.1]
         [Termination Attempts: Min: 1, Avg: 1.0, Max: 1, Diff: 0, Sum: 4]
      [GC Worker Other (ms): Min: 0.0, Avg: 0.0, Max: 0.0, Diff: 0.0, Sum: 0.1]
      [GC Worker Total (ms): Min: 20.6, Avg: 20.6, Max: 20.6, Diff: 0.1, Sum: 82.4]
      [GC Worker End (ms): Min: 1648.0, Avg: 1648.0, Max: 1648.0, Diff: 0.0]
   [Code Root Fixup: 0.0 ms]
   [Code Root Purge: 0.0 ms]
   [Clear CT: 0.2 ms]
   [Other: 1.4 ms]
      [Choose CSet: 0.0 ms]
      [Ref Proc: 0.2 ms]
      [Ref Enq: 0.0 ms]
      [Redirty Cards: 0.3 ms]
      [Humongous Register: 0.2 ms]
      [Humongous Reclaim: 0.3 ms]
      [Free CSet: 0.3 ms]
   [Eden: 305.0M(305.0M)->0.0B(233.0M) Survivors: 13.0M->40.0M Heap: 1012.0M(2048.0M)->705.2M(2048.0M)]
 [Times: user=0.06 sys=0.00, real=0.02 secs] 
2021-01-21T16:07:18.263+0800: 1.710: [GC pause (G1 Evacuation Pause) (young), 0.0240453 secs]
   [Parallel Time: 22.8 ms, GC Workers: 4]
      [GC Worker Start (ms): Min: 1710.4, Avg: 1710.4, Max: 1710.4, Diff: 0.0]
      [Ext Root Scanning (ms): Min: 0.2, Avg: 0.2, Max: 0.2, Diff: 0.0, Sum: 0.8]
      [Update RS (ms): Min: 0.7, Avg: 0.7, Max: 0.7, Diff: 0.0, Sum: 2.6]
         [Processed Buffers: Min: 4, Avg: 8.8, Max: 11, Diff: 7, Sum: 35]
      [Scan RS (ms): Min: 0.0, Avg: 0.0, Max: 0.1, Diff: 0.0, Sum: 0.2]
      [Code Root Scanning (ms): Min: 0.0, Avg: 0.0, Max: 0.0, Diff: 0.0, Sum: 0.0]
      [Object Copy (ms): Min: 21.7, Avg: 21.8, Max: 21.8, Diff: 0.1, Sum: 87.2]
      [Termination (ms): Min: 0.0, Avg: 0.0, Max: 0.1, Diff: 0.1, Sum: 0.2]
         [Termination Attempts: Min: 1, Avg: 1.0, Max: 1, Diff: 0, Sum: 4]
      [GC Worker Other (ms): Min: 0.0, Avg: 0.0, Max: 0.0, Diff: 0.0, Sum: 0.1]
      [GC Worker Total (ms): Min: 22.7, Avg: 22.8, Max: 22.8, Diff: 0.0, Sum: 91.1]
      [GC Worker End (ms): Min: 1733.2, Avg: 1733.2, Max: 1733.2, Diff: 0.0]
   [Code Root Fixup: 0.0 ms]
   [Code Root Purge: 0.0 ms]
   [Clear CT: 0.1 ms]
   [Other: 1.1 ms]
      [Choose CSet: 0.0 ms]
      [Ref Proc: 0.2 ms]
      [Ref Enq: 0.0 ms]
      [Redirty Cards: 0.2 ms]
      [Humongous Register: 0.2 ms]
      [Humongous Reclaim: 0.2 ms]
      [Free CSet: 0.2 ms]
   [Eden: 233.0M(233.0M)->0.0B(320.0M) Survivors: 40.0M->35.0M Heap: 989.8M(2048.0M)->774.2M(2048.0M)]
 [Times: user=0.13 sys=0.00, real=0.03 secs] 
2021-01-21T16:07:18.357+0800: 1.804: [GC pause (G1 Humongous Allocation) (young) (initial-mark), 0.0240037 secs]
   [Parallel Time: 22.7 ms, GC Workers: 4]
      [GC Worker Start (ms): Min: 1804.2, Avg: 1804.2, Max: 1804.2, Diff: 0.1]
      [Ext Root Scanning (ms): Min: 0.2, Avg: 0.2, Max: 0.2, Diff: 0.1, Sum: 0.8]
      [Update RS (ms): Min: 1.1, Avg: 1.1, Max: 1.1, Diff: 0.0, Sum: 4.4]
         [Processed Buffers: Min: 11, Avg: 15.5, Max: 17, Diff: 6, Sum: 62]
      [Scan RS (ms): Min: 0.0, Avg: 0.0, Max: 0.1, Diff: 0.0, Sum: 0.2]
      [Code Root Scanning (ms): Min: 0.0, Avg: 0.0, Max: 0.0, Diff: 0.0, Sum: 0.0]
      [Object Copy (ms): Min: 21.2, Avg: 21.3, Max: 21.3, Diff: 0.1, Sum: 85.0]
      [Termination (ms): Min: 0.0, Avg: 0.0, Max: 0.1, Diff: 0.1, Sum: 0.1]
         [Termination Attempts: Min: 1, Avg: 1.0, Max: 1, Diff: 0, Sum: 4]
      [GC Worker Other (ms): Min: 0.0, Avg: 0.0, Max: 0.0, Diff: 0.0, Sum: 0.1]
      [GC Worker Total (ms): Min: 22.6, Avg: 22.6, Max: 22.7, Diff: 0.1, Sum: 90.6]
      [GC Worker End (ms): Min: 1826.8, Avg: 1826.8, Max: 1826.8, Diff: 0.0]
   [Code Root Fixup: 0.0 ms]
   [Code Root Purge: 0.0 ms]
   [Clear CT: 0.1 ms]
   [Other: 1.2 ms]
      [Choose CSet: 0.0 ms]
      [Ref Proc: 0.1 ms]
      [Ref Enq: 0.0 ms]
      [Redirty Cards: 0.2 ms]
      [Humongous Register: 0.2 ms]
      [Humongous Reclaim: 0.2 ms]
      [Free CSet: 0.2 ms]
   [Eden: 261.0M(320.0M)->0.0B(339.0M) Survivors: 35.0M->45.0M Heap: 1108.5M(2048.0M)->834.3M(2048.0M)]
 [Times: user=0.09 sys=0.03, real=0.02 secs] 
2021-01-21T16:07:18.381+0800: 1.828: [GC concurrent-root-region-scan-start]
2021-01-21T16:07:18.382+0800: 1.828: [GC concurrent-root-region-scan-end, 0.0002186 secs]
2021-01-21T16:07:18.382+0800: 1.828: [GC concurrent-mark-start]
2021-01-21T16:07:18.387+0800: 1.834: [GC concurrent-mark-end, 0.0059823 secs]
2021-01-21T16:07:18.388+0800: 1.834: [GC remark 2021-01-21T16:07:18.388+0800: 1.834: [Finalize Marking, 0.0001342 secs] 2021-01-21T16:07:18.388+0800: 1.835: [GC ref-proc, 0.0001007 secs] 2021-01-21T16:07:18.388+0800: 1.835: [Unloading, 0.0005210 secs], 0.0020643 secs]
 [Times: user=0.00 sys=0.00, real=0.00 secs] 
2021-01-21T16:07:18.390+0800: 1.837: [GC cleanup 868M->718M(2048M), 0.0013054 secs]
 [Times: user=0.00 sys=0.00, real=0.00 secs] 
2021-01-21T16:07:18.391+0800: 1.838: [GC concurrent-cleanup-start]
2021-01-21T16:07:18.391+0800: 1.838: [GC concurrent-cleanup-end, 0.0001526 secs]
2021-01-21T16:07:18.479+0800: 1.927: [GC pause (G1 Evacuation Pause) (young), 0.0274589 secs]
   [Parallel Time: 26.1 ms, GC Workers: 4]
      [GC Worker Start (ms): Min: 1926.9, Avg: 1926.9, Max: 1927.0, Diff: 0.0]
      [Ext Root Scanning (ms): Min: 0.2, Avg: 0.2, Max: 0.2, Diff: 0.0, Sum: 0.8]
      [Update RS (ms): Min: 1.3, Avg: 1.3, Max: 1.3, Diff: 0.1, Sum: 5.2]
         [Processed Buffers: Min: 5, Avg: 13.0, Max: 17, Diff: 12, Sum: 52]
      [Scan RS (ms): Min: 0.1, Avg: 0.1, Max: 0.1, Diff: 0.0, Sum: 0.3]
      [Code Root Scanning (ms): Min: 0.0, Avg: 0.0, Max: 0.0, Diff: 0.0, Sum: 0.0]
      [Object Copy (ms): Min: 24.4, Avg: 24.5, Max: 24.5, Diff: 0.1, Sum: 97.9]
      [Termination (ms): Min: 0.0, Avg: 0.0, Max: 0.0, Diff: 0.0, Sum: 0.1]
         [Termination Attempts: Min: 1, Avg: 1.0, Max: 1, Diff: 0, Sum: 4]
      [GC Worker Other (ms): Min: 0.0, Avg: 0.0, Max: 0.0, Diff: 0.0, Sum: 0.1]
      [GC Worker Total (ms): Min: 26.0, Avg: 26.1, Max: 26.1, Diff: 0.0, Sum: 104.3]
      [GC Worker End (ms): Min: 1953.0, Avg: 1953.0, Max: 1953.0, Diff: 0.0]
   [Code Root Fixup: 0.0 ms]
   [Code Root Purge: 0.0 ms]
   [Clear CT: 0.1 ms]
   [Other: 1.2 ms]
      [Choose CSet: 0.0 ms]
      [Ref Proc: 0.1 ms]
      [Ref Enq: 0.0 ms]
      [Redirty Cards: 0.2 ms]
      [Humongous Register: 0.2 ms]
      [Humongous Reclaim: 0.2 ms]
      [Free CSet: 0.2 ms]
   [Eden: 339.0M(339.0M)->0.0B(54.0M) Survivors: 45.0M->48.0M Heap: 1108.5M(2048.0M)->762.5M(2048.0M)]
 [Times: user=0.11 sys=0.02, real=0.03 secs] 
2021-01-21T16:07:18.520+0800: 1.968: [GC pause (G1 Evacuation Pause) (mixed), 0.0195618 secs]
   [Parallel Time: 18.3 ms, GC Workers: 4]
      [GC Worker Start (ms): Min: 1968.2, Avg: 1968.2, Max: 1968.3, Diff: 0.1]
      [Ext Root Scanning (ms): Min: 0.1, Avg: 0.2, Max: 0.2, Diff: 0.1, Sum: 0.7]
      [Update RS (ms): Min: 0.9, Avg: 0.9, Max: 0.9, Diff: 0.0, Sum: 3.7]
         [Processed Buffers: Min: 8, Avg: 12.8, Max: 15, Diff: 7, Sum: 51]
      [Scan RS (ms): Min: 0.1, Avg: 0.1, Max: 0.1, Diff: 0.0, Sum: 0.5]
      [Code Root Scanning (ms): Min: 0.0, Avg: 0.0, Max: 0.0, Diff: 0.0, Sum: 0.0]
      [Object Copy (ms): Min: 16.9, Avg: 16.9, Max: 16.9, Diff: 0.1, Sum: 67.6]
      [Termination (ms): Min: 0.0, Avg: 0.1, Max: 0.1, Diff: 0.1, Sum: 0.2]
         [Termination Attempts: Min: 1, Avg: 1.0, Max: 1, Diff: 0, Sum: 4]
      [GC Worker Other (ms): Min: 0.0, Avg: 0.0, Max: 0.0, Diff: 0.0, Sum: 0.1]
      [GC Worker Total (ms): Min: 18.2, Avg: 18.2, Max: 18.2, Diff: 0.1, Sum: 72.8]
      [GC Worker End (ms): Min: 1986.4, Avg: 1986.4, Max: 1986.4, Diff: 0.0]
   [Code Root Fixup: 0.0 ms]
   [Code Root Purge: 0.0 ms]
   [Clear CT: 0.1 ms]
   [Other: 1.1 ms]
      [Choose CSet: 0.1 ms]
      [Ref Proc: 0.1 ms]
      [Ref Enq: 0.0 ms]
      [Redirty Cards: 0.2 ms]
      [Humongous Register: 0.2 ms]
      [Humongous Reclaim: 0.1 ms]
      [Free CSet: 0.3 ms]
   [Eden: 54.0M(54.0M)->0.0B(89.0M) Survivors: 48.0M->13.0M Heap: 833.1M(2048.0M)->598.4M(2048.0M)]
 [Times: user=0.06 sys=0.00, real=0.02 secs] 
2021-01-21T16:07:18.561+0800: 2.008: [GC pause (G1 Evacuation Pause) (mixed), 0.0133295 secs]
   [Parallel Time: 12.3 ms, GC Workers: 4]
      [GC Worker Start (ms): Min: 2008.3, Avg: 2008.3, Max: 2008.4, Diff: 0.1]
      [Ext Root Scanning (ms): Min: 0.2, Avg: 0.2, Max: 0.2, Diff: 0.1, Sum: 0.8]
      [Update RS (ms): Min: 1.0, Avg: 1.1, Max: 1.1, Diff: 0.1, Sum: 4.3]
         [Processed Buffers: Min: 16, Avg: 16.3, Max: 17, Diff: 1, Sum: 65]
      [Scan RS (ms): Min: 0.0, Avg: 0.0, Max: 0.1, Diff: 0.0, Sum: 0.2]
      [Code Root Scanning (ms): Min: 0.0, Avg: 0.0, Max: 0.0, Diff: 0.0, Sum: 0.0]
      [Object Copy (ms): Min: 10.9, Avg: 10.9, Max: 10.9, Diff: 0.1, Sum: 43.6]
      [Termination (ms): Min: 0.0, Avg: 0.0, Max: 0.1, Diff: 0.1, Sum: 0.1]
         [Termination Attempts: Min: 1, Avg: 1.0, Max: 1, Diff: 0, Sum: 4]
      [GC Worker Other (ms): Min: 0.0, Avg: 0.0, Max: 0.0, Diff: 0.0, Sum: 0.1]
      [GC Worker Total (ms): Min: 12.2, Avg: 12.3, Max: 12.3, Diff: 0.1, Sum: 49.0]
      [GC Worker End (ms): Min: 2020.6, Avg: 2020.6, Max: 2020.6, Diff: 0.0]
   [Code Root Fixup: 0.0 ms]
   [Code Root Purge: 0.0 ms]
   [Clear CT: 0.1 ms]
   [Other: 0.9 ms]
      [Choose CSet: 0.0 ms]
      [Ref Proc: 0.1 ms]
      [Ref Enq: 0.0 ms]
      [Redirty Cards: 0.2 ms]
      [Humongous Register: 0.2 ms]
      [Humongous Reclaim: 0.1 ms]
      [Free CSet: 0.1 ms]
   [Eden: 89.0M(89.0M)->0.0B(837.0M) Survivors: 13.0M->13.0M Heap: 711.6M(2048.0M)->589.8M(2048.0M)]
 [Times: user=0.06 sys=0.00, real=0.01 secs] 
2021-01-21T16:07:18.788+0800: 2.236: [GC pause (G1 Humongous Allocation) (young) (initial-mark), 0.0410256 secs]
   [Parallel Time: 39.0 ms, GC Workers: 4]
      [GC Worker Start (ms): Min: 2235.9, Avg: 2236.0, Max: 2236.0, Diff: 0.1]
      [Ext Root Scanning (ms): Min: 0.2, Avg: 0.2, Max: 0.2, Diff: 0.1, Sum: 0.7]
      [Update RS (ms): Min: 1.1, Avg: 1.1, Max: 1.1, Diff: 0.0, Sum: 4.5]
         [Processed Buffers: Min: 12, Avg: 15.8, Max: 17, Diff: 5, Sum: 63]
      [Scan RS (ms): Min: 0.1, Avg: 0.1, Max: 0.2, Diff: 0.1, Sum: 0.6]
      [Code Root Scanning (ms): Min: 0.0, Avg: 0.0, Max: 0.0, Diff: 0.0, Sum: 0.0]
      [Object Copy (ms): Min: 37.3, Avg: 37.4, Max: 37.4, Diff: 0.1, Sum: 149.4]
      [Termination (ms): Min: 0.0, Avg: 0.1, Max: 0.1, Diff: 0.1, Sum: 0.4]
         [Termination Attempts: Min: 1, Avg: 1.3, Max: 2, Diff: 1, Sum: 5]
      [GC Worker Other (ms): Min: 0.0, Avg: 0.0, Max: 0.0, Diff: 0.0, Sum: 0.1]
      [GC Worker Total (ms): Min: 38.9, Avg: 38.9, Max: 39.0, Diff: 0.1, Sum: 155.7]
      [GC Worker End (ms): Min: 2274.9, Avg: 2274.9, Max: 2274.9, Diff: 0.0]
   [Code Root Fixup: 0.0 ms]
   [Code Root Purge: 0.0 ms]
   [Clear CT: 0.2 ms]
   [Other: 1.8 ms]
      [Choose CSet: 0.0 ms]
      [Ref Proc: 0.1 ms]
      [Ref Enq: 0.0 ms]
      [Redirty Cards: 0.3 ms]
      [Humongous Register: 0.2 ms]
      [Humongous Reclaim: 0.4 ms]
      [Free CSet: 0.5 ms]
   [Eden: 778.0M(837.0M)->0.0B(736.0M) Survivors: 13.0M->107.0M Heap: 1549.4M(2048.0M)->745.9M(2048.0M)]
 [Times: user=0.09 sys=0.05, real=0.04 secs] 
2021-01-21T16:07:18.829+0800: 2.277: [GC concurrent-root-region-scan-start]
2021-01-21T16:07:18.830+0800: 2.277: [GC concurrent-root-region-scan-end, 0.0002959 secs]
2021-01-21T16:07:18.830+0800: 2.277: [GC concurrent-mark-start]
2021-01-21T16:07:18.834+0800: 2.282: [GC concurrent-mark-end, 0.0046333 secs]
2021-01-21T16:07:18.835+0800: 2.282: [GC remark 2021-01-21T16:07:18.835+0800: 2.282: [Finalize Marking, 0.0001735 secs] 2021-01-21T16:07:18.835+0800: 2.282: [GC ref-proc, 0.0000997 secs] 2021-01-21T16:07:18.835+0800: 2.282: [Unloading, 0.0005509 secs], 0.0021525 secs]
 [Times: user=0.00 sys=0.00, real=0.00 secs] 
2021-01-21T16:07:18.837+0800: 2.284: [GC cleanup 774M->656M(2048M), 0.0014984 secs]
 [Times: user=0.00 sys=0.00, real=0.00 secs] 
2021-01-21T16:07:18.839+0800: 2.286: [GC concurrent-cleanup-start]
2021-01-21T16:07:18.839+0800: 2.286: [GC concurrent-cleanup-end, 0.0001102 secs]
2021-01-21T16:07:19.037+0800: 2.484: [GC pause (G1 Evacuation Pause) (young), 0.0451831 secs]
   [Parallel Time: 43.5 ms, GC Workers: 4]
      [GC Worker Start (ms): Min: 2484.0, Avg: 2484.1, Max: 2484.1, Diff: 0.1]
      [Ext Root Scanning (ms): Min: 0.2, Avg: 0.2, Max: 0.2, Diff: 0.1, Sum: 0.8]
      [Update RS (ms): Min: 1.0, Avg: 1.1, Max: 1.1, Diff: 0.0, Sum: 4.2]
         [Processed Buffers: Min: 10, Avg: 14.3, Max: 16, Diff: 6, Sum: 57]
      [Scan RS (ms): Min: 0.1, Avg: 0.1, Max: 0.2, Diff: 0.0, Sum: 0.6]
      [Code Root Scanning (ms): Min: 0.0, Avg: 0.0, Max: 0.0, Diff: 0.0, Sum: 0.0]
      [Object Copy (ms): Min: 41.9, Avg: 42.0, Max: 42.0, Diff: 0.1, Sum: 167.9]
      [Termination (ms): Min: 0.0, Avg: 0.0, Max: 0.1, Diff: 0.1, Sum: 0.1]
         [Termination Attempts: Min: 1, Avg: 1.3, Max: 2, Diff: 1, Sum: 5]
      [GC Worker Other (ms): Min: 0.0, Avg: 0.0, Max: 0.0, Diff: 0.0, Sum: 0.1]
      [GC Worker Total (ms): Min: 43.4, Avg: 43.4, Max: 43.4, Diff: 0.0, Sum: 173.6]
      [GC Worker End (ms): Min: 2527.5, Avg: 2527.5, Max: 2527.5, Diff: 0.0]
   [Code Root Fixup: 0.0 ms]
   [Code Root Purge: 0.0 ms]
   [Clear CT: 0.2 ms]
   [Other: 1.4 ms]
      [Choose CSet: 0.0 ms]
      [Ref Proc: 0.1 ms]
      [Ref Enq: 0.0 ms]
      [Redirty Cards: 0.1 ms]
      [Humongous Register: 0.2 ms]
      [Humongous Reclaim: 0.4 ms]
      [Free CSet: 0.4 ms]
   [Eden: 736.0M(736.0M)->0.0B(4096.0K) Survivors: 107.0M->106.0M Heap: 1574.7M(2048.0M)->757.3M(2048.0M)]
 [Times: user=0.16 sys=0.03, real=0.05 secs] 
2021-01-21T16:07:19.083+0800: 2.530: [GC pause (G1 Evacuation Pause) (mixed), 0.0234720 secs]
   [Parallel Time: 22.4 ms, GC Workers: 4]
      [GC Worker Start (ms): Min: 2530.4, Avg: 2530.5, Max: 2530.5, Diff: 0.0]
      [Ext Root Scanning (ms): Min: 0.2, Avg: 0.2, Max: 0.2, Diff: 0.0, Sum: 0.8]
      [Update RS (ms): Min: 0.1, Avg: 0.1, Max: 0.2, Diff: 0.1, Sum: 0.6]
         [Processed Buffers: Min: 1, Avg: 1.3, Max: 2, Diff: 1, Sum: 5]
      [Scan RS (ms): Min: 0.1, Avg: 0.1, Max: 0.1, Diff: 0.1, Sum: 0.4]
      [Code Root Scanning (ms): Min: 0.0, Avg: 0.0, Max: 0.0, Diff: 0.0, Sum: 0.0]
      [Object Copy (ms): Min: 21.8, Avg: 21.9, Max: 21.9, Diff: 0.0, Sum: 87.4]
      [Termination (ms): Min: 0.0, Avg: 0.0, Max: 0.0, Diff: 0.0, Sum: 0.1]
         [Termination Attempts: Min: 1, Avg: 1.0, Max: 1, Diff: 0, Sum: 4]
      [GC Worker Other (ms): Min: 0.0, Avg: 0.0, Max: 0.0, Diff: 0.0, Sum: 0.0]
      [GC Worker Total (ms): Min: 22.3, Avg: 22.3, Max: 22.4, Diff: 0.0, Sum: 89.3]
      [GC Worker End (ms): Min: 2552.8, Avg: 2552.8, Max: 2552.8, Diff: 0.0]
   [Code Root Fixup: 0.0 ms]
   [Code Root Purge: 0.0 ms]
   [Clear CT: 0.1 ms]
   [Other: 0.9 ms]
      [Choose CSet: 0.1 ms]
      [Ref Proc: 0.1 ms]
      [Ref Enq: 0.0 ms]
      [Redirty Cards: 0.1 ms]
      [Humongous Register: 0.1 ms]
      [Humongous Reclaim: 0.0 ms]
      [Free CSet: 0.3 ms]
   [Eden: 4096.0K(4096.0K)->0.0B(843.0M) Survivors: 106.0M->2048.0K Heap: 761.3M(2048.0M)->594.3M(2048.0M)]
 [Times: user=0.06 sys=0.00, real=0.02 secs] 
2021-01-21T16:07:19.254+0800: 2.701: [GC pause (G1 Humongous Allocation) (young) (initial-mark), 0.0316053 secs]
   [Parallel Time: 30.0 ms, GC Workers: 4]
      [GC Worker Start (ms): Min: 2700.9, Avg: 2700.9, Max: 2700.9, Diff: 0.1]
      [Ext Root Scanning (ms): Min: 0.2, Avg: 0.2, Max: 0.2, Diff: 0.1, Sum: 0.8]
      [Update RS (ms): Min: 1.4, Avg: 1.4, Max: 1.4, Diff: 0.0, Sum: 5.7]
         [Processed Buffers: Min: 15, Avg: 20.3, Max: 23, Diff: 8, Sum: 81]
      [Scan RS (ms): Min: 0.1, Avg: 0.1, Max: 0.1, Diff: 0.0, Sum: 0.4]
      [Code Root Scanning (ms): Min: 0.0, Avg: 0.0, Max: 0.0, Diff: 0.0, Sum: 0.0]
      [Object Copy (ms): Min: 28.1, Avg: 28.1, Max: 28.2, Diff: 0.1, Sum: 112.5]
      [Termination (ms): Min: 0.0, Avg: 0.0, Max: 0.1, Diff: 0.1, Sum: 0.2]
         [Termination Attempts: Min: 1, Avg: 1.0, Max: 1, Diff: 0, Sum: 4]
      [GC Worker Other (ms): Min: 0.0, Avg: 0.0, Max: 0.0, Diff: 0.0, Sum: 0.1]
      [GC Worker Total (ms): Min: 29.9, Avg: 29.9, Max: 29.9, Diff: 0.1, Sum: 119.6]
      [GC Worker End (ms): Min: 2730.8, Avg: 2730.8, Max: 2730.8, Diff: 0.0]
   [Code Root Fixup: 0.0 ms]
   [Code Root Purge: 0.0 ms]
   [Clear CT: 0.2 ms]
   [Other: 1.5 ms]
      [Choose CSet: 0.0 ms]
      [Ref Proc: 0.1 ms]
      [Ref Enq: 0.0 ms]
      [Redirty Cards: 0.1 ms]
      [Humongous Register: 0.2 ms]
      [Humongous Reclaim: 0.4 ms]
      [Free CSet: 0.3 ms]
   [Eden: 570.0M(843.0M)->0.0B(703.0M) Survivors: 2048.0K->106.0M Heap: 1328.8M(2048.0M)->737.8M(2048.0M)]
 [Times: user=0.13 sys=0.00, real=0.03 secs] 
2021-01-21T16:07:19.285+0800: 2.732: [GC concurrent-root-region-scan-start]
2021-01-21T16:07:19.286+0800: 2.733: [GC concurrent-root-region-scan-end, 0.0002781 secs]
2021-01-21T16:07:19.286+0800: 2.733: [GC concurrent-mark-start]
2021-01-21T16:07:19.290+0800: 2.737: [GC concurrent-mark-end, 0.0047181 secs]
2021-01-21T16:07:19.291+0800: 2.738: [GC remark 2021-01-21T16:07:19.291+0800: 2.738: [Finalize Marking, 0.0001294 secs] 2021-01-21T16:07:19.291+0800: 2.738: [GC ref-proc, 0.0000978 secs] 2021-01-21T16:07:19.291+0800: 2.738: [Unloading, 0.0005188 secs], 0.0021329 secs]
 [Times: user=0.00 sys=0.00, real=0.00 secs] 
2021-01-21T16:07:19.293+0800: 2.740: [GC cleanup 764M->648M(2048M), 0.0011615 secs]
 [Times: user=0.00 sys=0.00, real=0.00 secs] 
2021-01-21T16:07:19.294+0800: 2.741: [GC concurrent-cleanup-start]
2021-01-21T16:07:19.294+0800: 2.741: [GC concurrent-cleanup-end, 0.0002038 secs]
2021-01-21T16:07:19.486+0800: 2.933: [GC pause (G1 Evacuation Pause) (young), 0.0419048 secs]
   [Parallel Time: 40.3 ms, GC Workers: 4]
      [GC Worker Start (ms): Min: 2932.8, Avg: 2932.9, Max: 2932.9, Diff: 0.1]
      [Ext Root Scanning (ms): Min: 0.1, Avg: 0.2, Max: 0.2, Diff: 0.1, Sum: 0.7]
      [Update RS (ms): Min: 1.4, Avg: 1.4, Max: 1.5, Diff: 0.1, Sum: 5.8]
         [Processed Buffers: Min: 16, Avg: 20.5, Max: 22, Diff: 6, Sum: 82]
      [Scan RS (ms): Min: 0.1, Avg: 0.1, Max: 0.2, Diff: 0.0, Sum: 0.5]
      [Code Root Scanning (ms): Min: 0.0, Avg: 0.0, Max: 0.0, Diff: 0.0, Sum: 0.0]
      [Object Copy (ms): Min: 38.3, Avg: 38.3, Max: 38.4, Diff: 0.1, Sum: 153.3]
      [Termination (ms): Min: 0.0, Avg: 0.0, Max: 0.1, Diff: 0.1, Sum: 0.2]
         [Termination Attempts: Min: 1, Avg: 1.3, Max: 2, Diff: 1, Sum: 5]
      [GC Worker Other (ms): Min: 0.0, Avg: 0.0, Max: 0.0, Diff: 0.0, Sum: 0.1]
      [GC Worker Total (ms): Min: 40.1, Avg: 40.2, Max: 40.2, Diff: 0.1, Sum: 160.6]
      [GC Worker End (ms): Min: 2973.0, Avg: 2973.0, Max: 2973.0, Diff: 0.0]
   [Code Root Fixup: 0.0 ms]
   [Code Root Purge: 0.0 ms]
   [Clear CT: 0.2 ms]
   [Other: 1.4 ms]
      [Choose CSet: 0.0 ms]
      [Ref Proc: 0.1 ms]
      [Ref Enq: 0.0 ms]
      [Redirty Cards: 0.1 ms]
      [Humongous Register: 0.2 ms]
      [Humongous Reclaim: 0.4 ms]
      [Free CSet: 0.4 ms]
   [Eden: 703.0M(703.0M)->0.0B(4096.0K) Survivors: 106.0M->102.0M Heap: 1502.0M(2048.0M)->716.8M(2048.0M)]
 [Times: user=0.09 sys=0.02, real=0.04 secs] 
2021-01-21T16:07:19.529+0800: 2.976: [GC pause (G1 Evacuation Pause) (mixed), 0.0253626 secs]
   [Parallel Time: 24.4 ms, GC Workers: 4]
      [GC Worker Start (ms): Min: 2975.9, Avg: 2976.0, Max: 2976.0, Diff: 0.1]
      [Ext Root Scanning (ms): Min: 0.2, Avg: 0.2, Max: 0.2, Diff: 0.1, Sum: 0.7]
      [Update RS (ms): Min: 0.3, Avg: 0.3, Max: 0.3, Diff: 0.0, Sum: 1.2]
         [Processed Buffers: Min: 3, Avg: 3.8, Max: 4, Diff: 1, Sum: 15]
      [Scan RS (ms): Min: 0.1, Avg: 0.1, Max: 0.1, Diff: 0.0, Sum: 0.4]
      [Code Root Scanning (ms): Min: 0.0, Avg: 0.0, Max: 0.0, Diff: 0.0, Sum: 0.0]
      [Object Copy (ms): Min: 23.6, Avg: 23.6, Max: 23.7, Diff: 0.1, Sum: 94.6]
      [Termination (ms): Min: 0.0, Avg: 0.0, Max: 0.1, Diff: 0.1, Sum: 0.2]
         [Termination Attempts: Min: 1, Avg: 1.0, Max: 1, Diff: 0, Sum: 4]
      [GC Worker Other (ms): Min: 0.0, Avg: 0.0, Max: 0.0, Diff: 0.0, Sum: 0.1]
      [GC Worker Total (ms): Min: 24.3, Avg: 24.3, Max: 24.3, Diff: 0.1, Sum: 97.1]
      [GC Worker End (ms): Min: 3000.3, Avg: 3000.3, Max: 3000.3, Diff: 0.0]
   [Code Root Fixup: 0.0 ms]
   [Code Root Purge: 0.0 ms]
   [Clear CT: 0.1 ms]
   [Other: 0.9 ms]
      [Choose CSet: 0.1 ms]
      [Ref Proc: 0.1 ms]
      [Ref Enq: 0.0 ms]
      [Redirty Cards: 0.1 ms]
      [Humongous Register: 0.1 ms]
      [Humongous Reclaim: 0.1 ms]
      [Free CSet: 0.3 ms]
   [Eden: 4096.0K(4096.0K)->0.0B(765.0M) Survivors: 102.0M->1024.0K Heap: 722.1M(2048.0M)->588.6M(2048.0M)]
 [Times: user=0.13 sys=0.00, real=0.02 secs] 
2021-01-21T16:07:19.718+0800: 3.165: [GC pause (G1 Humongous Allocation) (young) (initial-mark), 0.0328653 secs]
   [Parallel Time: 31.2 ms, GC Workers: 4]
      [GC Worker Start (ms): Min: 3165.5, Avg: 3165.5, Max: 3165.6, Diff: 0.1]
      [Ext Root Scanning (ms): Min: 0.2, Avg: 0.2, Max: 0.2, Diff: 0.1, Sum: 0.8]
      [Update RS (ms): Min: 1.6, Avg: 1.6, Max: 1.6, Diff: 0.0, Sum: 6.5]
         [Processed Buffers: Min: 19, Avg: 23.0, Max: 25, Diff: 6, Sum: 92]
      [Scan RS (ms): Min: 0.1, Avg: 0.1, Max: 0.1, Diff: 0.0, Sum: 0.4]
      [Code Root Scanning (ms): Min: 0.0, Avg: 0.0, Max: 0.0, Diff: 0.0, Sum: 0.0]
      [Object Copy (ms): Min: 29.0, Avg: 29.0, Max: 29.1, Diff: 0.0, Sum: 116.1]
      [Termination (ms): Min: 0.0, Avg: 0.0, Max: 0.0, Diff: 0.0, Sum: 0.1]
         [Termination Attempts: Min: 1, Avg: 1.0, Max: 1, Diff: 0, Sum: 4]
      [GC Worker Other (ms): Min: 0.0, Avg: 0.0, Max: 0.0, Diff: 0.0, Sum: 0.1]
      [GC Worker Total (ms): Min: 31.0, Avg: 31.0, Max: 31.0, Diff: 0.1, Sum: 124.0]
      [GC Worker End (ms): Min: 3196.5, Avg: 3196.5, Max: 3196.6, Diff: 0.0]
   [Code Root Fixup: 0.0 ms]
   [Code Root Purge: 0.0 ms]
   [Clear CT: 0.2 ms]
   [Other: 1.5 ms]
      [Choose CSet: 0.0 ms]
      [Ref Proc: 0.1 ms]
      [Ref Enq: 0.0 ms]
      [Redirty Cards: 0.2 ms]
      [Humongous Register: 0.2 ms]
      [Humongous Reclaim: 0.4 ms]
      [Free CSet: 0.4 ms]
   [Eden: 634.0M(765.0M)->0.0B(821.0M) Survivors: 1024.0K->96.0M Heap: 1390.7M(2048.0M)->739.2M(2048.0M)]
 [Times: user=0.14 sys=0.00, real=0.03 secs] 
2021-01-21T16:07:19.751+0800: 3.198: [GC concurrent-root-region-scan-start]
2021-01-21T16:07:19.751+0800: 3.198: [GC concurrent-root-region-scan-end, 0.0002651 secs]
2021-01-21T16:07:19.751+0800: 3.198: [GC concurrent-mark-start]
2021-01-21T16:07:19.755+0800: 3.203: [GC concurrent-mark-end, 0.0045652 secs]
2021-01-21T16:07:19.756+0800: 3.203: [GC remark 2021-01-21T16:07:19.756+0800: 3.203: [Finalize Marking, 0.0001291 secs] 2021-01-21T16:07:19.756+0800: 3.203: [GC ref-proc, 0.0000989 secs] 2021-01-21T16:07:19.756+0800: 3.203: [Unloading, 0.0005085 secs], 0.0019038 secs]
 [Times: user=0.00 sys=0.00, real=0.00 secs] 
2021-01-21T16:07:19.758+0800: 3.205: [GC cleanup 764M->643M(2048M), 0.0013272 secs]
 [Times: user=0.00 sys=0.00, real=0.00 secs] 
2021-01-21T16:07:19.759+0800: 3.207: [GC concurrent-cleanup-start]
2021-01-21T16:07:19.759+0800: 3.207: [GC concurrent-cleanup-end, 0.0001172 secs]
2021-01-21T16:07:19.977+0800: 3.425: [GC pause (G1 Evacuation Pause) (young) (to-space exhausted), 0.0549768 secs]
   [Parallel Time: 52.0 ms, GC Workers: 4]
      [GC Worker Start (ms): Min: 3425.1, Avg: 3425.1, Max: 3425.2, Diff: 0.1]
      [Ext Root Scanning (ms): Min: 0.1, Avg: 0.2, Max: 0.2, Diff: 0.1, Sum: 0.7]
      [Update RS (ms): Min: 1.8, Avg: 1.9, Max: 1.9, Diff: 0.1, Sum: 7.4]
         [Processed Buffers: Min: 22, Avg: 26.5, Max: 28, Diff: 6, Sum: 106]
      [Scan RS (ms): Min: 0.1, Avg: 0.1, Max: 0.2, Diff: 0.0, Sum: 0.6]
      [Code Root Scanning (ms): Min: 0.0, Avg: 0.0, Max: 0.0, Diff: 0.0, Sum: 0.0]
      [Object Copy (ms): Min: 49.5, Avg: 49.5, Max: 49.6, Diff: 0.1, Sum: 198.2]
      [Termination (ms): Min: 0.0, Avg: 0.1, Max: 0.1, Diff: 0.1, Sum: 0.2]
         [Termination Attempts: Min: 1, Avg: 1.0, Max: 1, Diff: 0, Sum: 4]
      [GC Worker Other (ms): Min: 0.0, Avg: 0.0, Max: 0.0, Diff: 0.0, Sum: 0.1]
      [GC Worker Total (ms): Min: 51.8, Avg: 51.8, Max: 51.8, Diff: 0.1, Sum: 207.3]
      [GC Worker End (ms): Min: 3477.0, Avg: 3477.0, Max: 3477.0, Diff: 0.0]
   [Code Root Fixup: 0.0 ms]
   [Code Root Purge: 0.0 ms]
   [Clear CT: 0.5 ms]
   [Other: 2.4 ms]
      [Evacuation Failure: 0.6 ms]
      [Choose CSet: 0.0 ms]
      [Ref Proc: 0.2 ms]
      [Ref Enq: 0.0 ms]
      [Redirty Cards: 0.2 ms]
      [Humongous Register: 0.2 ms]
      [Humongous Reclaim: 0.5 ms]
      [Free CSet: 0.6 ms]
   [Eden: 821.0M(821.0M)->0.0B(4096.0K) Survivors: 96.0M->115.0M Heap: 1656.9M(2048.0M)->825.1M(2048.0M)]
 [Times: user=0.14 sys=0.06, real=0.06 secs] 
2021-01-21T16:07:20.034+0800: 3.481: [GC pause (G1 Evacuation Pause) (mixed), 0.0265437 secs]
   [Parallel Time: 25.4 ms, GC Workers: 4]
      [GC Worker Start (ms): Min: 3481.7, Avg: 3481.7, Max: 3481.7, Diff: 0.1]
      [Ext Root Scanning (ms): Min: 0.2, Avg: 0.3, Max: 0.3, Diff: 0.1, Sum: 1.1]
      [Update RS (ms): Min: 0.4, Avg: 0.4, Max: 0.4, Diff: 0.1, Sum: 1.6]
         [Processed Buffers: Min: 3, Avg: 4.8, Max: 6, Diff: 3, Sum: 19]
      [Scan RS (ms): Min: 0.1, Avg: 0.2, Max: 0.2, Diff: 0.1, Sum: 0.6]
      [Code Root Scanning (ms): Min: 0.0, Avg: 0.0, Max: 0.0, Diff: 0.0, Sum: 0.0]
      [Object Copy (ms): Min: 24.4, Avg: 24.5, Max: 24.5, Diff: 0.0, Sum: 97.9]
      [Termination (ms): Min: 0.0, Avg: 0.0, Max: 0.1, Diff: 0.1, Sum: 0.2]
         [Termination Attempts: Min: 1, Avg: 1.0, Max: 1, Diff: 0, Sum: 4]
      [GC Worker Other (ms): Min: 0.0, Avg: 0.0, Max: 0.0, Diff: 0.0, Sum: 0.1]
      [GC Worker Total (ms): Min: 25.3, Avg: 25.4, Max: 25.4, Diff: 0.1, Sum: 101.4]
      [GC Worker End (ms): Min: 3507.1, Avg: 3507.1, Max: 3507.1, Diff: 0.0]
   [Code Root Fixup: 0.0 ms]
   [Code Root Purge: 0.0 ms]
   [Clear CT: 0.1 ms]
   [Other: 1.0 ms]
      [Choose CSet: 0.1 ms]
      [Ref Proc: 0.1 ms]
      [Ref Enq: 0.0 ms]
      [Redirty Cards: 0.1 ms]
      [Humongous Register: 0.2 ms]
      [Humongous Reclaim: 0.1 ms]
      [Free CSet: 0.3 ms]
   [Eden: 4096.0K(4096.0K)->0.0B(885.0M) Survivors: 115.0M->2048.0K Heap: 830.3M(2048.0M)->681.0M(2048.0M)]
 [Times: user=0.06 sys=0.00, real=0.03 secs] 
2021-01-21T16:07:20.185+0800: 3.632: [GC pause (G1 Humongous Allocation) (young) (initial-mark), 0.0304028 secs]
   [Parallel Time: 28.8 ms, GC Workers: 4]
      [GC Worker Start (ms): Min: 3632.2, Avg: 3632.3, Max: 3632.3, Diff: 0.1]
      [Ext Root Scanning (ms): Min: 0.2, Avg: 0.2, Max: 0.3, Diff: 0.1, Sum: 1.0]
      [Update RS (ms): Min: 2.6, Avg: 2.6, Max: 2.6, Diff: 0.0, Sum: 10.5]
         [Processed Buffers: Min: 28, Avg: 32.0, Max: 34, Diff: 6, Sum: 128]
      [Scan RS (ms): Min: 0.1, Avg: 0.1, Max: 0.1, Diff: 0.0, Sum: 0.3]
      [Code Root Scanning (ms): Min: 0.0, Avg: 0.0, Max: 0.0, Diff: 0.0, Sum: 0.0]
      [Object Copy (ms): Min: 25.6, Avg: 25.6, Max: 25.7, Diff: 0.0, Sum: 102.6]
      [Termination (ms): Min: 0.0, Avg: 0.0, Max: 0.0, Diff: 0.0, Sum: 0.1]
         [Termination Attempts: Min: 1, Avg: 1.0, Max: 1, Diff: 0, Sum: 4]
      [GC Worker Other (ms): Min: 0.0, Avg: 0.0, Max: 0.0, Diff: 0.0, Sum: 0.1]
      [GC Worker Total (ms): Min: 28.6, Avg: 28.6, Max: 28.7, Diff: 0.1, Sum: 114.6]
      [GC Worker End (ms): Min: 3660.9, Avg: 3660.9, Max: 3660.9, Diff: 0.0]
   [Code Root Fixup: 0.0 ms]
   [Code Root Purge: 0.0 ms]
   [Clear CT: 0.2 ms]
   [Other: 1.5 ms]
      [Choose CSet: 0.0 ms]
      [Ref Proc: 0.1 ms]
      [Ref Enq: 0.0 ms]
      [Redirty Cards: 0.1 ms]
      [Humongous Register: 0.2 ms]
      [Humongous Reclaim: 0.3 ms]
      [Free CSet: 0.4 ms]
   [Eden: 489.0M(885.0M)->0.0B(4096.0K) Survivors: 2048.0K->111.0M Heap: 1285.2M(2048.0M)->795.4M(2048.0M)]
 [Times: user=0.13 sys=0.00, real=0.03 secs] 
2021-01-21T16:07:20.216+0800: 3.662: [GC concurrent-root-region-scan-start]
2021-01-21T16:07:20.216+0800: 3.663: [GC concurrent-root-region-scan-end, 0.0003509 secs]
2021-01-21T16:07:20.216+0800: 3.663: [GC concurrent-mark-start]
2021-01-21T16:07:20.217+0800: 3.664: [GC pause (G1 Evacuation Pause) (young), 0.0236371 secs]
   [Parallel Time: 22.6 ms, GC Workers: 4]
      [GC Worker Start (ms): Min: 3664.1, Avg: 3664.1, Max: 3664.1, Diff: 0.1]
      [Ext Root Scanning (ms): Min: 0.2, Avg: 0.2, Max: 0.2, Diff: 0.1, Sum: 0.9]
      [Update RS (ms): Min: 0.2, Avg: 0.2, Max: 0.3, Diff: 0.1, Sum: 0.9]
         [Processed Buffers: Min: 1, Avg: 2.5, Max: 4, Diff: 3, Sum: 10]
      [Scan RS (ms): Min: 0.0, Avg: 0.0, Max: 0.0, Diff: 0.0, Sum: 0.1]
      [Code Root Scanning (ms): Min: 0.0, Avg: 0.0, Max: 0.0, Diff: 0.0, Sum: 0.0]
      [Object Copy (ms): Min: 21.9, Avg: 22.0, Max: 22.0, Diff: 0.1, Sum: 87.9]
      [Termination (ms): Min: 0.0, Avg: 0.0, Max: 0.1, Diff: 0.1, Sum: 0.2]
         [Termination Attempts: Min: 1, Avg: 1.0, Max: 1, Diff: 0, Sum: 4]
      [GC Worker Other (ms): Min: 0.0, Avg: 0.0, Max: 0.0, Diff: 0.0, Sum: 0.1]
      [GC Worker Total (ms): Min: 22.5, Avg: 22.5, Max: 22.5, Diff: 0.0, Sum: 90.0]
      [GC Worker End (ms): Min: 3686.6, Avg: 3686.6, Max: 3686.6, Diff: 0.0]
   [Code Root Fixup: 0.0 ms]
   [Code Root Purge: 0.0 ms]
   [Clear CT: 0.2 ms]
   [Other: 0.9 ms]
      [Choose CSet: 0.0 ms]
      [Ref Proc: 0.2 ms]
      [Ref Enq: 0.0 ms]
      [Redirty Cards: 0.2 ms]
      [Humongous Register: 0.2 ms]
      [Humongous Reclaim: 0.1 ms]
      [Free CSet: 0.1 ms]
   [Eden: 4096.0K(4096.0K)->0.0B(100.0M) Survivors: 111.0M->2048.0K Heap: 799.9M(2048.0M)->800.2M(2048.0M)]
 [Times: user=0.13 sys=0.00, real=0.02 secs] 
2021-01-21T16:07:20.246+0800: 3.692: [GC concurrent-mark-end, 0.0295158 secs]
2021-01-21T16:07:20.246+0800: 3.693: [GC remark 2021-01-21T16:07:20.246+0800: 3.693: [Finalize Marking, 0.0001386 secs] 2021-01-21T16:07:20.246+0800: 3.693: [GC ref-proc, 0.0001186 secs] 2021-01-21T16:07:20.246+0800: 3.693: [Unloading, 0.0005791 secs], 0.0021837 secs]
 [Times: user=0.00 sys=0.00, real=0.00 secs] 
2021-01-21T16:07:20.248+0800: 3.695: [GC cleanup 823M->687M(2048M), 0.0015712 secs]
 [Times: user=0.00 sys=0.00, real=0.00 secs] 
2021-01-21T16:07:20.250+0800: 3.697: [GC concurrent-cleanup-start]
2021-01-21T16:07:20.250+0800: 3.697: [GC concurrent-cleanup-end, 0.0001434 secs]
2021-01-21T16:07:20.272+0800: 3.719: [GC pause (G1 Evacuation Pause) (young), 0.0112044 secs]
   [Parallel Time: 9.9 ms, GC Workers: 4]
      [GC Worker Start (ms): Min: 3719.3, Avg: 3719.3, Max: 3719.3, Diff: 0.1]
      [Ext Root Scanning (ms): Min: 0.2, Avg: 0.2, Max: 0.2, Diff: 0.1, Sum: 0.9]
      [Update RS (ms): Min: 2.5, Avg: 2.5, Max: 2.6, Diff: 0.0, Sum: 10.2]
         [Processed Buffers: Min: 26, Avg: 30.5, Max: 33, Diff: 7, Sum: 122]
      [Scan RS (ms): Min: 0.0, Avg: 0.0, Max: 0.0, Diff: 0.0, Sum: 0.1]
      [Code Root Scanning (ms): Min: 0.0, Avg: 0.0, Max: 0.0, Diff: 0.0, Sum: 0.0]
      [Object Copy (ms): Min: 7.0, Avg: 7.0, Max: 7.0, Diff: 0.0, Sum: 27.9]
      [Termination (ms): Min: 0.0, Avg: 0.0, Max: 0.0, Diff: 0.0, Sum: 0.1]
         [Termination Attempts: Min: 1, Avg: 1.0, Max: 1, Diff: 0, Sum: 4]
      [GC Worker Other (ms): Min: 0.0, Avg: 0.0, Max: 0.0, Diff: 0.0, Sum: 0.1]
      [GC Worker Total (ms): Min: 9.8, Avg: 9.8, Max: 9.8, Diff: 0.1, Sum: 39.2]
      [GC Worker End (ms): Min: 3729.1, Avg: 3729.1, Max: 3729.1, Diff: 0.0]
   [Code Root Fixup: 0.0 ms]
   [Code Root Purge: 0.0 ms]
   [Clear CT: 0.2 ms]
   [Other: 1.1 ms]
      [Choose CSet: 0.0 ms]
      [Ref Proc: 0.2 ms]
      [Ref Enq: 0.0 ms]
      [Redirty Cards: 0.2 ms]
      [Humongous Register: 0.2 ms]
      [Humongous Reclaim: 0.2 ms]
      [Free CSet: 0.1 ms]
   [Eden: 100.0M(100.0M)->0.0B(89.0M) Survivors: 2048.0K->13.0M Heap: 791.2M(2048.0M)->697.8M(2048.0M)]
 [Times: user=0.00 sys=0.02, real=0.01 secs] 
2021-01-21T16:07:20.308+0800: 3.755: [GC pause (G1 Evacuation Pause) (mixed), 0.0120817 secs]
   [Parallel Time: 11.0 ms, GC Workers: 4]
      [GC Worker Start (ms): Min: 3754.8, Avg: 3754.9, Max: 3754.9, Diff: 0.1]
      [Ext Root Scanning (ms): Min: 0.2, Avg: 0.2, Max: 0.3, Diff: 0.1, Sum: 0.9]
      [Update RS (ms): Min: 2.8, Avg: 2.9, Max: 2.9, Diff: 0.1, Sum: 11.5]
         [Processed Buffers: Min: 29, Avg: 34.3, Max: 36, Diff: 7, Sum: 137]
      [Scan RS (ms): Min: 0.0, Avg: 0.1, Max: 0.1, Diff: 0.1, Sum: 0.2]
      [Code Root Scanning (ms): Min: 0.0, Avg: 0.0, Max: 0.0, Diff: 0.0, Sum: 0.0]
      [Object Copy (ms): Min: 7.5, Avg: 7.5, Max: 7.6, Diff: 0.0, Sum: 30.1]
      [Termination (ms): Min: 0.0, Avg: 0.0, Max: 0.0, Diff: 0.0, Sum: 0.1]
         [Termination Attempts: Min: 1, Avg: 1.0, Max: 1, Diff: 0, Sum: 4]
      [GC Worker Other (ms): Min: 0.0, Avg: 0.0, Max: 0.0, Diff: 0.0, Sum: 0.1]
      [GC Worker Total (ms): Min: 10.7, Avg: 10.7, Max: 10.8, Diff: 0.1, Sum: 42.9]
      [GC Worker End (ms): Min: 3765.6, Avg: 3765.6, Max: 3765.6, Diff: 0.0]
   [Code Root Fixup: 0.0 ms]
   [Code Root Purge: 0.0 ms]
   [Clear CT: 0.2 ms]
   [Other: 1.0 ms]
      [Choose CSet: 0.0 ms]
      [Ref Proc: 0.1 ms]
      [Ref Enq: 0.0 ms]
      [Redirty Cards: 0.1 ms]
      [Humongous Register: 0.2 ms]
      [Humongous Reclaim: 0.1 ms]
      [Free CSet: 0.2 ms]
   [Eden: 89.0M(89.0M)->0.0B(89.0M) Survivors: 13.0M->13.0M Heap: 814.9M(2048.0M)->670.0M(2048.0M)]
 [Times: user=0.06 sys=0.00, real=0.01 secs] 
2021-01-21T16:07:20.344+0800: 3.791: [GC pause (G1 Evacuation Pause) (mixed), 0.0136681 secs]
   [Parallel Time: 12.4 ms, GC Workers: 4]
      [GC Worker Start (ms): Min: 3791.3, Avg: 3791.3, Max: 3791.4, Diff: 0.1]
      [Ext Root Scanning (ms): Min: 0.2, Avg: 0.2, Max: 0.3, Diff: 0.1, Sum: 0.9]
      [Update RS (ms): Min: 3.1, Avg: 3.2, Max: 3.2, Diff: 0.1, Sum: 12.6]
         [Processed Buffers: Min: 35, Avg: 38.5, Max: 40, Diff: 5, Sum: 154]
      [Scan RS (ms): Min: 0.1, Avg: 0.1, Max: 0.2, Diff: 0.0, Sum: 0.5]
      [Code Root Scanning (ms): Min: 0.0, Avg: 0.0, Max: 0.0, Diff: 0.0, Sum: 0.0]
      [Object Copy (ms): Min: 8.7, Avg: 8.8, Max: 8.8, Diff: 0.1, Sum: 35.1]
      [Termination (ms): Min: 0.0, Avg: 0.0, Max: 0.0, Diff: 0.0, Sum: 0.1]
         [Termination Attempts: Min: 1, Avg: 1.0, Max: 1, Diff: 0, Sum: 4]
      [GC Worker Other (ms): Min: 0.0, Avg: 0.0, Max: 0.0, Diff: 0.0, Sum: 0.1]
      [GC Worker Total (ms): Min: 12.3, Avg: 12.3, Max: 12.4, Diff: 0.1, Sum: 49.4]
      [GC Worker End (ms): Min: 3803.6, Avg: 3803.6, Max: 3803.7, Diff: 0.0]
   [Code Root Fixup: 0.0 ms]
   [Code Root Purge: 0.0 ms]
   [Clear CT: 0.2 ms]
   [Other: 1.0 ms]
      [Choose CSet: 0.0 ms]
      [Ref Proc: 0.2 ms]
      [Ref Enq: 0.0 ms]
      [Redirty Cards: 0.2 ms]
      [Humongous Register: 0.2 ms]
      [Humongous Reclaim: 0.1 ms]
      [Free CSet: 0.2 ms]
   [Eden: 89.0M(89.0M)->0.0B(89.0M) Survivors: 13.0M->13.0M Heap: 781.7M(2048.0M)->649.2M(2048.0M)]
 [Times: user=0.06 sys=0.00, real=0.01 secs] 
2021-01-21T16:07:20.383+0800: 3.829: [GC pause (G1 Evacuation Pause) (mixed), 0.0155895 secs]
   [Parallel Time: 14.4 ms, GC Workers: 4]
      [GC Worker Start (ms): Min: 3829.8, Avg: 3829.8, Max: 3829.8, Diff: 0.1]
      [Ext Root Scanning (ms): Min: 0.2, Avg: 0.2, Max: 0.3, Diff: 0.1, Sum: 0.9]
      [Update RS (ms): Min: 3.0, Avg: 3.1, Max: 3.1, Diff: 0.1, Sum: 12.2]
         [Processed Buffers: Min: 38, Avg: 38.5, Max: 39, Diff: 1, Sum: 154]
      [Scan RS (ms): Min: 0.1, Avg: 0.1, Max: 0.2, Diff: 0.2, Sum: 0.6]
      [Code Root Scanning (ms): Min: 0.0, Avg: 0.0, Max: 0.1, Diff: 0.1, Sum: 0.1]
      [Object Copy (ms): Min: 10.7, Avg: 10.7, Max: 10.9, Diff: 0.2, Sum: 42.9]
      [Termination (ms): Min: 0.0, Avg: 0.1, Max: 0.1, Diff: 0.1, Sum: 0.4]
         [Termination Attempts: Min: 1, Avg: 1.0, Max: 1, Diff: 0, Sum: 4]
      [GC Worker Other (ms): Min: 0.0, Avg: 0.0, Max: 0.0, Diff: 0.0, Sum: 0.1]
      [GC Worker Total (ms): Min: 14.3, Avg: 14.3, Max: 14.3, Diff: 0.1, Sum: 57.2]
      [GC Worker End (ms): Min: 3844.1, Avg: 3844.1, Max: 3844.1, Diff: 0.0]
   [Code Root Fixup: 0.0 ms]
   [Code Root Purge: 0.0 ms]
   [Clear CT: 0.2 ms]
   [Other: 1.0 ms]
      [Choose CSet: 0.0 ms]
      [Ref Proc: 0.1 ms]
      [Ref Enq: 0.0 ms]
      [Redirty Cards: 0.2 ms]
      [Humongous Register: 0.2 ms]
      [Humongous Reclaim: 0.1 ms]
      [Free CSet: 0.2 ms]
   [Eden: 89.0M(89.0M)->0.0B(89.0M) Survivors: 13.0M->13.0M Heap: 768.4M(2048.0M)->637.9M(2048.0M)]
 [Times: user=0.06 sys=0.00, real=0.02 secs] 
2021-01-21T16:07:20.423+0800: 3.870: [GC pause (G1 Evacuation Pause) (mixed), 0.0161740 secs]
   [Parallel Time: 13.9 ms, GC Workers: 4]
      [GC Worker Start (ms): Min: 3870.0, Avg: 3870.0, Max: 3870.1, Diff: 0.1]
      [Ext Root Scanning (ms): Min: 0.2, Avg: 0.2, Max: 0.2, Diff: 0.1, Sum: 0.9]
      [Update RS (ms): Min: 3.7, Avg: 3.9, Max: 4.1, Diff: 0.4, Sum: 15.6]
         [Processed Buffers: Min: 47, Avg: 47.8, Max: 49, Diff: 2, Sum: 191]
      [Scan RS (ms): Min: 0.0, Avg: 0.1, Max: 0.1, Diff: 0.1, Sum: 0.2]
      [Code Root Scanning (ms): Min: 0.0, Avg: 0.0, Max: 0.0, Diff: 0.0, Sum: 0.0]
      [Object Copy (ms): Min: 9.3, Avg: 9.5, Max: 9.6, Diff: 0.4, Sum: 37.9]
      [Termination (ms): Min: 0.0, Avg: 0.1, Max: 0.2, Diff: 0.2, Sum: 0.5]
         [Termination Attempts: Min: 1, Avg: 1.0, Max: 1, Diff: 0, Sum: 4]
      [GC Worker Other (ms): Min: 0.0, Avg: 0.0, Max: 0.0, Diff: 0.0, Sum: 0.1]
      [GC Worker Total (ms): Min: 13.8, Avg: 13.8, Max: 13.8, Diff: 0.1, Sum: 55.2]
      [GC Worker End (ms): Min: 3883.8, Avg: 3883.8, Max: 3883.8, Diff: 0.0]
   [Code Root Fixup: 0.0 ms]
   [Code Root Purge: 0.0 ms]
   [Clear CT: 0.4 ms]
   [Other: 1.8 ms]
      [Choose CSet: 0.0 ms]
      [Ref Proc: 0.4 ms]
      [Ref Enq: 0.0 ms]
      [Redirty Cards: 0.4 ms]
      [Humongous Register: 0.2 ms]
      [Humongous Reclaim: 0.2 ms]
      [Free CSet: 0.3 ms]
   [Eden: 89.0M(89.0M)->0.0B(89.0M) Survivors: 13.0M->13.0M Heap: 752.8M(2048.0M)->624.6M(2048.0M)]
 [Times: user=0.02 sys=0.00, real=0.02 secs] 
2021-01-21T16:07:20.494+0800: 3.941: [GC pause (G1 Evacuation Pause) (young), 0.0178120 secs]
   [Parallel Time: 16.1 ms, GC Workers: 4]
      [GC Worker Start (ms): Min: 3941.4, Avg: 3941.4, Max: 3941.5, Diff: 0.1]
      [Ext Root Scanning (ms): Min: 0.3, Avg: 0.3, Max: 0.4, Diff: 0.1, Sum: 1.2]
      [Update RS (ms): Min: 8.2, Avg: 8.3, Max: 8.3, Diff: 0.0, Sum: 33.0]
         [Processed Buffers: Min: 44, Avg: 57.3, Max: 71, Diff: 27, Sum: 229]
      [Scan RS (ms): Min: 0.0, Avg: 0.0, Max: 0.1, Diff: 0.0, Sum: 0.1]
      [Code Root Scanning (ms): Min: 0.0, Avg: 0.0, Max: 0.0, Diff: 0.0, Sum: 0.0]
      [Object Copy (ms): Min: 7.3, Avg: 7.3, Max: 7.3, Diff: 0.0, Sum: 29.1]
      [Termination (ms): Min: 0.0, Avg: 0.0, Max: 0.0, Diff: 0.0, Sum: 0.1]
         [Termination Attempts: Min: 1, Avg: 1.0, Max: 1, Diff: 0, Sum: 4]
      [GC Worker Other (ms): Min: 0.0, Avg: 0.0, Max: 0.0, Diff: 0.0, Sum: 0.1]
      [GC Worker Total (ms): Min: 15.9, Avg: 15.9, Max: 16.0, Diff: 0.1, Sum: 63.7]
      [GC Worker End (ms): Min: 3957.3, Avg: 3957.3, Max: 3957.3, Diff: 0.0]
   [Code Root Fixup: 0.0 ms]
   [Code Root Purge: 0.0 ms]
   [Clear CT: 0.3 ms]
   [Other: 1.4 ms]
      [Choose CSet: 0.0 ms]
      [Ref Proc: 0.2 ms]
      [Ref Enq: 0.0 ms]
      [Redirty Cards: 0.4 ms]
      [Humongous Register: 0.2 ms]
      [Humongous Reclaim: 0.2 ms]
      [Free CSet: 0.2 ms]
   [Eden: 89.0M(89.0M)->0.0B(89.0M) Survivors: 13.0M->13.0M Heap: 741.4M(2048.0M)->656.0M(2048.0M)]
 [Times: user=0.06 sys=0.00, real=0.02 secs] 
2021-01-21T16:07:20.546+0800: 3.993: [GC pause (G1 Evacuation Pause) (young), 0.0167241 secs]
   [Parallel Time: 15.0 ms, GC Workers: 4]
      [GC Worker Start (ms): Min: 3992.9, Avg: 3993.0, Max: 3993.0, Diff: 0.1]
      [Ext Root Scanning (ms): Min: 0.3, Avg: 0.3, Max: 0.4, Diff: 0.1, Sum: 1.3]
      [Update RS (ms): Min: 6.0, Avg: 6.1, Max: 6.1, Diff: 0.1, Sum: 24.3]
         [Processed Buffers: Min: 48, Avg: 49.0, Max: 50, Diff: 2, Sum: 196]
      [Scan RS (ms): Min: 0.0, Avg: 0.0, Max: 0.1, Diff: 0.1, Sum: 0.1]
      [Code Root Scanning (ms): Min: 0.0, Avg: 0.0, Max: 0.0, Diff: 0.0, Sum: 0.0]
      [Object Copy (ms): Min: 8.0, Avg: 8.2, Max: 8.3, Diff: 0.3, Sum: 32.7]
      [Termination (ms): Min: 0.0, Avg: 0.2, Max: 0.3, Diff: 0.3, Sum: 0.8]
         [Termination Attempts: Min: 1, Avg: 1.0, Max: 1, Diff: 0, Sum: 4]
      [GC Worker Other (ms): Min: 0.0, Avg: 0.0, Max: 0.0, Diff: 0.0, Sum: 0.1]
      [GC Worker Total (ms): Min: 14.7, Avg: 14.8, Max: 14.9, Diff: 0.1, Sum: 59.2]
      [GC Worker End (ms): Min: 4007.8, Avg: 4007.8, Max: 4007.8, Diff: 0.0]
   [Code Root Fixup: 0.0 ms]
   [Code Root Purge: 0.0 ms]
   [Clear CT: 0.4 ms]
   [Other: 1.4 ms]
      [Choose CSet: 0.0 ms]
      [Ref Proc: 0.2 ms]
      [Ref Enq: 0.0 ms]
      [Redirty Cards: 0.3 ms]
      [Humongous Register: 0.2 ms]
      [Humongous Reclaim: 0.2 ms]
      [Free CSet: 0.2 ms]
   [Eden: 89.0M(89.0M)->0.0B(97.0M) Survivors: 13.0M->13.0M Heap: 768.8M(2048.0M)->690.4M(2048.0M)]
 [Times: user=0.06 sys=0.00, real=0.02 secs] 
2021-01-21T16:07:20.602+0800: 4.049: [GC pause (G1 Evacuation Pause) (young), 0.0180476 secs]
   [Parallel Time: 16.3 ms, GC Workers: 4]
      [GC Worker Start (ms): Min: 4049.2, Avg: 4049.2, Max: 4049.3, Diff: 0.1]
      [Ext Root Scanning (ms): Min: 0.3, Avg: 0.3, Max: 0.4, Diff: 0.1, Sum: 1.3]
      [Update RS (ms): Min: 8.3, Avg: 8.3, Max: 8.4, Diff: 0.1, Sum: 33.3]
         [Processed Buffers: Min: 64, Avg: 65.8, Max: 67, Diff: 3, Sum: 263]
      [Scan RS (ms): Min: 0.0, Avg: 0.0, Max: 0.0, Diff: 0.0, Sum: 0.1]
      [Code Root Scanning (ms): Min: 0.0, Avg: 0.0, Max: 0.0, Diff: 0.0, Sum: 0.0]
      [Object Copy (ms): Min: 7.3, Avg: 7.4, Max: 7.4, Diff: 0.1, Sum: 29.5]
      [Termination (ms): Min: 0.0, Avg: 0.0, Max: 0.1, Diff: 0.1, Sum: 0.2]
         [Termination Attempts: Min: 1, Avg: 1.0, Max: 1, Diff: 0, Sum: 4]
      [GC Worker Other (ms): Min: 0.0, Avg: 0.0, Max: 0.0, Diff: 0.0, Sum: 0.1]
      [GC Worker Total (ms): Min: 16.0, Avg: 16.1, Max: 16.2, Diff: 0.1, Sum: 64.4]
      [GC Worker End (ms): Min: 4065.3, Avg: 4065.4, Max: 4065.4, Diff: 0.0]
   [Code Root Fixup: 0.0 ms]
   [Code Root Purge: 0.0 ms]
   [Clear CT: 0.3 ms]
   [Other: 1.4 ms]
      [Choose CSet: 0.0 ms]
      [Ref Proc: 0.3 ms]
      [Ref Enq: 0.0 ms]
      [Redirty Cards: 0.3 ms]
      [Humongous Register: 0.2 ms]
      [Humongous Reclaim: 0.2 ms]
      [Free CSet: 0.2 ms]
   [Eden: 97.0M(97.0M)->0.0B(125.0M) Survivors: 13.0M->14.0M Heap: 819.6M(2048.0M)->722.7M(2048.0M)]
 [Times: user=0.06 sys=0.00, real=0.02 secs] 
2021-01-21T16:07:20.670+0800: 4.117: [GC pause (G1 Evacuation Pause) (young), 0.0163991 secs]
   [Parallel Time: 14.9 ms, GC Workers: 4]
      [GC Worker Start (ms): Min: 4117.4, Avg: 4117.5, Max: 4117.5, Diff: 0.1]
      [Ext Root Scanning (ms): Min: 0.2, Avg: 0.3, Max: 0.3, Diff: 0.1, Sum: 1.1]
      [Update RS (ms): Min: 5.1, Avg: 5.2, Max: 5.2, Diff: 0.0, Sum: 20.6]
         [Processed Buffers: Min: 63, Avg: 66.5, Max: 68, Diff: 5, Sum: 266]
      [Scan RS (ms): Min: 0.0, Avg: 0.0, Max: 0.0, Diff: 0.0, Sum: 0.1]
      [Code Root Scanning (ms): Min: 0.0, Avg: 0.0, Max: 0.0, Diff: 0.0, Sum: 0.0]
      [Object Copy (ms): Min: 9.3, Avg: 9.3, Max: 9.3, Diff: 0.0, Sum: 37.1]
      [Termination (ms): Min: 0.0, Avg: 0.0, Max: 0.0, Diff: 0.0, Sum: 0.1]
         [Termination Attempts: Min: 1, Avg: 1.0, Max: 1, Diff: 0, Sum: 4]
      [GC Worker Other (ms): Min: 0.0, Avg: 0.0, Max: 0.0, Diff: 0.0, Sum: 0.1]
      [GC Worker Total (ms): Min: 14.7, Avg: 14.8, Max: 14.9, Diff: 0.1, Sum: 59.2]
      [GC Worker End (ms): Min: 4132.3, Avg: 4132.3, Max: 4132.3, Diff: 0.0]
   [Code Root Fixup: 0.0 ms]
   [Code Root Purge: 0.0 ms]
   [Clear CT: 0.3 ms]
   [Other: 1.2 ms]
      [Choose CSet: 0.0 ms]
      [Ref Proc: 0.1 ms]
      [Ref Enq: 0.0 ms]
      [Redirty Cards: 0.3 ms]
      [Humongous Register: 0.3 ms]
      [Humongous Reclaim: 0.1 ms]
      [Free CSet: 0.2 ms]
   [Eden: 125.0M(125.0M)->0.0B(156.0M) Survivors: 14.0M->18.0M Heap: 886.2M(2048.0M)->767.2M(2048.0M)]
 [Times: user=0.06 sys=0.00, real=0.02 secs] 
2021-01-21T16:07:20.723+0800: 4.169: [GC pause (G1 Evacuation Pause) (young), 0.0164450 secs]
   [Parallel Time: 15.0 ms, GC Workers: 4]
      [GC Worker Start (ms): Min: 4169.7, Avg: 4169.8, Max: 4169.8, Diff: 0.1]
      [Ext Root Scanning (ms): Min: 0.1, Avg: 0.1, Max: 0.2, Diff: 0.1, Sum: 0.6]
      [Update RS (ms): Min: 2.5, Avg: 2.5, Max: 2.6, Diff: 0.1, Sum: 10.1]
         [Processed Buffers: Min: 51, Avg: 54.5, Max: 56, Diff: 5, Sum: 218]
      [Scan RS (ms): Min: 0.0, Avg: 0.0, Max: 0.0, Diff: 0.0, Sum: 0.1]
      [Code Root Scanning (ms): Min: 0.0, Avg: 0.0, Max: 0.0, Diff: 0.0, Sum: 0.0]
      [Object Copy (ms): Min: 12.1, Avg: 12.1, Max: 12.2, Diff: 0.1, Sum: 48.6]
      [Termination (ms): Min: 0.0, Avg: 0.0, Max: 0.0, Diff: 0.0, Sum: 0.1]
         [Termination Attempts: Min: 1, Avg: 1.0, Max: 1, Diff: 0, Sum: 4]
      [GC Worker Other (ms): Min: 0.0, Avg: 0.0, Max: 0.0, Diff: 0.0, Sum: 0.1]
      [GC Worker Total (ms): Min: 14.8, Avg: 14.9, Max: 14.9, Diff: 0.1, Sum: 59.5]
      [GC Worker End (ms): Min: 4184.6, Avg: 4184.6, Max: 4184.6, Diff: 0.0]
   [Code Root Fixup: 0.0 ms]
   [Code Root Purge: 0.0 ms]
   [Clear CT: 0.3 ms]
   [Other: 1.2 ms]
      [Choose CSet: 0.0 ms]
      [Ref Proc: 0.2 ms]
      [Ref Enq: 0.0 ms]
      [Redirty Cards: 0.3 ms]
      [Humongous Register: 0.2 ms]
      [Humongous Reclaim: 0.2 ms]
      [Free CSet: 0.2 ms]
   [Eden: 156.0M(156.0M)->0.0B(189.0M) Survivors: 18.0M->22.0M Heap: 966.4M(2048.0M)->811.3M(2048.0M)]
 [Times: user=0.06 sys=0.00, real=0.02 secs] 
2021-01-21T16:07:20.790+0800: 4.237: [GC pause (G1 Humongous Allocation) (young) (initial-mark), 0.0202777 secs]
   [Parallel Time: 19.1 ms, GC Workers: 4]
      [GC Worker Start (ms): Min: 4237.9, Avg: 4237.9, Max: 4237.9, Diff: 0.1]
      [Ext Root Scanning (ms): Min: 0.1, Avg: 0.2, Max: 0.2, Diff: 0.1, Sum: 0.6]
      [Update RS (ms): Min: 4.0, Avg: 4.0, Max: 4.0, Diff: 0.0, Sum: 16.1]
         [Processed Buffers: Min: 77, Avg: 81.3, Max: 85, Diff: 8, Sum: 325]
      [Scan RS (ms): Min: 0.0, Avg: 0.0, Max: 0.0, Diff: 0.0, Sum: 0.1]
      [Code Root Scanning (ms): Min: 0.0, Avg: 0.0, Max: 0.0, Diff: 0.0, Sum: 0.0]
      [Object Copy (ms): Min: 14.6, Avg: 14.7, Max: 14.7, Diff: 0.1, Sum: 58.7]
      [Termination (ms): Min: 0.0, Avg: 0.0, Max: 0.1, Diff: 0.1, Sum: 0.2]
         [Termination Attempts: Min: 1, Avg: 1.0, Max: 1, Diff: 0, Sum: 4]
      [GC Worker Other (ms): Min: 0.0, Avg: 0.0, Max: 0.0, Diff: 0.0, Sum: 0.1]
      [GC Worker Total (ms): Min: 18.9, Avg: 19.0, Max: 19.0, Diff: 0.1, Sum: 75.8]
      [GC Worker End (ms): Min: 4256.9, Avg: 4256.9, Max: 4256.9, Diff: 0.0]
   [Code Root Fixup: 0.0 ms]
   [Code Root Purge: 0.0 ms]
   [Clear CT: 0.1 ms]
   [Other: 1.1 ms]
      [Choose CSet: 0.0 ms]
      [Ref Proc: 0.1 ms]
      [Ref Enq: 0.0 ms]
      [Redirty Cards: 0.2 ms]
      [Humongous Register: 0.2 ms]
      [Humongous Reclaim: 0.2 ms]
      [Free CSet: 0.2 ms]
   [Eden: 189.0M(189.0M)->0.0B(242.0M) Survivors: 22.0M->27.0M Heap: 1039.7M(2048.0M)->860.5M(2048.0M)]
 [Times: user=0.06 sys=0.00, real=0.02 secs] 
2021-01-21T16:07:20.810+0800: 4.258: [GC concurrent-root-region-scan-start]
2021-01-21T16:07:20.810+0800: 4.258: [GC concurrent-root-region-scan-end, 0.0001711 secs]
2021-01-21T16:07:20.810+0800: 4.258: [GC concurrent-mark-start]
2021-01-21T16:07:20.815+0800: 4.263: [GC concurrent-mark-end, 0.0049737 secs]
2021-01-21T16:07:20.816+0800: 4.263: [GC remark 2021-01-21T16:07:20.816+0800: 4.263: [Finalize Marking, 0.0003646 secs] 2021-01-21T16:07:20.816+0800: 4.264: [GC ref-proc, 0.0000680 secs] 2021-01-21T16:07:20.816+0800: 4.264: [Unloading, 0.0005083 secs], 0.0019961 secs]
 [Times: user=0.00 sys=0.00, real=0.00 secs] 
2021-01-21T16:07:20.818+0800: 4.265: [GC cleanup 892M->731M(2048M), 0.0013370 secs]
 [Times: user=0.00 sys=0.00, real=0.00 secs] 
2021-01-21T16:07:20.819+0800: 4.267: [GC concurrent-cleanup-start]
2021-01-21T16:07:20.819+0800: 4.267: [GC concurrent-cleanup-end, 0.0002330 secs]
2021-01-21T16:07:20.883+0800: 4.330: [GC pause (G1 Evacuation Pause) (young), 0.0276228 secs]
   [Parallel Time: 25.9 ms, GC Workers: 4]
      [GC Worker Start (ms): Min: 4330.8, Avg: 4330.8, Max: 4330.9, Diff: 0.1]
      [Ext Root Scanning (ms): Min: 0.2, Avg: 0.3, Max: 0.3, Diff: 0.1, Sum: 1.1]
      [Update RS (ms): Min: 7.9, Avg: 8.0, Max: 8.0, Diff: 0.1, Sum: 31.9]
         [Processed Buffers: Min: 78, Avg: 79.0, Max: 80, Diff: 2, Sum: 316]
      [Scan RS (ms): Min: 0.1, Avg: 0.1, Max: 0.1, Diff: 0.1, Sum: 0.3]
      [Code Root Scanning (ms): Min: 0.0, Avg: 0.0, Max: 0.0, Diff: 0.0, Sum: 0.0]
      [Object Copy (ms): Min: 17.3, Avg: 17.4, Max: 17.4, Diff: 0.1, Sum: 69.4]
      [Termination (ms): Min: 0.0, Avg: 0.0, Max: 0.0, Diff: 0.0, Sum: 0.0]
         [Termination Attempts: Min: 1, Avg: 1.0, Max: 1, Diff: 0, Sum: 4]
      [GC Worker Other (ms): Min: 0.0, Avg: 0.0, Max: 0.1, Diff: 0.0, Sum: 0.1]
      [GC Worker Total (ms): Min: 25.7, Avg: 25.7, Max: 25.8, Diff: 0.1, Sum: 102.9]
      [GC Worker End (ms): Min: 4356.5, Avg: 4356.6, Max: 4356.6, Diff: 0.0]
   [Code Root Fixup: 0.0 ms]
   [Code Root Purge: 0.0 ms]
   [Clear CT: 0.2 ms]
   [Other: 1.5 ms]
      [Choose CSet: 0.0 ms]
      [Ref Proc: 0.2 ms]
      [Ref Enq: 0.0 ms]
      [Redirty Cards: 0.3 ms]
      [Humongous Register: 0.2 ms]
      [Humongous Reclaim: 0.2 ms]
      [Free CSet: 0.2 ms]
   [Eden: 242.0M(242.0M)->0.0B(68.0M) Survivors: 27.0M->34.0M Heap: 996.6M(2048.0M)->760.9M(2048.0M)]
 [Times: user=0.13 sys=0.00, real=0.03 secs] 
2021-01-21T16:07:20.934+0800: 4.382: [GC pause (G1 Evacuation Pause) (mixed), 0.0232333 secs]
   [Parallel Time: 20.5 ms, GC Workers: 4]
      [GC Worker Start (ms): Min: 4382.1, Avg: 4382.1, Max: 4382.2, Diff: 0.1]
      [Ext Root Scanning (ms): Min: 0.2, Avg: 0.3, Max: 0.3, Diff: 0.1, Sum: 1.1]
      [Update RS (ms): Min: 3.5, Avg: 3.5, Max: 3.6, Diff: 0.1, Sum: 14.0]
         [Processed Buffers: Min: 35, Avg: 35.0, Max: 35, Diff: 0, Sum: 140]
      [Scan RS (ms): Min: 0.2, Avg: 0.2, Max: 0.3, Diff: 0.1, Sum: 1.0]
      [Code Root Scanning (ms): Min: 0.0, Avg: 0.0, Max: 0.0, Diff: 0.0, Sum: 0.0]
      [Object Copy (ms): Min: 16.1, Avg: 16.2, Max: 16.3, Diff: 0.2, Sum: 64.9]
      [Termination (ms): Min: 0.0, Avg: 0.0, Max: 0.1, Diff: 0.1, Sum: 0.1]
         [Termination Attempts: Min: 1, Avg: 1.0, Max: 1, Diff: 0, Sum: 4]
      [GC Worker Other (ms): Min: 0.0, Avg: 0.0, Max: 0.0, Diff: 0.0, Sum: 0.1]
      [GC Worker Total (ms): Min: 20.3, Avg: 20.3, Max: 20.4, Diff: 0.1, Sum: 81.3]
      [GC Worker End (ms): Min: 4402.5, Avg: 4402.5, Max: 4402.5, Diff: 0.0]
   [Code Root Fixup: 0.0 ms]
   [Code Root Purge: 0.0 ms]
   [Clear CT: 0.5 ms]
   [Other: 2.3 ms]
      [Choose CSet: 0.1 ms]
      [Ref Proc: 0.4 ms]
      [Ref Enq: 0.0 ms]
      [Redirty Cards: 0.4 ms]
      [Humongous Register: 0.2 ms]
      [Humongous Reclaim: 0.2 ms]
      [Free CSet: 0.7 ms]
   [Eden: 68.0M(68.0M)->0.0B(89.0M) Survivors: 34.0M->13.0M Heap: 845.7M(2048.0M)->597.9M(2048.0M)]
 [Times: user=0.13 sys=0.00, real=0.02 secs] 
2021-01-21T16:07:21.010+0800: 4.457: [GC pause (G1 Evacuation Pause) (mixed), 0.0192379 secs]
   [Parallel Time: 17.3 ms, GC Workers: 4]
      [GC Worker Start (ms): Min: 4457.6, Avg: 4457.7, Max: 4457.7, Diff: 0.1]
      [Ext Root Scanning (ms): Min: 0.3, Avg: 0.3, Max: 0.4, Diff: 0.1, Sum: 1.3]
      [Update RS (ms): Min: 6.0, Avg: 6.1, Max: 6.2, Diff: 0.1, Sum: 24.4]
         [Processed Buffers: Min: 46, Avg: 47.0, Max: 48, Diff: 2, Sum: 188]
      [Scan RS (ms): Min: 0.1, Avg: 0.2, Max: 0.2, Diff: 0.1, Sum: 0.7]
      [Code Root Scanning (ms): Min: 0.0, Avg: 0.0, Max: 0.0, Diff: 0.0, Sum: 0.0]
      [Object Copy (ms): Min: 10.4, Avg: 10.5, Max: 10.6, Diff: 0.2, Sum: 42.1]
      [Termination (ms): Min: 0.0, Avg: 0.0, Max: 0.0, Diff: 0.0, Sum: 0.1]
         [Termination Attempts: Min: 1, Avg: 1.0, Max: 1, Diff: 0, Sum: 4]
      [GC Worker Other (ms): Min: 0.0, Avg: 0.0, Max: 0.0, Diff: 0.0, Sum: 0.1]
      [GC Worker Total (ms): Min: 17.1, Avg: 17.2, Max: 17.3, Diff: 0.1, Sum: 68.7]
      [GC Worker End (ms): Min: 4474.9, Avg: 4474.9, Max: 4474.9, Diff: 0.0]
   [Code Root Fixup: 0.0 ms]
   [Code Root Purge: 0.0 ms]
   [Clear CT: 0.4 ms]
   [Other: 1.5 ms]
      [Choose CSet: 0.1 ms]
      [Ref Proc: 0.2 ms]
      [Ref Enq: 0.0 ms]
      [Redirty Cards: 0.4 ms]
      [Humongous Register: 0.2 ms]
      [Humongous Reclaim: 0.1 ms]
      [Free CSet: 0.2 ms]
   [Eden: 89.0M(89.0M)->0.0B(487.0M) Survivors: 13.0M->13.0M Heap: 709.7M(2048.0M)->574.1M(2048.0M)]
 [Times: user=0.06 sys=0.00, real=0.02 secs] 
2021-01-21T16:07:21.159+0800: 4.606: [GC pause (G1 Evacuation Pause) (young), 0.0332327 secs]
   [Parallel Time: 31.7 ms, GC Workers: 4]
      [GC Worker Start (ms): Min: 4606.6, Avg: 4606.6, Max: 4606.6, Diff: 0.1]
      [Ext Root Scanning (ms): Min: 0.2, Avg: 0.2, Max: 0.2, Diff: 0.1, Sum: 0.8]
      [Update RS (ms): Min: 6.0, Avg: 6.1, Max: 6.1, Diff: 0.0, Sum: 24.3]
         [Processed Buffers: Min: 86, Avg: 90.0, Max: 92, Diff: 6, Sum: 360]
      [Scan RS (ms): Min: 0.1, Avg: 0.1, Max: 0.1, Diff: 0.0, Sum: 0.3]
      [Code Root Scanning (ms): Min: 0.0, Avg: 0.0, Max: 0.0, Diff: 0.0, Sum: 0.0]
      [Object Copy (ms): Min: 25.2, Avg: 25.3, Max: 25.3, Diff: 0.0, Sum: 101.0]
      [Termination (ms): Min: 0.0, Avg: 0.0, Max: 0.0, Diff: 0.0, Sum: 0.1]
         [Termination Attempts: Min: 1, Avg: 1.3, Max: 2, Diff: 1, Sum: 5]
      [GC Worker Other (ms): Min: 0.0, Avg: 0.0, Max: 0.0, Diff: 0.0, Sum: 0.1]
      [GC Worker Total (ms): Min: 31.6, Avg: 31.6, Max: 31.7, Diff: 0.1, Sum: 126.5]
      [GC Worker End (ms): Min: 4638.2, Avg: 4638.2, Max: 4638.2, Diff: 0.0]
   [Code Root Fixup: 0.0 ms]
   [Code Root Purge: 0.0 ms]
   [Clear CT: 0.3 ms]
   [Other: 1.3 ms]
      [Choose CSet: 0.0 ms]
      [Ref Proc: 0.1 ms]
      [Ref Enq: 0.0 ms]
      [Redirty Cards: 0.1 ms]
      [Humongous Register: 0.2 ms]
      [Humongous Reclaim: 0.3 ms]
      [Free CSet: 0.3 ms]
   [Eden: 487.0M(487.0M)->0.0B(39.0M) Survivors: 13.0M->63.0M Heap: 1187.4M(2048.0M)->691.7M(2048.0M)]
 [Times: user=0.13 sys=0.00, real=0.03 secs] 
2021-01-21T16:07:21.201+0800: 4.648: [GC pause (G1 Evacuation Pause) (young), 0.0169637 secs]
   [Parallel Time: 15.9 ms, GC Workers: 4]
      [GC Worker Start (ms): Min: 4648.7, Avg: 4648.7, Max: 4648.7, Diff: 0.1]
      [Ext Root Scanning (ms): Min: 0.1, Avg: 0.2, Max: 0.2, Diff: 0.1, Sum: 0.7]
      [Update RS (ms): Min: 1.4, Avg: 1.4, Max: 1.4, Diff: 0.0, Sum: 5.5]
         [Processed Buffers: Min: 18, Avg: 20.0, Max: 21, Diff: 3, Sum: 80]
      [Scan RS (ms): Min: 0.0, Avg: 0.0, Max: 0.0, Diff: 0.0, Sum: 0.1]
      [Code Root Scanning (ms): Min: 0.0, Avg: 0.0, Max: 0.0, Diff: 0.0, Sum: 0.0]
      [Object Copy (ms): Min: 14.2, Avg: 14.2, Max: 14.2, Diff: 0.1, Sum: 56.8]
      [Termination (ms): Min: 0.0, Avg: 0.0, Max: 0.0, Diff: 0.0, Sum: 0.1]
         [Termination Attempts: Min: 1, Avg: 1.0, Max: 1, Diff: 0, Sum: 4]
      [GC Worker Other (ms): Min: 0.0, Avg: 0.0, Max: 0.0, Diff: 0.0, Sum: 0.1]
      [GC Worker Total (ms): Min: 15.8, Avg: 15.8, Max: 15.9, Diff: 0.1, Sum: 63.3]
      [GC Worker End (ms): Min: 4664.5, Avg: 4664.5, Max: 4664.5, Diff: 0.0]
   [Code Root Fixup: 0.0 ms]
   [Code Root Purge: 0.0 ms]
   [Clear CT: 0.1 ms]
   [Other: 0.9 ms]
      [Choose CSet: 0.0 ms]
      [Ref Proc: 0.1 ms]
      [Ref Enq: 0.0 ms]
      [Redirty Cards: 0.2 ms]
      [Humongous Register: 0.2 ms]
      [Humongous Reclaim: 0.1 ms]
      [Free CSet: 0.1 ms]
   [Eden: 39.0M(39.0M)->0.0B(174.0M) Survivors: 63.0M->13.0M Heap: 740.0M(2048.0M)->705.0M(2048.0M)]
 [Times: user=0.06 sys=0.00, real=0.02 secs] 
2021-01-21T16:07:21.262+0800: 4.709: [GC pause (G1 Evacuation Pause) (young), 0.0206297 secs]
   [Parallel Time: 19.5 ms, GC Workers: 4]
      [GC Worker Start (ms): Min: 4709.2, Avg: 4709.2, Max: 4709.3, Diff: 0.1]
      [Ext Root Scanning (ms): Min: 0.1, Avg: 0.2, Max: 0.2, Diff: 0.1, Sum: 0.7]
      [Update RS (ms): Min: 6.9, Avg: 6.9, Max: 7.0, Diff: 0.0, Sum: 27.8]
         [Processed Buffers: Min: 101, Avg: 103.3, Max: 105, Diff: 4, Sum: 413]
      [Scan RS (ms): Min: 0.0, Avg: 0.0, Max: 0.0, Diff: 0.0, Sum: 0.1]
      [Code Root Scanning (ms): Min: 0.0, Avg: 0.0, Max: 0.0, Diff: 0.0, Sum: 0.0]
      [Object Copy (ms): Min: 12.2, Avg: 12.2, Max: 12.2, Diff: 0.0, Sum: 48.9]
      [Termination (ms): Min: 0.0, Avg: 0.0, Max: 0.0, Diff: 0.0, Sum: 0.1]
         [Termination Attempts: Min: 1, Avg: 1.0, Max: 1, Diff: 0, Sum: 4]
      [GC Worker Other (ms): Min: 0.0, Avg: 0.0, Max: 0.0, Diff: 0.0, Sum: 0.1]
      [GC Worker Total (ms): Min: 19.4, Avg: 19.4, Max: 19.5, Diff: 0.1, Sum: 77.7]
      [GC Worker End (ms): Min: 4728.7, Avg: 4728.7, Max: 4728.7, Diff: 0.0]
   [Code Root Fixup: 0.0 ms]
   [Code Root Purge: 0.0 ms]
   [Clear CT: 0.1 ms]
   [Other: 1.0 ms]
      [Choose CSet: 0.0 ms]
      [Ref Proc: 0.2 ms]
      [Ref Enq: 0.0 ms]
      [Redirty Cards: 0.2 ms]
      [Humongous Register: 0.2 ms]
      [Humongous Reclaim: 0.2 ms]
      [Free CSet: 0.2 ms]
   [Eden: 174.0M(174.0M)->0.0B(199.0M) Survivors: 13.0M->24.0M Heap: 929.9M(2048.0M)->763.1M(2048.0M)]
 [Times: user=0.08 sys=0.00, real=0.02 secs] 
2021-01-21T16:07:21.332+0800: 4.779: [GC pause (G1 Evacuation Pause) (young), 0.0234230 secs]
   [Parallel Time: 22.4 ms, GC Workers: 4]
      [GC Worker Start (ms): Min: 4778.8, Avg: 4778.8, Max: 4778.8, Diff: 0.1]
      [Ext Root Scanning (ms): Min: 0.2, Avg: 0.2, Max: 0.2, Diff: 0.1, Sum: 0.8]
      [Update RS (ms): Min: 6.4, Avg: 6.4, Max: 6.5, Diff: 0.0, Sum: 25.8]
         [Processed Buffers: Min: 95, Avg: 95.5, Max: 96, Diff: 1, Sum: 382]
      [Scan RS (ms): Min: 0.0, Avg: 0.0, Max: 0.1, Diff: 0.0, Sum: 0.1]
      [Code Root Scanning (ms): Min: 0.0, Avg: 0.0, Max: 0.0, Diff: 0.0, Sum: 0.0]
      [Object Copy (ms): Min: 15.5, Avg: 15.5, Max: 15.6, Diff: 0.1, Sum: 62.1]
      [Termination (ms): Min: 0.0, Avg: 0.1, Max: 0.1, Diff: 0.1, Sum: 0.2]
         [Termination Attempts: Min: 1, Avg: 1.0, Max: 1, Diff: 0, Sum: 4]
      [GC Worker Other (ms): Min: 0.0, Avg: 0.0, Max: 0.0, Diff: 0.0, Sum: 0.1]
      [GC Worker Total (ms): Min: 22.2, Avg: 22.3, Max: 22.3, Diff: 0.1, Sum: 89.1]
      [GC Worker End (ms): Min: 4801.1, Avg: 4801.1, Max: 4801.1, Diff: 0.0]
   [Code Root Fixup: 0.0 ms]
   [Code Root Purge: 0.0 ms]
   [Clear CT: 0.1 ms]
   [Other: 1.0 ms]
      [Choose CSet: 0.0 ms]
      [Ref Proc: 0.1 ms]
      [Ref Enq: 0.0 ms]
      [Redirty Cards: 0.2 ms]
      [Humongous Register: 0.2 ms]
      [Humongous Reclaim: 0.2 ms]
      [Free CSet: 0.2 ms]
   [Eden: 199.0M(199.0M)->0.0B(267.0M) Survivors: 24.0M->28.0M Heap: 1009.2M(2048.0M)->815.5M(2048.0M)]
 [Times: user=0.06 sys=0.00, real=0.02 secs] 
2021-01-21T16:07:21.395+0800: 4.842: [GC pause (G1 Humongous Allocation) (young) (initial-mark), 0.0210975 secs]
   [Parallel Time: 20.0 ms, GC Workers: 4]
      [GC Worker Start (ms): Min: 4842.7, Avg: 4842.7, Max: 4842.8, Diff: 0.1]
      [Ext Root Scanning (ms): Min: 0.2, Avg: 0.2, Max: 0.2, Diff: 0.1, Sum: 0.8]
      [Update RS (ms): Min: 6.3, Avg: 6.3, Max: 6.4, Diff: 0.1, Sum: 25.4]
         [Processed Buffers: Min: 94, Avg: 94.5, Max: 95, Diff: 1, Sum: 378]
      [Scan RS (ms): Min: 0.0, Avg: 0.0, Max: 0.0, Diff: 0.0, Sum: 0.1]
      [Code Root Scanning (ms): Min: 0.0, Avg: 0.0, Max: 0.0, Diff: 0.0, Sum: 0.0]
      [Object Copy (ms): Min: 13.3, Avg: 13.3, Max: 13.3, Diff: 0.0, Sum: 53.3]
      [Termination (ms): Min: 0.0, Avg: 0.0, Max: 0.0, Diff: 0.0, Sum: 0.1]
         [Termination Attempts: Min: 1, Avg: 1.0, Max: 1, Diff: 0, Sum: 4]
      [GC Worker Other (ms): Min: 0.0, Avg: 0.0, Max: 0.0, Diff: 0.0, Sum: 0.1]
      [GC Worker Total (ms): Min: 19.9, Avg: 19.9, Max: 20.0, Diff: 0.1, Sum: 79.7]
      [GC Worker End (ms): Min: 4862.6, Avg: 4862.6, Max: 4862.6, Diff: 0.0]
   [Code Root Fixup: 0.0 ms]
   [Code Root Purge: 0.0 ms]
   [Clear CT: 0.1 ms]
   [Other: 1.0 ms]
      [Choose CSet: 0.0 ms]
      [Ref Proc: 0.1 ms]
      [Ref Enq: 0.0 ms]
      [Redirty Cards: 0.2 ms]
      [Humongous Register: 0.2 ms]
      [Humongous Reclaim: 0.1 ms]
      [Free CSet: 0.2 ms]
   [Eden: 153.0M(267.0M)->0.0B(286.0M) Survivors: 28.0M->37.0M Heap: 1015.0M(2048.0M)->862.6M(2048.0M)]
 [Times: user=0.06 sys=0.00, real=0.02 secs] 
2021-01-21T16:07:21.417+0800: 4.864: [GC concurrent-root-region-scan-start]
2021-01-21T16:07:21.417+0800: 4.864: [GC concurrent-root-region-scan-end, 0.0001818 secs]
2021-01-21T16:07:21.417+0800: 4.864: [GC concurrent-mark-start]
2021-01-21T16:07:21.423+0800: 4.870: [GC concurrent-mark-end, 0.0060476 secs]
2021-01-21T16:07:21.423+0800: 4.870: [GC remark 2021-01-21T16:07:21.423+0800: 4.870: [Finalize Marking, 0.0001244 secs] 2021-01-21T16:07:21.423+0800: 4.870: [GC ref-proc, 0.0001002 secs] 2021-01-21T16:07:21.423+0800: 4.870: [Unloading, 0.0005688 secs], 0.0021050 secs]
 [Times: user=0.00 sys=0.00, real=0.00 secs] 
2021-01-21T16:07:21.425+0800: 4.872: [GC cleanup 898M->737M(2048M), 0.0013720 secs]
 [Times: user=0.00 sys=0.00, real=0.00 secs] 
2021-01-21T16:07:21.427+0800: 4.874: [GC concurrent-cleanup-start]
2021-01-21T16:07:21.427+0800: 4.874: [GC concurrent-cleanup-end, 0.0001543 secs]
2021-01-21T16:07:21.500+0800: 4.947: [GC pause (G1 Evacuation Pause) (young), 0.0291373 secs]
   [Parallel Time: 27.8 ms, GC Workers: 4]
      [GC Worker Start (ms): Min: 4946.9, Avg: 4947.0, Max: 4947.0, Diff: 0.1]
      [Ext Root Scanning (ms): Min: 0.2, Avg: 0.2, Max: 0.2, Diff: 0.1, Sum: 0.8]
      [Update RS (ms): Min: 7.7, Avg: 7.7, Max: 7.7, Diff: 0.0, Sum: 30.9]
         [Processed Buffers: Min: 108, Avg: 114.8, Max: 118, Diff: 10, Sum: 459]
      [Scan RS (ms): Min: 0.0, Avg: 0.1, Max: 0.1, Diff: 0.0, Sum: 0.2]
      [Code Root Scanning (ms): Min: 0.0, Avg: 0.0, Max: 0.0, Diff: 0.0, Sum: 0.0]
      [Object Copy (ms): Min: 19.7, Avg: 19.7, Max: 19.8, Diff: 0.1, Sum: 78.9]
      [Termination (ms): Min: 0.0, Avg: 0.0, Max: 0.1, Diff: 0.1, Sum: 0.2]
         [Termination Attempts: Min: 1, Avg: 1.3, Max: 2, Diff: 1, Sum: 5]
      [GC Worker Other (ms): Min: 0.0, Avg: 0.0, Max: 0.0, Diff: 0.0, Sum: 0.1]
      [GC Worker Total (ms): Min: 27.7, Avg: 27.8, Max: 27.8, Diff: 0.1, Sum: 111.1]
      [GC Worker End (ms): Min: 4974.7, Avg: 4974.7, Max: 4974.7, Diff: 0.0]
   [Code Root Fixup: 0.0 ms]
   [Code Root Purge: 0.0 ms]
   [Clear CT: 0.2 ms]
   [Other: 1.1 ms]
      [Choose CSet: 0.0 ms]
      [Ref Proc: 0.1 ms]
      [Ref Enq: 0.0 ms]
      [Redirty Cards: 0.2 ms]
      [Humongous Register: 0.2 ms]
      [Humongous Reclaim: 0.2 ms]
      [Free CSet: 0.2 ms]
   [Eden: 286.0M(286.0M)->0.0B(61.0M) Survivors: 37.0M->41.0M Heap: 1070.8M(2048.0M)->775.4M(2048.0M)]
 [Times: user=0.13 sys=0.00, real=0.03 secs] 
2021-01-21T16:07:21.543+0800: 4.990: [GC pause (G1 Evacuation Pause) (mixed), 0.0195935 secs]
   [Parallel Time: 17.9 ms, GC Workers: 4]
      [GC Worker Start (ms): Min: 4990.0, Avg: 4990.1, Max: 4990.1, Diff: 0.1]
      [Ext Root Scanning (ms): Min: 0.1, Avg: 0.2, Max: 0.2, Diff: 0.1, Sum: 0.7]
      [Update RS (ms): Min: 1.6, Avg: 1.6, Max: 1.6, Diff: 0.0, Sum: 6.5]
         [Processed Buffers: Min: 22, Avg: 23.0, Max: 24, Diff: 2, Sum: 92]
      [Scan RS (ms): Min: 0.1, Avg: 0.1, Max: 0.1, Diff: 0.0, Sum: 0.5]
      [Code Root Scanning (ms): Min: 0.0, Avg: 0.0, Max: 0.0, Diff: 0.0, Sum: 0.0]
      [Object Copy (ms): Min: 15.8, Avg: 15.8, Max: 15.8, Diff: 0.0, Sum: 63.2]
      [Termination (ms): Min: 0.0, Avg: 0.0, Max: 0.0, Diff: 0.0, Sum: 0.1]
         [Termination Attempts: Min: 1, Avg: 1.0, Max: 1, Diff: 0, Sum: 4]
      [GC Worker Other (ms): Min: 0.0, Avg: 0.0, Max: 0.0, Diff: 0.0, Sum: 0.1]
      [GC Worker Total (ms): Min: 17.7, Avg: 17.8, Max: 17.8, Diff: 0.1, Sum: 71.0]
      [GC Worker End (ms): Min: 5007.8, Avg: 5007.8, Max: 5007.8, Diff: 0.0]
   [Code Root Fixup: 0.0 ms]
   [Code Root Purge: 0.0 ms]
   [Clear CT: 0.2 ms]
   [Other: 1.5 ms]
      [Choose CSet: 0.1 ms]
      [Ref Proc: 0.4 ms]
      [Ref Enq: 0.0 ms]
      [Redirty Cards: 0.3 ms]
      [Humongous Register: 0.2 ms]
      [Humongous Reclaim: 0.1 ms]
      [Free CSet: 0.3 ms]
   [Eden: 61.0M(61.0M)->0.0B(89.0M) Survivors: 41.0M->13.0M Heap: 847.2M(2048.0M)->603.6M(2048.0M)]
 [Times: user=0.06 sys=0.00, real=0.02 secs] 
2021-01-21T16:07:21.584+0800: 5.031: [GC pause (G1 Evacuation Pause) (mixed), 0.0162164 secs]
   [Parallel Time: 14.9 ms, GC Workers: 4]
      [GC Worker Start (ms): Min: 5030.8, Avg: 5030.9, Max: 5030.9, Diff: 0.1]
      [Ext Root Scanning (ms): Min: 0.2, Avg: 0.2, Max: 0.2, Diff: 0.1, Sum: 0.8]
      [Update RS (ms): Min: 3.5, Avg: 3.5, Max: 3.5, Diff: 0.0, Sum: 13.9]
         [Processed Buffers: Min: 49, Avg: 50.3, Max: 51, Diff: 2, Sum: 201]
      [Scan RS (ms): Min: 0.0, Avg: 0.1, Max: 0.1, Diff: 0.1, Sum: 0.3]
      [Code Root Scanning (ms): Min: 0.0, Avg: 0.0, Max: 0.0, Diff: 0.0, Sum: 0.0]
      [Object Copy (ms): Min: 11.0, Avg: 11.0, Max: 11.1, Diff: 0.1, Sum: 44.1]
      [Termination (ms): Min: 0.0, Avg: 0.0, Max: 0.0, Diff: 0.0, Sum: 0.1]
         [Termination Attempts: Min: 1, Avg: 1.3, Max: 2, Diff: 1, Sum: 5]
      [GC Worker Other (ms): Min: 0.0, Avg: 0.0, Max: 0.0, Diff: 0.0, Sum: 0.1]
      [GC Worker Total (ms): Min: 14.8, Avg: 14.8, Max: 14.8, Diff: 0.1, Sum: 59.2]
      [GC Worker End (ms): Min: 5045.7, Avg: 5045.7, Max: 5045.7, Diff: 0.0]
   [Code Root Fixup: 0.0 ms]
   [Code Root Purge: 0.0 ms]
   [Clear CT: 0.2 ms]
   [Other: 1.1 ms]
      [Choose CSet: 0.0 ms]
      [Ref Proc: 0.1 ms]
      [Ref Enq: 0.0 ms]
      [Redirty Cards: 0.3 ms]
      [Humongous Register: 0.2 ms]
      [Humongous Reclaim: 0.1 ms]
      [Free CSet: 0.2 ms]
   [Eden: 89.0M(89.0M)->0.0B(504.0M) Survivors: 13.0M->13.0M Heap: 717.1M(2048.0M)->569.8M(2048.0M)]
 [Times: user=0.06 sys=0.00, real=0.02 secs] 
2021-01-21T16:07:21.735+0800: 5.182: [GC pause (G1 Evacuation Pause) (young), 0.0425576 secs]
   [Parallel Time: 41.1 ms, GC Workers: 4]
      [GC Worker Start (ms): Min: 5182.3, Avg: 5182.3, Max: 5182.4, Diff: 0.1]
      [Ext Root Scanning (ms): Min: 0.2, Avg: 0.2, Max: 0.3, Diff: 0.1, Sum: 0.9]
      [Update RS (ms): Min: 13.9, Avg: 13.9, Max: 14.0, Diff: 0.0, Sum: 55.8]
         [Processed Buffers: Min: 170, Avg: 173.0, Max: 175, Diff: 5, Sum: 692]
      [Scan RS (ms): Min: 0.1, Avg: 0.1, Max: 0.1, Diff: 0.0, Sum: 0.4]
      [Code Root Scanning (ms): Min: 0.0, Avg: 0.0, Max: 0.0, Diff: 0.0, Sum: 0.0]
      [Object Copy (ms): Min: 26.5, Avg: 26.6, Max: 26.6, Diff: 0.1, Sum: 106.3]
      [Termination (ms): Min: 0.0, Avg: 0.0, Max: 0.1, Diff: 0.1, Sum: 0.1]
         [Termination Attempts: Min: 1, Avg: 1.0, Max: 1, Diff: 0, Sum: 4]
      [GC Worker Other (ms): Min: 0.0, Avg: 0.0, Max: 0.0, Diff: 0.0, Sum: 0.1]
      [GC Worker Total (ms): Min: 40.9, Avg: 40.9, Max: 41.0, Diff: 0.1, Sum: 163.7]
      [GC Worker End (ms): Min: 5223.2, Avg: 5223.2, Max: 5223.3, Diff: 0.0]
   [Code Root Fixup: 0.0 ms]
   [Code Root Purge: 0.0 ms]
   [Clear CT: 0.1 ms]
   [Other: 1.3 ms]
      [Choose CSet: 0.0 ms]
      [Ref Proc: 0.1 ms]
      [Ref Enq: 0.0 ms]
      [Redirty Cards: 0.2 ms]
      [Humongous Register: 0.2 ms]
      [Humongous Reclaim: 0.3 ms]
      [Free CSet: 0.3 ms]
   [Eden: 504.0M(504.0M)->0.0B(37.0M) Survivors: 13.0M->65.0M Heap: 1214.6M(2048.0M)->700.0M(2048.0M)]
 [Times: user=0.14 sys=0.00, real=0.04 secs] 
2021-01-21T16:07:21.787+0800: 5.235: [GC pause (G1 Evacuation Pause) (young), 0.0170355 secs]
   [Parallel Time: 15.9 ms, GC Workers: 4]
      [GC Worker Start (ms): Min: 5234.8, Avg: 5234.9, Max: 5234.9, Diff: 0.1]
      [Ext Root Scanning (ms): Min: 0.2, Avg: 0.2, Max: 0.3, Diff: 0.1, Sum: 0.9]
      [Update RS (ms): Min: 1.5, Avg: 1.6, Max: 1.6, Diff: 0.1, Sum: 6.2]
         [Processed Buffers: Min: 18, Avg: 18.5, Max: 19, Diff: 1, Sum: 74]
      [Scan RS (ms): Min: 0.0, Avg: 0.0, Max: 0.0, Diff: 0.0, Sum: 0.1]
      [Code Root Scanning (ms): Min: 0.0, Avg: 0.0, Max: 0.0, Diff: 0.0, Sum: 0.0]
      [Object Copy (ms): Min: 13.9, Avg: 13.9, Max: 14.0, Diff: 0.1, Sum: 55.7]
      [Termination (ms): Min: 0.0, Avg: 0.0, Max: 0.0, Diff: 0.0, Sum: 0.1]
         [Termination Attempts: Min: 1, Avg: 1.0, Max: 1, Diff: 0, Sum: 4]
      [GC Worker Other (ms): Min: 0.0, Avg: 0.0, Max: 0.0, Diff: 0.0, Sum: 0.1]
      [GC Worker Total (ms): Min: 15.7, Avg: 15.7, Max: 15.8, Diff: 0.1, Sum: 63.0]
      [GC Worker End (ms): Min: 5250.6, Avg: 5250.6, Max: 5250.6, Diff: 0.0]
   [Code Root Fixup: 0.0 ms]
   [Code Root Purge: 0.0 ms]
   [Clear CT: 0.2 ms]
   [Other: 1.0 ms]
      [Choose CSet: 0.0 ms]
      [Ref Proc: 0.1 ms]
      [Ref Enq: 0.0 ms]
      [Redirty Cards: 0.2 ms]
      [Humongous Register: 0.2 ms]
      [Humongous Reclaim: 0.1 ms]
      [Free CSet: 0.1 ms]
   [Eden: 37.0M(37.0M)->0.0B(108.0M) Survivors: 65.0M->12.0M Heap: 745.6M(2048.0M)->711.5M(2048.0M)]
 [Times: user=0.06 sys=0.00, real=0.02 secs] 
2021-01-21T16:07:21.835+0800: 5.282: [GC pause (G1 Evacuation Pause) (young), 0.0122495 secs]
   [Parallel Time: 10.8 ms, GC Workers: 4]
      [GC Worker Start (ms): Min: 5282.5, Avg: 5282.5, Max: 5282.5, Diff: 0.1]
      [Ext Root Scanning (ms): Min: 0.2, Avg: 0.2, Max: 0.3, Diff: 0.1, Sum: 0.9]
      [Update RS (ms): Min: 2.8, Avg: 2.9, Max: 2.9, Diff: 0.0, Sum: 11.4]
         [Processed Buffers: Min: 34, Avg: 35.0, Max: 36, Diff: 2, Sum: 140]
      [Scan RS (ms): Min: 0.0, Avg: 0.0, Max: 0.0, Diff: 0.0, Sum: 0.1]
      [Code Root Scanning (ms): Min: 0.0, Avg: 0.0, Max: 0.0, Diff: 0.0, Sum: 0.0]
      [Object Copy (ms): Min: 7.5, Avg: 7.5, Max: 7.5, Diff: 0.1, Sum: 30.0]
      [Termination (ms): Min: 0.0, Avg: 0.0, Max: 0.1, Diff: 0.1, Sum: 0.2]
         [Termination Attempts: Min: 1, Avg: 1.0, Max: 1, Diff: 0, Sum: 4]
      [GC Worker Other (ms): Min: 0.0, Avg: 0.0, Max: 0.0, Diff: 0.0, Sum: 0.1]
      [GC Worker Total (ms): Min: 10.6, Avg: 10.7, Max: 10.7, Diff: 0.1, Sum: 42.7]
      [GC Worker End (ms): Min: 5293.2, Avg: 5293.2, Max: 5293.2, Diff: 0.0]
   [Code Root Fixup: 0.0 ms]
   [Code Root Purge: 0.0 ms]
   [Clear CT: 0.4 ms]
   [Other: 1.1 ms]
      [Choose CSet: 0.0 ms]
      [Ref Proc: 0.1 ms]
      [Ref Enq: 0.0 ms]
      [Redirty Cards: 0.3 ms]
      [Humongous Register: 0.2 ms]
      [Humongous Reclaim: 0.1 ms]
      [Free CSet: 0.2 ms]
   [Eden: 108.0M(108.0M)->0.0B(142.0M) Survivors: 12.0M->15.0M Heap: 836.3M(2048.0M)->742.6M(2048.0M)]
 [Times: user=0.06 sys=0.00, real=0.01 secs] 
2021-01-21T16:07:21.885+0800: 5.333: [GC pause (G1 Evacuation Pause) (young), 0.0189263 secs]
   [Parallel Time: 17.4 ms, GC Workers: 4]
      [GC Worker Start (ms): Min: 5333.3, Avg: 5333.3, Max: 5333.4, Diff: 0.1]
      [Ext Root Scanning (ms): Min: 0.2, Avg: 0.2, Max: 0.3, Diff: 0.1, Sum: 0.9]
      [Update RS (ms): Min: 5.9, Avg: 5.9, Max: 5.9, Diff: 0.0, Sum: 23.6]
         [Processed Buffers: Min: 63, Avg: 70.3, Max: 75, Diff: 12, Sum: 281]
      [Scan RS (ms): Min: 0.0, Avg: 0.0, Max: 0.0, Diff: 0.0, Sum: 0.1]
      [Code Root Scanning (ms): Min: 0.0, Avg: 0.0, Max: 0.0, Diff: 0.0, Sum: 0.0]
      [Object Copy (ms): Min: 11.0, Avg: 11.1, Max: 11.1, Diff: 0.1, Sum: 44.3]
      [Termination (ms): Min: 0.0, Avg: 0.0, Max: 0.1, Diff: 0.1, Sum: 0.1]
         [Termination Attempts: Min: 1, Avg: 1.0, Max: 1, Diff: 0, Sum: 4]
      [GC Worker Other (ms): Min: 0.0, Avg: 0.0, Max: 0.0, Diff: 0.0, Sum: 0.1]
      [GC Worker Total (ms): Min: 17.2, Avg: 17.3, Max: 17.3, Diff: 0.1, Sum: 69.1]
      [GC Worker End (ms): Min: 5350.6, Avg: 5350.6, Max: 5350.6, Diff: 0.0]
   [Code Root Fixup: 0.0 ms]
   [Code Root Purge: 0.0 ms]
   [Clear CT: 0.3 ms]
   [Other: 1.2 ms]
      [Choose CSet: 0.0 ms]
      [Ref Proc: 0.2 ms]
      [Ref Enq: 0.0 ms]
      [Redirty Cards: 0.4 ms]
      [Humongous Register: 0.2 ms]
      [Humongous Reclaim: 0.2 ms]
      [Free CSet: 0.2 ms]
   [Eden: 142.0M(142.0M)->0.0B(176.0M) Survivors: 15.0M->20.0M Heap: 919.1M(2048.0M)->783.1M(2048.0M)]
 [Times: user=0.06 sys=0.00, real=0.02 secs] 
2021-01-21T16:07:21.954+0800: 5.401: [GC pause (G1 Evacuation Pause) (young), 0.0218249 secs]
   [Parallel Time: 20.3 ms, GC Workers: 4]
      [GC Worker Start (ms): Min: 5401.4, Avg: 5401.4, Max: 5401.5, Diff: 0.1]
      [Ext Root Scanning (ms): Min: 0.2, Avg: 0.2, Max: 0.3, Diff: 0.1, Sum: 0.9]
      [Update RS (ms): Min: 7.6, Avg: 7.6, Max: 7.6, Diff: 0.0, Sum: 30.3]
         [Processed Buffers: Min: 85, Avg: 91.3, Max: 94, Diff: 9, Sum: 365]
      [Scan RS (ms): Min: 0.0, Avg: 0.0, Max: 0.0, Diff: 0.0, Sum: 0.2]
      [Code Root Scanning (ms): Min: 0.0, Avg: 0.0, Max: 0.0, Diff: 0.0, Sum: 0.0]
      [Object Copy (ms): Min: 12.2, Avg: 12.3, Max: 12.3, Diff: 0.1, Sum: 49.1]
      [Termination (ms): Min: 0.0, Avg: 0.0, Max: 0.1, Diff: 0.1, Sum: 0.1]
         [Termination Attempts: Min: 1, Avg: 1.0, Max: 1, Diff: 0, Sum: 4]
      [GC Worker Other (ms): Min: 0.0, Avg: 0.0, Max: 0.0, Diff: 0.0, Sum: 0.1]
      [GC Worker Total (ms): Min: 20.1, Avg: 20.2, Max: 20.2, Diff: 0.1, Sum: 80.7]
      [GC Worker End (ms): Min: 5421.6, Avg: 5421.6, Max: 5421.6, Diff: 0.0]
   [Code Root Fixup: 0.0 ms]
   [Code Root Purge: 0.0 ms]
   [Clear CT: 0.4 ms]
   [Other: 1.2 ms]
      [Choose CSet: 0.0 ms]
      [Ref Proc: 0.2 ms]
      [Ref Enq: 0.0 ms]
      [Redirty Cards: 0.2 ms]
      [Humongous Register: 0.2 ms]
      [Humongous Reclaim: 0.2 ms]
      [Free CSet: 0.2 ms]
   [Eden: 176.0M(176.0M)->0.0B(229.0M) Survivors: 20.0M->25.0M Heap: 1004.0M(2048.0M)->829.1M(2048.0M)]
 [Times: user=0.06 sys=0.00, real=0.02 secs] 
2021-01-21T16:07:22.018+0800: 5.466: [GC pause (G1 Humongous Allocation) (young) (initial-mark), 0.0214670 secs]
   [Parallel Time: 20.0 ms, GC Workers: 4]
      [GC Worker Start (ms): Min: 5466.4, Avg: 5466.4, Max: 5466.4, Diff: 0.1]
      [Ext Root Scanning (ms): Min: 0.2, Avg: 0.2, Max: 0.3, Diff: 0.1, Sum: 0.9]
      [Update RS (ms): Min: 6.1, Avg: 6.2, Max: 6.2, Diff: 0.1, Sum: 24.7]
         [Processed Buffers: Min: 75, Avg: 76.3, Max: 78, Diff: 3, Sum: 305]
      [Scan RS (ms): Min: 0.0, Avg: 0.0, Max: 0.0, Diff: 0.0, Sum: 0.1]
      [Code Root Scanning (ms): Min: 0.0, Avg: 0.0, Max: 0.0, Diff: 0.0, Sum: 0.0]
      [Object Copy (ms): Min: 13.3, Avg: 13.4, Max: 13.4, Diff: 0.1, Sum: 53.5]
      [Termination (ms): Min: 0.0, Avg: 0.0, Max: 0.1, Diff: 0.1, Sum: 0.2]
         [Termination Attempts: Min: 1, Avg: 1.0, Max: 1, Diff: 0, Sum: 4]
      [GC Worker Other (ms): Min: 0.0, Avg: 0.0, Max: 0.0, Diff: 0.0, Sum: 0.1]
      [GC Worker Total (ms): Min: 19.8, Avg: 19.9, Max: 19.9, Diff: 0.1, Sum: 79.5]
      [GC Worker End (ms): Min: 5486.3, Avg: 5486.3, Max: 5486.3, Diff: 0.0]
   [Code Root Fixup: 0.0 ms]
   [Code Root Purge: 0.0 ms]
   [Clear CT: 0.2 ms]
   [Other: 1.3 ms]
      [Choose CSet: 0.0 ms]
      [Ref Proc: 0.1 ms]
      [Ref Enq: 0.0 ms]
      [Redirty Cards: 0.3 ms]
      [Humongous Register: 0.2 ms]
      [Humongous Reclaim: 0.1 ms]
      [Free CSet: 0.2 ms]
   [Eden: 153.0M(229.0M)->0.0B(261.0M) Survivors: 25.0M->32.0M Heap: 1019.3M(2048.0M)->880.6M(2048.0M)]
 [Times: user=0.06 sys=0.00, real=0.02 secs] 
2021-01-21T16:07:22.040+0800: 5.488: [GC concurrent-root-region-scan-start]
2021-01-21T16:07:22.040+0800: 5.488: [GC concurrent-root-region-scan-end, 0.0001864 secs]
2021-01-21T16:07:22.040+0800: 5.488: [GC concurrent-mark-start]
2021-01-21T16:07:22.046+0800: 5.494: [GC concurrent-mark-end, 0.0059127 secs]
2021-01-21T16:07:22.046+0800: 5.494: [GC remark 2021-01-21T16:07:22.046+0800: 5.494: [Finalize Marking, 0.0001266 secs] 2021-01-21T16:07:22.047+0800: 5.494: [GC ref-proc, 0.0001165 secs] 2021-01-21T16:07:22.047+0800: 5.494: [Unloading, 0.0006295 secs], 0.0028246 secs]
 [Times: user=0.03 sys=0.00, real=0.00 secs] 
2021-01-21T16:07:22.049+0800: 5.497: [GC cleanup 907M->736M(2048M), 0.0016034 secs]
 [Times: user=0.00 sys=0.00, real=0.00 secs] 
2021-01-21T16:07:22.051+0800: 5.499: [GC concurrent-cleanup-start]
2021-01-21T16:07:22.051+0800: 5.499: [GC concurrent-cleanup-end, 0.0001799 secs]
2021-01-21T16:07:22.120+0800: 5.568: [GC pause (G1 Evacuation Pause) (young), 0.0329487 secs]
   [Parallel Time: 31.4 ms, GC Workers: 4]
      [GC Worker Start (ms): Min: 5568.3, Avg: 5568.3, Max: 5568.3, Diff: 0.1]
      [Ext Root Scanning (ms): Min: 0.2, Avg: 0.2, Max: 0.3, Diff: 0.1, Sum: 0.9]
      [Update RS (ms): Min: 12.0, Avg: 12.0, Max: 12.0, Diff: 0.1, Sum: 48.1]
         [Processed Buffers: Min: 148, Avg: 148.5, Max: 149, Diff: 1, Sum: 594]
      [Scan RS (ms): Min: 0.0, Avg: 0.1, Max: 0.1, Diff: 0.0, Sum: 0.2]
      [Code Root Scanning (ms): Min: 0.0, Avg: 0.0, Max: 0.0, Diff: 0.0, Sum: 0.0]
      [Object Copy (ms): Min: 18.8, Avg: 18.9, Max: 19.0, Diff: 0.2, Sum: 75.7]
      [Termination (ms): Min: 0.0, Avg: 0.1, Max: 0.2, Diff: 0.2, Sum: 0.3]
         [Termination Attempts: Min: 1, Avg: 1.0, Max: 1, Diff: 0, Sum: 4]
      [GC Worker Other (ms): Min: 0.0, Avg: 0.0, Max: 0.0, Diff: 0.0, Sum: 0.1]
      [GC Worker Total (ms): Min: 31.3, Avg: 31.3, Max: 31.4, Diff: 0.1, Sum: 125.3]
      [GC Worker End (ms): Min: 5599.6, Avg: 5599.6, Max: 5599.6, Diff: 0.0]
   [Code Root Fixup: 0.0 ms]
   [Code Root Purge: 0.0 ms]
   [Clear CT: 0.2 ms]
   [Other: 1.3 ms]
      [Choose CSet: 0.0 ms]
      [Ref Proc: 0.1 ms]
      [Ref Enq: 0.0 ms]
      [Redirty Cards: 0.3 ms]
      [Humongous Register: 0.2 ms]
      [Humongous Reclaim: 0.2 ms]
      [Free CSet: 0.2 ms]
   [Eden: 261.0M(261.0M)->0.0B(65.0M) Survivors: 32.0M->37.0M Heap: 1044.2M(2048.0M)->781.5M(2048.0M)]
 [Times: user=0.13 sys=0.00, real=0.03 secs] 
2021-01-21T16:07:22.168+0800: 5.615: [GC pause (G1 Evacuation Pause) (mixed), 0.0190526 secs]
   [Parallel Time: 17.6 ms, GC Workers: 4]
      [GC Worker Start (ms): Min: 5615.6, Avg: 5615.6, Max: 5615.7, Diff: 0.1]
      [Ext Root Scanning (ms): Min: 0.2, Avg: 0.2, Max: 0.2, Diff: 0.1, Sum: 0.8]
      [Update RS (ms): Min: 1.9, Avg: 1.9, Max: 1.9, Diff: 0.0, Sum: 7.6]
         [Processed Buffers: Min: 27, Avg: 27.3, Max: 28, Diff: 1, Sum: 109]
      [Scan RS (ms): Min: 0.2, Avg: 0.2, Max: 0.2, Diff: 0.0, Sum: 0.6]
      [Code Root Scanning (ms): Min: 0.0, Avg: 0.0, Max: 0.0, Diff: 0.0, Sum: 0.0]
      [Object Copy (ms): Min: 15.2, Avg: 15.2, Max: 15.2, Diff: 0.0, Sum: 60.7]
      [Termination (ms): Min: 0.0, Avg: 0.0, Max: 0.0, Diff: 0.0, Sum: 0.1]
         [Termination Attempts: Min: 1, Avg: 1.0, Max: 1, Diff: 0, Sum: 4]
      [GC Worker Other (ms): Min: 0.0, Avg: 0.0, Max: 0.0, Diff: 0.0, Sum: 0.1]
      [GC Worker Total (ms): Min: 17.4, Avg: 17.5, Max: 17.5, Diff: 0.1, Sum: 69.9]
      [GC Worker End (ms): Min: 5633.1, Avg: 5633.1, Max: 5633.1, Diff: 0.0]
   [Code Root Fixup: 0.0 ms]
   [Code Root Purge: 0.0 ms]
   [Clear CT: 0.2 ms]
   [Other: 1.3 ms]
      [Choose CSet: 0.1 ms]
      [Ref Proc: 0.2 ms]
      [Ref Enq: 0.0 ms]
      [Redirty Cards: 0.2 ms]
      [Humongous Register: 0.2 ms]
      [Humongous Reclaim: 0.1 ms]
      [Free CSet: 0.3 ms]
   [Eden: 65.0M(65.0M)->0.0B(89.0M) Survivors: 37.0M->13.0M Heap: 859.4M(2048.0M)->612.1M(2048.0M)]
 [Times: user=0.06 sys=0.00, real=0.02 secs] 
2021-01-21T16:07:22.207+0800: 5.655: [GC pause (G1 Evacuation Pause) (mixed), 0.0164723 secs]
   [Parallel Time: 15.3 ms, GC Workers: 4]
      [GC Worker Start (ms): Min: 5654.8, Avg: 5654.9, Max: 5654.9, Diff: 0.1]
      [Ext Root Scanning (ms): Min: 0.2, Avg: 0.2, Max: 0.2, Diff: 0.1, Sum: 0.8]
      [Update RS (ms): Min: 2.9, Avg: 2.9, Max: 2.9, Diff: 0.0, Sum: 11.5]
         [Processed Buffers: Min: 40, Avg: 41.8, Max: 43, Diff: 3, Sum: 167]
      [Scan RS (ms): Min: 0.1, Avg: 0.1, Max: 0.1, Diff: 0.0, Sum: 0.4]
      [Code Root Scanning (ms): Min: 0.0, Avg: 0.0, Max: 0.0, Diff: 0.0, Sum: 0.0]
      [Object Copy (ms): Min: 11.9, Avg: 11.9, Max: 12.0, Diff: 0.1, Sum: 47.7]
      [Termination (ms): Min: 0.0, Avg: 0.0, Max: 0.0, Diff: 0.0, Sum: 0.0]
         [Termination Attempts: Min: 1, Avg: 1.0, Max: 1, Diff: 0, Sum: 4]
      [GC Worker Other (ms): Min: 0.0, Avg: 0.0, Max: 0.0, Diff: 0.0, Sum: 0.1]
      [GC Worker Total (ms): Min: 15.1, Avg: 15.1, Max: 15.2, Diff: 0.1, Sum: 60.5]
      [GC Worker End (ms): Min: 5670.0, Avg: 5670.0, Max: 5670.0, Diff: 0.0]
   [Code Root Fixup: 0.0 ms]
   [Code Root Purge: 0.0 ms]
   [Clear CT: 0.1 ms]
   [Other: 1.1 ms]
      [Choose CSet: 0.0 ms]
      [Ref Proc: 0.2 ms]
      [Ref Enq: 0.0 ms]
      [Redirty Cards: 0.2 ms]
      [Humongous Register: 0.2 ms]
      [Humongous Reclaim: 0.1 ms]
      [Free CSet: 0.2 ms]
   [Eden: 89.0M(89.0M)->0.0B(618.0M) Survivors: 13.0M->13.0M Heap: 721.3M(2048.0M)->572.3M(2048.0M)]
 [Times: user=0.06 sys=0.00, real=0.02 secs] 
2021-01-21T16:07:22.385+0800: 5.832: [GC pause (G1 Evacuation Pause) (young), 0.0466111 secs]
   [Parallel Time: 45.1 ms, GC Workers: 4]
      [GC Worker Start (ms): Min: 5832.6, Avg: 5832.7, Max: 5832.7, Diff: 0.0]
      [Ext Root Scanning (ms): Min: 0.2, Avg: 0.2, Max: 0.2, Diff: 0.0, Sum: 0.7]
      [Update RS (ms): Min: 14.5, Avg: 14.6, Max: 14.6, Diff: 0.1, Sum: 58.3]
         [Processed Buffers: Min: 144, Avg: 186.3, Max: 230, Diff: 86, Sum: 745]
      [Scan RS (ms): Min: 0.1, Avg: 0.1, Max: 0.1, Diff: 0.0, Sum: 0.5]
      [Code Root Scanning (ms): Min: 0.0, Avg: 0.0, Max: 0.0, Diff: 0.0, Sum: 0.0]
      [Object Copy (ms): Min: 30.0, Avg: 30.1, Max: 30.1, Diff: 0.0, Sum: 120.2]
      [Termination (ms): Min: 0.0, Avg: 0.0, Max: 0.0, Diff: 0.0, Sum: 0.0]
         [Termination Attempts: Min: 1, Avg: 1.3, Max: 2, Diff: 1, Sum: 5]
      [GC Worker Other (ms): Min: 0.0, Avg: 0.0, Max: 0.1, Diff: 0.0, Sum: 0.2]
      [GC Worker Total (ms): Min: 45.0, Avg: 45.0, Max: 45.0, Diff: 0.1, Sum: 179.9]
      [GC Worker End (ms): Min: 5877.6, Avg: 5877.6, Max: 5877.7, Diff: 0.0]
   [Code Root Fixup: 0.0 ms]
   [Code Root Purge: 0.0 ms]
   [Clear CT: 0.2 ms]
   [Other: 1.3 ms]
      [Choose CSet: 0.0 ms]
      [Ref Proc: 0.1 ms]
      [Ref Enq: 0.0 ms]
      [Redirty Cards: 0.1 ms]
      [Humongous Register: 0.2 ms]
      [Humongous Reclaim: 0.3 ms]
      [Free CSet: 0.4 ms]
   [Eden: 618.0M(618.0M)->0.0B(579.0M) Survivors: 13.0M->79.0M Heap: 1361.9M(2048.0M)->718.9M(2048.0M)]
 [Times: user=0.19 sys=0.00, real=0.05 secs] 
2021-01-21T16:07:22.573+0800: 6.020: [GC pause (G1 Humongous Allocation) (young) (initial-mark), 0.0460999 secs]
   [Parallel Time: 44.4 ms, GC Workers: 4]
      [GC Worker Start (ms): Min: 6020.4, Avg: 6020.5, Max: 6020.5, Diff: 0.1]
      [Ext Root Scanning (ms): Min: 0.2, Avg: 0.2, Max: 0.2, Diff: 0.1, Sum: 0.8]
      [Update RS (ms): Min: 10.9, Avg: 10.9, Max: 10.9, Diff: 0.0, Sum: 43.5]
         [Processed Buffers: Min: 161, Avg: 161.8, Max: 162, Diff: 1, Sum: 647]
      [Scan RS (ms): Min: 0.1, Avg: 0.1, Max: 0.1, Diff: 0.0, Sum: 0.5]
      [Code Root Scanning (ms): Min: 0.0, Avg: 0.0, Max: 0.0, Diff: 0.0, Sum: 0.0]
      [Object Copy (ms): Min: 33.1, Avg: 33.1, Max: 33.1, Diff: 0.0, Sum: 132.3]
      [Termination (ms): Min: 0.0, Avg: 0.0, Max: 0.0, Diff: 0.0, Sum: 0.1]
         [Termination Attempts: Min: 1, Avg: 1.0, Max: 1, Diff: 0, Sum: 4]
      [GC Worker Other (ms): Min: 0.0, Avg: 0.0, Max: 0.0, Diff: 0.0, Sum: 0.1]
      [GC Worker Total (ms): Min: 44.3, Avg: 44.3, Max: 44.3, Diff: 0.1, Sum: 177.3]
      [GC Worker End (ms): Min: 6064.8, Avg: 6064.8, Max: 6064.8, Diff: 0.0]
   [Code Root Fixup: 0.0 ms]
   [Code Root Purge: 0.0 ms]
   [Clear CT: 0.3 ms]
   [Other: 1.4 ms]
      [Choose CSet: 0.0 ms]
      [Ref Proc: 0.1 ms]
      [Ref Enq: 0.0 ms]
      [Redirty Cards: 0.2 ms]
      [Humongous Register: 0.2 ms]
      [Humongous Reclaim: 0.3 ms]
      [Free CSet: 0.4 ms]
   [Eden: 546.0M(579.0M)->0.0B(451.0M) Survivors: 79.0M->83.0M Heap: 1405.3M(2048.0M)->812.1M(2048.0M)]
 [Times: user=0.19 sys=0.00, real=0.05 secs] 
2021-01-21T16:07:22.619+0800: 6.066: [GC concurrent-root-region-scan-start]
2021-01-21T16:07:22.619+0800: 6.067: [GC concurrent-root-region-scan-end, 0.0002228 secs]
2021-01-21T16:07:22.619+0800: 6.067: [GC concurrent-mark-start]
2021-01-21T16:07:22.624+0800: 6.072: [GC concurrent-mark-end, 0.0050240 secs]
2021-01-21T16:07:22.625+0800: 6.072: [GC remark 2021-01-21T16:07:22.625+0800: 6.072: [Finalize Marking, 0.0001688 secs] 2021-01-21T16:07:22.625+0800: 6.072: [GC ref-proc, 0.0001005 secs] 2021-01-21T16:07:22.625+0800: 6.072: [Unloading, 0.0005447 secs], 0.0023890 secs]
 [Times: user=0.02 sys=0.00, real=0.00 secs] 
2021-01-21T16:07:22.627+0800: 6.074: [GC cleanup 839M->657M(2048M), 0.0014286 secs]
 [Times: user=0.00 sys=0.00, real=0.00 secs] 
2021-01-21T16:07:22.629+0800: 6.076: [GC concurrent-cleanup-start]
2021-01-21T16:07:22.629+0800: 6.076: [GC concurrent-cleanup-end, 0.0001646 secs]
2021-01-21T16:07:22.739+0800: 6.186: [GC pause (G1 Evacuation Pause) (young), 0.0474071 secs]
   [Parallel Time: 46.1 ms, GC Workers: 4]
      [GC Worker Start (ms): Min: 6186.4, Avg: 6186.4, Max: 6186.5, Diff: 0.1]
      [Ext Root Scanning (ms): Min: 0.1, Avg: 0.2, Max: 0.2, Diff: 0.1, Sum: 0.7]
      [Update RS (ms): Min: 14.6, Avg: 14.6, Max: 14.6, Diff: 0.0, Sum: 58.4]
         [Processed Buffers: Min: 219, Avg: 219.0, Max: 219, Diff: 0, Sum: 876]
      [Scan RS (ms): Min: 0.1, Avg: 0.1, Max: 0.1, Diff: 0.0, Sum: 0.3]
      [Code Root Scanning (ms): Min: 0.0, Avg: 0.0, Max: 0.0, Diff: 0.0, Sum: 0.0]
      [Object Copy (ms): Min: 31.1, Avg: 31.1, Max: 31.1, Diff: 0.1, Sum: 124.3]
      [Termination (ms): Min: 0.0, Avg: 0.0, Max: 0.1, Diff: 0.1, Sum: 0.2]
         [Termination Attempts: Min: 1, Avg: 1.0, Max: 1, Diff: 0, Sum: 4]
      [GC Worker Other (ms): Min: 0.0, Avg: 0.0, Max: 0.0, Diff: 0.0, Sum: 0.1]
      [GC Worker Total (ms): Min: 46.0, Avg: 46.0, Max: 46.0, Diff: 0.1, Sum: 184.0]
      [GC Worker End (ms): Min: 6232.4, Avg: 6232.4, Max: 6232.4, Diff: 0.0]
   [Code Root Fixup: 0.0 ms]
   [Code Root Purge: 0.0 ms]
   [Clear CT: 0.2 ms]
   [Other: 1.1 ms]
      [Choose CSet: 0.0 ms]
      [Ref Proc: 0.1 ms]
      [Ref Enq: 0.0 ms]
      [Redirty Cards: 0.1 ms]
      [Humongous Register: 0.2 ms]
      [Humongous Reclaim: 0.3 ms]
      [Free CSet: 0.3 ms]
   [Eden: 451.0M(451.0M)->0.0B(35.0M) Survivors: 83.0M->67.0M Heap: 1189.8M(2048.0M)->708.0M(2048.0M)]
 [Times: user=0.19 sys=0.00, real=0.05 secs] 
2021-01-21T16:07:22.796+0800: 6.243: [GC pause (G1 Evacuation Pause) (mixed), 0.0213304 secs]
   [Parallel Time: 20.1 ms, GC Workers: 4]
      [GC Worker Start (ms): Min: 6243.3, Avg: 6243.4, Max: 6243.4, Diff: 0.1]
      [Ext Root Scanning (ms): Min: 0.2, Avg: 0.2, Max: 0.2, Diff: 0.1, Sum: 0.7]
      [Update RS (ms): Min: 2.0, Avg: 2.0, Max: 2.0, Diff: 0.1, Sum: 8.1]
         [Processed Buffers: Min: 28, Avg: 29.0, Max: 30, Diff: 2, Sum: 116]
      [Scan RS (ms): Min: 0.1, Avg: 0.1, Max: 0.1, Diff: 0.1, Sum: 0.4]
      [Code Root Scanning (ms): Min: 0.0, Avg: 0.0, Max: 0.0, Diff: 0.0, Sum: 0.0]
      [Object Copy (ms): Min: 17.6, Avg: 17.7, Max: 17.7, Diff: 0.0, Sum: 70.6]
      [Termination (ms): Min: 0.0, Avg: 0.0, Max: 0.0, Diff: 0.0, Sum: 0.1]
         [Termination Attempts: Min: 1, Avg: 1.0, Max: 1, Diff: 0, Sum: 4]
      [GC Worker Other (ms): Min: 0.0, Avg: 0.0, Max: 0.0, Diff: 0.0, Sum: 0.1]
      [GC Worker Total (ms): Min: 20.0, Avg: 20.0, Max: 20.0, Diff: 0.1, Sum: 80.0]
      [GC Worker End (ms): Min: 6263.4, Avg: 6263.4, Max: 6263.4, Diff: 0.0]
   [Code Root Fixup: 0.0 ms]
   [Code Root Purge: 0.0 ms]
   [Clear CT: 0.1 ms]
   [Other: 1.1 ms]
      [Choose CSet: 0.1 ms]
      [Ref Proc: 0.1 ms]
      [Ref Enq: 0.0 ms]
      [Redirty Cards: 0.2 ms]
      [Humongous Register: 0.2 ms]
      [Humongous Reclaim: 0.1 ms]
      [Free CSet: 0.3 ms]
   [Eden: 35.0M(35.0M)->0.0B(1001.0M) Survivors: 67.0M->10.0M Heap: 756.9M(2048.0M)->557.2M(2048.0M)]
 [Times: user=0.13 sys=0.00, real=0.02 secs] 
2021-01-21T16:07:23.003+0800: 6.450: [GC pause (G1 Humongous Allocation) (young) (initial-mark), 0.0493397 secs]
   [Parallel Time: 47.5 ms, GC Workers: 4]
      [GC Worker Start (ms): Min: 6450.5, Avg: 6450.5, Max: 6450.5, Diff: 0.1]
      [Ext Root Scanning (ms): Min: 0.2, Avg: 0.2, Max: 0.2, Diff: 0.1, Sum: 0.8]
      [Update RS (ms): Min: 15.2, Avg: 15.3, Max: 15.3, Diff: 0.1, Sum: 61.1]
         [Processed Buffers: Min: 223, Avg: 228.5, Max: 232, Diff: 9, Sum: 914]
      [Scan RS (ms): Min: 0.1, Avg: 0.1, Max: 0.2, Diff: 0.1, Sum: 0.5]
      [Code Root Scanning (ms): Min: 0.0, Avg: 0.0, Max: 0.0, Diff: 0.0, Sum: 0.0]
      [Object Copy (ms): Min: 31.6, Avg: 31.6, Max: 31.7, Diff: 0.1, Sum: 126.5]
      [Termination (ms): Min: 0.0, Avg: 0.0, Max: 0.1, Diff: 0.1, Sum: 0.2]
         [Termination Attempts: Min: 1, Avg: 1.0, Max: 1, Diff: 0, Sum: 4]
      [GC Worker Other (ms): Min: 0.0, Avg: 0.0, Max: 0.1, Diff: 0.1, Sum: 0.2]
      [GC Worker Total (ms): Min: 47.3, Avg: 47.3, Max: 47.4, Diff: 0.1, Sum: 189.3]
      [GC Worker End (ms): Min: 6497.8, Avg: 6497.8, Max: 6497.9, Diff: 0.1]
   [Code Root Fixup: 0.0 ms]
   [Code Root Purge: 0.0 ms]
   [Clear CT: 0.2 ms]
   [Other: 1.6 ms]
      [Choose CSet: 0.0 ms]
      [Ref Proc: 0.1 ms]
      [Ref Enq: 0.0 ms]
      [Redirty Cards: 0.2 ms]
      [Humongous Register: 0.2 ms]
      [Humongous Reclaim: 0.4 ms]
      [Free CSet: 0.4 ms]
   [Eden: 717.0M(1001.0M)->0.0B(859.0M) Survivors: 10.0M->127.0M Heap: 1473.7M(2048.0M)->721.7M(2048.0M)]
 [Times: user=0.19 sys=0.00, real=0.05 secs] 
2021-01-21T16:07:23.053+0800: 6.500: [GC concurrent-root-region-scan-start]
2021-01-21T16:07:23.053+0800: 6.500: [GC concurrent-root-region-scan-end, 0.0003311 secs]
2021-01-21T16:07:23.053+0800: 6.500: [GC concurrent-mark-start]
2021-01-21T16:07:23.057+0800: 6.504: [GC concurrent-mark-end, 0.0045348 secs]
2021-01-21T16:07:23.058+0800: 6.505: [GC remark 2021-01-21T16:07:23.058+0800: 6.505: [Finalize Marking, 0.0001300 secs] 2021-01-21T16:07:23.058+0800: 6.505: [GC ref-proc, 0.0000974 secs] 2021-01-21T16:07:23.058+0800: 6.505: [Unloading, 0.0005560 secs], 0.0021203 secs]
 [Times: user=0.00 sys=0.00, real=0.00 secs] 
2021-01-21T16:07:23.060+0800: 6.507: [GC cleanup 750M->636M(2048M), 0.0013656 secs]
 [Times: user=0.00 sys=0.00, real=0.00 secs] 
2021-01-21T16:07:23.061+0800: 6.508: [GC concurrent-cleanup-start]
2021-01-21T16:07:23.062+0800: 6.509: [GC concurrent-cleanup-end, 0.0001200 secs]
2021-01-21T16:07:23.283+0800: 6.730: [GC pause (G1 Evacuation Pause) (young) (to-space exhausted), 0.0566374 secs]
   [Parallel Time: 54.0 ms, GC Workers: 4]
      [GC Worker Start (ms): Min: 6730.8, Avg: 6730.8, Max: 6730.9, Diff: 0.1]
      [Ext Root Scanning (ms): Min: 0.2, Avg: 0.2, Max: 0.2, Diff: 0.1, Sum: 0.8]
      [Update RS (ms): Min: 22.5, Avg: 22.5, Max: 22.6, Diff: 0.0, Sum: 90.2]
         [Processed Buffers: Min: 223, Avg: 286.8, Max: 353, Diff: 130, Sum: 1147]
      [Scan RS (ms): Min: 0.2, Avg: 0.2, Max: 0.2, Diff: 0.0, Sum: 0.9]
      [Code Root Scanning (ms): Min: 0.0, Avg: 0.0, Max: 0.0, Diff: 0.0, Sum: 0.0]
      [Object Copy (ms): Min: 30.8, Avg: 30.8, Max: 30.8, Diff: 0.0, Sum: 123.3]
      [Termination (ms): Min: 0.0, Avg: 0.0, Max: 0.0, Diff: 0.0, Sum: 0.1]
         [Termination Attempts: Min: 1, Avg: 1.0, Max: 1, Diff: 0, Sum: 4]
      [GC Worker Other (ms): Min: 0.0, Avg: 0.0, Max: 0.1, Diff: 0.0, Sum: 0.2]
      [GC Worker Total (ms): Min: 53.8, Avg: 53.8, Max: 53.9, Diff: 0.1, Sum: 215.4]
      [GC Worker End (ms): Min: 6784.7, Avg: 6784.7, Max: 6784.7, Diff: 0.0]
   [Code Root Fixup: 0.0 ms]
   [Code Root Purge: 0.0 ms]
   [Clear CT: 0.3 ms]
   [Other: 2.4 ms]
      [Evacuation Failure: 0.9 ms]
      [Choose CSet: 0.0 ms]
      [Ref Proc: 0.1 ms]
      [Ref Enq: 0.0 ms]
      [Redirty Cards: 0.1 ms]
      [Humongous Register: 0.3 ms]
      [Humongous Reclaim: 0.4 ms]
      [Free CSet: 0.4 ms]
   [Eden: 859.0M(859.0M)->0.0B(4096.0K) Survivors: 127.0M->124.0M Heap: 1695.8M(2048.0M)->979.3M(2048.0M)]
 [Times: user=0.17 sys=0.02, real=0.06 secs] 
2021-01-21T16:07:23.342+0800: 6.788: [GC pause (G1 Evacuation Pause) (mixed), 0.0275850 secs]
   [Parallel Time: 26.5 ms, GC Workers: 4]
      [GC Worker Start (ms): Min: 6788.6, Avg: 6788.7, Max: 6788.7, Diff: 0.1]
      [Ext Root Scanning (ms): Min: 0.2, Avg: 0.2, Max: 0.2, Diff: 0.1, Sum: 0.7]
      [Update RS (ms): Min: 0.2, Avg: 0.2, Max: 0.3, Diff: 0.0, Sum: 1.0]
         [Processed Buffers: Min: 3, Avg: 4.0, Max: 5, Diff: 2, Sum: 16]
      [Scan RS (ms): Min: 0.1, Avg: 0.1, Max: 0.1, Diff: 0.0, Sum: 0.3]
      [Code Root Scanning (ms): Min: 0.0, Avg: 0.0, Max: 0.0, Diff: 0.0, Sum: 0.0]
      [Object Copy (ms): Min: 25.9, Avg: 25.9, Max: 25.9, Diff: 0.1, Sum: 103.5]
      [Termination (ms): Min: 0.0, Avg: 0.0, Max: 0.1, Diff: 0.1, Sum: 0.2]
         [Termination Attempts: Min: 1, Avg: 1.0, Max: 1, Diff: 0, Sum: 4]
      [GC Worker Other (ms): Min: 0.0, Avg: 0.0, Max: 0.0, Diff: 0.0, Sum: 0.1]
      [GC Worker Total (ms): Min: 26.4, Avg: 26.5, Max: 26.5, Diff: 0.1, Sum: 105.8]
      [GC Worker End (ms): Min: 6815.1, Avg: 6815.1, Max: 6815.1, Diff: 0.0]
   [Code Root Fixup: 0.0 ms]
   [Code Root Purge: 0.0 ms]
   [Clear CT: 0.2 ms]
   [Other: 0.9 ms]
      [Choose CSet: 0.1 ms]
      [Ref Proc: 0.1 ms]
      [Ref Enq: 0.0 ms]
      [Redirty Cards: 0.1 ms]
      [Humongous Register: 0.1 ms]
      [Humongous Reclaim: 0.1 ms]
      [Free CSet: 0.3 ms]
   [Eden: 4096.0K(4096.0K)->0.0B(752.0M) Survivors: 124.0M->2048.0K Heap: 983.9M(2048.0M)->851.3M(2048.0M)]
 [Times: user=0.13 sys=0.00, real=0.03 secs] 
2021-01-21T16:07:23.370+0800: 6.817: [GC pause (G1 Humongous Allocation) (young) (initial-mark), 0.0021508 secs]
   [Parallel Time: 1.1 ms, GC Workers: 4]
      [GC Worker Start (ms): Min: 6817.6, Avg: 6817.6, Max: 6817.7, Diff: 0.0]
      [Ext Root Scanning (ms): Min: 0.2, Avg: 0.2, Max: 0.2, Diff: 0.0, Sum: 0.8]
      [Update RS (ms): Min: 0.4, Avg: 0.5, Max: 0.5, Diff: 0.1, Sum: 1.8]
         [Processed Buffers: Min: 1, Avg: 3.5, Max: 5, Diff: 4, Sum: 14]
      [Scan RS (ms): Min: 0.0, Avg: 0.0, Max: 0.0, Diff: 0.0, Sum: 0.0]
      [Code Root Scanning (ms): Min: 0.0, Avg: 0.0, Max: 0.0, Diff: 0.0, Sum: 0.0]
      [Object Copy (ms): Min: 0.3, Avg: 0.4, Max: 0.4, Diff: 0.1, Sum: 1.4]
      [Termination (ms): Min: 0.0, Avg: 0.0, Max: 0.0, Diff: 0.0, Sum: 0.1]
         [Termination Attempts: Min: 1, Avg: 1.0, Max: 1, Diff: 0, Sum: 4]
      [GC Worker Other (ms): Min: 0.0, Avg: 0.0, Max: 0.0, Diff: 0.0, Sum: 0.0]
      [GC Worker Total (ms): Min: 1.0, Avg: 1.0, Max: 1.1, Diff: 0.0, Sum: 4.1]
      [GC Worker End (ms): Min: 6818.7, Avg: 6818.7, Max: 6818.7, Diff: 0.0]
   [Code Root Fixup: 0.0 ms]
   [Code Root Purge: 0.0 ms]
   [Clear CT: 0.1 ms]
   [Other: 0.9 ms]
      [Choose CSet: 0.0 ms]
      [Ref Proc: 0.2 ms]
      [Ref Enq: 0.0 ms]
      [Redirty Cards: 0.2 ms]
      [Humongous Register: 0.2 ms]
      [Humongous Reclaim: 0.1 ms]
      [Free CSet: 0.1 ms]
   [Eden: 4096.0K(752.0M)->0.0B(746.0M) Survivors: 2048.0K->3072.0K Heap: 856.0M(2048.0M)->852.9M(2048.0M)]
 [Times: user=0.00 sys=0.00, real=0.00 secs] 
2021-01-21T16:07:23.373+0800: 6.820: [GC concurrent-root-region-scan-start]
2021-01-21T16:07:23.373+0800: 6.820: [GC concurrent-root-region-scan-end, 0.0001145 secs]
2021-01-21T16:07:23.373+0800: 6.820: [GC concurrent-mark-start]
2021-01-21T16:07:23.379+0800: 6.826: [GC concurrent-mark-end, 0.0059288 secs]
2021-01-21T16:07:23.379+0800: 6.826: [GC remark 2021-01-21T16:07:23.379+0800: 6.826: [Finalize Marking, 0.0001327 secs] 2021-01-21T16:07:23.379+0800: 6.826: [GC ref-proc, 0.0000983 secs] 2021-01-21T16:07:23.379+0800: 6.826: [Unloading, 0.0005175 secs], 0.0021997 secs]
 [Times: user=0.00 sys=0.00, real=0.00 secs] 
2021-01-21T16:07:23.381+0800: 6.828: [GC cleanup 881M->816M(2048M), 0.0012822 secs]
 [Times: user=0.00 sys=0.00, real=0.00 secs] 
2021-01-21T16:07:23.383+0800: 6.830: [GC concurrent-cleanup-start]
2021-01-21T16:07:23.383+0800: 6.830: [GC concurrent-cleanup-end, 0.0000676 secs]
2021-01-21T16:07:23.576+0800: 7.023: [GC pause (G1 Evacuation Pause) (young) (to-space exhausted), 0.0387410 secs]
   [Parallel Time: 35.9 ms, GC Workers: 4]
      [GC Worker Start (ms): Min: 7023.0, Avg: 7023.0, Max: 7023.0, Diff: 0.1]
      [Ext Root Scanning (ms): Min: 0.2, Avg: 0.2, Max: 0.2, Diff: 0.1, Sum: 0.8]
      [Update RS (ms): Min: 15.8, Avg: 15.9, Max: 15.9, Diff: 0.0, Sum: 63.4]
         [Processed Buffers: Min: 232, Avg: 236.5, Max: 239, Diff: 7, Sum: 946]
      [Scan RS (ms): Min: 0.1, Avg: 0.1, Max: 0.1, Diff: 0.0, Sum: 0.5]
      [Code Root Scanning (ms): Min: 0.0, Avg: 0.0, Max: 0.0, Diff: 0.0, Sum: 0.0]
      [Object Copy (ms): Min: 19.5, Avg: 19.6, Max: 19.6, Diff: 0.1, Sum: 78.3]
      [Termination (ms): Min: 0.0, Avg: 0.0, Max: 0.1, Diff: 0.1, Sum: 0.1]
         [Termination Attempts: Min: 1, Avg: 1.3, Max: 2, Diff: 1, Sum: 5]
      [GC Worker Other (ms): Min: 0.0, Avg: 0.0, Max: 0.0, Diff: 0.0, Sum: 0.1]
      [GC Worker Total (ms): Min: 35.8, Avg: 35.8, Max: 35.8, Diff: 0.1, Sum: 143.2]
      [GC Worker End (ms): Min: 7058.8, Avg: 7058.8, Max: 7058.8, Diff: 0.0]
   [Code Root Fixup: 0.0 ms]
   [Code Root Purge: 0.0 ms]
   [Clear CT: 0.2 ms]
   [Other: 2.6 ms]
      [Evacuation Failure: 1.1 ms]
      [Choose CSet: 0.0 ms]
      [Ref Proc: 0.1 ms]
      [Ref Enq: 0.0 ms]
      [Redirty Cards: 0.2 ms]
      [Humongous Register: 0.3 ms]
      [Humongous Reclaim: 0.4 ms]
      [Free CSet: 0.3 ms]
   [Eden: 746.0M(746.0M)->0.0B(8192.0K) Survivors: 3072.0K->94.0M Heap: 1764.1M(2048.0M)->1245.7M(2048.0M)]
 [Times: user=0.19 sys=0.00, real=0.04 secs] 
2021-01-21T16:07:23.616+0800: 7.063: [GC pause (G1 Evacuation Pause) (mixed), 0.0225275 secs]
   [Parallel Time: 21.3 ms, GC Workers: 4]
      [GC Worker Start (ms): Min: 7063.7, Avg: 7063.7, Max: 7063.8, Diff: 0.1]
      [Ext Root Scanning (ms): Min: 0.2, Avg: 0.2, Max: 0.2, Diff: 0.1, Sum: 0.8]
      [Update RS (ms): Min: 0.3, Avg: 0.3, Max: 0.4, Diff: 0.1, Sum: 1.3]
         [Processed Buffers: Min: 3, Avg: 5.3, Max: 8, Diff: 5, Sum: 21]
      [Scan RS (ms): Min: 0.1, Avg: 0.1, Max: 0.1, Diff: 0.0, Sum: 0.3]
      [Code Root Scanning (ms): Min: 0.0, Avg: 0.0, Max: 0.0, Diff: 0.0, Sum: 0.0]
      [Object Copy (ms): Min: 20.5, Avg: 20.6, Max: 20.7, Diff: 0.1, Sum: 82.3]
      [Termination (ms): Min: 0.0, Avg: 0.1, Max: 0.1, Diff: 0.1, Sum: 0.2]
         [Termination Attempts: Min: 1, Avg: 1.0, Max: 1, Diff: 0, Sum: 4]
      [GC Worker Other (ms): Min: 0.0, Avg: 0.0, Max: 0.0, Diff: 0.0, Sum: 0.0]
      [GC Worker Total (ms): Min: 21.2, Avg: 21.3, Max: 21.3, Diff: 0.1, Sum: 85.0]
      [GC Worker End (ms): Min: 7085.0, Avg: 7085.0, Max: 7085.0, Diff: 0.0]
   [Code Root Fixup: 0.0 ms]
   [Code Root Purge: 0.0 ms]
   [Clear CT: 0.1 ms]
   [Other: 1.1 ms]
      [Choose CSet: 0.1 ms]
      [Ref Proc: 0.2 ms]
      [Ref Enq: 0.0 ms]
      [Redirty Cards: 0.1 ms]
      [Humongous Register: 0.1 ms]
      [Humongous Reclaim: 0.1 ms]
      [Free CSet: 0.4 ms]
   [Eden: 8192.0K(8192.0K)->0.0B(99.0M) Survivors: 94.0M->3072.0K Heap: 1255.0M(2048.0M)->1056.7M(2048.0M)]
 [Times: user=0.06 sys=0.00, real=0.02 secs] 
2021-01-21T16:07:23.663+0800: 7.110: [GC pause (G1 Evacuation Pause) (mixed), 0.0161842 secs]
   [Parallel Time: 15.0 ms, GC Workers: 4]
      [GC Worker Start (ms): Min: 7109.9, Avg: 7109.9, Max: 7110.0, Diff: 0.1]
      [Ext Root Scanning (ms): Min: 0.2, Avg: 0.2, Max: 0.2, Diff: 0.1, Sum: 0.7]
      [Update RS (ms): Min: 4.0, Avg: 4.0, Max: 4.1, Diff: 0.1, Sum: 16.2]
         [Processed Buffers: Min: 58, Avg: 59.0, Max: 60, Diff: 2, Sum: 236]
      [Scan RS (ms): Min: 0.1, Avg: 0.1, Max: 0.1, Diff: 0.1, Sum: 0.3]
      [Code Root Scanning (ms): Min: 0.0, Avg: 0.0, Max: 0.0, Diff: 0.0, Sum: 0.0]
      [Object Copy (ms): Min: 10.5, Avg: 10.5, Max: 10.6, Diff: 0.0, Sum: 42.1]
      [Termination (ms): Min: 0.0, Avg: 0.0, Max: 0.0, Diff: 0.0, Sum: 0.1]
         [Termination Attempts: Min: 1, Avg: 1.0, Max: 1, Diff: 0, Sum: 4]
      [GC Worker Other (ms): Min: 0.0, Avg: 0.0, Max: 0.0, Diff: 0.0, Sum: 0.1]
      [GC Worker Total (ms): Min: 14.8, Avg: 14.9, Max: 14.9, Diff: 0.1, Sum: 59.5]
      [GC Worker End (ms): Min: 7124.8, Avg: 7124.8, Max: 7124.8, Diff: 0.0]
   [Code Root Fixup: 0.0 ms]
   [Code Root Purge: 0.0 ms]
   [Clear CT: 0.1 ms]
   [Other: 1.1 ms]
      [Choose CSet: 0.1 ms]
      [Ref Proc: 0.2 ms]
      [Ref Enq: 0.0 ms]
      [Redirty Cards: 0.2 ms]
      [Humongous Register: 0.2 ms]
      [Humongous Reclaim: 0.1 ms]
      [Free CSet: 0.3 ms]
   [Eden: 99.0M(99.0M)->0.0B(669.0M) Survivors: 3072.0K->13.0M Heap: 1184.4M(2048.0M)->957.9M(2048.0M)]
 [Times: user=0.06 sys=0.00, real=0.02 secs] 
2021-01-21T16:07:23.680+0800: 7.127: [GC pause (G1 Humongous Allocation) (young) (initial-mark), 0.0034867 secs]
   [Parallel Time: 2.6 ms, GC Workers: 4]
      [GC Worker Start (ms): Min: 7126.8, Avg: 7126.8, Max: 7126.8, Diff: 0.1]
      [Ext Root Scanning (ms): Min: 0.2, Avg: 0.2, Max: 0.2, Diff: 0.1, Sum: 0.8]
      [Update RS (ms): Min: 0.1, Avg: 0.2, Max: 0.2, Diff: 0.1, Sum: 0.7]
         [Processed Buffers: Min: 1, Avg: 1.3, Max: 2, Diff: 1, Sum: 5]
      [Scan RS (ms): Min: 0.0, Avg: 0.0, Max: 0.0, Diff: 0.0, Sum: 0.0]
      [Code Root Scanning (ms): Min: 0.0, Avg: 0.0, Max: 0.0, Diff: 0.0, Sum: 0.0]
      [Object Copy (ms): Min: 2.0, Avg: 2.1, Max: 2.1, Diff: 0.2, Sum: 8.2]
      [Termination (ms): Min: 0.0, Avg: 0.0, Max: 0.1, Diff: 0.1, Sum: 0.2]
         [Termination Attempts: Min: 1, Avg: 1.0, Max: 1, Diff: 0, Sum: 4]
      [GC Worker Other (ms): Min: 0.0, Avg: 0.0, Max: 0.0, Diff: 0.0, Sum: 0.0]
      [GC Worker Total (ms): Min: 2.5, Avg: 2.5, Max: 2.5, Diff: 0.1, Sum: 10.0]
      [GC Worker End (ms): Min: 7129.3, Avg: 7129.3, Max: 7129.3, Diff: 0.0]
   [Code Root Fixup: 0.0 ms]
   [Code Root Purge: 0.0 ms]
   [Clear CT: 0.2 ms]
   [Other: 0.8 ms]
      [Choose CSet: 0.0 ms]
      [Ref Proc: 0.1 ms]
      [Ref Enq: 0.0 ms]
      [Redirty Cards: 0.1 ms]
      [Humongous Register: 0.1 ms]
      [Humongous Reclaim: 0.1 ms]
      [Free CSet: 0.1 ms]
   [Eden: 3072.0K(669.0M)->0.0B(595.0M) Survivors: 13.0M->15.0M Heap: 960.3M(2048.0M)->958.5M(2048.0M)]
 [Times: user=0.00 sys=0.00, real=0.00 secs] 
2021-01-21T16:07:23.683+0800: 7.130: [GC concurrent-root-region-scan-start]
2021-01-21T16:07:23.683+0800: 7.130: [GC concurrent-root-region-scan-end, 0.0001539 secs]
2021-01-21T16:07:23.683+0800: 7.130: [GC concurrent-mark-start]
2021-01-21T16:07:23.690+0800: 7.136: [GC concurrent-mark-end, 0.0060521 secs]
2021-01-21T16:07:23.690+0800: 7.137: [GC remark 2021-01-21T16:07:23.690+0800: 7.137: [Finalize Marking, 0.0001507 secs] 2021-01-21T16:07:23.690+0800: 7.137: [GC ref-proc, 0.0001006 secs] 2021-01-21T16:07:23.690+0800: 7.137: [Unloading, 0.0005404 secs], 0.0022817 secs]
 [Times: user=0.00 sys=0.00, real=0.00 secs] 
2021-01-21T16:07:23.692+0800: 7.139: [GC cleanup 993M->871M(2048M), 0.0019113 secs]
 [Times: user=0.00 sys=0.00, real=0.00 secs] 
2021-01-21T16:07:23.694+0800: 7.141: [GC concurrent-cleanup-start]
2021-01-21T16:07:23.694+0800: 7.141: [GC concurrent-cleanup-end, 0.0001268 secs]
2021-01-21T16:07:23.849+0800: 7.297: [GC pause (G1 Evacuation Pause) (young), 0.0509337 secs]
   [Parallel Time: 49.5 ms, GC Workers: 4]
      [GC Worker Start (ms): Min: 7296.9, Avg: 7297.1, Max: 7297.1, Diff: 0.3]
      [Ext Root Scanning (ms): Min: 0.0, Avg: 0.1, Max: 0.3, Diff: 0.2, Sum: 0.4]
      [Update RS (ms): Min: 20.7, Avg: 20.7, Max: 20.7, Diff: 0.0, Sum: 82.8]
         [Processed Buffers: Min: 197, Avg: 261.5, Max: 323, Diff: 126, Sum: 1046]
      [Scan RS (ms): Min: 0.1, Avg: 0.1, Max: 0.1, Diff: 0.0, Sum: 0.4]
      [Code Root Scanning (ms): Min: 0.0, Avg: 0.0, Max: 0.0, Diff: 0.0, Sum: 0.0]
      [Object Copy (ms): Min: 28.3, Avg: 28.3, Max: 28.4, Diff: 0.1, Sum: 113.4]
      [Termination (ms): Min: 0.0, Avg: 0.1, Max: 0.1, Diff: 0.1, Sum: 0.2]
         [Termination Attempts: Min: 1, Avg: 1.0, Max: 1, Diff: 0, Sum: 4]
      [GC Worker Other (ms): Min: 0.0, Avg: 0.0, Max: 0.0, Diff: 0.0, Sum: 0.1]
      [GC Worker Total (ms): Min: 49.2, Avg: 49.3, Max: 49.5, Diff: 0.3, Sum: 197.3]
      [GC Worker End (ms): Min: 7346.4, Avg: 7346.4, Max: 7346.4, Diff: 0.0]
   [Code Root Fixup: 0.0 ms]
   [Code Root Purge: 0.0 ms]
   [Clear CT: 0.2 ms]
   [Other: 1.2 ms]
      [Choose CSet: 0.0 ms]
      [Ref Proc: 0.1 ms]
      [Ref Enq: 0.0 ms]
      [Redirty Cards: 0.1 ms]
      [Humongous Register: 0.2 ms]
      [Humongous Reclaim: 0.3 ms]
      [Free CSet: 0.4 ms]
   [Eden: 595.0M(595.0M)->0.0B(25.0M) Survivors: 15.0M->77.0M Heap: 1595.0M(2048.0M)->972.6M(2048.0M)]
 [Times: user=0.19 sys=0.00, real=0.05 secs] 
2021-01-21T16:07:23.906+0800: 7.353: [GC pause (G1 Evacuation Pause) (mixed), 0.0197963 secs]
   [Parallel Time: 18.7 ms, GC Workers: 4]
      [GC Worker Start (ms): Min: 7353.8, Avg: 7353.8, Max: 7353.9, Diff: 0.0]
      [Ext Root Scanning (ms): Min: 0.2, Avg: 0.2, Max: 0.2, Diff: 0.0, Sum: 0.8]
      [Update RS (ms): Min: 1.1, Avg: 1.1, Max: 1.1, Diff: 0.0, Sum: 4.3]
         [Processed Buffers: Min: 15, Avg: 15.5, Max: 16, Diff: 1, Sum: 62]
      [Scan RS (ms): Min: 0.1, Avg: 0.1, Max: 0.1, Diff: 0.0, Sum: 0.4]
      [Code Root Scanning (ms): Min: 0.0, Avg: 0.0, Max: 0.0, Diff: 0.0, Sum: 0.0]
      [Object Copy (ms): Min: 17.1, Avg: 17.2, Max: 17.2, Diff: 0.1, Sum: 68.7]
      [Termination (ms): Min: 0.0, Avg: 0.0, Max: 0.1, Diff: 0.1, Sum: 0.2]
         [Termination Attempts: Min: 1, Avg: 1.0, Max: 1, Diff: 0, Sum: 4]
      [GC Worker Other (ms): Min: 0.0, Avg: 0.0, Max: 0.0, Diff: 0.0, Sum: 0.1]
      [GC Worker Total (ms): Min: 18.6, Avg: 18.6, Max: 18.6, Diff: 0.0, Sum: 74.4]
      [GC Worker End (ms): Min: 7372.4, Avg: 7372.4, Max: 7372.4, Diff: 0.0]
   [Code Root Fixup: 0.0 ms]
   [Code Root Purge: 0.0 ms]
   [Clear CT: 0.1 ms]
   [Other: 1.0 ms]
      [Choose CSet: 0.1 ms]
      [Ref Proc: 0.1 ms]
      [Ref Enq: 0.0 ms]
      [Redirty Cards: 0.1 ms]
      [Humongous Register: 0.2 ms]
      [Humongous Reclaim: 0.1 ms]
      [Free CSet: 0.4 ms]
   [Eden: 25.0M(25.0M)->0.0B(95.0M) Survivors: 77.0M->7168.0K Heap: 1004.7M(2048.0M)->785.2M(2048.0M)]
 [Times: user=0.06 sys=0.00, real=0.02 secs] 
2021-01-21T16:07:23.950+0800: 7.397: [GC pause (G1 Evacuation Pause) (mixed), 0.0174405 secs]
   [Parallel Time: 16.0 ms, GC Workers: 4]
      [GC Worker Start (ms): Min: 7397.4, Avg: 7397.4, Max: 7397.5, Diff: 0.1]
      [Ext Root Scanning (ms): Min: 0.2, Avg: 0.2, Max: 0.2, Diff: 0.1, Sum: 0.8]
      [Update RS (ms): Min: 3.6, Avg: 3.6, Max: 3.6, Diff: 0.1, Sum: 14.3]
         [Processed Buffers: Min: 52, Avg: 52.5, Max: 53, Diff: 1, Sum: 210]
      [Scan RS (ms): Min: 0.1, Avg: 0.1, Max: 0.1, Diff: 0.0, Sum: 0.4]
      [Code Root Scanning (ms): Min: 0.0, Avg: 0.0, Max: 0.0, Diff: 0.0, Sum: 0.0]
      [Object Copy (ms): Min: 12.0, Avg: 12.0, Max: 12.0, Diff: 0.0, Sum: 48.0]
      [Termination (ms): Min: 0.0, Avg: 0.0, Max: 0.0, Diff: 0.0, Sum: 0.1]
         [Termination Attempts: Min: 1, Avg: 1.0, Max: 1, Diff: 0, Sum: 4]
      [GC Worker Other (ms): Min: 0.0, Avg: 0.0, Max: 0.0, Diff: 0.0, Sum: 0.1]
      [GC Worker Total (ms): Min: 15.9, Avg: 15.9, Max: 15.9, Diff: 0.1, Sum: 63.6]
      [GC Worker End (ms): Min: 7413.3, Avg: 7413.3, Max: 7413.3, Diff: 0.0]
   [Code Root Fixup: 0.0 ms]
   [Code Root Purge: 0.0 ms]
   [Clear CT: 0.1 ms]
   [Other: 1.3 ms]
      [Choose CSet: 0.1 ms]
      [Ref Proc: 0.1 ms]
      [Ref Enq: 0.0 ms]
      [Redirty Cards: 0.3 ms]
      [Humongous Register: 0.2 ms]
      [Humongous Reclaim: 0.1 ms]
      [Free CSet: 0.3 ms]
   [Eden: 95.0M(95.0M)->0.0B(89.0M) Survivors: 7168.0K->13.0M Heap: 905.8M(2048.0M)->638.7M(2048.0M)]
 [Times: user=0.06 sys=0.00, real=0.02 secs] 
2021-01-21T16:07:23.988+0800: 7.435: [GC pause (G1 Evacuation Pause) (mixed), 0.0139134 secs]
   [Parallel Time: 12.5 ms, GC Workers: 4]
      [GC Worker Start (ms): Min: 7435.5, Avg: 7435.6, Max: 7435.6, Diff: 0.1]
      [Ext Root Scanning (ms): Min: 0.1, Avg: 0.2, Max: 0.2, Diff: 0.1, Sum: 0.7]
      [Update RS (ms): Min: 3.7, Avg: 3.8, Max: 3.8, Diff: 0.1, Sum: 15.2]
         [Processed Buffers: Min: 54, Avg: 55.3, Max: 56, Diff: 2, Sum: 221]
      [Scan RS (ms): Min: 0.0, Avg: 0.0, Max: 0.0, Diff: 0.0, Sum: 0.1]
      [Code Root Scanning (ms): Min: 0.0, Avg: 0.0, Max: 0.0, Diff: 0.0, Sum: 0.0]
      [Object Copy (ms): Min: 8.3, Avg: 8.3, Max: 8.4, Diff: 0.1, Sum: 33.2]
      [Termination (ms): Min: 0.0, Avg: 0.1, Max: 0.1, Diff: 0.1, Sum: 0.2]
         [Termination Attempts: Min: 1, Avg: 1.0, Max: 1, Diff: 0, Sum: 4]
      [GC Worker Other (ms): Min: 0.0, Avg: 0.0, Max: 0.0, Diff: 0.0, Sum: 0.1]
      [GC Worker Total (ms): Min: 12.3, Avg: 12.4, Max: 12.4, Diff: 0.1, Sum: 49.4]
      [GC Worker End (ms): Min: 7447.9, Avg: 7447.9, Max: 7447.9, Diff: 0.0]
   [Code Root Fixup: 0.0 ms]
   [Code Root Purge: 0.0 ms]
   [Clear CT: 0.3 ms]
   [Other: 1.1 ms]
      [Choose CSet: 0.0 ms]
      [Ref Proc: 0.1 ms]
      [Ref Enq: 0.0 ms]
      [Redirty Cards: 0.4 ms]
      [Humongous Register: 0.2 ms]
      [Humongous Reclaim: 0.1 ms]
      [Free CSet: 0.1 ms]
   [Eden: 89.0M(89.0M)->0.0B(845.0M) Survivors: 13.0M->13.0M Heap: 754.7M(2048.0M)->658.5M(2048.0M)]
 [Times: user=0.06 sys=0.00, real=0.01 secs] 
2021-01-21T16:07:24.125+0800: 7.572: [GC pause (G1 Humongous Allocation) (young) (initial-mark), 0.0487554 secs]
   [Parallel Time: 47.2 ms, GC Workers: 4]
      [GC Worker Start (ms): Min: 7572.8, Avg: 7572.8, Max: 7572.9, Diff: 0.1]
      [Ext Root Scanning (ms): Min: 0.2, Avg: 0.2, Max: 0.3, Diff: 0.1, Sum: 1.0]
      [Update RS (ms): Min: 20.6, Avg: 20.6, Max: 20.6, Diff: 0.0, Sum: 82.3]
         [Processed Buffers: Min: 230, Avg: 262.0, Max: 294, Diff: 64, Sum: 1048]
      [Scan RS (ms): Min: 0.1, Avg: 0.1, Max: 0.1, Diff: 0.0, Sum: 0.4]
      [Code Root Scanning (ms): Min: 0.0, Avg: 0.0, Max: 0.0, Diff: 0.0, Sum: 0.0]
      [Object Copy (ms): Min: 26.0, Avg: 26.1, Max: 26.1, Diff: 0.1, Sum: 104.3]
      [Termination (ms): Min: 0.0, Avg: 0.0, Max: 0.1, Diff: 0.1, Sum: 0.2]
         [Termination Attempts: Min: 1, Avg: 1.0, Max: 1, Diff: 0, Sum: 4]
      [GC Worker Other (ms): Min: 0.0, Avg: 0.0, Max: 0.0, Diff: 0.0, Sum: 0.1]
      [GC Worker Total (ms): Min: 47.0, Avg: 47.0, Max: 47.1, Diff: 0.1, Sum: 188.2]
      [GC Worker End (ms): Min: 7619.9, Avg: 7619.9, Max: 7619.9, Diff: 0.0]
   [Code Root Fixup: 0.0 ms]
   [Code Root Purge: 0.0 ms]
   [Clear CT: 0.1 ms]
   [Other: 1.4 ms]
      [Choose CSet: 0.0 ms]
      [Ref Proc: 0.1 ms]
      [Ref Enq: 0.0 ms]
      [Redirty Cards: 0.2 ms]
      [Humongous Register: 0.2 ms]
      [Humongous Reclaim: 0.3 ms]
      [Free CSet: 0.3 ms]
   [Eden: 486.0M(845.0M)->0.0B(780.0M) Survivors: 13.0M->108.0M Heap: 1274.4M(2048.0M)->770.8M(2048.0M)]
 [Times: user=0.20 sys=0.00, real=0.05 secs] 
2021-01-21T16:07:24.174+0800: 7.621: [GC concurrent-root-region-scan-start]
2021-01-21T16:07:24.175+0800: 7.622: [GC concurrent-root-region-scan-end, 0.0003184 secs]
2021-01-21T16:07:24.175+0800: 7.622: [GC concurrent-mark-start]
2021-01-21T16:07:24.179+0800: 7.626: [GC concurrent-mark-end, 0.0047874 secs]
2021-01-21T16:07:24.179+0800: 7.627: [GC remark 2021-01-21T16:07:24.180+0800: 7.627: [Finalize Marking, 0.0001309 secs] 2021-01-21T16:07:24.180+0800: 7.627: [GC ref-proc, 0.0000994 secs] 2021-01-21T16:07:24.180+0800: 7.627: [Unloading, 0.0005069 secs], 0.0019405 secs]
 [Times: user=0.00 sys=0.00, real=0.00 secs] 
2021-01-21T16:07:24.182+0800: 7.629: [GC cleanup 802M->683M(2048M), 0.0013944 secs]
 [Times: user=0.00 sys=0.00, real=0.00 secs] 
2021-01-21T16:07:24.183+0800: 7.630: [GC concurrent-cleanup-start]
2021-01-21T16:07:24.183+0800: 7.630: [GC concurrent-cleanup-end, 0.0001391 secs]
2021-01-21T16:07:24.379+0800: 7.826: [GC pause (G1 Evacuation Pause) (young), 0.0512874 secs]
   [Parallel Time: 49.6 ms, GC Workers: 4]
      [GC Worker Start (ms): Min: 7826.2, Avg: 7826.2, Max: 7826.3, Diff: 0.0]
      [Ext Root Scanning (ms): Min: 0.2, Avg: 0.2, Max: 0.2, Diff: 0.1, Sum: 0.8]
      [Update RS (ms): Min: 11.2, Avg: 11.2, Max: 11.2, Diff: 0.0, Sum: 44.7]
         [Processed Buffers: Min: 158, Avg: 163.5, Max: 170, Diff: 12, Sum: 654]
      [Scan RS (ms): Min: 0.1, Avg: 0.1, Max: 0.2, Diff: 0.0, Sum: 0.6]
      [Code Root Scanning (ms): Min: 0.0, Avg: 0.0, Max: 0.0, Diff: 0.0, Sum: 0.0]
      [Object Copy (ms): Min: 37.9, Avg: 37.9, Max: 38.0, Diff: 0.2, Sum: 151.7]
      [Termination (ms): Min: 0.0, Avg: 0.1, Max: 0.2, Diff: 0.2, Sum: 0.4]
         [Termination Attempts: Min: 1, Avg: 1.3, Max: 2, Diff: 1, Sum: 5]
      [GC Worker Other (ms): Min: 0.0, Avg: 0.0, Max: 0.0, Diff: 0.0, Sum: 0.1]
      [GC Worker Total (ms): Min: 49.5, Avg: 49.5, Max: 49.6, Diff: 0.1, Sum: 198.2]
      [GC Worker End (ms): Min: 7875.8, Avg: 7875.8, Max: 7875.8, Diff: 0.0]
   [Code Root Fixup: 0.0 ms]
   [Code Root Purge: 0.0 ms]
   [Clear CT: 0.2 ms]
   [Other: 1.4 ms]
      [Choose CSet: 0.0 ms]
      [Ref Proc: 0.1 ms]
      [Ref Enq: 0.0 ms]
      [Redirty Cards: 0.1 ms]
      [Humongous Register: 0.2 ms]
      [Humongous Reclaim: 0.4 ms]
      [Free CSet: 0.5 ms]
   [Eden: 780.0M(780.0M)->0.0B(5120.0K) Survivors: 108.0M->111.0M Heap: 1643.0M(2048.0M)->748.8M(2048.0M)]
 [Times: user=0.19 sys=0.00, real=0.05 secs] 
2021-01-21T16:07:24.432+0800: 7.879: [GC pause (G1 Evacuation Pause) (mixed), 0.0271825 secs]
   [Parallel Time: 26.1 ms, GC Workers: 4]
      [GC Worker Start (ms): Min: 7878.9, Avg: 7879.0, Max: 7879.0, Diff: 0.0]
      [Ext Root Scanning (ms): Min: 0.2, Avg: 0.2, Max: 0.2, Diff: 0.0, Sum: 0.7]
      [Update RS (ms): Min: 0.4, Avg: 0.4, Max: 0.4, Diff: 0.0, Sum: 1.5]
         [Processed Buffers: Min: 4, Avg: 4.8, Max: 5, Diff: 1, Sum: 19]
      [Scan RS (ms): Min: 0.1, Avg: 0.1, Max: 0.1, Diff: 0.0, Sum: 0.5]
      [Code Root Scanning (ms): Min: 0.0, Avg: 0.0, Max: 0.0, Diff: 0.0, Sum: 0.0]
      [Object Copy (ms): Min: 25.3, Avg: 25.3, Max: 25.3, Diff: 0.0, Sum: 101.2]
      [Termination (ms): Min: 0.0, Avg: 0.0, Max: 0.0, Diff: 0.0, Sum: 0.0]
         [Termination Attempts: Min: 1, Avg: 1.3, Max: 2, Diff: 1, Sum: 5]
      [GC Worker Other (ms): Min: 0.0, Avg: 0.0, Max: 0.0, Diff: 0.0, Sum: 0.1]
      [GC Worker Total (ms): Min: 26.0, Avg: 26.0, Max: 26.0, Diff: 0.0, Sum: 104.0]
      [GC Worker End (ms): Min: 7904.9, Avg: 7904.9, Max: 7905.0, Diff: 0.0]
   [Code Root Fixup: 0.0 ms]
   [Code Root Purge: 0.0 ms]
   [Clear CT: 0.1 ms]
   [Other: 1.0 ms]
      [Choose CSet: 0.1 ms]
      [Ref Proc: 0.1 ms]
      [Ref Enq: 0.0 ms]
      [Redirty Cards: 0.1 ms]
      [Humongous Register: 0.2 ms]
      [Humongous Reclaim: 0.1 ms]
      [Free CSet: 0.3 ms]
   [Eden: 5120.0K(5120.0K)->0.0B(933.0M) Survivors: 111.0M->2048.0K Heap: 755.5M(2048.0M)->583.9M(2048.0M)]
 [Times: user=0.13 sys=0.00, real=0.03 secs] 
2021-01-21T16:07:24.610+0800: 8.057: [GC pause (G1 Humongous Allocation) (young) (initial-mark), 0.0449453 secs]
   [Parallel Time: 43.3 ms, GC Workers: 4]
      [GC Worker Start (ms): Min: 8057.5, Avg: 8057.6, Max: 8057.6, Diff: 0.0]
      [Ext Root Scanning (ms): Min: 0.2, Avg: 0.2, Max: 0.2, Diff: 0.0, Sum: 0.8]
      [Update RS (ms): Min: 12.5, Avg: 12.5, Max: 12.5, Diff: 0.0, Sum: 49.9]
         [Processed Buffers: Min: 178, Avg: 183.3, Max: 188, Diff: 10, Sum: 733]
      [Scan RS (ms): Min: 0.1, Avg: 0.1, Max: 0.1, Diff: 0.0, Sum: 0.4]
      [Code Root Scanning (ms): Min: 0.0, Avg: 0.0, Max: 0.0, Diff: 0.0, Sum: 0.0]
      [Object Copy (ms): Min: 30.4, Avg: 30.4, Max: 30.4, Diff: 0.1, Sum: 121.7]
      [Termination (ms): Min: 0.0, Avg: 0.0, Max: 0.1, Diff: 0.1, Sum: 0.1]
         [Termination Attempts: Min: 1, Avg: 1.0, Max: 1, Diff: 0, Sum: 4]
      [GC Worker Other (ms): Min: 0.0, Avg: 0.0, Max: 0.0, Diff: 0.0, Sum: 0.1]
      [GC Worker Total (ms): Min: 43.2, Avg: 43.2, Max: 43.3, Diff: 0.1, Sum: 173.0]
      [GC Worker End (ms): Min: 8100.8, Avg: 8100.8, Max: 8100.8, Diff: 0.0]
   [Code Root Fixup: 0.0 ms]
   [Code Root Purge: 0.0 ms]
   [Clear CT: 0.2 ms]
   [Other: 1.5 ms]
      [Choose CSet: 0.0 ms]
      [Ref Proc: 0.1 ms]
      [Ref Enq: 0.0 ms]
      [Redirty Cards: 0.1 ms]
      [Humongous Register: 0.2 ms]
      [Humongous Reclaim: 0.4 ms]
      [Free CSet: 0.4 ms]
   [Eden: 599.0M(933.0M)->0.0B(792.0M) Survivors: 2048.0K->117.0M Heap: 1357.2M(2048.0M)->734.3M(2048.0M)]
 [Times: user=0.14 sys=0.00, real=0.05 secs] 
2021-01-21T16:07:24.655+0800: 8.102: [GC concurrent-root-region-scan-start]
2021-01-21T16:07:24.656+0800: 8.103: [GC concurrent-root-region-scan-end, 0.0002875 secs]
2021-01-21T16:07:24.656+0800: 8.103: [GC concurrent-mark-start]
2021-01-21T16:07:24.660+0800: 8.107: [GC concurrent-mark-end, 0.0047031 secs]
2021-01-21T16:07:24.661+0800: 8.108: [GC remark 2021-01-21T16:07:24.661+0800: 8.108: [Finalize Marking, 0.0001375 secs] 2021-01-21T16:07:24.661+0800: 8.108: [GC ref-proc, 0.0001009 secs] 2021-01-21T16:07:24.661+0800: 8.108: [Unloading, 0.0005576 secs], 0.0020293 secs]
 [Times: user=0.00 sys=0.00, real=0.00 secs] 
2021-01-21T16:07:24.663+0800: 8.110: [GC cleanup 762M->662M(2048M), 0.0015531 secs]
 [Times: user=0.00 sys=0.00, real=0.00 secs] 
2021-01-21T16:07:24.665+0800: 8.111: [GC concurrent-cleanup-start]
2021-01-21T16:07:24.665+0800: 8.112: [GC concurrent-cleanup-end, 0.0001192 secs]
2021-01-21T16:07:24.865+0800: 8.312: [GC pause (G1 Evacuation Pause) (young) (to-space exhausted), 0.0563532 secs]
   [Parallel Time: 54.0 ms, GC Workers: 4]
      [GC Worker Start (ms): Min: 8312.3, Avg: 8312.3, Max: 8312.4, Diff: 0.1]
      [Ext Root Scanning (ms): Min: 0.2, Avg: 0.2, Max: 0.2, Diff: 0.1, Sum: 0.8]
      [Update RS (ms): Min: 15.7, Avg: 15.7, Max: 15.8, Diff: 0.0, Sum: 63.0]
         [Processed Buffers: Min: 228, Avg: 234.5, Max: 239, Diff: 11, Sum: 938]
      [Scan RS (ms): Min: 0.1, Avg: 0.2, Max: 0.2, Diff: 0.0, Sum: 0.6]
      [Code Root Scanning (ms): Min: 0.0, Avg: 0.0, Max: 0.0, Diff: 0.0, Sum: 0.0]
      [Object Copy (ms): Min: 37.7, Avg: 37.7, Max: 37.8, Diff: 0.0, Sum: 150.9]
      [Termination (ms): Min: 0.0, Avg: 0.0, Max: 0.0, Diff: 0.0, Sum: 0.1]
         [Termination Attempts: Min: 1, Avg: 1.3, Max: 2, Diff: 1, Sum: 5]
      [GC Worker Other (ms): Min: 0.0, Avg: 0.0, Max: 0.0, Diff: 0.0, Sum: 0.1]
      [GC Worker Total (ms): Min: 53.9, Avg: 53.9, Max: 53.9, Diff: 0.1, Sum: 215.5]
      [GC Worker End (ms): Min: 8366.2, Avg: 8366.2, Max: 8366.2, Diff: 0.0]
   [Code Root Fixup: 0.0 ms]
   [Code Root Purge: 0.0 ms]
   [Clear CT: 0.3 ms]
   [Other: 2.1 ms]
      [Evacuation Failure: 0.4 ms]
      [Choose CSet: 0.0 ms]
      [Ref Proc: 0.2 ms]
      [Ref Enq: 0.0 ms]
      [Redirty Cards: 0.3 ms]
      [Humongous Register: 0.2 ms]
      [Humongous Reclaim: 0.4 ms]
      [Free CSet: 0.5 ms]
   [Eden: 792.0M(792.0M)->0.0B(5120.0K) Survivors: 117.0M->114.0M Heap: 1647.3M(2048.0M)->817.9M(2048.0M)]
 [Times: user=0.19 sys=0.00, real=0.06 secs] 
2021-01-21T16:07:24.923+0800: 8.370: [GC pause (G1 Evacuation Pause) (mixed), 0.0266862 secs]
   [Parallel Time: 25.4 ms, GC Workers: 4]
      [GC Worker Start (ms): Min: 8370.0, Avg: 8370.0, Max: 8370.1, Diff: 0.1]
      [Ext Root Scanning (ms): Min: 0.2, Avg: 0.2, Max: 0.2, Diff: 0.1, Sum: 0.7]
      [Update RS (ms): Min: 0.2, Avg: 0.2, Max: 0.2, Diff: 0.0, Sum: 0.9]
         [Processed Buffers: Min: 2, Avg: 3.5, Max: 6, Diff: 4, Sum: 14]
      [Scan RS (ms): Min: 0.1, Avg: 0.1, Max: 0.1, Diff: 0.0, Sum: 0.4]
      [Code Root Scanning (ms): Min: 0.0, Avg: 0.0, Max: 0.0, Diff: 0.0, Sum: 0.0]
      [Object Copy (ms): Min: 24.7, Avg: 24.7, Max: 24.8, Diff: 0.1, Sum: 99.0]
      [Termination (ms): Min: 0.0, Avg: 0.0, Max: 0.1, Diff: 0.1, Sum: 0.1]
         [Termination Attempts: Min: 1, Avg: 1.0, Max: 1, Diff: 0, Sum: 4]
      [GC Worker Other (ms): Min: 0.0, Avg: 0.0, Max: 0.0, Diff: 0.0, Sum: 0.1]
      [GC Worker Total (ms): Min: 25.3, Avg: 25.3, Max: 25.3, Diff: 0.1, Sum: 101.2]
      [GC Worker End (ms): Min: 8395.3, Avg: 8395.3, Max: 8395.3, Diff: 0.0]
   [Code Root Fixup: 0.0 ms]
   [Code Root Purge: 0.0 ms]
   [Clear CT: 0.1 ms]
   [Other: 1.2 ms]
      [Choose CSet: 0.1 ms]
      [Ref Proc: 0.1 ms]
      [Ref Enq: 0.0 ms]
      [Redirty Cards: 0.3 ms]
      [Humongous Register: 0.2 ms]
      [Humongous Reclaim: 0.1 ms]
      [Free CSet: 0.3 ms]
   [Eden: 5120.0K(5120.0K)->0.0B(849.0M) Survivors: 114.0M->2048.0K Heap: 823.4M(2048.0M)->671.7M(2048.0M)]
 [Times: user=0.06 sys=0.00, real=0.03 secs] 
2021-01-21T16:07:25.073+0800: 8.520: [GC pause (G1 Humongous Allocation) (young) (initial-mark), 0.0404842 secs]
   [Parallel Time: 39.1 ms, GC Workers: 4]
      [GC Worker Start (ms): Min: 8520.7, Avg: 8520.7, Max: 8520.7, Diff: 0.1]
      [Ext Root Scanning (ms): Min: 0.2, Avg: 0.2, Max: 0.2, Diff: 0.1, Sum: 0.8]
      [Update RS (ms): Min: 15.5, Avg: 15.5, Max: 15.5, Diff: 0.0, Sum: 62.1]
         [Processed Buffers: Min: 230, Avg: 232.0, Max: 234, Diff: 4, Sum: 928]
      [Scan RS (ms): Min: 0.1, Avg: 0.1, Max: 0.1, Diff: 0.0, Sum: 0.3]
      [Code Root Scanning (ms): Min: 0.0, Avg: 0.0, Max: 0.0, Diff: 0.0, Sum: 0.0]
      [Object Copy (ms): Min: 23.1, Avg: 23.2, Max: 23.2, Diff: 0.0, Sum: 92.6]
      [Termination (ms): Min: 0.0, Avg: 0.0, Max: 0.0, Diff: 0.0, Sum: 0.1]
         [Termination Attempts: Min: 1, Avg: 1.0, Max: 1, Diff: 0, Sum: 4]
      [GC Worker Other (ms): Min: 0.0, Avg: 0.0, Max: 0.0, Diff: 0.0, Sum: 0.1]
      [GC Worker Total (ms): Min: 39.0, Avg: 39.0, Max: 39.0, Diff: 0.1, Sum: 156.0]
      [GC Worker End (ms): Min: 8559.7, Avg: 8559.7, Max: 8559.7, Diff: 0.0]
   [Code Root Fixup: 0.0 ms]
   [Code Root Purge: 0.0 ms]
   [Clear CT: 0.1 ms]
   [Other: 1.3 ms]
      [Choose CSet: 0.0 ms]
      [Ref Proc: 0.1 ms]
      [Ref Enq: 0.0 ms]
      [Redirty Cards: 0.1 ms]
      [Humongous Register: 0.2 ms]
      [Humongous Reclaim: 0.3 ms]
      [Free CSet: 0.3 ms]
   [Eden: 487.0M(849.0M)->0.0B(109.0M) Survivors: 2048.0K->107.0M Heap: 1273.7M(2048.0M)->792.1M(2048.0M)]
 [Times: user=0.19 sys=0.00, real=0.04 secs] 
2021-01-21T16:07:25.113+0800: 8.561: [GC concurrent-root-region-scan-start]
2021-01-21T16:07:25.114+0800: 8.561: [GC concurrent-root-region-scan-end, 0.0003001 secs]
2021-01-21T16:07:25.114+0800: 8.561: [GC concurrent-mark-start]
2021-01-21T16:07:25.118+0800: 8.566: [GC concurrent-mark-end, 0.0045778 secs]
2021-01-21T16:07:25.118+0800: 8.566: [GC remark 2021-01-21T16:07:25.118+0800: 8.566: [Finalize Marking, 0.0002085 secs] 2021-01-21T16:07:25.120+0800: 8.566: [GC ref-proc, 0.0000998 secs] 2021-01-21T16:07:25.120+0800: 8.566: [Unloading, 0.0004999 secs], 0.0019481 secs]
 [Times: user=0.00 sys=0.00, real=0.00 secs] 
2021-01-21T16:07:25.121+0800: 8.568: [GC cleanup 817M->679M(2048M), 0.0013281 secs]
 [Times: user=0.00 sys=0.00, real=0.00 secs] 
2021-01-21T16:07:25.123+0800: 8.570: [GC concurrent-cleanup-start]
2021-01-21T16:07:25.123+0800: 8.570: [GC concurrent-cleanup-end, 0.0001395 secs]
2021-01-21T16:07:25.146+0800: 8.593: [GC pause (G1 Evacuation Pause) (young), 0.0332845 secs]
   [Parallel Time: 32.0 ms, GC Workers: 4]
      [GC Worker Start (ms): Min: 8593.5, Avg: 8593.6, Max: 8593.6, Diff: 0.1]
      [Ext Root Scanning (ms): Min: 0.2, Avg: 0.2, Max: 0.2, Diff: 0.1, Sum: 0.8]
      [Update RS (ms): Min: 5.9, Avg: 5.9, Max: 5.9, Diff: 0.1, Sum: 23.6]
         [Processed Buffers: Min: 58, Avg: 73.8, Max: 91, Diff: 33, Sum: 295]
      [Scan RS (ms): Min: 0.0, Avg: 0.0, Max: 0.1, Diff: 0.1, Sum: 0.1]
      [Code Root Scanning (ms): Min: 0.0, Avg: 0.0, Max: 0.0, Diff: 0.0, Sum: 0.0]
      [Object Copy (ms): Min: 25.7, Avg: 25.7, Max: 25.7, Diff: 0.0, Sum: 102.8]
      [Termination (ms): Min: 0.0, Avg: 0.0, Max: 0.0, Diff: 0.0, Sum: 0.1]
         [Termination Attempts: Min: 1, Avg: 1.0, Max: 1, Diff: 0, Sum: 4]
      [GC Worker Other (ms): Min: 0.0, Avg: 0.0, Max: 0.0, Diff: 0.0, Sum: 0.1]
      [GC Worker Total (ms): Min: 31.8, Avg: 31.9, Max: 31.9, Diff: 0.1, Sum: 127.5]
      [GC Worker End (ms): Min: 8625.4, Avg: 8625.4, Max: 8625.5, Diff: 0.0]
   [Code Root Fixup: 0.0 ms]
   [Code Root Purge: 0.0 ms]
   [Clear CT: 0.1 ms]
   [Other: 1.3 ms]
      [Choose CSet: 0.0 ms]
      [Ref Proc: 0.1 ms]
      [Ref Enq: 0.0 ms]
      [Redirty Cards: 0.3 ms]
      [Humongous Register: 0.2 ms]
      [Humongous Reclaim: 0.2 ms]
      [Free CSet: 0.2 ms]
   [Eden: 109.0M(109.0M)->0.0B(75.0M) Survivors: 107.0M->27.0M Heap: 799.3M(2048.0M)->674.3M(2048.0M)]
 [Times: user=0.13 sys=0.00, real=0.03 secs] 
2021-01-21T16:07:25.198+0800: 8.645: [GC pause (G1 Evacuation Pause) (mixed), 0.0199421 secs]
   [Parallel Time: 18.6 ms, GC Workers: 4]
      [GC Worker Start (ms): Min: 8645.2, Avg: 8645.3, Max: 8645.3, Diff: 0.1]
      [Ext Root Scanning (ms): Min: 0.2, Avg: 0.2, Max: 0.2, Diff: 0.1, Sum: 0.8]
      [Update RS (ms): Min: 2.6, Avg: 2.6, Max: 2.7, Diff: 0.0, Sum: 10.6]
         [Processed Buffers: Min: 40, Avg: 40.3, Max: 41, Diff: 1, Sum: 161]
      [Scan RS (ms): Min: 0.1, Avg: 0.1, Max: 0.1, Diff: 0.0, Sum: 0.5]
      [Code Root Scanning (ms): Min: 0.0, Avg: 0.0, Max: 0.0, Diff: 0.0, Sum: 0.1]
      [Object Copy (ms): Min: 15.3, Avg: 15.4, Max: 15.5, Diff: 0.1, Sum: 61.6]
      [Termination (ms): Min: 0.0, Avg: 0.1, Max: 0.1, Diff: 0.1, Sum: 0.2]
         [Termination Attempts: Min: 1, Avg: 1.0, Max: 1, Diff: 0, Sum: 4]
      [GC Worker Other (ms): Min: 0.0, Avg: 0.0, Max: 0.0, Diff: 0.0, Sum: 0.1]
      [GC Worker Total (ms): Min: 18.4, Avg: 18.5, Max: 18.5, Diff: 0.1, Sum: 73.8]
      [GC Worker End (ms): Min: 8663.7, Avg: 8663.7, Max: 8663.7, Diff: 0.0]
   [Code Root Fixup: 0.0 ms]
   [Code Root Purge: 0.0 ms]
   [Clear CT: 0.1 ms]
   [Other: 1.2 ms]
      [Choose CSet: 0.1 ms]
      [Ref Proc: 0.1 ms]
      [Ref Enq: 0.0 ms]
      [Redirty Cards: 0.2 ms]
      [Humongous Register: 0.2 ms]
      [Humongous Reclaim: 0.1 ms]
      [Free CSet: 0.3 ms]
   [Eden: 75.0M(75.0M)->0.0B(496.0M) Survivors: 27.0M->13.0M Heap: 768.6M(2048.0M)->535.0M(2048.0M)]
 [Times: user=0.06 sys=0.00, real=0.02 secs] 
2021-01-21T16:07:25.341+0800: 8.789: [GC pause (G1 Evacuation Pause) (young), 0.0457568 secs]
   [Parallel Time: 44.5 ms, GC Workers: 4]
      [GC Worker Start (ms): Min: 8789.1, Avg: 8789.2, Max: 8789.2, Diff: 0.1]
      [Ext Root Scanning (ms): Min: 0.2, Avg: 0.2, Max: 0.2, Diff: 0.1, Sum: 0.7]
      [Update RS (ms): Min: 17.3, Avg: 17.3, Max: 17.3, Diff: 0.0, Sum: 69.3]
         [Processed Buffers: Min: 255, Avg: 256.8, Max: 258, Diff: 3, Sum: 1027]
      [Scan RS (ms): Min: 0.1, Avg: 0.1, Max: 0.1, Diff: 0.0, Sum: 0.3]
      [Code Root Scanning (ms): Min: 0.0, Avg: 0.0, Max: 0.0, Diff: 0.0, Sum: 0.0]
      [Object Copy (ms): Min: 26.7, Avg: 26.8, Max: 26.8, Diff: 0.1, Sum: 107.0]
      [Termination (ms): Min: 0.0, Avg: 0.1, Max: 0.1, Diff: 0.1, Sum: 0.2]
         [Termination Attempts: Min: 1, Avg: 1.0, Max: 1, Diff: 0, Sum: 4]
      [GC Worker Other (ms): Min: 0.0, Avg: 0.0, Max: 0.0, Diff: 0.0, Sum: 0.1]
      [GC Worker Total (ms): Min: 44.4, Avg: 44.4, Max: 44.5, Diff: 0.1, Sum: 177.7]
      [GC Worker End (ms): Min: 8833.6, Avg: 8833.6, Max: 8833.6, Diff: 0.0]
   [Code Root Fixup: 0.0 ms]
   [Code Root Purge: 0.0 ms]
   [Clear CT: 0.2 ms]
   [Other: 1.1 ms]
      [Choose CSet: 0.0 ms]
      [Ref Proc: 0.1 ms]
      [Ref Enq: 0.0 ms]
      [Redirty Cards: 0.1 ms]
      [Humongous Register: 0.1 ms]
      [Humongous Reclaim: 0.3 ms]
      [Free CSet: 0.3 ms]
   [Eden: 496.0M(496.0M)->0.0B(52.0M) Survivors: 13.0M->64.0M Heap: 1158.5M(2048.0M)->654.5M(2048.0M)]
 [Times: user=0.19 sys=0.00, real=0.05 secs] 
2021-01-21T16:07:25.399+0800: 8.847: [GC pause (G1 Evacuation Pause) (young), 0.0190537 secs]
   [Parallel Time: 18.1 ms, GC Workers: 4]
      [GC Worker Start (ms): Min: 8847.2, Avg: 8847.2, Max: 8847.2, Diff: 0.0]
      [Ext Root Scanning (ms): Min: 0.2, Avg: 0.2, Max: 0.2, Diff: 0.0, Sum: 0.7]
      [Update RS (ms): Min: 2.8, Avg: 2.8, Max: 2.9, Diff: 0.0, Sum: 11.3]
         [Processed Buffers: Min: 28, Avg: 35.3, Max: 43, Diff: 15, Sum: 141]
      [Scan RS (ms): Min: 0.0, Avg: 0.0, Max: 0.0, Diff: 0.0, Sum: 0.1]
      [Code Root Scanning (ms): Min: 0.0, Avg: 0.0, Max: 0.0, Diff: 0.0, Sum: 0.0]
      [Object Copy (ms): Min: 14.9, Avg: 14.9, Max: 14.9, Diff: 0.1, Sum: 59.7]
      [Termination (ms): Min: 0.0, Avg: 0.0, Max: 0.1, Diff: 0.1, Sum: 0.1]
         [Termination Attempts: Min: 1, Avg: 1.0, Max: 1, Diff: 0, Sum: 4]
      [GC Worker Other (ms): Min: 0.0, Avg: 0.0, Max: 0.0, Diff: 0.0, Sum: 0.1]
      [GC Worker Total (ms): Min: 18.0, Avg: 18.0, Max: 18.0, Diff: 0.0, Sum: 72.0]
      [GC Worker End (ms): Min: 8865.2, Avg: 8865.2, Max: 8865.2, Diff: 0.0]
   [Code Root Fixup: 0.0 ms]
   [Code Root Purge: 0.0 ms]
   [Clear CT: 0.1 ms]
   [Other: 0.9 ms]
      [Choose CSet: 0.0 ms]
      [Ref Proc: 0.1 ms]
      [Ref Enq: 0.0 ms]
      [Redirty Cards: 0.2 ms]
      [Humongous Register: 0.2 ms]
      [Humongous Reclaim: 0.1 ms]
      [Free CSet: 0.1 ms]
   [Eden: 52.0M(52.0M)->0.0B(203.0M) Survivors: 64.0M->15.0M Heap: 723.6M(2048.0M)->676.7M(2048.0M)]
 [Times: user=0.06 sys=0.00, real=0.02 secs] 
2021-01-21T16:07:25.472+0800: 8.919: [GC pause (G1 Evacuation Pause) (young), 0.0244878 secs]
   [Parallel Time: 23.0 ms, GC Workers: 4]
      [GC Worker Start (ms): Min: 8919.5, Avg: 8919.5, Max: 8919.5, Diff: 0.1]
      [Ext Root Scanning (ms): Min: 0.1, Avg: 0.2, Max: 0.2, Diff: 0.1, Sum: 0.7]
      [Update RS (ms): Min: 8.5, Avg: 8.6, Max: 8.6, Diff: 0.0, Sum: 34.2]
         [Processed Buffers: Min: 122, Avg: 123.0, Max: 125, Diff: 3, Sum: 492]
      [Scan RS (ms): Min: 0.0, Avg: 0.0, Max: 0.1, Diff: 0.0, Sum: 0.2]
      [Code Root Scanning (ms): Min: 0.0, Avg: 0.0, Max: 0.0, Diff: 0.0, Sum: 0.0]
      [Object Copy (ms): Min: 14.1, Avg: 14.1, Max: 14.1, Diff: 0.1, Sum: 56.4]
      [Termination (ms): Min: 0.0, Avg: 0.0, Max: 0.0, Diff: 0.0, Sum: 0.1]
         [Termination Attempts: Min: 1, Avg: 1.0, Max: 1, Diff: 0, Sum: 4]
      [GC Worker Other (ms): Min: 0.0, Avg: 0.0, Max: 0.0, Diff: 0.0, Sum: 0.1]
      [GC Worker Total (ms): Min: 22.9, Avg: 22.9, Max: 23.0, Diff: 0.1, Sum: 91.6]
      [GC Worker End (ms): Min: 8942.4, Avg: 8942.4, Max: 8942.4, Diff: 0.0]
   [Code Root Fixup: 0.0 ms]
   [Code Root Purge: 0.0 ms]
   [Clear CT: 0.4 ms]
   [Other: 1.1 ms]
      [Choose CSet: 0.0 ms]
      [Ref Proc: 0.1 ms]
      [Ref Enq: 0.0 ms]
      [Redirty Cards: 0.2 ms]
      [Humongous Register: 0.2 ms]
      [Humongous Reclaim: 0.2 ms]
      [Free CSet: 0.2 ms]
   [Eden: 203.0M(203.0M)->0.0B(211.0M) Survivors: 15.0M->28.0M Heap: 940.5M(2048.0M)->740.3M(2048.0M)]
 [Times: user=0.06 sys=0.00, real=0.02 secs] 
2021-01-21T16:07:25.549+0800: 8.996: [GC pause (G1 Evacuation Pause) (young), 0.0241442 secs]
   [Parallel Time: 22.7 ms, GC Workers: 4]
      [GC Worker Start (ms): Min: 8996.5, Avg: 8996.5, Max: 8996.5, Diff: 0.1]
      [Ext Root Scanning (ms): Min: 0.1, Avg: 0.2, Max: 0.2, Diff: 0.1, Sum: 0.7]
      [Update RS (ms): Min: 6.9, Avg: 7.0, Max: 7.0, Diff: 0.1, Sum: 28.0]
         [Processed Buffers: Min: 103, Avg: 103.8, Max: 104, Diff: 1, Sum: 415]
      [Scan RS (ms): Min: 0.0, Avg: 0.0, Max: 0.1, Diff: 0.0, Sum: 0.1]
      [Code Root Scanning (ms): Min: 0.0, Avg: 0.0, Max: 0.0, Diff: 0.0, Sum: 0.0]
      [Object Copy (ms): Min: 15.3, Avg: 15.3, Max: 15.4, Diff: 0.1, Sum: 61.3]
      [Termination (ms): Min: 0.0, Avg: 0.1, Max: 0.1, Diff: 0.1, Sum: 0.2]
         [Termination Attempts: Min: 1, Avg: 1.0, Max: 1, Diff: 0, Sum: 4]
      [GC Worker Other (ms): Min: 0.0, Avg: 0.0, Max: 0.0, Diff: 0.0, Sum: 0.0]
      [GC Worker Total (ms): Min: 22.6, Avg: 22.6, Max: 22.6, Diff: 0.1, Sum: 90.5]
      [GC Worker End (ms): Min: 9019.1, Avg: 9019.1, Max: 9019.1, Diff: 0.0]
   [Code Root Fixup: 0.0 ms]
   [Code Root Purge: 0.0 ms]
   [Clear CT: 0.3 ms]
   [Other: 1.2 ms]
      [Choose CSet: 0.0 ms]
      [Ref Proc: 0.1 ms]
      [Ref Enq: 0.0 ms]
      [Redirty Cards: 0.3 ms]
      [Humongous Register: 0.2 ms]
      [Humongous Reclaim: 0.2 ms]
      [Free CSet: 0.2 ms]
   [Eden: 211.0M(211.0M)->0.0B(275.0M) Survivors: 28.0M->30.0M Heap: 1002.5M(2048.0M)->794.5M(2048.0M)]
 [Times: user=0.06 sys=0.00, real=0.02 secs] 
2021-01-21T16:07:25.629+0800: 9.077: [GC pause (G1 Humongous Allocation) (young) (initial-mark), 0.0269763 secs]
   [Parallel Time: 25.7 ms, GC Workers: 4]
      [GC Worker Start (ms): Min: 9077.0, Avg: 9077.1, Max: 9077.1, Diff: 0.0]
      [Ext Root Scanning (ms): Min: 0.2, Avg: 0.2, Max: 0.2, Diff: 0.0, Sum: 0.8]
      [Update RS (ms): Min: 7.8, Avg: 7.9, Max: 7.9, Diff: 0.1, Sum: 31.5]
         [Processed Buffers: Min: 116, Avg: 117.0, Max: 118, Diff: 2, Sum: 468]
      [Scan RS (ms): Min: 0.0, Avg: 0.0, Max: 0.1, Diff: 0.0, Sum: 0.1]
      [Code Root Scanning (ms): Min: 0.0, Avg: 0.0, Max: 0.0, Diff: 0.0, Sum: 0.0]
      [Object Copy (ms): Min: 17.3, Avg: 17.3, Max: 17.4, Diff: 0.0, Sum: 69.4]
      [Termination (ms): Min: 0.0, Avg: 0.0, Max: 0.1, Diff: 0.1, Sum: 0.1]
         [Termination Attempts: Min: 1, Avg: 1.0, Max: 1, Diff: 0, Sum: 4]
      [GC Worker Other (ms): Min: 0.0, Avg: 0.0, Max: 0.0, Diff: 0.0, Sum: 0.1]
      [GC Worker Total (ms): Min: 25.5, Avg: 25.5, Max: 25.5, Diff: 0.0, Sum: 101.9]
      [GC Worker End (ms): Min: 9102.5, Avg: 9102.5, Max: 9102.6, Diff: 0.0]
   [Code Root Fixup: 0.0 ms]
   [Code Root Purge: 0.0 ms]
   [Clear CT: 0.1 ms]
   [Other: 1.2 ms]
      [Choose CSet: 0.0 ms]
      [Ref Proc: 0.2 ms]
      [Ref Enq: 0.0 ms]
      [Redirty Cards: 0.2 ms]
      [Humongous Register: 0.2 ms]
      [Humongous Reclaim: 0.2 ms]
      [Free CSet: 0.2 ms]
   [Eden: 229.0M(275.0M)->0.0B(337.0M) Survivors: 30.0M->39.0M Heap: 1081.1M(2048.0M)->853.9M(2048.0M)]
 [Times: user=0.06 sys=0.00, real=0.03 secs] 
2021-01-21T16:07:25.656+0800: 9.104: [GC concurrent-root-region-scan-start]
2021-01-21T16:07:25.657+0800: 9.104: [GC concurrent-root-region-scan-end, 0.0001718 secs]
2021-01-21T16:07:25.657+0800: 9.104: [GC concurrent-mark-start]
2021-01-21T16:07:25.662+0800: 9.110: [GC concurrent-mark-end, 0.0057220 secs]
2021-01-21T16:07:25.662+0800: 9.110: [GC remark 2021-01-21T16:07:25.662+0800: 9.110: [Finalize Marking, 0.0001835 secs] 2021-01-21T16:07:25.663+0800: 9.110: [GC ref-proc, 0.0000998 secs] 2021-01-21T16:07:25.663+0800: 9.110: [Unloading, 0.0005428 secs], 0.0024626 secs]
 [Times: user=0.00 sys=0.00, real=0.00 secs] 
2021-01-21T16:07:25.665+0800: 9.113: [GC cleanup 890M->734M(2048M), 0.0016266 secs]
 [Times: user=0.00 sys=0.00, real=0.00 secs] 
2021-01-21T16:07:25.667+0800: 9.114: [GC concurrent-cleanup-start]
2021-01-21T16:07:25.667+0800: 9.114: [GC concurrent-cleanup-end, 0.0001453 secs]
2021-01-21T16:07:25.752+0800: 9.199: [GC pause (G1 Evacuation Pause) (young), 0.0387730 secs]
   [Parallel Time: 37.5 ms, GC Workers: 4]
      [GC Worker Start (ms): Min: 9199.5, Avg: 9199.5, Max: 9199.6, Diff: 0.1]
      [Ext Root Scanning (ms): Min: 0.2, Avg: 0.2, Max: 0.2, Diff: 0.1, Sum: 0.8]
      [Update RS (ms): Min: 13.3, Avg: 13.3, Max: 13.3, Diff: 0.0, Sum: 53.2]
         [Processed Buffers: Min: 189, Avg: 194.3, Max: 197, Diff: 8, Sum: 777]
      [Scan RS (ms): Min: 0.0, Avg: 0.1, Max: 0.1, Diff: 0.0, Sum: 0.2]
      [Code Root Scanning (ms): Min: 0.0, Avg: 0.0, Max: 0.0, Diff: 0.0, Sum: 0.0]
      [Object Copy (ms): Min: 23.7, Avg: 23.7, Max: 23.8, Diff: 0.1, Sum: 95.0]
      [Termination (ms): Min: 0.0, Avg: 0.0, Max: 0.1, Diff: 0.1, Sum: 0.1]
         [Termination Attempts: Min: 1, Avg: 1.0, Max: 1, Diff: 0, Sum: 4]
      [GC Worker Other (ms): Min: 0.0, Avg: 0.0, Max: 0.0, Diff: 0.0, Sum: 0.1]
      [GC Worker Total (ms): Min: 37.3, Avg: 37.4, Max: 37.4, Diff: 0.1, Sum: 149.4]
      [GC Worker End (ms): Min: 9236.9, Avg: 9236.9, Max: 9236.9, Diff: 0.0]
   [Code Root Fixup: 0.0 ms]
   [Code Root Purge: 0.0 ms]
   [Clear CT: 0.2 ms]
   [Other: 1.1 ms]
      [Choose CSet: 0.0 ms]
      [Ref Proc: 0.1 ms]
      [Ref Enq: 0.0 ms]
      [Redirty Cards: 0.2 ms]
      [Humongous Register: 0.2 ms]
      [Humongous Reclaim: 0.2 ms]
      [Free CSet: 0.2 ms]
   [Eden: 337.0M(337.0M)->0.0B(55.0M) Survivors: 39.0M->47.0M Heap: 1131.4M(2048.0M)->791.2M(2048.0M)]
 [Times: user=0.13 sys=0.00, real=0.04 secs] 
2021-01-21T16:07:25.803+0800: 9.250: [GC pause (G1 Evacuation Pause) (mixed), 0.0194363 secs]
   [Parallel Time: 18.2 ms, GC Workers: 4]
      [GC Worker Start (ms): Min: 9250.5, Avg: 9250.6, Max: 9250.6, Diff: 0.1]
      [Ext Root Scanning (ms): Min: 0.1, Avg: 0.2, Max: 0.2, Diff: 0.1, Sum: 0.6]
      [Update RS (ms): Min: 1.8, Avg: 1.8, Max: 1.8, Diff: 0.0, Sum: 7.1]
         [Processed Buffers: Min: 25, Avg: 25.8, Max: 26, Diff: 1, Sum: 103]
      [Scan RS (ms): Min: 0.1, Avg: 0.1, Max: 0.1, Diff: 0.1, Sum: 0.5]
      [Code Root Scanning (ms): Min: 0.0, Avg: 0.0, Max: 0.0, Diff: 0.0, Sum: 0.0]
      [Object Copy (ms): Min: 16.0, Avg: 16.0, Max: 16.0, Diff: 0.0, Sum: 64.0]
      [Termination (ms): Min: 0.0, Avg: 0.0, Max: 0.0, Diff: 0.0, Sum: 0.1]
         [Termination Attempts: Min: 1, Avg: 1.0, Max: 1, Diff: 0, Sum: 4]
      [GC Worker Other (ms): Min: 0.0, Avg: 0.0, Max: 0.0, Diff: 0.0, Sum: 0.1]
      [GC Worker Total (ms): Min: 18.0, Avg: 18.1, Max: 18.2, Diff: 0.1, Sum: 72.3]
      [GC Worker End (ms): Min: 9268.7, Avg: 9268.7, Max: 9268.7, Diff: 0.0]
   [Code Root Fixup: 0.0 ms]
   [Code Root Purge: 0.0 ms]
   [Clear CT: 0.1 ms]
   [Other: 1.1 ms]
      [Choose CSet: 0.1 ms]
      [Ref Proc: 0.1 ms]
      [Ref Enq: 0.0 ms]
      [Redirty Cards: 0.2 ms]
      [Humongous Register: 0.2 ms]
      [Humongous Reclaim: 0.1 ms]
      [Free CSet: 0.3 ms]
   [Eden: 55.0M(55.0M)->0.0B(89.0M) Survivors: 47.0M->13.0M Heap: 858.4M(2048.0M)->617.5M(2048.0M)]
 [Times: user=0.06 sys=0.00, real=0.02 secs] 
2021-01-21T16:07:25.844+0800: 9.291: [GC pause (G1 Evacuation Pause) (mixed), 0.0145794 secs]
   [Parallel Time: 13.1 ms, GC Workers: 4]
      [GC Worker Start (ms): Min: 9291.4, Avg: 9291.4, Max: 9291.4, Diff: 0.1]
      [Ext Root Scanning (ms): Min: 0.2, Avg: 0.2, Max: 0.2, Diff: 0.1, Sum: 0.8]
      [Update RS (ms): Min: 3.1, Avg: 3.1, Max: 3.2, Diff: 0.1, Sum: 12.5]
         [Processed Buffers: Min: 39, Avg: 44.0, Max: 47, Diff: 8, Sum: 176]
      [Scan RS (ms): Min: 0.0, Avg: 0.1, Max: 0.1, Diff: 0.1, Sum: 0.4]
      [Code Root Scanning (ms): Min: 0.0, Avg: 0.0, Max: 0.0, Diff: 0.0, Sum: 0.0]
      [Object Copy (ms): Min: 9.5, Avg: 9.6, Max: 9.7, Diff: 0.1, Sum: 38.4]
      [Termination (ms): Min: 0.0, Avg: 0.0, Max: 0.0, Diff: 0.0, Sum: 0.0]
         [Termination Attempts: Min: 1, Avg: 1.0, Max: 1, Diff: 0, Sum: 4]
      [GC Worker Other (ms): Min: 0.0, Avg: 0.0, Max: 0.0, Diff: 0.0, Sum: 0.1]
      [GC Worker Total (ms): Min: 13.0, Avg: 13.0, Max: 13.1, Diff: 0.1, Sum: 52.1]
      [GC Worker End (ms): Min: 9304.4, Avg: 9304.4, Max: 9304.4, Diff: 0.0]
   [Code Root Fixup: 0.0 ms]
   [Code Root Purge: 0.0 ms]
   [Clear CT: 0.3 ms]
   [Other: 1.2 ms]
      [Choose CSet: 0.0 ms]
      [Ref Proc: 0.2 ms]
      [Ref Enq: 0.0 ms]
      [Redirty Cards: 0.3 ms]
      [Humongous Register: 0.2 ms]
      [Humongous Reclaim: 0.1 ms]
      [Free CSet: 0.1 ms]
   [Eden: 89.0M(89.0M)->0.0B(833.0M) Survivors: 13.0M->13.0M Heap: 727.7M(2048.0M)->598.7M(2048.0M)]
 [Times: user=0.06 sys=0.00, real=0.01 secs] 
2021-01-21T16:07:26.023+0800: 9.470: [GC pause (G1 Humongous Allocation) (young) (initial-mark), 0.0540715 secs]
   [Parallel Time: 52.4 ms, GC Workers: 4]
      [GC Worker Start (ms): Min: 9470.3, Avg: 9470.4, Max: 9470.4, Diff: 0.1]
      [Ext Root Scanning (ms): Min: 0.2, Avg: 0.2, Max: 0.2, Diff: 0.1, Sum: 0.8]
      [Update RS (ms): Min: 23.4, Avg: 23.4, Max: 23.4, Diff: 0.0, Sum: 93.6]
         [Processed Buffers: Min: 347, Avg: 350.0, Max: 356, Diff: 9, Sum: 1400]
      [Scan RS (ms): Min: 0.1, Avg: 0.1, Max: 0.1, Diff: 0.0, Sum: 0.4]
      [Code Root Scanning (ms): Min: 0.0, Avg: 0.0, Max: 0.0, Diff: 0.0, Sum: 0.0]
      [Object Copy (ms): Min: 28.5, Avg: 28.6, Max: 28.6, Diff: 0.1, Sum: 114.2]
      [Termination (ms): Min: 0.0, Avg: 0.0, Max: 0.1, Diff: 0.1, Sum: 0.2]
         [Termination Attempts: Min: 1, Avg: 1.0, Max: 1, Diff: 0, Sum: 4]
      [GC Worker Other (ms): Min: 0.0, Avg: 0.0, Max: 0.0, Diff: 0.0, Sum: 0.1]
      [GC Worker Total (ms): Min: 52.3, Avg: 52.3, Max: 52.4, Diff: 0.1, Sum: 209.4]
      [GC Worker End (ms): Min: 9522.7, Avg: 9522.7, Max: 9522.7, Diff: 0.0]
   [Code Root Fixup: 0.0 ms]
   [Code Root Purge: 0.0 ms]
   [Clear CT: 0.2 ms]
   [Other: 1.4 ms]
      [Choose CSet: 0.0 ms]
      [Ref Proc: 0.1 ms]
      [Ref Enq: 0.0 ms]
      [Redirty Cards: 0.1 ms]
      [Humongous Register: 0.2 ms]
      [Humongous Reclaim: 0.3 ms]
      [Free CSet: 0.4 ms]
   [Eden: 632.0M(833.0M)->0.0B(748.0M) Survivors: 13.0M->106.0M Heap: 1404.2M(2048.0M)->726.5M(2048.0M)]
 [Times: user=0.19 sys=0.00, real=0.05 secs] 
2021-01-21T16:07:26.077+0800: 9.524: [GC concurrent-root-region-scan-start]
2021-01-21T16:07:26.077+0800: 9.525: [GC concurrent-root-region-scan-end, 0.0003102 secs]
2021-01-21T16:07:26.077+0800: 9.525: [GC concurrent-mark-start]
2021-01-21T16:07:26.081+0800: 9.529: [GC concurrent-mark-end, 0.0043583 secs]
2021-01-21T16:07:26.082+0800: 9.529: [GC remark 2021-01-21T16:07:26.082+0800: 9.529: [Finalize Marking, 0.0001340 secs] 2021-01-21T16:07:26.082+0800: 9.529: [GC ref-proc, 0.0000997 secs] 2021-01-21T16:07:26.082+0800: 9.529: [Unloading, 0.0004911 secs], 0.0020955 secs]
 [Times: user=0.00 sys=0.00, real=0.00 secs] 
2021-01-21T16:07:26.084+0800: 9.531: [GC cleanup 753M->652M(2048M), 0.0012943 secs]
 [Times: user=0.00 sys=0.00, real=0.00 secs] 
2021-01-21T16:07:26.085+0800: 9.533: [GC concurrent-cleanup-start]
2021-01-21T16:07:26.085+0800: 9.533: [GC concurrent-cleanup-end, 0.0000884 secs]
2021-01-21T16:07:26.272+0800: 9.719: [GC pause (G1 Evacuation Pause) (young), 0.0629615 secs]
   [Parallel Time: 61.2 ms, GC Workers: 4]
      [GC Worker Start (ms): Min: 9719.4, Avg: 9719.5, Max: 9719.5, Diff: 0.1]
      [Ext Root Scanning (ms): Min: 0.1, Avg: 0.2, Max: 0.2, Diff: 0.1, Sum: 0.7]
      [Update RS (ms): Min: 21.5, Avg: 21.6, Max: 21.6, Diff: 0.0, Sum: 86.3]
         [Processed Buffers: Min: 309, Avg: 318.3, Max: 326, Diff: 17, Sum: 1273]
      [Scan RS (ms): Min: 0.2, Avg: 0.2, Max: 0.2, Diff: 0.0, Sum: 0.7]
      [Code Root Scanning (ms): Min: 0.0, Avg: 0.0, Max: 0.0, Diff: 0.0, Sum: 0.0]
      [Object Copy (ms): Min: 39.1, Avg: 39.1, Max: 39.1, Diff: 0.0, Sum: 156.4]
      [Termination (ms): Min: 0.0, Avg: 0.0, Max: 0.0, Diff: 0.0, Sum: 0.0]
         [Termination Attempts: Min: 1, Avg: 1.0, Max: 1, Diff: 0, Sum: 4]
      [GC Worker Other (ms): Min: 0.0, Avg: 0.0, Max: 0.0, Diff: 0.0, Sum: 0.1]
      [GC Worker Total (ms): Min: 61.0, Avg: 61.1, Max: 61.1, Diff: 0.1, Sum: 244.3]
      [GC Worker End (ms): Min: 9780.5, Avg: 9780.5, Max: 9780.5, Diff: 0.0]
   [Code Root Fixup: 0.0 ms]
   [Code Root Purge: 0.0 ms]
   [Clear CT: 0.3 ms]
   [Other: 1.5 ms]
      [Choose CSet: 0.0 ms]
      [Ref Proc: 0.1 ms]
      [Ref Enq: 0.0 ms]
      [Redirty Cards: 0.1 ms]
      [Humongous Register: 0.3 ms]
      [Humongous Reclaim: 0.4 ms]
      [Free CSet: 0.4 ms]
   [Eden: 748.0M(748.0M)->0.0B(5120.0K) Survivors: 106.0M->107.0M Heap: 1555.9M(2048.0M)->748.6M(2048.0M)]
 [Times: user=0.25 sys=0.00, real=0.06 secs] 
2021-01-21T16:07:26.336+0800: 9.783: [GC pause (G1 Evacuation Pause) (mixed), 0.0246696 secs]
   [Parallel Time: 23.6 ms, GC Workers: 4]
      [GC Worker Start (ms): Min: 9783.8, Avg: 9783.8, Max: 9783.8, Diff: 0.1]
      [Ext Root Scanning (ms): Min: 0.2, Avg: 0.2, Max: 0.2, Diff: 0.1, Sum: 0.8]
      [Update RS (ms): Min: 0.6, Avg: 0.7, Max: 0.7, Diff: 0.1, Sum: 2.6]
         [Processed Buffers: Min: 5, Avg: 7.5, Max: 10, Diff: 5, Sum: 30]
      [Scan RS (ms): Min: 0.1, Avg: 0.2, Max: 0.2, Diff: 0.1, Sum: 0.6]
      [Code Root Scanning (ms): Min: 0.0, Avg: 0.0, Max: 0.0, Diff: 0.0, Sum: 0.0]
      [Object Copy (ms): Min: 22.4, Avg: 22.5, Max: 22.5, Diff: 0.1, Sum: 90.0]
      [Termination (ms): Min: 0.0, Avg: 0.0, Max: 0.1, Diff: 0.1, Sum: 0.1]
         [Termination Attempts: Min: 1, Avg: 1.0, Max: 1, Diff: 0, Sum: 4]
      [GC Worker Other (ms): Min: 0.0, Avg: 0.0, Max: 0.0, Diff: 0.0, Sum: 0.1]
      [GC Worker Total (ms): Min: 23.5, Avg: 23.5, Max: 23.6, Diff: 0.1, Sum: 94.2]
      [GC Worker End (ms): Min: 9807.4, Avg: 9807.4, Max: 9807.4, Diff: 0.0]
   [Code Root Fixup: 0.0 ms]
   [Code Root Purge: 0.0 ms]
   [Clear CT: 0.1 ms]
   [Other: 0.9 ms]
      [Choose CSet: 0.1 ms]
      [Ref Proc: 0.1 ms]
      [Ref Enq: 0.0 ms]
      [Redirty Cards: 0.1 ms]
      [Humongous Register: 0.1 ms]
      [Humongous Reclaim: 0.1 ms]
      [Free CSet: 0.3 ms]
   [Eden: 5120.0K(5120.0K)->0.0B(960.0M) Survivors: 107.0M->2048.0K Heap: 756.7M(2048.0M)->582.8M(2048.0M)]
 [Times: user=0.13 sys=0.00, real=0.03 secs] 
2021-01-21T16:07:26.516+0800: 9.963: [GC pause (G1 Humongous Allocation) (young) (initial-mark), 0.0470715 secs]
   [Parallel Time: 45.4 ms, GC Workers: 4]
      [GC Worker Start (ms): Min: 9963.4, Avg: 9963.4, Max: 9963.5, Diff: 0.1]
      [Ext Root Scanning (ms): Min: 0.2, Avg: 0.2, Max: 0.2, Diff: 0.1, Sum: 0.8]
      [Update RS (ms): Min: 18.1, Avg: 18.1, Max: 18.2, Diff: 0.0, Sum: 72.6]
         [Processed Buffers: Min: 267, Avg: 270.5, Max: 272, Diff: 5, Sum: 1082]
      [Scan RS (ms): Min: 0.1, Avg: 0.1, Max: 0.1, Diff: 0.0, Sum: 0.5]
      [Code Root Scanning (ms): Min: 0.0, Avg: 0.0, Max: 0.0, Diff: 0.0, Sum: 0.0]
      [Object Copy (ms): Min: 26.7, Avg: 26.7, Max: 26.8, Diff: 0.1, Sum: 106.9]
      [Termination (ms): Min: 0.0, Avg: 0.1, Max: 0.1, Diff: 0.1, Sum: 0.3]
         [Termination Attempts: Min: 1, Avg: 1.0, Max: 1, Diff: 0, Sum: 4]
      [GC Worker Other (ms): Min: 0.0, Avg: 0.0, Max: 0.0, Diff: 0.0, Sum: 0.1]
      [GC Worker Total (ms): Min: 45.3, Avg: 45.3, Max: 45.3, Diff: 0.1, Sum: 181.1]
      [GC Worker End (ms): Min: 10008.7, Avg: 10008.7, Max: 10008.7, Diff: 0.0]
   [Code Root Fixup: 0.0 ms]
   [Code Root Purge: 0.0 ms]
   [Clear CT: 0.2 ms]
   [Other: 1.5 ms]
      [Choose CSet: 0.0 ms]
      [Ref Proc: 0.1 ms]
      [Ref Enq: 0.0 ms]
      [Redirty Cards: 0.1 ms]
      [Humongous Register: 0.3 ms]
      [Humongous Reclaim: 0.3 ms]
      [Free CSet: 0.3 ms]
   [Eden: 599.0M(960.0M)->0.0B(822.0M) Survivors: 2048.0K->121.0M Heap: 1359.4M(2048.0M)->735.5M(2048.0M)]
 [Times: user=0.19 sys=0.00, real=0.05 secs] 
2021-01-21T16:07:26.563+0800: 10.010: [GC concurrent-root-region-scan-start]
2021-01-21T16:07:26.563+0800: 10.011: [GC concurrent-root-region-scan-end, 0.0002802 secs]
2021-01-21T16:07:26.563+0800: 10.011: [GC concurrent-mark-start]
2021-01-21T16:07:26.568+0800: 10.015: [GC concurrent-mark-end, 0.0044610 secs]
2021-01-21T16:07:26.568+0800: 10.015: [GC remark 2021-01-21T16:07:26.568+0800: 10.015: [Finalize Marking, 0.0001333 secs] 2021-01-21T16:07:26.568+0800: 10.015: [GC ref-proc, 0.0001016 secs] 2021-01-21T16:07:26.568+0800: 10.015: [Unloading, 0.0005274 secs], 0.0019266 secs]
 [Times: user=0.00 sys=0.00, real=0.00 secs] 
2021-01-21T16:07:26.570+0800: 10.017: [GC cleanup 763M->648M(2048M), 0.0012980 secs]
 [Times: user=0.00 sys=0.00, real=0.00 secs] 
2021-01-21T16:07:26.571+0800: 10.019: [GC concurrent-cleanup-start]
2021-01-21T16:07:26.572+0800: 10.019: [GC concurrent-cleanup-end, 0.0001555 secs]
Heap
 garbage-first heap   total 2097152K, used 1081052K [0x0000000080000000, 0x0000000080104000, 0x0000000100000000)
  region size 1024K, 465 young (476160K), 121 survivors (123904K)
 Metaspace       used 2615K, capacity 4490K, committed 4864K, reserved 1056768K
  class space    used 283K, capacity 386K, committed 512K, reserved 1048576K
