Java HotSpot(TM) 64-Bit Server VM (25.231-b11) for windows-amd64 JRE (1.8.0_231-b11), built on Oct  5 2019 03:11:30 by "java_re" with MS VC++ 10.0 (VS2010)
Memory: 4k page, physical 16377868k(9007640k free), swap 30009356k(18213992k free)
CommandLine flags: -XX:InitialHeapSize=2147483648 -XX:MaxHeapSize=2147483648 -XX:ParallelGCThreads=8 -XX:+PrintGC -XX:+PrintGCDateStamps -XX:+PrintGCDetails -XX:+PrintGCTimeStamps -XX:-UseAdaptiveSizePolicy -XX:+UseCompressedClassPointers -XX:+UseCompressedOops -XX:+UseG1GC -XX:-UseLargePagesIndividualAllocation 
2021-01-21T16:14:18.251+0800: 0.171: [GC pause (G1 Evacuation Pause) (young), 0.0089397 secs]
   [Parallel Time: 8.0 ms, GC Workers: 8]
      [GC Worker Start (ms): Min: 171.3, Avg: 171.4, Max: 171.4, Diff: 0.1]
      [Ext Root Scanning (ms): Min: 0.1, Avg: 0.2, Max: 0.3, Diff: 0.2, Sum: 1.4]
      [Update RS (ms): Min: 0.4, Avg: 0.4, Max: 0.5, Diff: 0.0, Sum: 3.6]
         [Processed Buffers: Min: 6, Avg: 6.1, Max: 7, Diff: 1, Sum: 49]
      [Scan RS (ms): Min: 0.0, Avg: 0.0, Max: 0.0, Diff: 0.0, Sum: 0.1]
      [Code Root Scanning (ms): Min: 0.0, Avg: 0.0, Max: 0.0, Diff: 0.0, Sum: 0.0]
      [Object Copy (ms): Min: 7.0, Avg: 7.1, Max: 7.2, Diff: 0.2, Sum: 57.0]
      [Termination (ms): Min: 0.0, Avg: 0.1, Max: 0.2, Diff: 0.2, Sum: 0.6]
         [Termination Attempts: Min: 1, Avg: 1.0, Max: 1, Diff: 0, Sum: 8]
      [GC Worker Other (ms): Min: 0.0, Avg: 0.0, Max: 0.1, Diff: 0.0, Sum: 0.3]
      [GC Worker Total (ms): Min: 7.8, Avg: 7.9, Max: 7.9, Diff: 0.1, Sum: 63.0]
      [GC Worker End (ms): Min: 179.2, Avg: 179.2, Max: 179.2, Diff: 0.0]
   [Code Root Fixup: 0.0 ms]
   [Code Root Purge: 0.0 ms]
   [Clear CT: 0.2 ms]
   [Other: 0.7 ms]
      [Choose CSet: 0.0 ms]
      [Ref Proc: 0.1 ms]
      [Ref Enq: 0.0 ms]
      [Redirty Cards: 0.3 ms]
      [Humongous Register: 0.0 ms]
      [Humongous Reclaim: 0.0 ms]
      [Free CSet: 0.1 ms]
   [Eden: 102.0M(102.0M)->0.0B(89.0M) Survivors: 0.0B->13.0M Heap: 126.2M(2048.0M)->42.2M(2048.0M)]
 [Times: user=0.06 sys=0.01, real=0.01 secs] 
2021-01-21T16:14:18.289+0800: 0.209: [GC pause (G1 Evacuation Pause) (young), 0.0109710 secs]
   [Parallel Time: 10.0 ms, GC Workers: 8]
      [GC Worker Start (ms): Min: 209.5, Avg: 209.6, Max: 209.6, Diff: 0.1]
      [Ext Root Scanning (ms): Min: 0.1, Avg: 0.1, Max: 0.3, Diff: 0.2, Sum: 1.2]
      [Update RS (ms): Min: 0.4, Avg: 0.4, Max: 0.4, Diff: 0.1, Sum: 3.2]
         [Processed Buffers: Min: 5, Avg: 6.9, Max: 10, Diff: 5, Sum: 55]
      [Scan RS (ms): Min: 0.0, Avg: 0.0, Max: 0.0, Diff: 0.0, Sum: 0.1]
      [Code Root Scanning (ms): Min: 0.0, Avg: 0.0, Max: 0.0, Diff: 0.0, Sum: 0.0]
      [Object Copy (ms): Min: 9.0, Avg: 9.1, Max: 9.2, Diff: 0.2, Sum: 72.7]
      [Termination (ms): Min: 0.0, Avg: 0.2, Max: 0.2, Diff: 0.2, Sum: 1.3]
         [Termination Attempts: Min: 1, Avg: 1.0, Max: 1, Diff: 0, Sum: 8]
      [GC Worker Other (ms): Min: 0.0, Avg: 0.0, Max: 0.0, Diff: 0.0, Sum: 0.1]
      [GC Worker Total (ms): Min: 9.8, Avg: 9.8, Max: 9.9, Diff: 0.1, Sum: 78.7]
      [GC Worker End (ms): Min: 219.4, Avg: 219.4, Max: 219.4, Diff: 0.0]
   [Code Root Fixup: 0.0 ms]
   [Code Root Purge: 0.0 ms]
   [Clear CT: 0.2 ms]
   [Other: 0.8 ms]
      [Choose CSet: 0.0 ms]
      [Ref Proc: 0.2 ms]
      [Ref Enq: 0.0 ms]
      [Redirty Cards: 0.2 ms]
      [Humongous Register: 0.1 ms]
      [Humongous Reclaim: 0.0 ms]
      [Free CSet: 0.1 ms]
   [Eden: 89.0M(89.0M)->0.0B(89.0M) Survivors: 13.0M->13.0M Heap: 149.7M(2048.0M)->78.7M(2048.0M)]
 [Times: user=0.06 sys=0.06, real=0.01 secs] 
2021-01-21T16:14:18.328+0800: 0.248: [GC pause (G1 Evacuation Pause) (young), 0.0102031 secs]
   [Parallel Time: 9.2 ms, GC Workers: 8]
      [GC Worker Start (ms): Min: 248.5, Avg: 248.6, Max: 248.7, Diff: 0.1]
      [Ext Root Scanning (ms): Min: 0.1, Avg: 0.1, Max: 0.2, Diff: 0.1, Sum: 0.9]
      [Update RS (ms): Min: 0.1, Avg: 0.1, Max: 0.2, Diff: 0.1, Sum: 0.9]
         [Processed Buffers: Min: 0, Avg: 1.6, Max: 2, Diff: 2, Sum: 13]
      [Scan RS (ms): Min: 0.0, Avg: 0.0, Max: 0.0, Diff: 0.0, Sum: 0.1]
      [Code Root Scanning (ms): Min: 0.0, Avg: 0.0, Max: 0.0, Diff: 0.0, Sum: 0.0]
      [Object Copy (ms): Min: 8.4, Avg: 8.6, Max: 8.7, Diff: 0.3, Sum: 68.5]
      [Termination (ms): Min: 0.0, Avg: 0.1, Max: 0.2, Diff: 0.2, Sum: 1.0]
         [Termination Attempts: Min: 1, Avg: 1.0, Max: 1, Diff: 0, Sum: 8]
      [GC Worker Other (ms): Min: 0.0, Avg: 0.0, Max: 0.0, Diff: 0.0, Sum: 0.1]
      [GC Worker Total (ms): Min: 8.9, Avg: 8.9, Max: 9.0, Diff: 0.1, Sum: 71.5]
      [GC Worker End (ms): Min: 257.5, Avg: 257.5, Max: 257.5, Diff: 0.0]
   [Code Root Fixup: 0.0 ms]
   [Code Root Purge: 0.0 ms]
   [Clear CT: 0.3 ms]
   [Other: 0.7 ms]
      [Choose CSet: 0.0 ms]
      [Ref Proc: 0.1 ms]
      [Ref Enq: 0.0 ms]
      [Redirty Cards: 0.2 ms]
      [Humongous Register: 0.1 ms]
      [Humongous Reclaim: 0.0 ms]
      [Free CSet: 0.1 ms]
   [Eden: 89.0M(89.0M)->0.0B(89.0M) Survivors: 13.0M->13.0M Heap: 196.1M(2048.0M)->120.9M(2048.0M)]
 [Times: user=0.09 sys=0.03, real=0.01 secs] 
2021-01-21T16:14:18.367+0800: 0.288: [GC pause (G1 Evacuation Pause) (young), 0.0097474 secs]
   [Parallel Time: 8.4 ms, GC Workers: 8]
      [GC Worker Start (ms): Min: 287.7, Avg: 287.8, Max: 287.8, Diff: 0.1]
      [Ext Root Scanning (ms): Min: 0.1, Avg: 0.1, Max: 0.2, Diff: 0.1, Sum: 0.9]
      [Update RS (ms): Min: 0.1, Avg: 0.1, Max: 0.4, Diff: 0.3, Sum: 1.2]
         [Processed Buffers: Min: 0, Avg: 1.6, Max: 2, Diff: 2, Sum: 13]
      [Scan RS (ms): Min: 0.0, Avg: 0.0, Max: 0.0, Diff: 0.0, Sum: 0.1]
      [Code Root Scanning (ms): Min: 0.0, Avg: 0.0, Max: 0.0, Diff: 0.0, Sum: 0.0]
      [Object Copy (ms): Min: 7.4, Avg: 7.8, Max: 8.1, Diff: 0.6, Sum: 62.4]
      [Termination (ms): Min: 0.0, Avg: 0.2, Max: 0.4, Diff: 0.4, Sum: 1.6]
         [Termination Attempts: Min: 1, Avg: 1.0, Max: 1, Diff: 0, Sum: 8]
      [GC Worker Other (ms): Min: 0.0, Avg: 0.0, Max: 0.0, Diff: 0.0, Sum: 0.1]
      [GC Worker Total (ms): Min: 8.2, Avg: 8.3, Max: 8.3, Diff: 0.1, Sum: 66.2]
      [GC Worker End (ms): Min: 296.1, Avg: 296.1, Max: 296.1, Diff: 0.0]
   [Code Root Fixup: 0.0 ms]
   [Code Root Purge: 0.0 ms]
   [Clear CT: 0.3 ms]
   [Other: 1.1 ms]
      [Choose CSet: 0.0 ms]
      [Ref Proc: 0.1 ms]
      [Ref Enq: 0.0 ms]
      [Redirty Cards: 0.6 ms]
      [Humongous Register: 0.1 ms]
      [Humongous Reclaim: 0.1 ms]
      [Free CSet: 0.1 ms]
   [Eden: 89.0M(89.0M)->0.0B(89.0M) Survivors: 13.0M->13.0M Heap: 242.9M(2048.0M)->161.2M(2048.0M)]
 [Times: user=0.11 sys=0.00, real=0.01 secs] 
2021-01-21T16:14:18.404+0800: 0.324: [GC pause (G1 Evacuation Pause) (young), 0.0105085 secs]
   [Parallel Time: 9.4 ms, GC Workers: 8]
      [GC Worker Start (ms): Min: 324.3, Avg: 324.4, Max: 324.4, Diff: 0.1]
      [Ext Root Scanning (ms): Min: 0.1, Avg: 0.1, Max: 0.2, Diff: 0.1, Sum: 0.9]
      [Update RS (ms): Min: 0.1, Avg: 0.2, Max: 0.5, Diff: 0.4, Sum: 1.4]
         [Processed Buffers: Min: 0, Avg: 1.8, Max: 2, Diff: 2, Sum: 14]
      [Scan RS (ms): Min: 0.0, Avg: 0.0, Max: 0.0, Diff: 0.0, Sum: 0.1]
      [Code Root Scanning (ms): Min: 0.0, Avg: 0.0, Max: 0.0, Diff: 0.0, Sum: 0.0]
      [Object Copy (ms): Min: 8.4, Avg: 8.8, Max: 9.0, Diff: 0.6, Sum: 70.3]
      [Termination (ms): Min: 0.0, Avg: 0.1, Max: 0.2, Diff: 0.2, Sum: 1.0]
         [Termination Attempts: Min: 1, Avg: 1.0, Max: 1, Diff: 0, Sum: 8]
      [GC Worker Other (ms): Min: 0.0, Avg: 0.0, Max: 0.0, Diff: 0.0, Sum: 0.1]
      [GC Worker Total (ms): Min: 9.2, Avg: 9.2, Max: 9.3, Diff: 0.1, Sum: 73.7]
      [GC Worker End (ms): Min: 333.6, Avg: 333.6, Max: 333.6, Diff: 0.0]
   [Code Root Fixup: 0.0 ms]
   [Code Root Purge: 0.0 ms]
   [Clear CT: 0.3 ms]
   [Other: 0.8 ms]
      [Choose CSet: 0.0 ms]
      [Ref Proc: 0.1 ms]
      [Ref Enq: 0.0 ms]
      [Redirty Cards: 0.3 ms]
      [Humongous Register: 0.1 ms]
      [Humongous Reclaim: 0.1 ms]
      [Free CSet: 0.1 ms]
   [Eden: 89.0M(89.0M)->0.0B(132.0M) Survivors: 13.0M->13.0M Heap: 275.8M(2048.0M)->197.2M(2048.0M)]
 [Times: user=0.08 sys=0.03, real=0.01 secs] 
2021-01-21T16:14:18.458+0800: 0.378: [GC pause (G1 Evacuation Pause) (young), 0.0135237 secs]
   [Parallel Time: 12.4 ms, GC Workers: 8]
      [GC Worker Start (ms): Min: 378.5, Avg: 378.6, Max: 378.6, Diff: 0.1]
      [Ext Root Scanning (ms): Min: 0.1, Avg: 0.1, Max: 0.2, Diff: 0.1, Sum: 0.8]
      [Update RS (ms): Min: 0.2, Avg: 0.2, Max: 0.2, Diff: 0.1, Sum: 1.5]
         [Processed Buffers: Min: 0, Avg: 2.5, Max: 3, Diff: 3, Sum: 20]
      [Scan RS (ms): Min: 0.0, Avg: 0.0, Max: 0.0, Diff: 0.0, Sum: 0.1]
      [Code Root Scanning (ms): Min: 0.0, Avg: 0.0, Max: 0.0, Diff: 0.0, Sum: 0.0]
      [Object Copy (ms): Min: 11.7, Avg: 11.8, Max: 11.8, Diff: 0.1, Sum: 94.2]
      [Termination (ms): Min: 0.0, Avg: 0.1, Max: 0.1, Diff: 0.1, Sum: 0.4]
         [Termination Attempts: Min: 1, Avg: 1.6, Max: 2, Diff: 1, Sum: 13]
      [GC Worker Other (ms): Min: 0.0, Avg: 0.0, Max: 0.0, Diff: 0.0, Sum: 0.1]
      [GC Worker Total (ms): Min: 12.1, Avg: 12.2, Max: 12.2, Diff: 0.1, Sum: 97.2]
      [GC Worker End (ms): Min: 390.7, Avg: 390.7, Max: 390.7, Diff: 0.0]
   [Code Root Fixup: 0.0 ms]
   [Code Root Purge: 0.0 ms]
   [Clear CT: 0.2 ms]
   [Other: 0.9 ms]
      [Choose CSet: 0.0 ms]
      [Ref Proc: 0.2 ms]
      [Ref Enq: 0.0 ms]
      [Redirty Cards: 0.3 ms]
      [Humongous Register: 0.1 ms]
      [Humongous Reclaim: 0.1 ms]
      [Free CSet: 0.1 ms]
   [Eden: 132.0M(132.0M)->0.0B(135.0M) Survivors: 13.0M->19.0M Heap: 370.5M(2048.0M)->255.3M(2048.0M)]
 [Times: user=0.06 sys=0.06, real=0.01 secs] 
2021-01-21T16:14:18.505+0800: 0.426: [GC pause (G1 Evacuation Pause) (young), 0.0129955 secs]
   [Parallel Time: 11.8 ms, GC Workers: 8]
      [GC Worker Start (ms): Min: 425.7, Avg: 425.8, Max: 425.8, Diff: 0.1]
      [Ext Root Scanning (ms): Min: 0.1, Avg: 0.1, Max: 0.2, Diff: 0.1, Sum: 0.9]
      [Update RS (ms): Min: 0.1, Avg: 0.2, Max: 0.5, Diff: 0.4, Sum: 1.6]
         [Processed Buffers: Min: 0, Avg: 2.0, Max: 3, Diff: 3, Sum: 16]
      [Scan RS (ms): Min: 0.0, Avg: 0.0, Max: 0.0, Diff: 0.0, Sum: 0.2]
      [Code Root Scanning (ms): Min: 0.0, Avg: 0.0, Max: 0.0, Diff: 0.0, Sum: 0.0]
      [Object Copy (ms): Min: 10.8, Avg: 11.2, Max: 11.4, Diff: 0.6, Sum: 89.8]
      [Termination (ms): Min: 0.0, Avg: 0.2, Max: 0.3, Diff: 0.3, Sum: 1.4]
         [Termination Attempts: Min: 1, Avg: 1.0, Max: 1, Diff: 0, Sum: 8]
      [GC Worker Other (ms): Min: 0.0, Avg: 0.0, Max: 0.0, Diff: 0.0, Sum: 0.1]
      [GC Worker Total (ms): Min: 11.7, Avg: 11.7, Max: 11.8, Diff: 0.1, Sum: 94.0]
      [GC Worker End (ms): Min: 437.5, Avg: 437.5, Max: 437.5, Diff: 0.0]
   [Code Root Fixup: 0.0 ms]
   [Code Root Purge: 0.0 ms]
   [Clear CT: 0.3 ms]
   [Other: 0.9 ms]
      [Choose CSet: 0.0 ms]
      [Ref Proc: 0.1 ms]
      [Ref Enq: 0.0 ms]
      [Redirty Cards: 0.3 ms]
      [Humongous Register: 0.1 ms]
      [Humongous Reclaim: 0.1 ms]
      [Free CSet: 0.1 ms]
   [Eden: 135.0M(135.0M)->0.0B(197.0M) Survivors: 19.0M->20.0M Heap: 420.9M(2048.0M)->295.9M(2048.0M)]
 [Times: user=0.00 sys=0.13, real=0.01 secs] 
2021-01-21T16:14:18.578+0800: 0.499: [GC pause (G1 Evacuation Pause) (young), 0.0168316 secs]
   [Parallel Time: 15.6 ms, GC Workers: 8]
      [GC Worker Start (ms): Min: 498.8, Avg: 498.8, Max: 498.9, Diff: 0.1]
      [Ext Root Scanning (ms): Min: 0.1, Avg: 0.1, Max: 0.2, Diff: 0.1, Sum: 1.0]
      [Update RS (ms): Min: 0.1, Avg: 0.2, Max: 0.3, Diff: 0.2, Sum: 1.9]
         [Processed Buffers: Min: 0, Avg: 2.6, Max: 3, Diff: 3, Sum: 21]
      [Scan RS (ms): Min: 0.0, Avg: 0.0, Max: 0.1, Diff: 0.1, Sum: 0.2]
      [Code Root Scanning (ms): Min: 0.0, Avg: 0.0, Max: 0.0, Diff: 0.0, Sum: 0.0]
      [Object Copy (ms): Min: 14.9, Avg: 15.0, Max: 15.1, Diff: 0.2, Sum: 119.7]
      [Termination (ms): Min: 0.0, Avg: 0.1, Max: 0.2, Diff: 0.2, Sum: 0.8]
         [Termination Attempts: Min: 1, Avg: 1.0, Max: 1, Diff: 0, Sum: 8]
      [GC Worker Other (ms): Min: 0.0, Avg: 0.0, Max: 0.0, Diff: 0.0, Sum: 0.2]
      [GC Worker Total (ms): Min: 15.4, Avg: 15.5, Max: 15.5, Diff: 0.1, Sum: 123.7]
      [GC Worker End (ms): Min: 514.3, Avg: 514.3, Max: 514.3, Diff: 0.0]
   [Code Root Fixup: 0.0 ms]
   [Code Root Purge: 0.0 ms]
   [Clear CT: 0.3 ms]
   [Other: 0.9 ms]
      [Choose CSet: 0.0 ms]
      [Ref Proc: 0.1 ms]
      [Ref Enq: 0.0 ms]
      [Redirty Cards: 0.3 ms]
      [Humongous Register: 0.1 ms]
      [Humongous Reclaim: 0.1 ms]
      [Free CSet: 0.1 ms]
   [Eden: 197.0M(197.0M)->0.0B(1200.0M) Survivors: 20.0M->28.0M Heap: 540.7M(2048.0M)->349.9M(2048.0M)]
 [Times: user=0.19 sys=0.05, real=0.02 secs] 
2021-01-21T16:14:19.114+0800: 1.034: [GC pause (G1 Evacuation Pause) (young) (to-space exhausted), 0.0074542 secs]
   [Parallel Time: 2.4 ms, GC Workers: 8]
      [GC Worker Start (ms): Min: 1034.6, Avg: 1034.7, Max: 1034.7, Diff: 0.1]
      [Ext Root Scanning (ms): Min: 0.1, Avg: 0.1, Max: 0.1, Diff: 0.1, Sum: 0.9]
      [Update RS (ms): Min: 0.2, Avg: 0.3, Max: 0.5, Diff: 0.3, Sum: 2.1]
         [Processed Buffers: Min: 0, Avg: 3.0, Max: 4, Diff: 4, Sum: 24]
      [Scan RS (ms): Min: 0.0, Avg: 0.1, Max: 0.2, Diff: 0.1, Sum: 1.2]
      [Code Root Scanning (ms): Min: 0.0, Avg: 0.0, Max: 0.0, Diff: 0.0, Sum: 0.0]
      [Object Copy (ms): Min: 1.7, Avg: 1.8, Max: 1.8, Diff: 0.1, Sum: 14.2]
      [Termination (ms): Min: 0.0, Avg: 0.0, Max: 0.0, Diff: 0.0, Sum: 0.2]
         [Termination Attempts: Min: 1, Avg: 2.5, Max: 4, Diff: 3, Sum: 20]
      [GC Worker Other (ms): Min: 0.0, Avg: 0.0, Max: 0.1, Diff: 0.0, Sum: 0.3]
      [GC Worker Total (ms): Min: 2.3, Avg: 2.4, Max: 2.4, Diff: 0.1, Sum: 18.8]
      [GC Worker End (ms): Min: 1037.0, Avg: 1037.0, Max: 1037.0, Diff: 0.0]
   [Code Root Fixup: 0.0 ms]
   [Code Root Purge: 0.0 ms]
   [Clear CT: 0.5 ms]
   [Other: 4.5 ms]
      [Evacuation Failure: 2.6 ms]
      [Choose CSet: 0.0 ms]
      [Ref Proc: 0.2 ms]
      [Ref Enq: 0.0 ms]
      [Redirty Cards: 0.4 ms]
      [Humongous Register: 0.2 ms]
      [Humongous Reclaim: 0.6 ms]
      [Free CSet: 0.4 ms]
   [Eden: 1180.0M(1200.0M)->0.0B(544.0M) Survivors: 28.0M->0.0B Heap: 1834.3M(2048.0M)->1191.3M(2048.0M)]
 [Times: user=0.00 sys=0.00, real=0.01 secs] 
2021-01-21T16:14:19.122+0800: 1.043: [GC pause (G1 Humongous Allocation) (young) (initial-mark), 0.0015929 secs]
   [Parallel Time: 0.7 ms, GC Workers: 8]
      [GC Worker Start (ms): Min: 1042.7, Avg: 1042.7, Max: 1042.7, Diff: 0.1]
      [Ext Root Scanning (ms): Min: 0.1, Avg: 0.1, Max: 0.2, Diff: 0.1, Sum: 1.0]
      [Update RS (ms): Min: 0.2, Avg: 0.3, Max: 0.4, Diff: 0.2, Sum: 2.2]
         [Processed Buffers: Min: 1, Avg: 2.1, Max: 3, Diff: 2, Sum: 17]
      [Scan RS (ms): Min: 0.0, Avg: 0.0, Max: 0.0, Diff: 0.0, Sum: 0.0]
      [Code Root Scanning (ms): Min: 0.0, Avg: 0.0, Max: 0.0, Diff: 0.0, Sum: 0.0]
      [Object Copy (ms): Min: 0.0, Avg: 0.0, Max: 0.1, Diff: 0.1, Sum: 0.2]
      [Termination (ms): Min: 0.0, Avg: 0.1, Max: 0.1, Diff: 0.1, Sum: 0.5]
         [Termination Attempts: Min: 1, Avg: 1.0, Max: 1, Diff: 0, Sum: 8]
      [GC Worker Other (ms): Min: 0.0, Avg: 0.0, Max: 0.0, Diff: 0.0, Sum: 0.1]
      [GC Worker Total (ms): Min: 0.5, Avg: 0.5, Max: 0.5, Diff: 0.1, Sum: 4.0]
      [GC Worker End (ms): Min: 1043.2, Avg: 1043.2, Max: 1043.2, Diff: 0.0]
   [Code Root Fixup: 0.0 ms]
   [Code Root Purge: 0.0 ms]
   [Clear CT: 0.2 ms]
   [Other: 0.7 ms]
      [Choose CSet: 0.0 ms]
      [Ref Proc: 0.2 ms]
      [Ref Enq: 0.0 ms]
      [Redirty Cards: 0.2 ms]
      [Humongous Register: 0.1 ms]
      [Humongous Reclaim: 0.0 ms]
      [Free CSet: 0.1 ms]
   [Eden: 3072.0K(544.0M)->0.0B(516.0M) Survivors: 0.0B->1024.0K Heap: 1193.8M(2048.0M)->1191.6M(2048.0M)]
 [Times: user=0.00 sys=0.00, real=0.00 secs] 
2021-01-21T16:14:19.124+0800: 1.044: [GC concurrent-root-region-scan-start]
2021-01-21T16:14:19.124+0800: 1.044: [GC concurrent-root-region-scan-end, 0.0001202 secs]
2021-01-21T16:14:19.124+0800: 1.044: [GC concurrent-mark-start]
2021-01-21T16:14:19.130+0800: 1.050: [GC concurrent-mark-end, 0.0057118 secs]
2021-01-21T16:14:19.130+0800: 1.050: [GC remark 2021-01-21T16:14:19.130+0800: 1.050: [Finalize Marking, 0.0002797 secs] 2021-01-21T16:14:19.130+0800: 1.051: [GC ref-proc, 0.0001187 secs] 2021-01-21T16:14:19.130+0800: 1.051: [Unloading, 0.0006192 secs], 0.0021108 secs]
 [Times: user=0.00 sys=0.00, real=0.00 secs] 
2021-01-21T16:14:19.132+0800: 1.052: [GC cleanup 1216M->1142M(2048M), 0.0014403 secs]
 [Times: user=0.00 sys=0.00, real=0.00 secs] 
2021-01-21T16:14:19.134+0800: 1.054: [GC concurrent-cleanup-start]
2021-01-21T16:14:19.134+0800: 1.054: [GC concurrent-cleanup-end, 0.0000712 secs]
2021-01-21T16:14:19.274+0800: 1.195: [GC pause (G1 Evacuation Pause) (young), 0.0270403 secs]
   [Parallel Time: 25.3 ms, GC Workers: 8]
      [GC Worker Start (ms): Min: 1194.8, Avg: 1194.9, Max: 1194.9, Diff: 0.1]
      [Ext Root Scanning (ms): Min: 0.1, Avg: 0.1, Max: 0.2, Diff: 0.1, Sum: 0.9]
      [Update RS (ms): Min: 0.2, Avg: 0.6, Max: 3.4, Diff: 3.3, Sum: 4.7]
         [Processed Buffers: Min: 0, Avg: 2.4, Max: 3, Diff: 3, Sum: 19]
      [Scan RS (ms): Min: 0.0, Avg: 0.1, Max: 0.2, Diff: 0.2, Sum: 0.7]
      [Code Root Scanning (ms): Min: 0.0, Avg: 0.0, Max: 0.0, Diff: 0.0, Sum: 0.0]
      [Object Copy (ms): Min: 21.3, Avg: 24.3, Max: 24.8, Diff: 3.5, Sum: 194.3]
      [Termination (ms): Min: 0.0, Avg: 0.1, Max: 0.1, Diff: 0.1, Sum: 0.5]
         [Termination Attempts: Min: 1, Avg: 1.0, Max: 1, Diff: 0, Sum: 8]
      [GC Worker Other (ms): Min: 0.0, Avg: 0.0, Max: 0.0, Diff: 0.0, Sum: 0.2]
      [GC Worker Total (ms): Min: 25.1, Avg: 25.2, Max: 25.2, Diff: 0.1, Sum: 201.3]
      [GC Worker End (ms): Min: 1220.0, Avg: 1220.0, Max: 1220.0, Diff: 0.0]
   [Code Root Fixup: 0.0 ms]
   [Code Root Purge: 0.0 ms]
   [Clear CT: 0.3 ms]
   [Other: 1.4 ms]
      [Choose CSet: 0.0 ms]
      [Ref Proc: 0.2 ms]
      [Ref Enq: 0.0 ms]
      [Redirty Cards: 0.3 ms]
      [Humongous Register: 0.2 ms]
      [Humongous Reclaim: 0.3 ms]
      [Free CSet: 0.3 ms]
   [Eden: 516.0M(516.0M)->0.0B(37.0M) Survivors: 1024.0K->65.0M Heap: 1766.0M(2048.0M)->1247.4M(2048.0M)]
 [Times: user=0.20 sys=0.01, real=0.03 secs] 
2021-01-21T16:14:19.311+0800: 1.231: [GC pause (G1 Evacuation Pause) (mixed), 0.0194060 secs]
   [Parallel Time: 17.5 ms, GC Workers: 8]
      [GC Worker Start (ms): Min: 1231.7, Avg: 1231.8, Max: 1231.9, Diff: 0.1]
      [Ext Root Scanning (ms): Min: 0.1, Avg: 0.1, Max: 0.2, Diff: 0.1, Sum: 1.0]
      [Update RS (ms): Min: 0.2, Avg: 0.5, Max: 3.0, Diff: 2.8, Sum: 4.4]
         [Processed Buffers: Min: 0, Avg: 2.5, Max: 4, Diff: 4, Sum: 20]
      [Scan RS (ms): Min: 0.0, Avg: 0.1, Max: 0.1, Diff: 0.1, Sum: 0.5]
      [Code Root Scanning (ms): Min: 0.0, Avg: 0.0, Max: 0.0, Diff: 0.0, Sum: 0.0]
      [Object Copy (ms): Min: 14.0, Avg: 16.4, Max: 16.9, Diff: 2.9, Sum: 131.2]
      [Termination (ms): Min: 0.0, Avg: 0.1, Max: 0.2, Diff: 0.2, Sum: 0.8]
         [Termination Attempts: Min: 1, Avg: 1.1, Max: 2, Diff: 1, Sum: 9]
      [GC Worker Other (ms): Min: 0.0, Avg: 0.0, Max: 0.0, Diff: 0.0, Sum: 0.1]
      [GC Worker Total (ms): Min: 17.2, Avg: 17.2, Max: 17.3, Diff: 0.1, Sum: 138.0]
      [GC Worker End (ms): Min: 1249.1, Avg: 1249.1, Max: 1249.1, Diff: 0.0]
   [Code Root Fixup: 0.0 ms]
   [Code Root Purge: 0.0 ms]
   [Clear CT: 0.3 ms]
   [Other: 1.6 ms]
      [Choose CSet: 0.1 ms]
      [Ref Proc: 0.2 ms]
      [Ref Enq: 0.0 ms]
      [Redirty Cards: 0.3 ms]
      [Humongous Register: 0.2 ms]
      [Humongous Reclaim: 0.1 ms]
      [Free CSet: 0.7 ms]
   [Eden: 37.0M(37.0M)->0.0B(90.0M) Survivors: 65.0M->12.0M Heap: 1294.6M(2048.0M)->1057.5M(2048.0M)]
 [Times: user=0.22 sys=0.02, real=0.02 secs] 
2021-01-21T16:14:19.352+0800: 1.273: [GC pause (G1 Evacuation Pause) (mixed), 0.0140379 secs]
   [Parallel Time: 12.5 ms, GC Workers: 8]
      [GC Worker Start (ms): Min: 1273.1, Avg: 1273.1, Max: 1273.2, Diff: 0.1]
      [Ext Root Scanning (ms): Min: 0.1, Avg: 0.1, Max: 0.2, Diff: 0.1, Sum: 0.9]
      [Update RS (ms): Min: 0.3, Avg: 0.5, Max: 1.6, Diff: 1.3, Sum: 3.8]
         [Processed Buffers: Min: 0, Avg: 3.5, Max: 4, Diff: 4, Sum: 28]
      [Scan RS (ms): Min: 0.0, Avg: 0.1, Max: 0.1, Diff: 0.1, Sum: 0.6]
      [Code Root Scanning (ms): Min: 0.0, Avg: 0.0, Max: 0.0, Diff: 0.0, Sum: 0.0]
      [Object Copy (ms): Min: 10.5, Avg: 11.6, Max: 11.9, Diff: 1.4, Sum: 93.0]
      [Termination (ms): Min: 0.0, Avg: 0.1, Max: 0.2, Diff: 0.2, Sum: 0.6]
         [Termination Attempts: Min: 1, Avg: 1.0, Max: 1, Diff: 0, Sum: 8]
      [GC Worker Other (ms): Min: 0.0, Avg: 0.0, Max: 0.0, Diff: 0.0, Sum: 0.1]
      [GC Worker Total (ms): Min: 12.3, Avg: 12.4, Max: 12.4, Diff: 0.1, Sum: 99.0]
      [GC Worker End (ms): Min: 1285.5, Avg: 1285.5, Max: 1285.5, Diff: 0.0]
   [Code Root Fixup: 0.0 ms]
   [Code Root Purge: 0.0 ms]
   [Clear CT: 0.4 ms]
   [Other: 1.2 ms]
      [Choose CSet: 0.1 ms]
      [Ref Proc: 0.1 ms]
      [Ref Enq: 0.0 ms]
      [Redirty Cards: 0.3 ms]
      [Humongous Register: 0.2 ms]
      [Humongous Reclaim: 0.1 ms]
      [Free CSet: 0.3 ms]
   [Eden: 90.0M(90.0M)->0.0B(89.0M) Survivors: 12.0M->13.0M Heap: 1170.2M(2048.0M)->897.3M(2048.0M)]
 [Times: user=0.09 sys=0.02, real=0.01 secs] 
2021-01-21T16:14:19.389+0800: 1.310: [GC pause (G1 Evacuation Pause) (mixed), 0.0152561 secs]
   [Parallel Time: 13.7 ms, GC Workers: 8]
      [GC Worker Start (ms): Min: 1310.3, Avg: 1310.4, Max: 1310.4, Diff: 0.1]
      [Ext Root Scanning (ms): Min: 0.1, Avg: 0.1, Max: 0.2, Diff: 0.1, Sum: 0.9]
      [Update RS (ms): Min: 0.2, Avg: 0.3, Max: 0.5, Diff: 0.3, Sum: 2.3]
         [Processed Buffers: Min: 0, Avg: 2.8, Max: 4, Diff: 4, Sum: 22]
      [Scan RS (ms): Min: 0.0, Avg: 0.1, Max: 0.2, Diff: 0.1, Sum: 0.5]
      [Code Root Scanning (ms): Min: 0.0, Avg: 0.0, Max: 0.0, Diff: 0.0, Sum: 0.0]
      [Object Copy (ms): Min: 12.8, Avg: 13.0, Max: 13.1, Diff: 0.3, Sum: 103.9]
      [Termination (ms): Min: 0.0, Avg: 0.1, Max: 0.2, Diff: 0.2, Sum: 0.8]
         [Termination Attempts: Min: 1, Avg: 1.0, Max: 1, Diff: 0, Sum: 8]
      [GC Worker Other (ms): Min: 0.0, Avg: 0.0, Max: 0.0, Diff: 0.0, Sum: 0.1]
      [GC Worker Total (ms): Min: 13.5, Avg: 13.6, Max: 13.6, Diff: 0.1, Sum: 108.5]
      [GC Worker End (ms): Min: 1323.9, Avg: 1323.9, Max: 1323.9, Diff: 0.0]
   [Code Root Fixup: 0.0 ms]
   [Code Root Purge: 0.0 ms]
   [Clear CT: 0.3 ms]
   [Other: 1.3 ms]
      [Choose CSet: 0.1 ms]
      [Ref Proc: 0.2 ms]
      [Ref Enq: 0.0 ms]
      [Redirty Cards: 0.3 ms]
      [Humongous Register: 0.2 ms]
      [Humongous Reclaim: 0.1 ms]
      [Free CSet: 0.3 ms]
   [Eden: 89.0M(89.0M)->0.0B(89.0M) Survivors: 13.0M->13.0M Heap: 1011.0M(2048.0M)->744.0M(2048.0M)]
 [Times: user=0.13 sys=0.00, real=0.02 secs] 
2021-01-21T16:14:19.426+0800: 1.347: [GC pause (G1 Evacuation Pause) (mixed), 0.0144741 secs]
   [Parallel Time: 12.9 ms, GC Workers: 8]
      [GC Worker Start (ms): Min: 1347.6, Avg: 1347.6, Max: 1347.7, Diff: 0.1]
      [Ext Root Scanning (ms): Min: 0.1, Avg: 0.1, Max: 0.2, Diff: 0.1, Sum: 1.1]
      [Update RS (ms): Min: 0.2, Avg: 0.3, Max: 0.9, Diff: 0.6, Sum: 2.7]
         [Processed Buffers: Min: 0, Avg: 3.0, Max: 4, Diff: 4, Sum: 24]
      [Scan RS (ms): Min: 0.0, Avg: 0.1, Max: 0.3, Diff: 0.3, Sum: 1.0]
      [Code Root Scanning (ms): Min: 0.0, Avg: 0.0, Max: 0.1, Diff: 0.1, Sum: 0.1]
      [Object Copy (ms): Min: 11.7, Avg: 12.1, Max: 12.2, Diff: 0.5, Sum: 96.8]
      [Termination (ms): Min: 0.0, Avg: 0.1, Max: 0.2, Diff: 0.2, Sum: 0.8]
         [Termination Attempts: Min: 1, Avg: 1.6, Max: 3, Diff: 2, Sum: 13]
      [GC Worker Other (ms): Min: 0.0, Avg: 0.0, Max: 0.0, Diff: 0.0, Sum: 0.1]
      [GC Worker Total (ms): Min: 12.8, Avg: 12.8, Max: 12.9, Diff: 0.1, Sum: 102.5]
      [GC Worker End (ms): Min: 1360.4, Avg: 1360.4, Max: 1360.4, Diff: 0.0]
   [Code Root Fixup: 0.0 ms]
   [Code Root Purge: 0.0 ms]
   [Clear CT: 0.3 ms]
   [Other: 1.3 ms]
      [Choose CSet: 0.1 ms]
      [Ref Proc: 0.2 ms]
      [Ref Enq: 0.0 ms]
      [Redirty Cards: 0.3 ms]
      [Humongous Register: 0.2 ms]
      [Humongous Reclaim: 0.1 ms]
      [Free CSet: 0.3 ms]
   [Eden: 89.0M(89.0M)->0.0B(936.0M) Survivors: 13.0M->13.0M Heap: 856.5M(2048.0M)->596.4M(2048.0M)]
 [Times: user=0.09 sys=0.03, real=0.01 secs] 
2021-01-21T16:14:19.579+0800: 1.500: [GC pause (G1 Humongous Allocation) (young) (initial-mark), 0.0325225 secs]
   [Parallel Time: 30.4 ms, GC Workers: 8]
      [GC Worker Start (ms): Min: 1500.2, Avg: 1500.3, Max: 1500.3, Diff: 0.1]
      [Ext Root Scanning (ms): Min: 0.1, Avg: 0.2, Max: 0.2, Diff: 0.1, Sum: 1.3]
      [Update RS (ms): Min: 0.4, Avg: 0.4, Max: 0.5, Diff: 0.1, Sum: 3.6]
         [Processed Buffers: Min: 0, Avg: 4.1, Max: 5, Diff: 5, Sum: 33]
      [Scan RS (ms): Min: 0.0, Avg: 0.1, Max: 0.1, Diff: 0.1, Sum: 0.6]
      [Code Root Scanning (ms): Min: 0.0, Avg: 0.0, Max: 0.0, Diff: 0.0, Sum: 0.0]
      [Object Copy (ms): Min: 29.4, Avg: 29.4, Max: 29.5, Diff: 0.1, Sum: 235.2]
      [Termination (ms): Min: 0.0, Avg: 0.1, Max: 0.1, Diff: 0.1, Sum: 0.8]
         [Termination Attempts: Min: 1, Avg: 1.0, Max: 1, Diff: 0, Sum: 8]
      [GC Worker Other (ms): Min: 0.0, Avg: 0.0, Max: 0.0, Diff: 0.0, Sum: 0.2]
      [GC Worker Total (ms): Min: 30.1, Avg: 30.2, Max: 30.3, Diff: 0.2, Sum: 241.6]
      [GC Worker End (ms): Min: 1530.5, Avg: 1530.5, Max: 1530.5, Diff: 0.0]
   [Code Root Fixup: 0.0 ms]
   [Code Root Purge: 0.0 ms]
   [Clear CT: 0.4 ms]
   [Other: 1.7 ms]
      [Choose CSet: 0.0 ms]
      [Ref Proc: 0.2 ms]
      [Ref Enq: 0.0 ms]
      [Redirty Cards: 0.3 ms]
      [Humongous Register: 0.2 ms]
      [Humongous Reclaim: 0.3 ms]
      [Free CSet: 0.4 ms]
   [Eden: 570.0M(936.0M)->0.0B(833.0M) Survivors: 13.0M->119.0M Heap: 1338.5M(2048.0M)->733.3M(2048.0M)]
 [Times: user=0.23 sys=0.01, real=0.03 secs] 
2021-01-21T16:14:19.613+0800: 1.533: [GC concurrent-root-region-scan-start]
2021-01-21T16:14:19.613+0800: 1.533: [GC concurrent-root-region-scan-end, 0.0003026 secs]
2021-01-21T16:14:19.613+0800: 1.533: [GC concurrent-mark-start]
2021-01-21T16:14:19.616+0800: 1.536: [GC concurrent-mark-end, 0.0027601 secs]
2021-01-21T16:14:19.616+0800: 1.536: [GC remark 2021-01-21T16:14:19.616+0800: 1.536: [Finalize Marking, 0.0003047 secs] 2021-01-21T16:14:19.616+0800: 1.536: [GC ref-proc, 0.0001745 secs] 2021-01-21T16:14:19.616+0800: 1.536: [Unloading, 0.0006617 secs], 0.0025147 secs]
 [Times: user=0.00 sys=0.00, real=0.00 secs] 
2021-01-21T16:14:19.618+0800: 1.538: [GC cleanup 748M->609M(2048M), 0.0018724 secs]
 [Times: user=0.00 sys=0.00, real=0.00 secs] 
2021-01-21T16:14:19.620+0800: 1.540: [GC concurrent-cleanup-start]
2021-01-21T16:14:19.620+0800: 1.541: [GC concurrent-cleanup-end, 0.0001826 secs]
2021-01-21T16:14:19.849+0800: 1.769: [GC pause (G1 Evacuation Pause) (young) (to-space exhausted), 0.0465475 secs]
   [Parallel Time: 43.5 ms, GC Workers: 8]
      [GC Worker Start (ms): Min: 1769.6, Avg: 1769.7, Max: 1769.9, Diff: 0.2]
      [Ext Root Scanning (ms): Min: 0.0, Avg: 0.1, Max: 0.2, Diff: 0.2, Sum: 1.1]
      [Update RS (ms): Min: 0.4, Avg: 0.5, Max: 0.6, Diff: 0.2, Sum: 3.8]
         [Processed Buffers: Min: 0, Avg: 3.5, Max: 5, Diff: 5, Sum: 28]
      [Scan RS (ms): Min: 0.0, Avg: 0.1, Max: 0.2, Diff: 0.1, Sum: 1.0]
      [Code Root Scanning (ms): Min: 0.0, Avg: 0.0, Max: 0.0, Diff: 0.0, Sum: 0.0]
      [Object Copy (ms): Min: 42.2, Avg: 42.3, Max: 42.6, Diff: 0.3, Sum: 338.4]
      [Termination (ms): Min: 0.0, Avg: 0.3, Max: 0.3, Diff: 0.3, Sum: 2.1]
         [Termination Attempts: Min: 1, Avg: 1.0, Max: 1, Diff: 0, Sum: 8]
      [GC Worker Other (ms): Min: 0.0, Avg: 0.0, Max: 0.1, Diff: 0.0, Sum: 0.3]
      [GC Worker Total (ms): Min: 43.2, Avg: 43.3, Max: 43.4, Diff: 0.2, Sum: 346.7]
      [GC Worker End (ms): Min: 1813.0, Avg: 1813.0, Max: 1813.1, Diff: 0.0]
   [Code Root Fixup: 0.0 ms]
   [Code Root Purge: 0.0 ms]
   [Clear CT: 0.5 ms]
   [Other: 2.6 ms]
      [Evacuation Failure: 0.4 ms]
      [Choose CSet: 0.0 ms]
      [Ref Proc: 0.2 ms]
      [Ref Enq: 0.0 ms]
      [Redirty Cards: 0.3 ms]
      [Humongous Register: 0.2 ms]
      [Humongous Reclaim: 0.5 ms]
      [Free CSet: 0.7 ms]
   [Eden: 833.0M(833.0M)->0.0B(5120.0K) Survivors: 119.0M->119.0M Heap: 1643.9M(2048.0M)->742.9M(2048.0M)]
 [Times: user=0.36 sys=0.00, real=0.05 secs] 
2021-01-21T16:14:19.897+0800: 1.818: [GC pause (G1 Evacuation Pause) (mixed), 0.0275853 secs]
   [Parallel Time: 26.0 ms, GC Workers: 8]
      [GC Worker Start (ms): Min: 1817.8, Avg: 1817.9, Max: 1818.0, Diff: 0.2]
      [Ext Root Scanning (ms): Min: 0.0, Avg: 0.1, Max: 0.2, Diff: 0.2, Sum: 1.1]
      [Update RS (ms): Min: 0.1, Avg: 0.2, Max: 0.2, Diff: 0.1, Sum: 1.4]
         [Processed Buffers: Min: 1, Avg: 2.1, Max: 3, Diff: 2, Sum: 17]
      [Scan RS (ms): Min: 0.0, Avg: 0.1, Max: 0.2, Diff: 0.1, Sum: 0.7]
      [Code Root Scanning (ms): Min: 0.0, Avg: 0.0, Max: 0.0, Diff: 0.0, Sum: 0.0]
      [Object Copy (ms): Min: 25.3, Avg: 25.3, Max: 25.5, Diff: 0.2, Sum: 202.8]
      [Termination (ms): Min: 0.0, Avg: 0.0, Max: 0.1, Diff: 0.1, Sum: 0.4]
         [Termination Attempts: Min: 1, Avg: 1.1, Max: 2, Diff: 1, Sum: 9]
      [GC Worker Other (ms): Min: 0.0, Avg: 0.0, Max: 0.0, Diff: 0.0, Sum: 0.1]
      [GC Worker Total (ms): Min: 25.7, Avg: 25.8, Max: 25.9, Diff: 0.2, Sum: 206.5]
      [GC Worker End (ms): Min: 1843.7, Avg: 1843.7, Max: 1843.7, Diff: 0.0]
   [Code Root Fixup: 0.0 ms]
   [Code Root Purge: 0.0 ms]
   [Clear CT: 0.3 ms]
   [Other: 1.4 ms]
      [Choose CSet: 0.1 ms]
      [Ref Proc: 0.2 ms]
      [Ref Enq: 0.0 ms]
      [Redirty Cards: 0.4 ms]
      [Humongous Register: 0.1 ms]
      [Humongous Reclaim: 0.1 ms]
      [Free CSet: 0.3 ms]
   [Eden: 5120.0K(5120.0K)->0.0B(929.0M) Survivors: 119.0M->2048.0K Heap: 748.7M(2048.0M)->626.6M(2048.0M)]
 [Times: user=0.24 sys=0.02, real=0.03 secs] 
2021-01-21T16:14:20.072+0800: 1.993: [GC pause (G1 Humongous Allocation) (young) (initial-mark), 0.0297598 secs]
   [Parallel Time: 27.6 ms, GC Workers: 8]
      [GC Worker Start (ms): Min: 1992.9, Avg: 1992.9, Max: 1993.0, Diff: 0.1]
      [Ext Root Scanning (ms): Min: 0.1, Avg: 0.2, Max: 0.2, Diff: 0.1, Sum: 1.3]
      [Update RS (ms): Min: 0.4, Avg: 0.5, Max: 1.0, Diff: 0.6, Sum: 4.0]
         [Processed Buffers: Min: 0, Avg: 3.8, Max: 5, Diff: 5, Sum: 30]
      [Scan RS (ms): Min: 0.0, Avg: 0.1, Max: 0.1, Diff: 0.1, Sum: 0.7]
      [Code Root Scanning (ms): Min: 0.0, Avg: 0.0, Max: 0.0, Diff: 0.0, Sum: 0.0]
      [Object Copy (ms): Min: 26.2, Avg: 26.5, Max: 26.7, Diff: 0.5, Sum: 212.4]
      [Termination (ms): Min: 0.0, Avg: 0.1, Max: 0.3, Diff: 0.3, Sum: 1.1]
         [Termination Attempts: Min: 1, Avg: 1.0, Max: 1, Diff: 0, Sum: 8]
      [GC Worker Other (ms): Min: 0.0, Avg: 0.0, Max: 0.0, Diff: 0.0, Sum: 0.2]
      [GC Worker Total (ms): Min: 27.4, Avg: 27.5, Max: 27.5, Diff: 0.1, Sum: 219.7]
      [GC Worker End (ms): Min: 2020.4, Avg: 2020.4, Max: 2020.4, Diff: 0.0]
   [Code Root Fixup: 0.0 ms]
   [Code Root Purge: 0.0 ms]
   [Clear CT: 0.4 ms]
   [Other: 1.7 ms]
      [Choose CSet: 0.0 ms]
      [Ref Proc: 0.3 ms]
      [Ref Enq: 0.0 ms]
      [Redirty Cards: 0.3 ms]
      [Humongous Register: 0.2 ms]
      [Humongous Reclaim: 0.3 ms]
      [Free CSet: 0.4 ms]
   [Eden: 570.0M(929.0M)->0.0B(4096.0K) Survivors: 2048.0K->117.0M Heap: 1349.6M(2048.0M)->778.5M(2048.0M)]
 [Times: user=0.25 sys=0.00, real=0.03 secs] 
2021-01-21T16:14:20.102+0800: 2.022: [GC concurrent-root-region-scan-start]
2021-01-21T16:14:20.103+0800: 2.023: [GC concurrent-root-region-scan-end, 0.0003174 secs]
2021-01-21T16:14:20.103+0800: 2.023: [GC concurrent-mark-start]
2021-01-21T16:14:20.104+0800: 2.024: [GC pause (G1 Evacuation Pause) (young), 0.0250708 secs]
   [Parallel Time: 23.7 ms, GC Workers: 8]
      [GC Worker Start (ms): Min: 2024.0, Avg: 2024.1, Max: 2024.2, Diff: 0.1]
      [Ext Root Scanning (ms): Min: 0.1, Avg: 0.1, Max: 0.2, Diff: 0.1, Sum: 1.1]
      [Update RS (ms): Min: 0.3, Avg: 0.3, Max: 0.3, Diff: 0.1, Sum: 2.3]
         [Processed Buffers: Min: 3, Avg: 3.3, Max: 4, Diff: 1, Sum: 26]
      [Scan RS (ms): Min: 0.0, Avg: 0.0, Max: 0.0, Diff: 0.0, Sum: 0.1]
      [Code Root Scanning (ms): Min: 0.0, Avg: 0.0, Max: 0.0, Diff: 0.0, Sum: 0.0]
      [Object Copy (ms): Min: 22.9, Avg: 23.0, Max: 23.0, Diff: 0.1, Sum: 183.8]
      [Termination (ms): Min: 0.0, Avg: 0.1, Max: 0.1, Diff: 0.1, Sum: 0.5]
         [Termination Attempts: Min: 1, Avg: 1.0, Max: 1, Diff: 0, Sum: 8]
      [GC Worker Other (ms): Min: 0.0, Avg: 0.0, Max: 0.0, Diff: 0.0, Sum: 0.1]
      [GC Worker Total (ms): Min: 23.4, Avg: 23.5, Max: 23.6, Diff: 0.1, Sum: 188.0]
      [GC Worker End (ms): Min: 2047.6, Avg: 2047.6, Max: 2047.6, Diff: 0.0]
   [Code Root Fixup: 0.0 ms]
   [Code Root Purge: 0.0 ms]
   [Clear CT: 0.3 ms]
   [Other: 1.1 ms]
      [Choose CSet: 0.0 ms]
      [Ref Proc: 0.2 ms]
      [Ref Enq: 0.0 ms]
      [Redirty Cards: 0.4 ms]
      [Humongous Register: 0.1 ms]
      [Humongous Reclaim: 0.1 ms]
      [Free CSet: 0.1 ms]
   [Eden: 4096.0K(4096.0K)->0.0B(101.0M) Survivors: 117.0M->1024.0K Heap: 784.6M(2048.0M)->779.6M(2048.0M)]
 [Times: user=0.22 sys=0.03, real=0.02 secs] 
2021-01-21T16:14:20.131+0800: 2.051: [GC concurrent-mark-end, 0.0284045 secs]
2021-01-21T16:14:20.131+0800: 2.051: [GC remark 2021-01-21T16:14:20.131+0800: 2.051: [Finalize Marking, 0.0003402 secs] 2021-01-21T16:14:20.132+0800: 2.052: [GC ref-proc, 0.0001765 secs] 2021-01-21T16:14:20.132+0800: 2.052: [Unloading, 0.0005102 secs], 0.0021692 secs]
 [Times: user=0.00 sys=0.00, real=0.00 secs] 
2021-01-21T16:14:20.134+0800: 2.054: [GC cleanup 790M->662M(2048M), 0.0015097 secs]
 [Times: user=0.00 sys=0.00, real=0.00 secs] 
2021-01-21T16:14:20.135+0800: 2.055: [GC concurrent-cleanup-start]
2021-01-21T16:14:20.135+0800: 2.056: [GC concurrent-cleanup-end, 0.0002188 secs]
2021-01-21T16:14:20.163+0800: 2.083: [GC pause (G1 Evacuation Pause) (young), 0.0093573 secs]
   [Parallel Time: 7.7 ms, GC Workers: 8]
      [GC Worker Start (ms): Min: 2083.5, Avg: 2083.6, Max: 2083.6, Diff: 0.1]
      [Ext Root Scanning (ms): Min: 0.1, Avg: 0.1, Max: 0.2, Diff: 0.1, Sum: 1.1]
      [Update RS (ms): Min: 0.4, Avg: 0.5, Max: 1.0, Diff: 0.6, Sum: 4.2]
         [Processed Buffers: Min: 0, Avg: 4.0, Max: 5, Diff: 5, Sum: 32]
      [Scan RS (ms): Min: 0.0, Avg: 0.0, Max: 0.0, Diff: 0.0, Sum: 0.1]
      [Code Root Scanning (ms): Min: 0.0, Avg: 0.0, Max: 0.0, Diff: 0.0, Sum: 0.0]
      [Object Copy (ms): Min: 6.2, Avg: 6.7, Max: 6.9, Diff: 0.7, Sum: 53.8]
      [Termination (ms): Min: 0.0, Avg: 0.1, Max: 0.2, Diff: 0.2, Sum: 0.7]
         [Termination Attempts: Min: 1, Avg: 1.0, Max: 1, Diff: 0, Sum: 8]
      [GC Worker Other (ms): Min: 0.0, Avg: 0.0, Max: 0.0, Diff: 0.0, Sum: 0.1]
      [GC Worker Total (ms): Min: 7.4, Avg: 7.5, Max: 7.6, Diff: 0.1, Sum: 60.0]
      [GC Worker End (ms): Min: 2091.1, Avg: 2091.1, Max: 2091.1, Diff: 0.0]
   [Code Root Fixup: 0.0 ms]
   [Code Root Purge: 0.0 ms]
   [Clear CT: 0.4 ms]
   [Other: 1.3 ms]
      [Choose CSet: 0.0 ms]
      [Ref Proc: 0.3 ms]
      [Ref Enq: 0.0 ms]
      [Redirty Cards: 0.3 ms]
      [Humongous Register: 0.2 ms]
      [Humongous Reclaim: 0.1 ms]
      [Free CSet: 0.2 ms]
   [Eden: 101.0M(101.0M)->0.0B(89.0M) Survivors: 1024.0K->13.0M Heap: 780.6M(2048.0M)->691.2M(2048.0M)]
 [Times: user=0.00 sys=0.00, real=0.01 secs] 
2021-01-21T16:14:20.195+0800: 2.116: [GC pause (G1 Evacuation Pause) (mixed), 0.0099493 secs]
   [Parallel Time: 8.4 ms, GC Workers: 8]
      [GC Worker Start (ms): Min: 2116.3, Avg: 2116.4, Max: 2116.4, Diff: 0.1]
      [Ext Root Scanning (ms): Min: 0.1, Avg: 0.1, Max: 0.2, Diff: 0.1, Sum: 1.1]
      [Update RS (ms): Min: 0.4, Avg: 0.5, Max: 0.6, Diff: 0.1, Sum: 4.0]
         [Processed Buffers: Min: 0, Avg: 4.4, Max: 5, Diff: 5, Sum: 35]
      [Scan RS (ms): Min: 0.0, Avg: 0.0, Max: 0.1, Diff: 0.1, Sum: 0.3]
      [Code Root Scanning (ms): Min: 0.0, Avg: 0.0, Max: 0.0, Diff: 0.0, Sum: 0.0]
      [Object Copy (ms): Min: 7.3, Avg: 7.4, Max: 7.5, Diff: 0.2, Sum: 59.5]
      [Termination (ms): Min: 0.0, Avg: 0.1, Max: 0.2, Diff: 0.2, Sum: 0.6]
         [Termination Attempts: Min: 1, Avg: 1.0, Max: 1, Diff: 0, Sum: 8]
      [GC Worker Other (ms): Min: 0.0, Avg: 0.0, Max: 0.0, Diff: 0.0, Sum: 0.1]
      [GC Worker Total (ms): Min: 8.1, Avg: 8.2, Max: 8.3, Diff: 0.1, Sum: 65.6]
      [GC Worker End (ms): Min: 2124.6, Avg: 2124.6, Max: 2124.6, Diff: 0.0]
   [Code Root Fixup: 0.0 ms]
   [Code Root Purge: 0.0 ms]
   [Clear CT: 0.3 ms]
   [Other: 1.3 ms]
      [Choose CSet: 0.0 ms]
      [Ref Proc: 0.2 ms]
      [Ref Enq: 0.0 ms]
      [Redirty Cards: 0.4 ms]
      [Humongous Register: 0.2 ms]
      [Humongous Reclaim: 0.1 ms]
      [Free CSet: 0.1 ms]
   [Eden: 89.0M(89.0M)->0.0B(89.0M) Survivors: 13.0M->13.0M Heap: 800.3M(2048.0M)->661.6M(2048.0M)]
 [Times: user=0.13 sys=0.00, real=0.01 secs] 
2021-01-21T16:14:20.229+0800: 2.150: [GC pause (G1 Evacuation Pause) (mixed), 0.0113482 secs]
   [Parallel Time: 9.8 ms, GC Workers: 8]
      [GC Worker Start (ms): Min: 2150.0, Avg: 2150.1, Max: 2150.2, Diff: 0.2]
      [Ext Root Scanning (ms): Min: 0.0, Avg: 0.1, Max: 0.2, Diff: 0.2, Sum: 1.2]
      [Update RS (ms): Min: 0.5, Avg: 0.6, Max: 0.6, Diff: 0.1, Sum: 4.6]
         [Processed Buffers: Min: 1, Avg: 5.3, Max: 6, Diff: 5, Sum: 42]
      [Scan RS (ms): Min: 0.0, Avg: 0.1, Max: 0.4, Diff: 0.3, Sum: 1.0]
      [Code Root Scanning (ms): Min: 0.0, Avg: 0.0, Max: 0.1, Diff: 0.1, Sum: 0.1]
      [Object Copy (ms): Min: 8.4, Avg: 8.7, Max: 8.9, Diff: 0.4, Sum: 69.8]
      [Termination (ms): Min: 0.0, Avg: 0.0, Max: 0.1, Diff: 0.1, Sum: 0.4]
         [Termination Attempts: Min: 1, Avg: 1.1, Max: 2, Diff: 1, Sum: 9]
      [GC Worker Other (ms): Min: 0.0, Avg: 0.0, Max: 0.0, Diff: 0.0, Sum: 0.1]
      [GC Worker Total (ms): Min: 9.5, Avg: 9.6, Max: 9.7, Diff: 0.2, Sum: 77.2]
      [GC Worker End (ms): Min: 2159.8, Avg: 2159.8, Max: 2159.8, Diff: 0.0]
   [Code Root Fixup: 0.0 ms]
   [Code Root Purge: 0.0 ms]
   [Clear CT: 0.4 ms]
   [Other: 1.1 ms]
      [Choose CSet: 0.0 ms]
      [Ref Proc: 0.1 ms]
      [Ref Enq: 0.0 ms]
      [Redirty Cards: 0.3 ms]
      [Humongous Register: 0.2 ms]
      [Humongous Reclaim: 0.1 ms]
      [Free CSet: 0.2 ms]
   [Eden: 89.0M(89.0M)->0.0B(89.0M) Survivors: 13.0M->13.0M Heap: 777.4M(2048.0M)->641.5M(2048.0M)]
 [Times: user=0.13 sys=0.00, real=0.01 secs] 
2021-01-21T16:14:20.265+0800: 2.185: [GC pause (G1 Evacuation Pause) (mixed), 0.0131027 secs]
   [Parallel Time: 11.9 ms, GC Workers: 8]
      [GC Worker Start (ms): Min: 2185.7, Avg: 2185.8, Max: 2185.8, Diff: 0.1]
      [Ext Root Scanning (ms): Min: 0.1, Avg: 0.1, Max: 0.2, Diff: 0.1, Sum: 1.2]
      [Update RS (ms): Min: 0.5, Avg: 0.5, Max: 0.5, Diff: 0.0, Sum: 4.2]
         [Processed Buffers: Min: 5, Avg: 5.1, Max: 6, Diff: 1, Sum: 41]
      [Scan RS (ms): Min: 0.1, Avg: 0.1, Max: 0.3, Diff: 0.2, Sum: 1.1]
      [Code Root Scanning (ms): Min: 0.0, Avg: 0.0, Max: 0.1, Diff: 0.1, Sum: 0.1]
      [Object Copy (ms): Min: 10.1, Avg: 10.4, Max: 11.0, Diff: 0.8, Sum: 83.4]
      [Termination (ms): Min: 0.0, Avg: 0.5, Max: 0.6, Diff: 0.6, Sum: 3.8]
         [Termination Attempts: Min: 1, Avg: 1.0, Max: 1, Diff: 0, Sum: 8]
      [GC Worker Other (ms): Min: 0.0, Avg: 0.0, Max: 0.0, Diff: 0.0, Sum: 0.1]
      [GC Worker Total (ms): Min: 11.7, Avg: 11.7, Max: 11.8, Diff: 0.1, Sum: 93.8]
      [GC Worker End (ms): Min: 2197.5, Avg: 2197.5, Max: 2197.5, Diff: 0.0]
   [Code Root Fixup: 0.0 ms]
   [Code Root Purge: 0.0 ms]
   [Clear CT: 0.2 ms]
   [Other: 1.0 ms]
      [Choose CSet: 0.0 ms]
      [Ref Proc: 0.2 ms]
      [Ref Enq: 0.0 ms]
      [Redirty Cards: 0.2 ms]
      [Humongous Register: 0.2 ms]
      [Humongous Reclaim: 0.1 ms]
      [Free CSet: 0.2 ms]
   [Eden: 89.0M(89.0M)->0.0B(89.0M) Survivors: 13.0M->13.0M Heap: 753.3M(2048.0M)->623.8M(2048.0M)]
 [Times: user=0.13 sys=0.00, real=0.01 secs] 
2021-01-21T16:14:20.302+0800: 2.222: [GC pause (G1 Evacuation Pause) (mixed), 0.0124866 secs]
   [Parallel Time: 11.2 ms, GC Workers: 8]
      [GC Worker Start (ms): Min: 2221.8, Avg: 2221.8, Max: 2221.9, Diff: 0.1]
      [Ext Root Scanning (ms): Min: 0.1, Avg: 0.1, Max: 0.2, Diff: 0.1, Sum: 1.2]
      [Update RS (ms): Min: 0.8, Avg: 0.9, Max: 1.1, Diff: 0.3, Sum: 7.2]
         [Processed Buffers: Min: 7, Avg: 8.5, Max: 11, Diff: 4, Sum: 68]
      [Scan RS (ms): Min: 0.0, Avg: 0.0, Max: 0.1, Diff: 0.1, Sum: 0.3]
      [Code Root Scanning (ms): Min: 0.0, Avg: 0.0, Max: 0.0, Diff: 0.0, Sum: 0.0]
      [Object Copy (ms): Min: 9.4, Avg: 9.6, Max: 9.8, Diff: 0.3, Sum: 77.2]
      [Termination (ms): Min: 0.0, Avg: 0.1, Max: 0.2, Diff: 0.2, Sum: 0.7]
         [Termination Attempts: Min: 1, Avg: 1.0, Max: 1, Diff: 0, Sum: 8]
      [GC Worker Other (ms): Min: 0.0, Avg: 0.0, Max: 0.0, Diff: 0.0, Sum: 0.1]
      [GC Worker Total (ms): Min: 10.8, Avg: 10.8, Max: 10.9, Diff: 0.1, Sum: 86.7]
      [GC Worker End (ms): Min: 2232.7, Avg: 2232.7, Max: 2232.7, Diff: 0.0]
   [Code Root Fixup: 0.0 ms]
   [Code Root Purge: 0.0 ms]
   [Clear CT: 0.3 ms]
   [Other: 1.1 ms]
      [Choose CSet: 0.0 ms]
      [Ref Proc: 0.3 ms]
      [Ref Enq: 0.0 ms]
      [Redirty Cards: 0.2 ms]
      [Humongous Register: 0.2 ms]
      [Humongous Reclaim: 0.1 ms]
      [Free CSet: 0.1 ms]
   [Eden: 89.0M(89.0M)->0.0B(89.0M) Survivors: 13.0M->13.0M Heap: 732.3M(2048.0M)->616.8M(2048.0M)]
 [Times: user=0.00 sys=0.00, real=0.01 secs] 
2021-01-21T16:14:20.340+0800: 2.259: [GC pause (G1 Evacuation Pause) (young), 0.0103790 secs]
   [Parallel Time: 9.0 ms, GC Workers: 8]
      [GC Worker Start (ms): Min: 2259.7, Avg: 2259.8, Max: 2259.8, Diff: 0.1]
      [Ext Root Scanning (ms): Min: 0.1, Avg: 0.1, Max: 0.2, Diff: 0.1, Sum: 1.2]
      [Update RS (ms): Min: 0.9, Avg: 0.9, Max: 1.0, Diff: 0.1, Sum: 7.3]
         [Processed Buffers: Min: 8, Avg: 8.4, Max: 9, Diff: 1, Sum: 67]
      [Scan RS (ms): Min: 0.0, Avg: 0.0, Max: 0.0, Diff: 0.0, Sum: 0.1]
      [Code Root Scanning (ms): Min: 0.0, Avg: 0.0, Max: 0.0, Diff: 0.0, Sum: 0.0]
      [Object Copy (ms): Min: 7.7, Avg: 7.8, Max: 7.9, Diff: 0.2, Sum: 62.1]
      [Termination (ms): Min: 0.0, Avg: 0.1, Max: 0.2, Diff: 0.2, Sum: 0.9]
         [Termination Attempts: Min: 1, Avg: 1.1, Max: 2, Diff: 1, Sum: 9]
      [GC Worker Other (ms): Min: 0.0, Avg: 0.0, Max: 0.0, Diff: 0.0, Sum: 0.1]
      [GC Worker Total (ms): Min: 8.9, Avg: 9.0, Max: 9.0, Diff: 0.1, Sum: 71.7]
      [GC Worker End (ms): Min: 2268.7, Avg: 2268.7, Max: 2268.7, Diff: 0.0]
   [Code Root Fixup: 0.0 ms]
   [Code Root Purge: 0.0 ms]
   [Clear CT: 0.3 ms]
   [Other: 1.0 ms]
      [Choose CSet: 0.0 ms]
      [Ref Proc: 0.2 ms]
      [Ref Enq: 0.0 ms]
      [Redirty Cards: 0.2 ms]
      [Humongous Register: 0.2 ms]
      [Humongous Reclaim: 0.1 ms]
      [Free CSet: 0.1 ms]
   [Eden: 89.0M(89.0M)->0.0B(89.0M) Survivors: 13.0M->13.0M Heap: 729.2M(2048.0M)->645.0M(2048.0M)]
 [Times: user=0.09 sys=0.00, real=0.01 secs] 
2021-01-21T16:14:20.374+0800: 2.294: [GC pause (G1 Evacuation Pause) (young), 0.0123571 secs]
   [Parallel Time: 10.3 ms, GC Workers: 8]
      [GC Worker Start (ms): Min: 2294.0, Avg: 2294.1, Max: 2294.1, Diff: 0.1]
      [Ext Root Scanning (ms): Min: 0.1, Avg: 0.1, Max: 0.2, Diff: 0.1, Sum: 1.2]
      [Update RS (ms): Min: 1.0, Avg: 1.0, Max: 1.0, Diff: 0.1, Sum: 8.1]
         [Processed Buffers: Min: 6, Avg: 9.5, Max: 10, Diff: 4, Sum: 76]
      [Scan RS (ms): Min: 0.0, Avg: 0.0, Max: 0.0, Diff: 0.0, Sum: 0.1]
      [Code Root Scanning (ms): Min: 0.0, Avg: 0.0, Max: 0.0, Diff: 0.0, Sum: 0.0]
      [Object Copy (ms): Min: 8.6, Avg: 8.7, Max: 8.8, Diff: 0.2, Sum: 69.3]
      [Termination (ms): Min: 0.0, Avg: 0.1, Max: 0.2, Diff: 0.2, Sum: 0.9]
         [Termination Attempts: Min: 1, Avg: 1.3, Max: 2, Diff: 1, Sum: 10]
      [GC Worker Other (ms): Min: 0.0, Avg: 0.0, Max: 0.0, Diff: 0.0, Sum: 0.1]
      [GC Worker Total (ms): Min: 9.9, Avg: 10.0, Max: 10.0, Diff: 0.1, Sum: 79.6]
      [GC Worker End (ms): Min: 2304.0, Avg: 2304.0, Max: 2304.0, Diff: 0.0]
   [Code Root Fixup: 0.0 ms]
   [Code Root Purge: 0.0 ms]
   [Clear CT: 0.3 ms]
   [Other: 1.8 ms]
      [Choose CSet: 0.0 ms]
      [Ref Proc: 0.8 ms]
      [Ref Enq: 0.0 ms]
      [Redirty Cards: 0.2 ms]
      [Humongous Register: 0.2 ms]
      [Humongous Reclaim: 0.2 ms]
      [Free CSet: 0.2 ms]
   [Eden: 89.0M(89.0M)->0.0B(89.0M) Survivors: 13.0M->13.0M Heap: 754.2M(2048.0M)->670.1M(2048.0M)]
 [Times: user=0.13 sys=0.00, real=0.01 secs] 
2021-01-21T16:14:20.411+0800: 2.331: [GC pause (G1 Evacuation Pause) (young), 0.0107894 secs]
   [Parallel Time: 9.3 ms, GC Workers: 8]
      [GC Worker Start (ms): Min: 2330.8, Avg: 2330.9, Max: 2330.9, Diff: 0.1]
      [Ext Root Scanning (ms): Min: 0.1, Avg: 0.1, Max: 0.2, Diff: 0.1, Sum: 1.1]
      [Update RS (ms): Min: 0.8, Avg: 0.9, Max: 0.9, Diff: 0.1, Sum: 6.9]
         [Processed Buffers: Min: 4, Avg: 7.9, Max: 9, Diff: 5, Sum: 63]
      [Scan RS (ms): Min: 0.0, Avg: 0.0, Max: 0.0, Diff: 0.0, Sum: 0.1]
      [Code Root Scanning (ms): Min: 0.0, Avg: 0.0, Max: 0.0, Diff: 0.0, Sum: 0.0]
      [Object Copy (ms): Min: 7.9, Avg: 8.0, Max: 8.1, Diff: 0.2, Sum: 64.2]
      [Termination (ms): Min: 0.0, Avg: 0.1, Max: 0.2, Diff: 0.2, Sum: 0.6]
         [Termination Attempts: Min: 1, Avg: 1.8, Max: 3, Diff: 2, Sum: 14]
      [GC Worker Other (ms): Min: 0.0, Avg: 0.0, Max: 0.0, Diff: 0.0, Sum: 0.1]
      [GC Worker Total (ms): Min: 9.1, Avg: 9.1, Max: 9.2, Diff: 0.1, Sum: 73.0]
      [GC Worker End (ms): Min: 2340.0, Avg: 2340.0, Max: 2340.0, Diff: 0.0]
   [Code Root Fixup: 0.0 ms]
   [Code Root Purge: 0.0 ms]
   [Clear CT: 0.4 ms]
   [Other: 1.1 ms]
      [Choose CSet: 0.0 ms]
      [Ref Proc: 0.1 ms]
      [Ref Enq: 0.0 ms]
      [Redirty Cards: 0.3 ms]
      [Humongous Register: 0.2 ms]
      [Humongous Reclaim: 0.1 ms]
      [Free CSet: 0.2 ms]
   [Eden: 89.0M(89.0M)->0.0B(89.0M) Survivors: 13.0M->13.0M Heap: 780.7M(2048.0M)->696.2M(2048.0M)]
 [Times: user=0.00 sys=0.00, real=0.01 secs] 
2021-01-21T16:14:20.444+0800: 2.364: [GC pause (G1 Evacuation Pause) (young), 0.0111383 secs]
   [Parallel Time: 9.7 ms, GC Workers: 8]
      [GC Worker Start (ms): Min: 2364.3, Avg: 2364.4, Max: 2364.4, Diff: 0.1]
      [Ext Root Scanning (ms): Min: 0.1, Avg: 0.1, Max: 0.2, Diff: 0.1, Sum: 1.2]
      [Update RS (ms): Min: 1.1, Avg: 1.2, Max: 1.2, Diff: 0.1, Sum: 9.4]
         [Processed Buffers: Min: 7, Avg: 11.1, Max: 13, Diff: 6, Sum: 89]
      [Scan RS (ms): Min: 0.0, Avg: 0.0, Max: 0.0, Diff: 0.0, Sum: 0.1]
      [Code Root Scanning (ms): Min: 0.0, Avg: 0.0, Max: 0.0, Diff: 0.0, Sum: 0.0]
      [Object Copy (ms): Min: 7.9, Avg: 8.0, Max: 8.1, Diff: 0.2, Sum: 63.7]
      [Termination (ms): Min: 0.0, Avg: 0.1, Max: 0.1, Diff: 0.1, Sum: 0.5]
         [Termination Attempts: Min: 1, Avg: 1.8, Max: 3, Diff: 2, Sum: 14]
      [GC Worker Other (ms): Min: 0.0, Avg: 0.0, Max: 0.0, Diff: 0.0, Sum: 0.1]
      [GC Worker Total (ms): Min: 9.3, Avg: 9.4, Max: 9.4, Diff: 0.1, Sum: 74.9]
      [GC Worker End (ms): Min: 2373.8, Avg: 2373.8, Max: 2373.8, Diff: 0.0]
   [Code Root Fixup: 0.0 ms]
   [Code Root Purge: 0.0 ms]
   [Clear CT: 0.4 ms]
   [Other: 1.1 ms]
      [Choose CSet: 0.0 ms]
      [Ref Proc: 0.2 ms]
      [Ref Enq: 0.0 ms]
      [Redirty Cards: 0.3 ms]
      [Humongous Register: 0.2 ms]
      [Humongous Reclaim: 0.1 ms]
      [Free CSet: 0.1 ms]
   [Eden: 89.0M(89.0M)->0.0B(89.0M) Survivors: 13.0M->13.0M Heap: 807.0M(2048.0M)->725.3M(2048.0M)]
 [Times: user=0.00 sys=0.02, real=0.01 secs] 
2021-01-21T16:14:20.479+0800: 2.399: [GC pause (G1 Evacuation Pause) (young), 0.0100154 secs]
   [Parallel Time: 8.9 ms, GC Workers: 8]
      [GC Worker Start (ms): Min: 2399.1, Avg: 2399.2, Max: 2399.2, Diff: 0.1]
      [Ext Root Scanning (ms): Min: 0.1, Avg: 0.1, Max: 0.2, Diff: 0.1, Sum: 1.2]
      [Update RS (ms): Min: 1.0, Avg: 1.1, Max: 1.1, Diff: 0.1, Sum: 8.4]
         [Processed Buffers: Min: 6, Avg: 9.8, Max: 11, Diff: 5, Sum: 78]
      [Scan RS (ms): Min: 0.0, Avg: 0.0, Max: 0.0, Diff: 0.0, Sum: 0.1]
      [Code Root Scanning (ms): Min: 0.0, Avg: 0.0, Max: 0.0, Diff: 0.0, Sum: 0.0]
      [Object Copy (ms): Min: 7.3, Avg: 7.4, Max: 7.5, Diff: 0.3, Sum: 59.4]
      [Termination (ms): Min: 0.0, Avg: 0.1, Max: 0.2, Diff: 0.2, Sum: 0.6]
         [Termination Attempts: Min: 1, Avg: 1.0, Max: 1, Diff: 0, Sum: 8]
      [GC Worker Other (ms): Min: 0.0, Avg: 0.0, Max: 0.0, Diff: 0.0, Sum: 0.1]
      [GC Worker Total (ms): Min: 8.7, Avg: 8.7, Max: 8.8, Diff: 0.1, Sum: 69.8]
      [GC Worker End (ms): Min: 2407.9, Avg: 2407.9, Max: 2407.9, Diff: 0.0]
   [Code Root Fixup: 0.0 ms]
   [Code Root Purge: 0.0 ms]
   [Clear CT: 0.1 ms]
   [Other: 1.0 ms]
      [Choose CSet: 0.0 ms]
      [Ref Proc: 0.1 ms]
      [Ref Enq: 0.0 ms]
      [Redirty Cards: 0.2 ms]
      [Humongous Register: 0.2 ms]
      [Humongous Reclaim: 0.1 ms]
      [Free CSet: 0.2 ms]
   [Eden: 89.0M(89.0M)->0.0B(89.0M) Survivors: 13.0M->13.0M Heap: 832.7M(2048.0M)->750.1M(2048.0M)]
 [Times: user=0.13 sys=0.00, real=0.01 secs] 
2021-01-21T16:14:20.514+0800: 2.434: [GC pause (G1 Evacuation Pause) (young), 0.0114656 secs]
   [Parallel Time: 10.1 ms, GC Workers: 8]
      [GC Worker Start (ms): Min: 2434.2, Avg: 2434.3, Max: 2434.3, Diff: 0.1]
      [Ext Root Scanning (ms): Min: 0.1, Avg: 0.1, Max: 0.2, Diff: 0.1, Sum: 1.2]
      [Update RS (ms): Min: 1.4, Avg: 1.4, Max: 1.5, Diff: 0.1, Sum: 11.5]
         [Processed Buffers: Min: 9, Avg: 13.3, Max: 14, Diff: 5, Sum: 106]
      [Scan RS (ms): Min: 0.0, Avg: 0.0, Max: 0.0, Diff: 0.0, Sum: 0.1]
      [Code Root Scanning (ms): Min: 0.0, Avg: 0.0, Max: 0.0, Diff: 0.0, Sum: 0.0]
      [Object Copy (ms): Min: 8.2, Avg: 8.3, Max: 8.4, Diff: 0.2, Sum: 66.4]
      [Termination (ms): Min: 0.0, Avg: 0.1, Max: 0.1, Diff: 0.1, Sum: 0.4]
         [Termination Attempts: Min: 1, Avg: 1.0, Max: 1, Diff: 0, Sum: 8]
      [GC Worker Other (ms): Min: 0.0, Avg: 0.0, Max: 0.0, Diff: 0.0, Sum: 0.1]
      [GC Worker Total (ms): Min: 9.9, Avg: 10.0, Max: 10.0, Diff: 0.1, Sum: 79.7]
      [GC Worker End (ms): Min: 2444.2, Avg: 2444.2, Max: 2444.2, Diff: 0.0]
   [Code Root Fixup: 0.0 ms]
   [Code Root Purge: 0.0 ms]
   [Clear CT: 0.3 ms]
   [Other: 1.1 ms]
      [Choose CSet: 0.0 ms]
      [Ref Proc: 0.2 ms]
      [Ref Enq: 0.0 ms]
      [Redirty Cards: 0.3 ms]
      [Humongous Register: 0.2 ms]
      [Humongous Reclaim: 0.1 ms]
      [Free CSet: 0.1 ms]
   [Eden: 89.0M(89.0M)->0.0B(89.0M) Survivors: 13.0M->13.0M Heap: 868.3M(2048.0M)->775.1M(2048.0M)]
 [Times: user=0.13 sys=0.00, real=0.01 secs] 
2021-01-21T16:14:20.549+0800: 2.469: [GC pause (G1 Evacuation Pause) (young), 0.0107002 secs]
   [Parallel Time: 9.3 ms, GC Workers: 8]
      [GC Worker Start (ms): Min: 2469.7, Avg: 2469.7, Max: 2469.8, Diff: 0.1]
      [Ext Root Scanning (ms): Min: 0.1, Avg: 0.1, Max: 0.2, Diff: 0.1, Sum: 1.1]
      [Update RS (ms): Min: 1.1, Avg: 1.2, Max: 1.2, Diff: 0.0, Sum: 9.3]
         [Processed Buffers: Min: 7, Avg: 10.6, Max: 12, Diff: 5, Sum: 85]
      [Scan RS (ms): Min: 0.0, Avg: 0.0, Max: 0.0, Diff: 0.0, Sum: 0.1]
      [Code Root Scanning (ms): Min: 0.0, Avg: 0.0, Max: 0.0, Diff: 0.0, Sum: 0.0]
      [Object Copy (ms): Min: 7.7, Avg: 7.8, Max: 7.9, Diff: 0.2, Sum: 62.3]
      [Termination (ms): Min: 0.0, Avg: 0.1, Max: 0.3, Diff: 0.3, Sum: 1.0]
         [Termination Attempts: Min: 1, Avg: 1.8, Max: 3, Diff: 2, Sum: 14]
      [GC Worker Other (ms): Min: 0.0, Avg: 0.0, Max: 0.0, Diff: 0.0, Sum: 0.1]
      [GC Worker Total (ms): Min: 9.2, Avg: 9.2, Max: 9.3, Diff: 0.1, Sum: 73.9]
      [GC Worker End (ms): Min: 2479.0, Avg: 2479.0, Max: 2479.0, Diff: 0.0]
   [Code Root Fixup: 0.0 ms]
   [Code Root Purge: 0.0 ms]
   [Clear CT: 0.3 ms]
   [Other: 1.1 ms]
      [Choose CSet: 0.0 ms]
      [Ref Proc: 0.1 ms]
      [Ref Enq: 0.0 ms]
      [Redirty Cards: 0.3 ms]
      [Humongous Register: 0.2 ms]
      [Humongous Reclaim: 0.1 ms]
      [Free CSet: 0.2 ms]
   [Eden: 89.0M(89.0M)->0.0B(89.0M) Survivors: 13.0M->13.0M Heap: 886.1M(2048.0M)->796.2M(2048.0M)]
 [Times: user=0.00 sys=0.00, real=0.01 secs] 
2021-01-21T16:14:20.586+0800: 2.506: [GC pause (G1 Evacuation Pause) (young), 0.0116224 secs]
   [Parallel Time: 10.0 ms, GC Workers: 8]
      [GC Worker Start (ms): Min: 2506.3, Avg: 2506.4, Max: 2506.5, Diff: 0.1]
      [Ext Root Scanning (ms): Min: 0.1, Avg: 0.2, Max: 0.2, Diff: 0.1, Sum: 1.4]
      [Update RS (ms): Min: 1.5, Avg: 1.5, Max: 1.6, Diff: 0.1, Sum: 12.3]
         [Processed Buffers: Min: 8, Avg: 12.1, Max: 13, Diff: 5, Sum: 97]
      [Scan RS (ms): Min: 0.0, Avg: 0.0, Max: 0.0, Diff: 0.0, Sum: 0.1]
      [Code Root Scanning (ms): Min: 0.0, Avg: 0.0, Max: 0.0, Diff: 0.0, Sum: 0.0]
      [Object Copy (ms): Min: 7.8, Avg: 7.9, Max: 7.9, Diff: 0.1, Sum: 63.0]
      [Termination (ms): Min: 0.0, Avg: 0.1, Max: 0.1, Diff: 0.1, Sum: 0.5]
         [Termination Attempts: Min: 1, Avg: 1.0, Max: 1, Diff: 0, Sum: 8]
      [GC Worker Other (ms): Min: 0.0, Avg: 0.0, Max: 0.0, Diff: 0.0, Sum: 0.1]
      [GC Worker Total (ms): Min: 9.6, Avg: 9.7, Max: 9.7, Diff: 0.1, Sum: 77.4]
      [GC Worker End (ms): Min: 2516.1, Avg: 2516.1, Max: 2516.1, Diff: 0.0]
   [Code Root Fixup: 0.0 ms]
   [Code Root Purge: 0.0 ms]
   [Clear CT: 0.4 ms]
   [Other: 1.3 ms]
      [Choose CSet: 0.0 ms]
      [Ref Proc: 0.3 ms]
      [Ref Enq: 0.0 ms]
      [Redirty Cards: 0.4 ms]
      [Humongous Register: 0.2 ms]
      [Humongous Reclaim: 0.1 ms]
      [Free CSet: 0.2 ms]
   [Eden: 89.0M(89.0M)->0.0B(89.0M) Survivors: 13.0M->13.0M Heap: 916.0M(2048.0M)->827.3M(2048.0M)]
 [Times: user=0.11 sys=0.00, real=0.01 secs] 
2021-01-21T16:14:20.624+0800: 2.544: [GC pause (G1 Evacuation Pause) (young), 0.0117947 secs]
   [Parallel Time: 10.2 ms, GC Workers: 8]
      [GC Worker Start (ms): Min: 2544.3, Avg: 2544.3, Max: 2544.4, Diff: 0.1]
      [Ext Root Scanning (ms): Min: 0.1, Avg: 0.2, Max: 0.2, Diff: 0.1, Sum: 1.3]
      [Update RS (ms): Min: 1.6, Avg: 1.7, Max: 1.7, Diff: 0.1, Sum: 13.2]
         [Processed Buffers: Min: 10, Avg: 13.1, Max: 14, Diff: 4, Sum: 105]
      [Scan RS (ms): Min: 0.0, Avg: 0.0, Max: 0.0, Diff: 0.0, Sum: 0.1]
      [Code Root Scanning (ms): Min: 0.0, Avg: 0.0, Max: 0.0, Diff: 0.0, Sum: 0.0]
      [Object Copy (ms): Min: 8.0, Avg: 8.1, Max: 8.2, Diff: 0.2, Sum: 64.8]
      [Termination (ms): Min: 0.0, Avg: 0.1, Max: 0.2, Diff: 0.2, Sum: 0.8]
         [Termination Attempts: Min: 1, Avg: 1.8, Max: 3, Diff: 2, Sum: 14]
      [GC Worker Other (ms): Min: 0.0, Avg: 0.0, Max: 0.0, Diff: 0.0, Sum: 0.1]
      [GC Worker Total (ms): Min: 10.0, Avg: 10.0, Max: 10.1, Diff: 0.1, Sum: 80.4]
      [GC Worker End (ms): Min: 2554.4, Avg: 2554.4, Max: 2554.4, Diff: 0.0]
   [Code Root Fixup: 0.0 ms]
   [Code Root Purge: 0.0 ms]
   [Clear CT: 0.4 ms]
   [Other: 1.1 ms]
      [Choose CSet: 0.0 ms]
      [Ref Proc: 0.2 ms]
      [Ref Enq: 0.0 ms]
      [Redirty Cards: 0.3 ms]
      [Humongous Register: 0.2 ms]
      [Humongous Reclaim: 0.1 ms]
      [Free CSet: 0.2 ms]
   [Eden: 89.0M(89.0M)->0.0B(110.0M) Survivors: 13.0M->13.0M Heap: 935.9M(2048.0M)->855.3M(2048.0M)]
 [Times: user=0.13 sys=0.00, real=0.01 secs] 
2021-01-21T16:14:20.646+0800: 2.566: [GC pause (G1 Humongous Allocation) (young) (initial-mark), 0.0076432 secs]
   [Parallel Time: 5.8 ms, GC Workers: 8]
      [GC Worker Start (ms): Min: 2566.2, Avg: 2566.3, Max: 2566.4, Diff: 0.1]
      [Ext Root Scanning (ms): Min: 0.1, Avg: 0.2, Max: 0.3, Diff: 0.1, Sum: 1.5]
      [Update RS (ms): Min: 0.9, Avg: 1.0, Max: 1.0, Diff: 0.1, Sum: 7.8]
         [Processed Buffers: Min: 8, Avg: 8.1, Max: 9, Diff: 1, Sum: 65]
      [Scan RS (ms): Min: 0.0, Avg: 0.0, Max: 0.0, Diff: 0.0, Sum: 0.1]
      [Code Root Scanning (ms): Min: 0.0, Avg: 0.0, Max: 0.0, Diff: 0.0, Sum: 0.0]
      [Object Copy (ms): Min: 4.2, Avg: 4.3, Max: 4.4, Diff: 0.2, Sum: 34.3]
      [Termination (ms): Min: 0.0, Avg: 0.1, Max: 0.3, Diff: 0.3, Sum: 0.9]
         [Termination Attempts: Min: 1, Avg: 1.0, Max: 1, Diff: 0, Sum: 8]
      [GC Worker Other (ms): Min: 0.0, Avg: 0.0, Max: 0.0, Diff: 0.0, Sum: 0.1]
      [GC Worker Total (ms): Min: 5.5, Avg: 5.6, Max: 5.7, Diff: 0.1, Sum: 44.7]
      [GC Worker End (ms): Min: 2571.9, Avg: 2571.9, Max: 2571.9, Diff: 0.0]
   [Code Root Fixup: 0.0 ms]
   [Code Root Purge: 0.0 ms]
   [Clear CT: 0.3 ms]
   [Other: 1.5 ms]
      [Choose CSet: 0.0 ms]
      [Ref Proc: 0.3 ms]
      [Ref Enq: 0.0 ms]
      [Redirty Cards: 0.5 ms]
      [Humongous Register: 0.2 ms]
      [Humongous Reclaim: 0.1 ms]
      [Free CSet: 0.1 ms]
   [Eden: 37.0M(110.0M)->0.0B(181.0M) Survivors: 13.0M->10.0M Heap: 899.1M(2048.0M)->865.4M(2048.0M)]
 [Times: user=0.00 sys=0.00, real=0.01 secs] 
2021-01-21T16:14:20.654+0800: 2.574: [GC concurrent-root-region-scan-start]
2021-01-21T16:14:20.654+0800: 2.574: [GC concurrent-root-region-scan-end, 0.0001812 secs]
2021-01-21T16:14:20.654+0800: 2.574: [GC concurrent-mark-start]
2021-01-21T16:14:20.658+0800: 2.578: [GC concurrent-mark-end, 0.0037332 secs]
2021-01-21T16:14:20.658+0800: 2.578: [GC remark 2021-01-21T16:14:20.658+0800: 2.578: [Finalize Marking, 0.0003417 secs] 2021-01-21T16:14:20.658+0800: 2.578: [GC ref-proc, 0.0002123 secs] 2021-01-21T16:14:20.658+0800: 2.578: [Unloading, 0.0008845 secs], 0.0032453 secs]
 [Times: user=0.00 sys=0.00, real=0.00 secs] 
2021-01-21T16:14:20.661+0800: 2.581: [GC cleanup 882M->735M(2048M), 0.0019784 secs]
 [Times: user=0.00 sys=0.00, real=0.00 secs] 
2021-01-21T16:14:20.663+0800: 2.583: [GC concurrent-cleanup-start]
2021-01-21T16:14:20.664+0800: 2.584: [GC concurrent-cleanup-end, 0.0001824 secs]
2021-01-21T16:14:20.714+0800: 2.634: [GC pause (G1 Evacuation Pause) (young), 0.0168389 secs]
   [Parallel Time: 15.1 ms, GC Workers: 8]
      [GC Worker Start (ms): Min: 2634.2, Avg: 2634.3, Max: 2634.4, Diff: 0.1]
      [Ext Root Scanning (ms): Min: 0.1, Avg: 0.2, Max: 0.2, Diff: 0.1, Sum: 1.2]
      [Update RS (ms): Min: 1.7, Avg: 1.8, Max: 1.8, Diff: 0.1, Sum: 14.2]
         [Processed Buffers: Min: 9, Avg: 13.8, Max: 15, Diff: 6, Sum: 110]
      [Scan RS (ms): Min: 0.0, Avg: 0.0, Max: 0.0, Diff: 0.0, Sum: 0.2]
      [Code Root Scanning (ms): Min: 0.0, Avg: 0.0, Max: 0.0, Diff: 0.0, Sum: 0.0]
      [Object Copy (ms): Min: 12.9, Avg: 12.9, Max: 13.0, Diff: 0.1, Sum: 103.4]
      [Termination (ms): Min: 0.0, Avg: 0.1, Max: 0.2, Diff: 0.2, Sum: 0.7]
         [Termination Attempts: Min: 1, Avg: 1.0, Max: 1, Diff: 0, Sum: 8]
      [GC Worker Other (ms): Min: 0.0, Avg: 0.0, Max: 0.0, Diff: 0.0, Sum: 0.1]
      [GC Worker Total (ms): Min: 14.9, Avg: 15.0, Max: 15.0, Diff: 0.1, Sum: 119.8]
      [GC Worker End (ms): Min: 2649.3, Avg: 2649.3, Max: 2649.3, Diff: 0.0]
   [Code Root Fixup: 0.0 ms]
   [Code Root Purge: 0.0 ms]
   [Clear CT: 0.3 ms]
   [Other: 1.4 ms]
      [Choose CSet: 0.0 ms]
      [Ref Proc: 0.2 ms]
      [Ref Enq: 0.0 ms]
      [Redirty Cards: 0.3 ms]
      [Humongous Register: 0.2 ms]
      [Humongous Reclaim: 0.2 ms]
      [Free CSet: 0.2 ms]
   [Eden: 181.0M(181.0M)->0.0B(78.0M) Survivors: 10.0M->24.0M Heap: 935.5M(2048.0M)->766.8M(2048.0M)]
 [Times: user=0.13 sys=0.00, real=0.02 secs] 
2021-01-21T16:14:20.754+0800: 2.675: [GC pause (G1 Evacuation Pause) (mixed), 0.0186788 secs]
   [Parallel Time: 16.6 ms, GC Workers: 8]
      [GC Worker Start (ms): Min: 2674.9, Avg: 2675.0, Max: 2675.2, Diff: 0.3]
      [Ext Root Scanning (ms): Min: 0.0, Avg: 0.2, Max: 0.2, Diff: 0.2, Sum: 1.3]
      [Update RS (ms): Min: 2.3, Avg: 2.4, Max: 2.6, Diff: 0.3, Sum: 18.9]
         [Processed Buffers: Min: 5, Avg: 17.1, Max: 21, Diff: 16, Sum: 137]
      [Scan RS (ms): Min: 0.0, Avg: 0.1, Max: 0.2, Diff: 0.2, Sum: 1.0]
      [Code Root Scanning (ms): Min: 0.0, Avg: 0.0, Max: 0.0, Diff: 0.0, Sum: 0.0]
      [Object Copy (ms): Min: 13.5, Avg: 13.5, Max: 13.6, Diff: 0.2, Sum: 108.3]
      [Termination (ms): Min: 0.0, Avg: 0.1, Max: 0.1, Diff: 0.1, Sum: 0.6]
         [Termination Attempts: Min: 1, Avg: 1.0, Max: 1, Diff: 0, Sum: 8]
      [GC Worker Other (ms): Min: 0.0, Avg: 0.0, Max: 0.0, Diff: 0.0, Sum: 0.1]
      [GC Worker Total (ms): Min: 16.1, Avg: 16.3, Max: 16.3, Diff: 0.3, Sum: 130.2]
      [GC Worker End (ms): Min: 2691.3, Avg: 2691.3, Max: 2691.3, Diff: 0.0]
   [Code Root Fixup: 0.0 ms]
   [Code Root Purge: 0.0 ms]
   [Clear CT: 0.3 ms]
   [Other: 1.8 ms]
      [Choose CSet: 0.1 ms]
      [Ref Proc: 0.4 ms]
      [Ref Enq: 0.0 ms]
      [Redirty Cards: 0.5 ms]
      [Humongous Register: 0.2 ms]
      [Humongous Reclaim: 0.1 ms]
      [Free CSet: 0.4 ms]
   [Eden: 78.0M(78.0M)->0.0B(89.0M) Survivors: 24.0M->13.0M Heap: 860.7M(2048.0M)->624.2M(2048.0M)]
 [Times: user=0.09 sys=0.00, real=0.02 secs] 
2021-01-21T16:14:20.798+0800: 2.719: [GC pause (G1 Evacuation Pause) (mixed), 0.0190812 secs]
   [Parallel Time: 17.3 ms, GC Workers: 8]
      [GC Worker Start (ms): Min: 2719.6, Avg: 2719.6, Max: 2719.7, Diff: 0.1]
      [Ext Root Scanning (ms): Min: 0.1, Avg: 0.2, Max: 0.2, Diff: 0.1, Sum: 1.3]
      [Update RS (ms): Min: 2.2, Avg: 2.3, Max: 2.3, Diff: 0.1, Sum: 18.3]
         [Processed Buffers: Min: 18, Avg: 18.5, Max: 19, Diff: 1, Sum: 148]
      [Scan RS (ms): Min: 0.1, Avg: 0.2, Max: 0.3, Diff: 0.2, Sum: 1.3]
      [Code Root Scanning (ms): Min: 0.0, Avg: 0.0, Max: 0.1, Diff: 0.1, Sum: 0.1]
      [Object Copy (ms): Min: 14.1, Avg: 14.3, Max: 14.4, Diff: 0.3, Sum: 114.3]
      [Termination (ms): Min: 0.0, Avg: 0.1, Max: 0.2, Diff: 0.2, Sum: 0.9]
         [Termination Attempts: Min: 1, Avg: 1.0, Max: 1, Diff: 0, Sum: 8]
      [GC Worker Other (ms): Min: 0.0, Avg: 0.0, Max: 0.0, Diff: 0.0, Sum: 0.1]
      [GC Worker Total (ms): Min: 17.0, Avg: 17.0, Max: 17.1, Diff: 0.2, Sum: 136.3]
      [GC Worker End (ms): Min: 2736.7, Avg: 2736.7, Max: 2736.7, Diff: 0.0]
   [Code Root Fixup: 0.0 ms]
   [Code Root Purge: 0.0 ms]
   [Clear CT: 0.4 ms]
   [Other: 1.4 ms]
      [Choose CSet: 0.1 ms]
      [Ref Proc: 0.2 ms]
      [Ref Enq: 0.0 ms]
      [Redirty Cards: 0.3 ms]
      [Humongous Register: 0.2 ms]
      [Humongous Reclaim: 0.1 ms]
      [Free CSet: 0.3 ms]
   [Eden: 89.0M(89.0M)->0.0B(253.0M) Survivors: 13.0M->13.0M Heap: 736.8M(2048.0M)->567.1M(2048.0M)]
 [Times: user=0.11 sys=0.00, real=0.02 secs] 
2021-01-21T16:14:20.892+0800: 2.813: [GC pause (G1 Evacuation Pause) (young), 0.0218785 secs]
   [Parallel Time: 20.0 ms, GC Workers: 8]
      [GC Worker Start (ms): Min: 2813.5, Avg: 2813.5, Max: 2813.6, Diff: 0.1]
      [Ext Root Scanning (ms): Min: 0.1, Avg: 0.2, Max: 0.2, Diff: 0.1, Sum: 1.3]
      [Update RS (ms): Min: 3.2, Avg: 3.3, Max: 3.3, Diff: 0.1, Sum: 26.1]
         [Processed Buffers: Min: 24, Avg: 25.6, Max: 27, Diff: 3, Sum: 205]
      [Scan RS (ms): Min: 0.0, Avg: 0.0, Max: 0.1, Diff: 0.1, Sum: 0.4]
      [Code Root Scanning (ms): Min: 0.0, Avg: 0.0, Max: 0.0, Diff: 0.0, Sum: 0.0]
      [Object Copy (ms): Min: 16.1, Avg: 16.1, Max: 16.2, Diff: 0.2, Sum: 128.8]
      [Termination (ms): Min: 0.0, Avg: 0.2, Max: 0.2, Diff: 0.2, Sum: 1.3]
         [Termination Attempts: Min: 1, Avg: 2.1, Max: 4, Diff: 3, Sum: 17]
      [GC Worker Other (ms): Min: 0.0, Avg: 0.0, Max: 0.0, Diff: 0.0, Sum: 0.2]
      [GC Worker Total (ms): Min: 19.7, Avg: 19.8, Max: 19.8, Diff: 0.1, Sum: 158.2]
      [GC Worker End (ms): Min: 2833.3, Avg: 2833.3, Max: 2833.3, Diff: 0.0]
   [Code Root Fixup: 0.0 ms]
   [Code Root Purge: 0.0 ms]
   [Clear CT: 0.5 ms]
   [Other: 1.4 ms]
      [Choose CSet: 0.0 ms]
      [Ref Proc: 0.2 ms]
      [Ref Enq: 0.0 ms]
      [Redirty Cards: 0.3 ms]
      [Humongous Register: 0.3 ms]
      [Humongous Reclaim: 0.2 ms]
      [Free CSet: 0.3 ms]
   [Eden: 253.0M(253.0M)->0.0B(239.0M) Survivors: 13.0M->34.0M Heap: 871.0M(2048.0M)->630.2M(2048.0M)]
 [Times: user=0.13 sys=0.00, real=0.02 secs] 
2021-01-21T16:14:20.984+0800: 2.904: [GC pause (G1 Evacuation Pause) (young), 0.0245855 secs]
   [Parallel Time: 23.1 ms, GC Workers: 8]
      [GC Worker Start (ms): Min: 2904.3, Avg: 2904.4, Max: 2904.5, Diff: 0.2]
      [Ext Root Scanning (ms): Min: 0.1, Avg: 0.2, Max: 0.2, Diff: 0.2, Sum: 1.3]
      [Update RS (ms): Min: 3.5, Avg: 3.5, Max: 3.6, Diff: 0.0, Sum: 28.3]
         [Processed Buffers: Min: 25, Avg: 27.8, Max: 29, Diff: 4, Sum: 222]
      [Scan RS (ms): Min: 0.0, Avg: 0.1, Max: 0.1, Diff: 0.0, Sum: 0.5]
      [Code Root Scanning (ms): Min: 0.0, Avg: 0.0, Max: 0.0, Diff: 0.0, Sum: 0.0]
      [Object Copy (ms): Min: 18.9, Avg: 19.0, Max: 19.1, Diff: 0.2, Sum: 152.0]
      [Termination (ms): Min: 0.0, Avg: 0.1, Max: 0.2, Diff: 0.2, Sum: 0.9]
         [Termination Attempts: Min: 1, Avg: 1.0, Max: 1, Diff: 0, Sum: 8]
      [GC Worker Other (ms): Min: 0.0, Avg: 0.0, Max: 0.0, Diff: 0.0, Sum: 0.2]
      [GC Worker Total (ms): Min: 22.8, Avg: 22.9, Max: 23.0, Diff: 0.2, Sum: 183.2]
      [GC Worker End (ms): Min: 2927.3, Avg: 2927.3, Max: 2927.3, Diff: 0.0]
   [Code Root Fixup: 0.0 ms]
   [Code Root Purge: 0.0 ms]
   [Clear CT: 0.2 ms]
   [Other: 1.3 ms]
      [Choose CSet: 0.0 ms]
      [Ref Proc: 0.2 ms]
      [Ref Enq: 0.0 ms]
      [Redirty Cards: 0.2 ms]
      [Humongous Register: 0.2 ms]
      [Humongous Reclaim: 0.2 ms]
      [Free CSet: 0.3 ms]
   [Eden: 239.0M(239.0M)->0.0B(278.0M) Survivors: 34.0M->35.0M Heap: 927.3M(2048.0M)->697.9M(2048.0M)]
 [Times: user=0.25 sys=0.00, real=0.03 secs] 
2021-01-21T16:14:21.087+0800: 3.008: [GC pause (G1 Evacuation Pause) (young), 0.0245268 secs]
   [Parallel Time: 22.7 ms, GC Workers: 8]
      [GC Worker Start (ms): Min: 3007.9, Avg: 3008.0, Max: 3008.0, Diff: 0.1]
      [Ext Root Scanning (ms): Min: 0.1, Avg: 0.1, Max: 0.2, Diff: 0.1, Sum: 1.1]
      [Update RS (ms): Min: 2.2, Avg: 2.2, Max: 2.3, Diff: 0.1, Sum: 17.8]
         [Processed Buffers: Min: 15, Avg: 20.9, Max: 22, Diff: 7, Sum: 167]
      [Scan RS (ms): Min: 0.0, Avg: 0.1, Max: 0.1, Diff: 0.1, Sum: 0.4]
      [Code Root Scanning (ms): Min: 0.0, Avg: 0.0, Max: 0.0, Diff: 0.0, Sum: 0.0]
      [Object Copy (ms): Min: 19.9, Avg: 19.9, Max: 20.0, Diff: 0.1, Sum: 159.4]
      [Termination (ms): Min: 0.0, Avg: 0.1, Max: 0.1, Diff: 0.1, Sum: 0.5]
         [Termination Attempts: Min: 1, Avg: 1.4, Max: 3, Diff: 2, Sum: 11]
      [GC Worker Other (ms): Min: 0.0, Avg: 0.0, Max: 0.0, Diff: 0.0, Sum: 0.1]
      [GC Worker Total (ms): Min: 22.4, Avg: 22.4, Max: 22.5, Diff: 0.1, Sum: 179.3]
      [GC Worker End (ms): Min: 3030.4, Avg: 3030.4, Max: 3030.4, Diff: 0.0]
   [Code Root Fixup: 0.0 ms]
   [Code Root Purge: 0.0 ms]
   [Clear CT: 0.3 ms]
   [Other: 1.5 ms]
      [Choose CSet: 0.0 ms]
      [Ref Proc: 0.2 ms]
      [Ref Enq: 0.0 ms]
      [Redirty Cards: 0.5 ms]
      [Humongous Register: 0.2 ms]
      [Humongous Reclaim: 0.2 ms]
      [Free CSet: 0.2 ms]
   [Eden: 278.0M(278.0M)->0.0B(310.0M) Survivors: 35.0M->40.0M Heap: 1042.0M(2048.0M)->761.3M(2048.0M)]
 [Times: user=0.22 sys=0.03, real=0.02 secs] 
2021-01-21T16:14:21.191+0800: 3.112: [GC pause (G1 Evacuation Pause) (young), 0.0281064 secs]
   [Parallel Time: 26.3 ms, GC Workers: 8]
      [GC Worker Start (ms): Min: 3112.6, Avg: 3112.6, Max: 3112.7, Diff: 0.1]
      [Ext Root Scanning (ms): Min: 0.1, Avg: 0.1, Max: 0.2, Diff: 0.1, Sum: 1.1]
      [Update RS (ms): Min: 3.2, Avg: 3.2, Max: 3.3, Diff: 0.1, Sum: 25.9]
         [Processed Buffers: Min: 25, Avg: 30.5, Max: 33, Diff: 8, Sum: 244]
      [Scan RS (ms): Min: 0.0, Avg: 0.0, Max: 0.1, Diff: 0.1, Sum: 0.4]
      [Code Root Scanning (ms): Min: 0.0, Avg: 0.0, Max: 0.0, Diff: 0.0, Sum: 0.0]
      [Object Copy (ms): Min: 22.5, Avg: 22.6, Max: 22.6, Diff: 0.1, Sum: 180.6]
      [Termination (ms): Min: 0.0, Avg: 0.1, Max: 0.1, Diff: 0.1, Sum: 0.6]
         [Termination Attempts: Min: 1, Avg: 1.0, Max: 1, Diff: 0, Sum: 8]
      [GC Worker Other (ms): Min: 0.0, Avg: 0.0, Max: 0.0, Diff: 0.0, Sum: 0.2]
      [GC Worker Total (ms): Min: 26.1, Avg: 26.1, Max: 26.2, Diff: 0.1, Sum: 208.8]
      [GC Worker End (ms): Min: 3138.7, Avg: 3138.7, Max: 3138.7, Diff: 0.0]
   [Code Root Fixup: 0.0 ms]
   [Code Root Purge: 0.0 ms]
   [Clear CT: 0.3 ms]
   [Other: 1.6 ms]
      [Choose CSet: 0.0 ms]
      [Ref Proc: 0.2 ms]
      [Ref Enq: 0.0 ms]
      [Redirty Cards: 0.4 ms]
      [Humongous Register: 0.2 ms]
      [Humongous Reclaim: 0.2 ms]
      [Free CSet: 0.3 ms]
   [Eden: 310.0M(310.0M)->0.0B(360.0M) Survivors: 40.0M->44.0M Heap: 1147.7M(2048.0M)->840.6M(2048.0M)]
 [Times: user=0.14 sys=0.00, real=0.03 secs] 
2021-01-21T16:14:21.260+0800: 3.181: [GC pause (G1 Humongous Allocation) (young) (initial-mark), 0.0212717 secs]
   [Parallel Time: 19.8 ms, GC Workers: 8]
      [GC Worker Start (ms): Min: 3180.9, Avg: 3181.0, Max: 3181.0, Diff: 0.1]
      [Ext Root Scanning (ms): Min: 0.1, Avg: 0.2, Max: 0.2, Diff: 0.1, Sum: 1.3]
      [Update RS (ms): Min: 2.6, Avg: 2.7, Max: 2.7, Diff: 0.1, Sum: 21.5]
         [Processed Buffers: Min: 20, Avg: 25.4, Max: 27, Diff: 7, Sum: 203]
      [Scan RS (ms): Min: 0.0, Avg: 0.0, Max: 0.1, Diff: 0.1, Sum: 0.2]
      [Code Root Scanning (ms): Min: 0.0, Avg: 0.0, Max: 0.0, Diff: 0.0, Sum: 0.0]
      [Object Copy (ms): Min: 16.5, Avg: 16.6, Max: 16.7, Diff: 0.2, Sum: 132.6]
      [Termination (ms): Min: 0.0, Avg: 0.1, Max: 0.2, Diff: 0.2, Sum: 0.8]
         [Termination Attempts: Min: 1, Avg: 1.8, Max: 3, Diff: 2, Sum: 14]
      [GC Worker Other (ms): Min: 0.0, Avg: 0.0, Max: 0.0, Diff: 0.0, Sum: 0.2]
      [GC Worker Total (ms): Min: 19.5, Avg: 19.6, Max: 19.6, Diff: 0.1, Sum: 156.6]
      [GC Worker End (ms): Min: 3200.5, Avg: 3200.6, Max: 3200.6, Diff: 0.0]
   [Code Root Fixup: 0.0 ms]
   [Code Root Purge: 0.0 ms]
   [Clear CT: 0.2 ms]
   [Other: 1.3 ms]
      [Choose CSet: 0.0 ms]
      [Ref Proc: 0.2 ms]
      [Ref Enq: 0.0 ms]
      [Redirty Cards: 0.3 ms]
      [Humongous Register: 0.2 ms]
      [Humongous Reclaim: 0.1 ms]
      [Free CSet: 0.2 ms]
   [Eden: 152.0M(360.0M)->0.0B(454.0M) Survivors: 44.0M->47.0M Heap: 1031.9M(2048.0M)->876.7M(2048.0M)]
 [Times: user=0.13 sys=0.00, real=0.02 secs] 
2021-01-21T16:14:21.281+0800: 3.202: [GC concurrent-root-region-scan-start]
2021-01-21T16:14:21.281+0800: 3.202: [GC concurrent-root-region-scan-end, 0.0001972 secs]
2021-01-21T16:14:21.281+0800: 3.202: [GC concurrent-mark-start]
2021-01-21T16:14:21.285+0800: 3.206: [GC concurrent-mark-end, 0.0035680 secs]
2021-01-21T16:14:21.285+0800: 3.206: [GC remark 2021-01-21T16:14:21.285+0800: 3.206: [Finalize Marking, 0.0001801 secs] 2021-01-21T16:14:21.286+0800: 3.206: [GC ref-proc, 0.0001770 secs] 2021-01-21T16:14:21.286+0800: 3.206: [Unloading, 0.0007827 secs], 0.0026141 secs]
 [Times: user=0.00 sys=0.00, real=0.00 secs] 
2021-01-21T16:14:21.289+0800: 3.209: [GC cleanup 893M->717M(2048M), 0.0015708 secs]
 [Times: user=0.00 sys=0.00, real=0.00 secs] 
2021-01-21T16:14:21.290+0800: 3.210: [GC concurrent-cleanup-start]
2021-01-21T16:14:21.290+0800: 3.211: [GC concurrent-cleanup-end, 0.0001697 secs]
2021-01-21T16:14:21.411+0800: 3.331: [GC pause (G1 Evacuation Pause) (young), 0.0342489 secs]
   [Parallel Time: 31.6 ms, GC Workers: 8]
      [GC Worker Start (ms): Min: 3331.4, Avg: 3331.5, Max: 3331.6, Diff: 0.1]
      [Ext Root Scanning (ms): Min: 0.1, Avg: 0.1, Max: 0.2, Diff: 0.1, Sum: 1.1]
      [Update RS (ms): Min: 3.4, Avg: 3.4, Max: 3.4, Diff: 0.1, Sum: 27.2]
         [Processed Buffers: Min: 27, Avg: 32.3, Max: 34, Diff: 7, Sum: 258]
      [Scan RS (ms): Min: 0.0, Avg: 0.1, Max: 0.1, Diff: 0.1, Sum: 0.5]
      [Code Root Scanning (ms): Min: 0.0, Avg: 0.0, Max: 0.0, Diff: 0.0, Sum: 0.0]
      [Object Copy (ms): Min: 27.6, Avg: 27.7, Max: 27.8, Diff: 0.1, Sum: 221.5]
      [Termination (ms): Min: 0.0, Avg: 0.1, Max: 0.1, Diff: 0.1, Sum: 0.6]
         [Termination Attempts: Min: 1, Avg: 1.0, Max: 1, Diff: 0, Sum: 8]
      [GC Worker Other (ms): Min: 0.0, Avg: 0.0, Max: 0.0, Diff: 0.0, Sum: 0.2]
      [GC Worker Total (ms): Min: 31.3, Avg: 31.4, Max: 31.5, Diff: 0.1, Sum: 251.1]
      [GC Worker End (ms): Min: 3362.9, Avg: 3362.9, Max: 3362.9, Diff: 0.0]
   [Code Root Fixup: 0.0 ms]
   [Code Root Purge: 0.0 ms]
   [Clear CT: 0.6 ms]
   [Other: 2.1 ms]
      [Choose CSet: 0.0 ms]
      [Ref Proc: 0.4 ms]
      [Ref Enq: 0.0 ms]
      [Redirty Cards: 0.7 ms]
      [Humongous Register: 0.2 ms]
      [Humongous Reclaim: 0.3 ms]
      [Free CSet: 0.4 ms]
   [Eden: 454.0M(454.0M)->0.0B(39.0M) Survivors: 47.0M->63.0M Heap: 1272.1M(2048.0M)->793.8M(2048.0M)]
 [Times: user=0.25 sys=0.00, real=0.03 secs] 
2021-01-21T16:14:21.455+0800: 3.375: [GC pause (G1 Evacuation Pause) (mixed), 0.0215475 secs]
   [Parallel Time: 19.8 ms, GC Workers: 8]
      [GC Worker Start (ms): Min: 3375.5, Avg: 3375.6, Max: 3375.7, Diff: 0.1]
      [Ext Root Scanning (ms): Min: 0.1, Avg: 0.1, Max: 0.2, Diff: 0.1, Sum: 1.1]
      [Update RS (ms): Min: 1.1, Avg: 1.2, Max: 1.2, Diff: 0.1, Sum: 9.3]
         [Processed Buffers: Min: 11, Avg: 11.3, Max: 12, Diff: 1, Sum: 90]
      [Scan RS (ms): Min: 0.1, Avg: 0.1, Max: 0.2, Diff: 0.1, Sum: 0.9]
      [Code Root Scanning (ms): Min: 0.0, Avg: 0.0, Max: 0.0, Diff: 0.0, Sum: 0.0]
      [Object Copy (ms): Min: 17.8, Avg: 18.0, Max: 18.1, Diff: 0.3, Sum: 143.9]
      [Termination (ms): Min: 0.0, Avg: 0.1, Max: 0.3, Diff: 0.3, Sum: 0.9]
         [Termination Attempts: Min: 1, Avg: 1.0, Max: 1, Diff: 0, Sum: 8]
      [GC Worker Other (ms): Min: 0.0, Avg: 0.0, Max: 0.0, Diff: 0.0, Sum: 0.1]
      [GC Worker Total (ms): Min: 19.5, Avg: 19.5, Max: 19.6, Diff: 0.1, Sum: 156.3]
      [GC Worker End (ms): Min: 3395.1, Avg: 3395.1, Max: 3395.1, Diff: 0.0]
   [Code Root Fixup: 0.0 ms]
   [Code Root Purge: 0.0 ms]
   [Clear CT: 0.3 ms]
   [Other: 1.4 ms]
      [Choose CSet: 0.1 ms]
      [Ref Proc: 0.3 ms]
      [Ref Enq: 0.0 ms]
      [Redirty Cards: 0.3 ms]
      [Humongous Register: 0.2 ms]
      [Humongous Reclaim: 0.1 ms]
      [Free CSet: 0.3 ms]
   [Eden: 39.0M(39.0M)->0.0B(89.0M) Survivors: 63.0M->13.0M Heap: 842.8M(2048.0M)->615.7M(2048.0M)]
 [Times: user=0.11 sys=0.02, real=0.02 secs] 
2021-01-21T16:14:21.499+0800: 3.420: [GC pause (G1 Evacuation Pause) (mixed), 0.0151462 secs]
   [Parallel Time: 13.8 ms, GC Workers: 8]
      [GC Worker Start (ms): Min: 3419.8, Avg: 3419.9, Max: 3419.9, Diff: 0.1]
      [Ext Root Scanning (ms): Min: 0.1, Avg: 0.2, Max: 0.2, Diff: 0.1, Sum: 1.3]
      [Update RS (ms): Min: 2.3, Avg: 2.4, Max: 2.4, Diff: 0.1, Sum: 18.9]
         [Processed Buffers: Min: 21, Avg: 22.3, Max: 24, Diff: 3, Sum: 178]
      [Scan RS (ms): Min: 0.0, Avg: 0.1, Max: 0.1, Diff: 0.1, Sum: 0.6]
      [Code Root Scanning (ms): Min: 0.0, Avg: 0.0, Max: 0.1, Diff: 0.1, Sum: 0.1]
      [Object Copy (ms): Min: 10.9, Avg: 11.0, Max: 11.1, Diff: 0.2, Sum: 87.6]
      [Termination (ms): Min: 0.0, Avg: 0.1, Max: 0.2, Diff: 0.2, Sum: 1.0]
         [Termination Attempts: Min: 1, Avg: 1.0, Max: 1, Diff: 0, Sum: 8]
      [GC Worker Other (ms): Min: 0.0, Avg: 0.0, Max: 0.0, Diff: 0.0, Sum: 0.1]
      [GC Worker Total (ms): Min: 13.7, Avg: 13.7, Max: 13.7, Diff: 0.1, Sum: 109.6]
      [GC Worker End (ms): Min: 3433.6, Avg: 3433.6, Max: 3433.6, Diff: 0.0]
   [Code Root Fixup: 0.0 ms]
   [Code Root Purge: 0.0 ms]
   [Clear CT: 0.2 ms]
   [Other: 1.2 ms]
      [Choose CSet: 0.0 ms]
      [Ref Proc: 0.3 ms]
      [Ref Enq: 0.0 ms]
      [Redirty Cards: 0.3 ms]
      [Humongous Register: 0.2 ms]
      [Humongous Reclaim: 0.1 ms]
      [Free CSet: 0.2 ms]
   [Eden: 89.0M(89.0M)->0.0B(664.0M) Survivors: 13.0M->13.0M Heap: 725.8M(2048.0M)->599.2M(2048.0M)]
 [Times: user=0.13 sys=0.00, real=0.01 secs] 
2021-01-21T16:14:21.682+0800: 3.603: [GC pause (G1 Humongous Allocation) (young) (initial-mark), 0.0372442 secs]
   [Parallel Time: 35.0 ms, GC Workers: 8]
      [GC Worker Start (ms): Min: 3603.2, Avg: 3603.3, Max: 3603.4, Diff: 0.1]
      [Ext Root Scanning (ms): Min: 0.1, Avg: 0.1, Max: 0.2, Diff: 0.1, Sum: 1.2]
      [Update RS (ms): Min: 4.2, Avg: 4.2, Max: 4.2, Diff: 0.1, Sum: 33.7]
         [Processed Buffers: Min: 35, Avg: 40.1, Max: 42, Diff: 7, Sum: 321]
      [Scan RS (ms): Min: 0.1, Avg: 0.1, Max: 0.1, Diff: 0.1, Sum: 0.8]
      [Code Root Scanning (ms): Min: 0.0, Avg: 0.0, Max: 0.0, Diff: 0.0, Sum: 0.0]
      [Object Copy (ms): Min: 30.1, Avg: 30.2, Max: 30.3, Diff: 0.2, Sum: 241.4]
      [Termination (ms): Min: 0.0, Avg: 0.1, Max: 0.3, Diff: 0.3, Sum: 1.0]
         [Termination Attempts: Min: 1, Avg: 1.9, Max: 3, Diff: 2, Sum: 15]
      [GC Worker Other (ms): Min: 0.0, Avg: 0.0, Max: 0.0, Diff: 0.0, Sum: 0.2]
      [GC Worker Total (ms): Min: 34.7, Avg: 34.8, Max: 34.9, Diff: 0.2, Sum: 278.4]
      [GC Worker End (ms): Min: 3638.1, Avg: 3638.1, Max: 3638.1, Diff: 0.0]
   [Code Root Fixup: 0.0 ms]
   [Code Root Purge: 0.0 ms]
   [Clear CT: 0.4 ms]
   [Other: 1.8 ms]
      [Choose CSet: 0.0 ms]
      [Ref Proc: 0.3 ms]
      [Ref Enq: 0.0 ms]
      [Redirty Cards: 0.3 ms]
      [Humongous Register: 0.2 ms]
      [Humongous Reclaim: 0.4 ms]
      [Free CSet: 0.4 ms]
   [Eden: 653.0M(664.0M)->0.0B(733.0M) Survivors: 13.0M->85.0M Heap: 1426.6M(2048.0M)->745.2M(2048.0M)]
 [Times: user=0.22 sys=0.00, real=0.04 secs] 
2021-01-21T16:14:21.720+0800: 3.640: [GC concurrent-root-region-scan-start]
2021-01-21T16:14:21.720+0800: 3.641: [GC concurrent-root-region-scan-end, 0.0001864 secs]
2021-01-21T16:14:21.720+0800: 3.641: [GC concurrent-mark-start]
2021-01-21T16:14:21.723+0800: 3.644: [GC concurrent-mark-end, 0.0031271 secs]
2021-01-21T16:14:21.723+0800: 3.644: [GC remark 2021-01-21T16:14:21.723+0800: 3.644: [Finalize Marking, 0.0002707 secs] 2021-01-21T16:14:21.723+0800: 3.644: [GC ref-proc, 0.0001793 secs] 2021-01-21T16:14:21.724+0800: 3.644: [Unloading, 0.0007633 secs], 0.0024520 secs]
 [Times: user=0.00 sys=0.00, real=0.00 secs] 
2021-01-21T16:14:21.726+0800: 3.647: [GC cleanup 760M->650M(2048M), 0.0014625 secs]
 [Times: user=0.00 sys=0.00, real=0.00 secs] 
2021-01-21T16:14:21.728+0800: 3.648: [GC concurrent-cleanup-start]
2021-01-21T16:14:21.728+0800: 3.648: [GC concurrent-cleanup-end, 0.0001170 secs]
2021-01-21T16:14:21.917+0800: 3.837: [GC pause (G1 Evacuation Pause) (young), 0.0475545 secs]
   [Parallel Time: 45.3 ms, GC Workers: 8]
      [GC Worker Start (ms): Min: 3837.7, Avg: 3837.7, Max: 3837.8, Diff: 0.1]
      [Ext Root Scanning (ms): Min: 0.1, Avg: 0.1, Max: 0.2, Diff: 0.1, Sum: 1.2]
      [Update RS (ms): Min: 4.0, Avg: 4.1, Max: 4.1, Diff: 0.1, Sum: 32.5]
         [Processed Buffers: Min: 34, Avg: 38.5, Max: 40, Diff: 6, Sum: 308]
      [Scan RS (ms): Min: 0.1, Avg: 0.1, Max: 0.2, Diff: 0.1, Sum: 1.0]
      [Code Root Scanning (ms): Min: 0.0, Avg: 0.0, Max: 0.0, Diff: 0.0, Sum: 0.0]
      [Object Copy (ms): Min: 40.5, Avg: 40.7, Max: 40.8, Diff: 0.2, Sum: 325.2]
      [Termination (ms): Min: 0.0, Avg: 0.1, Max: 0.2, Diff: 0.2, Sum: 0.7]
         [Termination Attempts: Min: 1, Avg: 1.4, Max: 2, Diff: 1, Sum: 11]
      [GC Worker Other (ms): Min: 0.0, Avg: 0.0, Max: 0.1, Diff: 0.0, Sum: 0.3]
      [GC Worker Total (ms): Min: 45.1, Avg: 45.1, Max: 45.2, Diff: 0.1, Sum: 361.0]
      [GC Worker End (ms): Min: 3882.9, Avg: 3882.9, Max: 3882.9, Diff: 0.0]
   [Code Root Fixup: 0.0 ms]
   [Code Root Purge: 0.0 ms]
   [Clear CT: 0.5 ms]
   [Other: 1.7 ms]
      [Choose CSet: 0.0 ms]
      [Ref Proc: 0.2 ms]
      [Ref Enq: 0.0 ms]
      [Redirty Cards: 0.3 ms]
      [Humongous Register: 0.2 ms]
      [Humongous Reclaim: 0.4 ms]
      [Free CSet: 0.5 ms]
   [Eden: 733.0M(733.0M)->0.0B(4096.0K) Survivors: 85.0M->103.0M Heap: 1545.8M(2048.0M)->738.4M(2048.0M)]
 [Times: user=0.36 sys=0.01, real=0.05 secs] 
2021-01-21T16:14:21.966+0800: 3.886: [GC pause (G1 Evacuation Pause) (mixed), 0.0275224 secs]
   [Parallel Time: 25.9 ms, GC Workers: 8]
      [GC Worker Start (ms): Min: 3886.5, Avg: 3886.5, Max: 3886.6, Diff: 0.1]
      [Ext Root Scanning (ms): Min: 0.1, Avg: 0.2, Max: 0.2, Diff: 0.1, Sum: 1.2]
      [Update RS (ms): Min: 0.1, Avg: 0.1, Max: 0.1, Diff: 0.1, Sum: 0.9]
         [Processed Buffers: Min: 1, Avg: 1.1, Max: 2, Diff: 1, Sum: 9]
      [Scan RS (ms): Min: 0.0, Avg: 0.1, Max: 0.1, Diff: 0.1, Sum: 0.6]
      [Code Root Scanning (ms): Min: 0.0, Avg: 0.0, Max: 0.0, Diff: 0.0, Sum: 0.0]
      [Object Copy (ms): Min: 25.0, Avg: 25.1, Max: 25.2, Diff: 0.2, Sum: 201.0]
      [Termination (ms): Min: 0.0, Avg: 0.1, Max: 0.2, Diff: 0.2, Sum: 1.0]
         [Termination Attempts: Min: 1, Avg: 1.0, Max: 1, Diff: 0, Sum: 8]
      [GC Worker Other (ms): Min: 0.0, Avg: 0.0, Max: 0.0, Diff: 0.0, Sum: 0.1]
      [GC Worker Total (ms): Min: 25.5, Avg: 25.6, Max: 25.7, Diff: 0.1, Sum: 204.7]
      [GC Worker End (ms): Min: 3912.1, Avg: 3912.1, Max: 3912.1, Diff: 0.0]
   [Code Root Fixup: 0.0 ms]
   [Code Root Purge: 0.0 ms]
   [Clear CT: 0.3 ms]
   [Other: 1.4 ms]
      [Choose CSet: 0.1 ms]
      [Ref Proc: 0.3 ms]
      [Ref Enq: 0.0 ms]
      [Redirty Cards: 0.4 ms]
      [Humongous Register: 0.1 ms]
      [Humongous Reclaim: 0.0 ms]
      [Free CSet: 0.3 ms]
   [Eden: 4096.0K(4096.0K)->0.0B(365.0M) Survivors: 103.0M->1024.0K Heap: 742.4M(2048.0M)->574.0M(2048.0M)]
 [Times: user=0.23 sys=0.02, real=0.03 secs] 
2021-01-21T16:14:22.092+0800: 4.012: [GC pause (G1 Evacuation Pause) (young), 0.0248252 secs]
   [Parallel Time: 23.1 ms, GC Workers: 8]
      [GC Worker Start (ms): Min: 4012.2, Avg: 4012.2, Max: 4012.3, Diff: 0.1]
      [Ext Root Scanning (ms): Min: 0.1, Avg: 0.1, Max: 0.2, Diff: 0.1, Sum: 1.0]
      [Update RS (ms): Min: 4.4, Avg: 4.4, Max: 4.5, Diff: 0.1, Sum: 35.4]
         [Processed Buffers: Min: 36, Avg: 41.9, Max: 44, Diff: 8, Sum: 335]
      [Scan RS (ms): Min: 0.0, Avg: 0.0, Max: 0.1, Diff: 0.1, Sum: 0.4]
      [Code Root Scanning (ms): Min: 0.0, Avg: 0.0, Max: 0.0, Diff: 0.0, Sum: 0.0]
      [Object Copy (ms): Min: 18.2, Avg: 18.2, Max: 18.3, Diff: 0.1, Sum: 145.8]
      [Termination (ms): Min: 0.0, Avg: 0.1, Max: 0.1, Diff: 0.1, Sum: 0.4]
         [Termination Attempts: Min: 1, Avg: 1.8, Max: 3, Diff: 2, Sum: 14]
      [GC Worker Other (ms): Min: 0.0, Avg: 0.0, Max: 0.0, Diff: 0.0, Sum: 0.2]
      [GC Worker Total (ms): Min: 22.9, Avg: 22.9, Max: 23.0, Diff: 0.1, Sum: 183.3]
      [GC Worker End (ms): Min: 4035.1, Avg: 4035.1, Max: 4035.1, Diff: 0.0]
   [Code Root Fixup: 0.0 ms]
   [Code Root Purge: 0.0 ms]
   [Clear CT: 0.3 ms]
   [Other: 1.4 ms]
      [Choose CSet: 0.0 ms]
      [Ref Proc: 0.1 ms]
      [Ref Enq: 0.0 ms]
      [Redirty Cards: 0.3 ms]
      [Humongous Register: 0.2 ms]
      [Humongous Reclaim: 0.3 ms]
      [Free CSet: 0.3 ms]
   [Eden: 365.0M(365.0M)->0.0B(388.0M) Survivors: 1024.0K->46.0M Heap: 1046.5M(2048.0M)->661.8M(2048.0M)]
 [Times: user=0.22 sys=0.00, real=0.03 secs] 
2021-01-21T16:14:22.215+0800: 4.135: [GC pause (G1 Evacuation Pause) (young), 0.0329702 secs]
   [Parallel Time: 31.1 ms, GC Workers: 8]
      [GC Worker Start (ms): Min: 4135.1, Avg: 4135.2, Max: 4135.2, Diff: 0.1]
      [Ext Root Scanning (ms): Min: 0.1, Avg: 0.1, Max: 0.2, Diff: 0.1, Sum: 1.1]
      [Update RS (ms): Min: 4.3, Avg: 4.3, Max: 4.4, Diff: 0.1, Sum: 34.6]
         [Processed Buffers: Min: 37, Avg: 41.0, Max: 43, Diff: 6, Sum: 328]
      [Scan RS (ms): Min: 0.0, Avg: 0.1, Max: 0.1, Diff: 0.1, Sum: 0.4]
      [Code Root Scanning (ms): Min: 0.0, Avg: 0.0, Max: 0.0, Diff: 0.0, Sum: 0.0]
      [Object Copy (ms): Min: 25.8, Avg: 25.9, Max: 26.3, Diff: 0.6, Sum: 207.1]
      [Termination (ms): Min: 0.0, Avg: 0.4, Max: 0.6, Diff: 0.6, Sum: 3.6]
         [Termination Attempts: Min: 1, Avg: 1.0, Max: 1, Diff: 0, Sum: 8]
      [GC Worker Other (ms): Min: 0.0, Avg: 0.0, Max: 0.0, Diff: 0.0, Sum: 0.2]
      [GC Worker Total (ms): Min: 30.8, Avg: 30.9, Max: 30.9, Diff: 0.1, Sum: 247.0]
      [GC Worker End (ms): Min: 4166.1, Avg: 4166.1, Max: 4166.1, Diff: 0.0]
   [Code Root Fixup: 0.0 ms]
   [Code Root Purge: 0.0 ms]
   [Clear CT: 0.4 ms]
   [Other: 1.5 ms]
      [Choose CSet: 0.0 ms]
      [Ref Proc: 0.3 ms]
      [Ref Enq: 0.0 ms]
      [Redirty Cards: 0.3 ms]
      [Humongous Register: 0.2 ms]
      [Humongous Reclaim: 0.2 ms]
      [Free CSet: 0.3 ms]
   [Eden: 388.0M(388.0M)->0.0B(429.0M) Survivors: 46.0M->55.0M Heap: 1143.1M(2048.0M)->757.4M(2048.0M)]
 [Times: user=0.25 sys=0.00, real=0.03 secs] 
2021-01-21T16:14:22.352+0800: 4.272: [GC pause (G1 Humongous Allocation) (young) (initial-mark), 0.0363931 secs]
   [Parallel Time: 34.1 ms, GC Workers: 8]
      [GC Worker Start (ms): Min: 4272.6, Avg: 4272.6, Max: 4272.7, Diff: 0.1]
      [Ext Root Scanning (ms): Min: 0.1, Avg: 0.2, Max: 0.2, Diff: 0.1, Sum: 1.2]
      [Update RS (ms): Min: 5.1, Avg: 5.1, Max: 5.1, Diff: 0.0, Sum: 40.8]
         [Processed Buffers: Min: 43, Avg: 48.6, Max: 51, Diff: 8, Sum: 389]
      [Scan RS (ms): Min: 0.0, Avg: 0.1, Max: 0.1, Diff: 0.0, Sum: 0.5]
      [Code Root Scanning (ms): Min: 0.0, Avg: 0.0, Max: 0.0, Diff: 0.0, Sum: 0.0]
      [Object Copy (ms): Min: 28.3, Avg: 28.4, Max: 28.5, Diff: 0.2, Sum: 227.5]
      [Termination (ms): Min: 0.0, Avg: 0.1, Max: 0.2, Diff: 0.2, Sum: 0.8]
         [Termination Attempts: Min: 1, Avg: 1.0, Max: 1, Diff: 0, Sum: 8]
      [GC Worker Other (ms): Min: 0.0, Avg: 0.0, Max: 0.1, Diff: 0.0, Sum: 0.3]
      [GC Worker Total (ms): Min: 33.8, Avg: 33.9, Max: 34.0, Diff: 0.1, Sum: 271.2]
      [GC Worker End (ms): Min: 4306.5, Avg: 4306.6, Max: 4306.6, Diff: 0.0]
   [Code Root Fixup: 0.0 ms]
   [Code Root Purge: 0.0 ms]
   [Clear CT: 0.4 ms]
   [Other: 1.9 ms]
      [Choose CSet: 0.0 ms]
      [Ref Proc: 0.3 ms]
      [Ref Enq: 0.0 ms]
      [Redirty Cards: 0.4 ms]
      [Humongous Register: 0.2 ms]
      [Humongous Reclaim: 0.3 ms]
      [Free CSet: 0.4 ms]
   [Eden: 406.0M(429.0M)->0.0B(471.0M) Survivors: 55.0M->61.0M Heap: 1267.7M(2048.0M)->853.0M(2048.0M)]
 [Times: user=0.22 sys=0.00, real=0.04 secs] 
2021-01-21T16:14:22.389+0800: 4.309: [GC concurrent-root-region-scan-start]
2021-01-21T16:14:22.389+0800: 4.309: [GC concurrent-root-region-scan-end, 0.0002445 secs]
2021-01-21T16:14:22.389+0800: 4.309: [GC concurrent-mark-start]
2021-01-21T16:14:22.394+0800: 4.313: [GC concurrent-mark-end, 0.0043960 secs]
2021-01-21T16:14:22.394+0800: 4.314: [GC remark 2021-01-21T16:14:22.394+0800: 4.314: [Finalize Marking, 0.0002416 secs] 2021-01-21T16:14:22.394+0800: 4.314: [GC ref-proc, 0.0001758 secs] 2021-01-21T16:14:22.394+0800: 4.314: [Unloading, 0.0007311 secs], 0.0024766 secs]
 [Times: user=0.00 sys=0.00, real=0.00 secs] 
2021-01-21T16:14:22.396+0800: 4.316: [GC cleanup 870M->693M(2048M), 0.0017385 secs]
 [Times: user=0.00 sys=0.00, real=0.00 secs] 
2021-01-21T16:14:22.398+0800: 4.318: [GC concurrent-cleanup-start]
2021-01-21T16:14:22.399+0800: 4.318: [GC concurrent-cleanup-end, 0.0002293 secs]
2021-01-21T16:14:22.523+0800: 4.444: [GC pause (G1 Evacuation Pause) (young), 0.0373473 secs]
   [Parallel Time: 35.4 ms, GC Workers: 8]
      [GC Worker Start (ms): Min: 4444.0, Avg: 4444.1, Max: 4444.1, Diff: 0.1]
      [Ext Root Scanning (ms): Min: 0.1, Avg: 0.1, Max: 0.2, Diff: 0.1, Sum: 1.1]
      [Update RS (ms): Min: 5.6, Avg: 5.7, Max: 5.7, Diff: 0.1, Sum: 45.4]
         [Processed Buffers: Min: 47, Avg: 53.6, Max: 56, Diff: 9, Sum: 429]
      [Scan RS (ms): Min: 0.0, Avg: 0.1, Max: 0.1, Diff: 0.1, Sum: 0.5]
      [Code Root Scanning (ms): Min: 0.0, Avg: 0.0, Max: 0.0, Diff: 0.0, Sum: 0.0]
      [Object Copy (ms): Min: 29.1, Avg: 29.2, Max: 29.3, Diff: 0.2, Sum: 233.6]
      [Termination (ms): Min: 0.0, Avg: 0.1, Max: 0.1, Diff: 0.1, Sum: 0.4]
         [Termination Attempts: Min: 1, Avg: 2.9, Max: 4, Diff: 3, Sum: 23]
      [GC Worker Other (ms): Min: 0.0, Avg: 0.0, Max: 0.1, Diff: 0.0, Sum: 0.2]
      [GC Worker Total (ms): Min: 35.1, Avg: 35.2, Max: 35.2, Diff: 0.1, Sum: 281.2]
      [GC Worker End (ms): Min: 4479.2, Avg: 4479.2, Max: 4479.3, Diff: 0.0]
   [Code Root Fixup: 0.0 ms]
   [Code Root Purge: 0.0 ms]
   [Clear CT: 0.4 ms]
   [Other: 1.5 ms]
      [Choose CSet: 0.0 ms]
      [Ref Proc: 0.3 ms]
      [Ref Enq: 0.0 ms]
      [Redirty Cards: 0.3 ms]
      [Humongous Register: 0.2 ms]
      [Humongous Reclaim: 0.3 ms]
      [Free CSet: 0.3 ms]
   [Eden: 471.0M(471.0M)->0.0B(35.0M) Survivors: 61.0M->67.0M Heap: 1268.7M(2048.0M)->767.0M(2048.0M)]
 [Times: user=0.23 sys=0.00, real=0.04 secs] 
2021-01-21T16:14:22.570+0800: 4.491: [GC pause (G1 Evacuation Pause) (mixed), 0.0217991 secs]
   [Parallel Time: 20.1 ms, GC Workers: 8]
      [GC Worker Start (ms): Min: 4490.9, Avg: 4491.0, Max: 4491.0, Diff: 0.1]
      [Ext Root Scanning (ms): Min: 0.1, Avg: 0.2, Max: 0.2, Diff: 0.1, Sum: 1.2]
      [Update RS (ms): Min: 0.6, Avg: 0.7, Max: 0.7, Diff: 0.1, Sum: 5.2]
         [Processed Buffers: Min: 6, Avg: 7.0, Max: 8, Diff: 2, Sum: 56]
      [Scan RS (ms): Min: 0.1, Avg: 0.1, Max: 0.1, Diff: 0.1, Sum: 0.6]
      [Code Root Scanning (ms): Min: 0.0, Avg: 0.0, Max: 0.0, Diff: 0.0, Sum: 0.1]
      [Object Copy (ms): Min: 18.8, Avg: 18.9, Max: 19.0, Diff: 0.1, Sum: 151.2]
      [Termination (ms): Min: 0.0, Avg: 0.1, Max: 0.2, Diff: 0.2, Sum: 0.7]
         [Termination Attempts: Min: 1, Avg: 1.0, Max: 1, Diff: 0, Sum: 8]
      [GC Worker Other (ms): Min: 0.0, Avg: 0.0, Max: 0.0, Diff: 0.0, Sum: 0.1]
      [GC Worker Total (ms): Min: 19.8, Avg: 19.9, Max: 20.0, Diff: 0.1, Sum: 159.1]
      [GC Worker End (ms): Min: 4510.8, Avg: 4510.9, Max: 4510.9, Diff: 0.0]
   [Code Root Fixup: 0.0 ms]
   [Code Root Purge: 0.0 ms]
   [Clear CT: 0.3 ms]
   [Other: 1.4 ms]
      [Choose CSet: 0.1 ms]
      [Ref Proc: 0.2 ms]
      [Ref Enq: 0.0 ms]
      [Redirty Cards: 0.4 ms]
      [Humongous Register: 0.2 ms]
      [Humongous Reclaim: 0.1 ms]
      [Free CSet: 0.4 ms]
   [Eden: 35.0M(35.0M)->0.0B(90.0M) Survivors: 67.0M->12.0M Heap: 807.8M(2048.0M)->583.7M(2048.0M)]
 [Times: user=0.13 sys=0.00, real=0.02 secs] 
2021-01-21T16:14:22.616+0800: 4.536: [GC pause (G1 Evacuation Pause) (mixed), 0.0118352 secs]
   [Parallel Time: 10.6 ms, GC Workers: 8]
      [GC Worker Start (ms): Min: 4535.8, Avg: 4535.9, Max: 4535.9, Diff: 0.1]
      [Ext Root Scanning (ms): Min: 0.1, Avg: 0.1, Max: 0.2, Diff: 0.1, Sum: 1.1]
      [Update RS (ms): Min: 2.2, Avg: 2.3, Max: 2.3, Diff: 0.1, Sum: 18.2]
         [Processed Buffers: Min: 17, Avg: 20.9, Max: 22, Diff: 5, Sum: 167]
      [Scan RS (ms): Min: 0.0, Avg: 0.0, Max: 0.1, Diff: 0.1, Sum: 0.2]
      [Code Root Scanning (ms): Min: 0.0, Avg: 0.0, Max: 0.0, Diff: 0.0, Sum: 0.0]
      [Object Copy (ms): Min: 7.9, Avg: 8.0, Max: 8.1, Diff: 0.2, Sum: 63.8]
      [Termination (ms): Min: 0.0, Avg: 0.1, Max: 0.2, Diff: 0.2, Sum: 0.9]
         [Termination Attempts: Min: 1, Avg: 1.0, Max: 1, Diff: 0, Sum: 8]
      [GC Worker Other (ms): Min: 0.0, Avg: 0.0, Max: 0.0, Diff: 0.0, Sum: 0.1]
      [GC Worker Total (ms): Min: 10.5, Avg: 10.5, Max: 10.6, Diff: 0.1, Sum: 84.3]
      [GC Worker End (ms): Min: 4546.4, Avg: 4546.4, Max: 4546.4, Diff: 0.0]
   [Code Root Fixup: 0.0 ms]
   [Code Root Purge: 0.0 ms]
   [Clear CT: 0.2 ms]
   [Other: 1.0 ms]
      [Choose CSet: 0.0 ms]
      [Ref Proc: 0.2 ms]
      [Ref Enq: 0.0 ms]
      [Redirty Cards: 0.3 ms]
      [Humongous Register: 0.1 ms]
      [Humongous Reclaim: 0.1 ms]
      [Free CSet: 0.1 ms]
   [Eden: 90.0M(90.0M)->0.0B(882.0M) Survivors: 12.0M->13.0M Heap: 693.4M(2048.0M)->588.3M(2048.0M)]
 [Times: user=0.11 sys=0.00, real=0.01 secs] 
2021-01-21T16:14:22.795+0800: 4.715: [GC pause (G1 Humongous Allocation) (young) (initial-mark), 0.0420822 secs]
   [Parallel Time: 39.6 ms, GC Workers: 8]
      [GC Worker Start (ms): Min: 4715.5, Avg: 4715.5, Max: 4715.6, Diff: 0.1]
      [Ext Root Scanning (ms): Min: 0.1, Avg: 0.2, Max: 0.2, Diff: 0.1, Sum: 1.3]
      [Update RS (ms): Min: 7.0, Avg: 7.1, Max: 7.1, Diff: 0.1, Sum: 56.6]
         [Processed Buffers: Min: 66, Avg: 67.4, Max: 69, Diff: 3, Sum: 539]
      [Scan RS (ms): Min: 0.1, Avg: 0.1, Max: 0.2, Diff: 0.1, Sum: 0.9]
      [Code Root Scanning (ms): Min: 0.0, Avg: 0.0, Max: 0.0, Diff: 0.0, Sum: 0.0]
      [Object Copy (ms): Min: 31.7, Avg: 31.8, Max: 31.9, Diff: 0.2, Sum: 254.5]
      [Termination (ms): Min: 0.0, Avg: 0.1, Max: 0.2, Diff: 0.2, Sum: 1.0]
         [Termination Attempts: Min: 1, Avg: 1.0, Max: 1, Diff: 0, Sum: 8]
      [GC Worker Other (ms): Min: 0.0, Avg: 0.0, Max: 0.1, Diff: 0.0, Sum: 0.3]
      [GC Worker Total (ms): Min: 39.3, Avg: 39.3, Max: 39.4, Diff: 0.1, Sum: 314.5]
      [GC Worker End (ms): Min: 4754.8, Avg: 4754.8, Max: 4754.9, Diff: 0.0]
   [Code Root Fixup: 0.0 ms]
   [Code Root Purge: 0.0 ms]
   [Clear CT: 0.5 ms]
   [Other: 2.0 ms]
      [Choose CSet: 0.0 ms]
      [Ref Proc: 0.3 ms]
      [Ref Enq: 0.0 ms]
      [Redirty Cards: 0.3 ms]
      [Humongous Register: 0.3 ms]
      [Humongous Reclaim: 0.4 ms]
      [Free CSet: 0.4 ms]
   [Eden: 660.0M(882.0M)->0.0B(811.0M) Survivors: 13.0M->112.0M Heap: 1429.9M(2048.0M)->744.4M(2048.0M)]
 [Times: user=0.36 sys=0.00, real=0.04 secs] 
2021-01-21T16:14:22.837+0800: 4.757: [GC concurrent-root-region-scan-start]
2021-01-21T16:14:22.837+0800: 4.758: [GC concurrent-root-region-scan-end, 0.0002731 secs]
2021-01-21T16:14:22.837+0800: 4.758: [GC concurrent-mark-start]
2021-01-21T16:14:22.840+0800: 4.761: [GC concurrent-mark-end, 0.0029520 secs]
2021-01-21T16:14:22.840+0800: 4.761: [GC remark 2021-01-21T16:14:22.840+0800: 4.761: [Finalize Marking, 0.0003049 secs] 2021-01-21T16:14:22.840+0800: 4.761: [GC ref-proc, 0.0001774 secs] 2021-01-21T16:14:22.841+0800: 4.761: [Unloading, 0.0007440 secs], 0.0023715 secs]
 [Times: user=0.00 sys=0.00, real=0.00 secs] 
2021-01-21T16:14:22.843+0800: 4.763: [GC cleanup 760M->648M(2048M), 0.0017006 secs]
 [Times: user=0.00 sys=0.00, real=0.00 secs] 
2021-01-21T16:14:22.844+0800: 4.765: [GC concurrent-cleanup-start]
2021-01-21T16:14:22.844+0800: 4.765: [GC concurrent-cleanup-end, 0.0001254 secs]
2021-01-21T16:14:23.056+0800: 4.977: [GC pause (G1 Evacuation Pause) (young), 0.0547056 secs]
   [Parallel Time: 52.5 ms, GC Workers: 8]
      [GC Worker Start (ms): Min: 4976.9, Avg: 4977.0, Max: 4977.0, Diff: 0.1]
      [Ext Root Scanning (ms): Min: 0.1, Avg: 0.1, Max: 0.2, Diff: 0.1, Sum: 1.2]
      [Update RS (ms): Min: 8.6, Avg: 8.7, Max: 8.7, Diff: 0.1, Sum: 69.3]
         [Processed Buffers: Min: 80, Avg: 82.4, Max: 84, Diff: 4, Sum: 659]
      [Scan RS (ms): Min: 0.1, Avg: 0.2, Max: 0.2, Diff: 0.1, Sum: 1.3]
      [Code Root Scanning (ms): Min: 0.0, Avg: 0.0, Max: 0.0, Diff: 0.0, Sum: 0.0]
      [Object Copy (ms): Min: 43.1, Avg: 43.2, Max: 43.4, Diff: 0.2, Sum: 345.9]
      [Termination (ms): Min: 0.0, Avg: 0.1, Max: 0.2, Diff: 0.2, Sum: 0.8]
         [Termination Attempts: Min: 1, Avg: 1.1, Max: 2, Diff: 1, Sum: 9]
      [GC Worker Other (ms): Min: 0.0, Avg: 0.0, Max: 0.1, Diff: 0.1, Sum: 0.4]
      [GC Worker Total (ms): Min: 52.3, Avg: 52.4, Max: 52.4, Diff: 0.1, Sum: 418.9]
      [GC Worker End (ms): Min: 5029.3, Avg: 5029.3, Max: 5029.4, Diff: 0.0]
   [Code Root Fixup: 0.0 ms]
   [Code Root Purge: 0.0 ms]
   [Clear CT: 0.5 ms]
   [Other: 1.8 ms]
      [Choose CSet: 0.0 ms]
      [Ref Proc: 0.1 ms]
      [Ref Enq: 0.0 ms]
      [Redirty Cards: 0.2 ms]
      [Humongous Register: 0.3 ms]
      [Humongous Reclaim: 0.4 ms]
      [Free CSet: 0.6 ms]
   [Eden: 811.0M(811.0M)->0.0B(4096.0K) Survivors: 112.0M->116.0M Heap: 1645.7M(2048.0M)->731.6M(2048.0M)]
 [Times: user=0.39 sys=0.00, real=0.06 secs] 
2021-01-21T16:14:23.113+0800: 5.033: [GC pause (G1 Evacuation Pause) (mixed), 0.0279362 secs]
   [Parallel Time: 26.4 ms, GC Workers: 8]
      [GC Worker Start (ms): Min: 5032.8, Avg: 5032.9, Max: 5032.9, Diff: 0.1]
      [Ext Root Scanning (ms): Min: 0.1, Avg: 0.1, Max: 0.2, Diff: 0.1, Sum: 1.1]
      [Update RS (ms): Min: 0.2, Avg: 0.2, Max: 0.2, Diff: 0.1, Sum: 1.4]
         [Processed Buffers: Min: 1, Avg: 1.8, Max: 2, Diff: 1, Sum: 14]
      [Scan RS (ms): Min: 0.1, Avg: 0.1, Max: 0.1, Diff: 0.1, Sum: 0.8]
      [Code Root Scanning (ms): Min: 0.0, Avg: 0.0, Max: 0.0, Diff: 0.0, Sum: 0.0]
      [Object Copy (ms): Min: 25.8, Avg: 25.8, Max: 25.9, Diff: 0.1, Sum: 206.7]
      [Termination (ms): Min: 0.0, Avg: 0.0, Max: 0.1, Diff: 0.1, Sum: 0.3]
         [Termination Attempts: Min: 1, Avg: 1.0, Max: 1, Diff: 0, Sum: 8]
      [GC Worker Other (ms): Min: 0.0, Avg: 0.0, Max: 0.0, Diff: 0.0, Sum: 0.1]
      [GC Worker Total (ms): Min: 26.3, Avg: 26.3, Max: 26.4, Diff: 0.1, Sum: 210.4]
      [GC Worker End (ms): Min: 5059.2, Avg: 5059.2, Max: 5059.2, Diff: 0.0]
   [Code Root Fixup: 0.0 ms]
   [Code Root Purge: 0.0 ms]
   [Clear CT: 0.3 ms]
   [Other: 1.2 ms]
      [Choose CSet: 0.1 ms]
      [Ref Proc: 0.2 ms]
      [Ref Enq: 0.0 ms]
      [Redirty Cards: 0.2 ms]
      [Humongous Register: 0.2 ms]
      [Humongous Reclaim: 0.1 ms]
      [Free CSet: 0.3 ms]
   [Eden: 4096.0K(4096.0K)->0.0B(284.0M) Survivors: 116.0M->2048.0K Heap: 736.2M(2048.0M)->570.6M(2048.0M)]
 [Times: user=0.13 sys=0.00, real=0.03 secs] 
2021-01-21T16:14:23.214+0800: 5.134: [GC pause (G1 Evacuation Pause) (young), 0.0294907 secs]
   [Parallel Time: 27.5 ms, GC Workers: 8]
      [GC Worker Start (ms): Min: 5134.0, Avg: 5134.1, Max: 5134.1, Diff: 0.1]
      [Ext Root Scanning (ms): Min: 0.1, Avg: 0.1, Max: 0.2, Diff: 0.1, Sum: 1.1]
      [Update RS (ms): Min: 9.7, Avg: 9.8, Max: 9.8, Diff: 0.1, Sum: 78.2]
         [Processed Buffers: Min: 90, Avg: 91.9, Max: 93, Diff: 3, Sum: 735]
      [Scan RS (ms): Min: 0.0, Avg: 0.0, Max: 0.1, Diff: 0.1, Sum: 0.2]
      [Code Root Scanning (ms): Min: 0.0, Avg: 0.0, Max: 0.0, Diff: 0.0, Sum: 0.0]
      [Object Copy (ms): Min: 17.1, Avg: 17.3, Max: 17.3, Diff: 0.3, Sum: 138.0]
      [Termination (ms): Min: 0.0, Avg: 0.1, Max: 0.3, Diff: 0.3, Sum: 0.8]
         [Termination Attempts: Min: 1, Avg: 1.0, Max: 1, Diff: 0, Sum: 8]
      [GC Worker Other (ms): Min: 0.0, Avg: 0.0, Max: 0.0, Diff: 0.0, Sum: 0.2]
      [GC Worker Total (ms): Min: 27.3, Avg: 27.3, Max: 27.4, Diff: 0.1, Sum: 218.5]
      [GC Worker End (ms): Min: 5161.4, Avg: 5161.4, Max: 5161.4, Diff: 0.0]
   [Code Root Fixup: 0.0 ms]
   [Code Root Purge: 0.0 ms]
   [Clear CT: 0.3 ms]
   [Other: 1.7 ms]
      [Choose CSet: 0.0 ms]
      [Ref Proc: 0.3 ms]
      [Ref Enq: 0.0 ms]
      [Redirty Cards: 0.5 ms]
      [Humongous Register: 0.2 ms]
      [Humongous Reclaim: 0.3 ms]
      [Free CSet: 0.2 ms]
   [Eden: 284.0M(284.0M)->0.0B(100.0M) Survivors: 2048.0K->36.0M Heap: 945.2M(2048.0M)->663.7M(2048.0M)]
 [Times: user=0.23 sys=0.01, real=0.03 secs] 
2021-01-21T16:14:23.269+0800: 5.189: [GC pause (G1 Evacuation Pause) (young), 0.0166651 secs]
   [Parallel Time: 15.2 ms, GC Workers: 8]
      [GC Worker Start (ms): Min: 5189.4, Avg: 5189.5, Max: 5189.6, Diff: 0.2]
      [Ext Root Scanning (ms): Min: 0.0, Avg: 0.1, Max: 0.2, Diff: 0.2, Sum: 1.1]
      [Update RS (ms): Min: 2.4, Avg: 2.4, Max: 2.5, Diff: 0.1, Sum: 19.4]
         [Processed Buffers: Min: 22, Avg: 23.3, Max: 24, Diff: 2, Sum: 186]
      [Scan RS (ms): Min: 0.0, Avg: 0.0, Max: 0.1, Diff: 0.1, Sum: 0.1]
      [Code Root Scanning (ms): Min: 0.0, Avg: 0.0, Max: 0.0, Diff: 0.0, Sum: 0.0]
      [Object Copy (ms): Min: 12.2, Avg: 12.3, Max: 12.4, Diff: 0.2, Sum: 98.6]
      [Termination (ms): Min: 0.0, Avg: 0.1, Max: 0.2, Diff: 0.2, Sum: 0.6]
         [Termination Attempts: Min: 1, Avg: 1.5, Max: 2, Diff: 1, Sum: 12]
      [GC Worker Other (ms): Min: 0.0, Avg: 0.0, Max: 0.0, Diff: 0.0, Sum: 0.2]
      [GC Worker Total (ms): Min: 14.9, Avg: 15.0, Max: 15.1, Diff: 0.2, Sum: 120.0]
      [GC Worker End (ms): Min: 5204.5, Avg: 5204.5, Max: 5204.5, Diff: 0.0]
   [Code Root Fixup: 0.0 ms]
   [Code Root Purge: 0.0 ms]
   [Clear CT: 0.3 ms]
   [Other: 1.2 ms]
      [Choose CSet: 0.0 ms]
      [Ref Proc: 0.2 ms]
      [Ref Enq: 0.0 ms]
      [Redirty Cards: 0.3 ms]
      [Humongous Register: 0.2 ms]
      [Humongous Reclaim: 0.1 ms]
      [Free CSet: 0.2 ms]
   [Eden: 100.0M(100.0M)->0.0B(199.0M) Survivors: 36.0M->17.0M Heap: 785.8M(2048.0M)->684.3M(2048.0M)]
 [Times: user=0.13 sys=0.00, real=0.02 secs] 
2021-01-21T16:14:23.337+0800: 5.257: [GC pause (G1 Evacuation Pause) (young), 0.0209892 secs]
   [Parallel Time: 19.3 ms, GC Workers: 8]
      [GC Worker Start (ms): Min: 5257.2, Avg: 5257.2, Max: 5257.3, Diff: 0.1]
      [Ext Root Scanning (ms): Min: 0.1, Avg: 0.1, Max: 0.2, Diff: 0.1, Sum: 1.1]
      [Update RS (ms): Min: 4.7, Avg: 4.7, Max: 4.7, Diff: 0.0, Sum: 37.6]
         [Processed Buffers: Min: 44, Avg: 45.0, Max: 47, Diff: 3, Sum: 360]
      [Scan RS (ms): Min: 0.0, Avg: 0.0, Max: 0.0, Diff: 0.0, Sum: 0.2]
      [Code Root Scanning (ms): Min: 0.0, Avg: 0.0, Max: 0.0, Diff: 0.0, Sum: 0.0]
      [Object Copy (ms): Min: 14.0, Avg: 14.1, Max: 14.2, Diff: 0.2, Sum: 112.7]
      [Termination (ms): Min: 0.0, Avg: 0.1, Max: 0.2, Diff: 0.2, Sum: 0.7]
         [Termination Attempts: Min: 1, Avg: 1.0, Max: 1, Diff: 0, Sum: 8]
      [GC Worker Other (ms): Min: 0.0, Avg: 0.0, Max: 0.0, Diff: 0.0, Sum: 0.2]
      [GC Worker Total (ms): Min: 19.0, Avg: 19.1, Max: 19.1, Diff: 0.1, Sum: 152.5]
      [GC Worker End (ms): Min: 5276.3, Avg: 5276.3, Max: 5276.3, Diff: 0.0]
   [Code Root Fixup: 0.0 ms]
   [Code Root Purge: 0.0 ms]
   [Clear CT: 0.3 ms]
   [Other: 1.4 ms]
      [Choose CSet: 0.0 ms]
      [Ref Proc: 0.3 ms]
      [Ref Enq: 0.0 ms]
      [Redirty Cards: 0.4 ms]
      [Humongous Register: 0.2 ms]
      [Humongous Reclaim: 0.2 ms]
      [Free CSet: 0.2 ms]
   [Eden: 199.0M(199.0M)->0.0B(232.0M) Survivors: 17.0M->27.0M Heap: 927.1M(2048.0M)->732.3M(2048.0M)]
 [Times: user=0.13 sys=0.00, real=0.02 secs] 
2021-01-21T16:14:23.420+0800: 5.340: [GC pause (G1 Evacuation Pause) (young), 0.0283486 secs]
   [Parallel Time: 26.7 ms, GC Workers: 8]
      [GC Worker Start (ms): Min: 5339.9, Avg: 5339.9, Max: 5340.0, Diff: 0.1]
      [Ext Root Scanning (ms): Min: 0.1, Avg: 0.1, Max: 0.2, Diff: 0.1, Sum: 1.1]
      [Update RS (ms): Min: 7.2, Avg: 7.2, Max: 7.3, Diff: 0.2, Sum: 57.9]
         [Processed Buffers: Min: 64, Avg: 68.8, Max: 71, Diff: 7, Sum: 550]
      [Scan RS (ms): Min: 0.0, Avg: 0.0, Max: 0.1, Diff: 0.1, Sum: 0.2]
      [Code Root Scanning (ms): Min: 0.0, Avg: 0.0, Max: 0.0, Diff: 0.0, Sum: 0.0]
      [Object Copy (ms): Min: 18.7, Avg: 18.9, Max: 19.0, Diff: 0.2, Sum: 151.0]
      [Termination (ms): Min: 0.0, Avg: 0.1, Max: 0.2, Diff: 0.2, Sum: 0.9]
         [Termination Attempts: Min: 1, Avg: 1.0, Max: 1, Diff: 0, Sum: 8]
      [GC Worker Other (ms): Min: 0.0, Avg: 0.0, Max: 0.1, Diff: 0.0, Sum: 0.3]
      [GC Worker Total (ms): Min: 26.4, Avg: 26.4, Max: 26.5, Diff: 0.1, Sum: 211.4]
      [GC Worker End (ms): Min: 5366.3, Avg: 5366.4, Max: 5366.4, Diff: 0.0]
   [Code Root Fixup: 0.0 ms]
   [Code Root Purge: 0.0 ms]
   [Clear CT: 0.4 ms]
   [Other: 1.3 ms]
      [Choose CSet: 0.0 ms]
      [Ref Proc: 0.2 ms]
      [Ref Enq: 0.0 ms]
      [Redirty Cards: 0.3 ms]
      [Humongous Register: 0.2 ms]
      [Humongous Reclaim: 0.2 ms]
      [Free CSet: 0.2 ms]
   [Eden: 232.0M(232.0M)->0.0B(260.0M) Survivors: 27.0M->33.0M Heap: 1031.9M(2048.0M)->794.5M(2048.0M)]
 [Times: user=0.25 sys=0.00, real=0.03 secs] 
2021-01-21T16:14:23.515+0800: 5.436: [GC pause (G1 Evacuation Pause) (young), 0.0303280 secs]
   [Parallel Time: 28.6 ms, GC Workers: 8]
      [GC Worker Start (ms): Min: 5435.8, Avg: 5435.9, Max: 5435.9, Diff: 0.1]
      [Ext Root Scanning (ms): Min: 0.1, Avg: 0.1, Max: 0.2, Diff: 0.1, Sum: 1.2]
      [Update RS (ms): Min: 6.7, Avg: 6.8, Max: 6.8, Diff: 0.1, Sum: 54.2]
         [Processed Buffers: Min: 63, Avg: 64.9, Max: 66, Diff: 3, Sum: 519]
      [Scan RS (ms): Min: 0.0, Avg: 0.0, Max: 0.1, Diff: 0.1, Sum: 0.3]
      [Code Root Scanning (ms): Min: 0.0, Avg: 0.0, Max: 0.0, Diff: 0.0, Sum: 0.0]
      [Object Copy (ms): Min: 21.4, Avg: 21.5, Max: 21.5, Diff: 0.1, Sum: 171.6]
      [Termination (ms): Min: 0.0, Avg: 0.0, Max: 0.1, Diff: 0.1, Sum: 0.2]
         [Termination Attempts: Min: 1, Avg: 1.0, Max: 1, Diff: 0, Sum: 8]
      [GC Worker Other (ms): Min: 0.0, Avg: 0.0, Max: 0.0, Diff: 0.0, Sum: 0.2]
      [GC Worker Total (ms): Min: 28.4, Avg: 28.5, Max: 28.5, Diff: 0.1, Sum: 227.7]
      [GC Worker End (ms): Min: 5464.3, Avg: 5464.3, Max: 5464.3, Diff: 0.0]
   [Code Root Fixup: 0.0 ms]
   [Code Root Purge: 0.0 ms]
   [Clear CT: 0.3 ms]
   [Other: 1.5 ms]
      [Choose CSet: 0.0 ms]
      [Ref Proc: 0.2 ms]
      [Ref Enq: 0.0 ms]
      [Redirty Cards: 0.4 ms]
      [Humongous Register: 0.2 ms]
      [Humongous Reclaim: 0.2 ms]
      [Free CSet: 0.3 ms]
   [Eden: 260.0M(260.0M)->0.0B(302.0M) Survivors: 33.0M->37.0M Heap: 1118.1M(2048.0M)->858.1M(2048.0M)]
 [Times: user=0.24 sys=0.00, real=0.03 secs] 
2021-01-21T16:14:23.576+0800: 5.497: [GC pause (G1 Humongous Allocation) (young) (initial-mark), 0.0189264 secs]
   [Parallel Time: 17.0 ms, GC Workers: 8]
      [GC Worker Start (ms): Min: 5497.1, Avg: 5497.1, Max: 5497.2, Diff: 0.2]
      [Ext Root Scanning (ms): Min: 0.1, Avg: 0.2, Max: 0.3, Diff: 0.2, Sum: 1.4]
      [Update RS (ms): Min: 3.8, Avg: 3.9, Max: 3.9, Diff: 0.1, Sum: 30.8]
         [Processed Buffers: Min: 29, Avg: 30.9, Max: 32, Diff: 3, Sum: 247]
      [Scan RS (ms): Min: 0.0, Avg: 0.0, Max: 0.0, Diff: 0.0, Sum: 0.2]
      [Code Root Scanning (ms): Min: 0.0, Avg: 0.0, Max: 0.0, Diff: 0.0, Sum: 0.0]
      [Object Copy (ms): Min: 12.5, Avg: 12.6, Max: 12.7, Diff: 0.2, Sum: 100.7]
      [Termination (ms): Min: 0.0, Avg: 0.1, Max: 0.2, Diff: 0.2, Sum: 0.7]
         [Termination Attempts: Min: 1, Avg: 1.5, Max: 2, Diff: 1, Sum: 12]
      [GC Worker Other (ms): Min: 0.0, Avg: 0.0, Max: 0.0, Diff: 0.0, Sum: 0.2]
      [GC Worker Total (ms): Min: 16.7, Avg: 16.7, Max: 16.8, Diff: 0.2, Sum: 134.0]
      [GC Worker End (ms): Min: 5513.9, Avg: 5513.9, Max: 5513.9, Diff: 0.0]
   [Code Root Fixup: 0.0 ms]
   [Code Root Purge: 0.0 ms]
   [Clear CT: 0.4 ms]
   [Other: 1.5 ms]
      [Choose CSet: 0.0 ms]
      [Ref Proc: 0.3 ms]
      [Ref Enq: 0.0 ms]
      [Redirty Cards: 0.4 ms]
      [Humongous Register: 0.2 ms]
      [Humongous Reclaim: 0.1 ms]
      [Free CSet: 0.2 ms]
   [Eden: 110.0M(302.0M)->0.0B(483.0M) Survivors: 37.0M->31.0M Heap: 997.1M(2048.0M)->890.1M(2048.0M)]
 [Times: user=0.13 sys=0.00, real=0.02 secs] 
2021-01-21T16:14:23.595+0800: 5.516: [GC concurrent-root-region-scan-start]
2021-01-21T16:14:23.595+0800: 5.516: [GC concurrent-root-region-scan-end, 0.0001620 secs]
2021-01-21T16:14:23.595+0800: 5.516: [GC concurrent-mark-start]
2021-01-21T16:14:23.599+0800: 5.520: [GC concurrent-mark-end, 0.0036549 secs]
2021-01-21T16:14:23.599+0800: 5.520: [GC remark 2021-01-21T16:14:23.599+0800: 5.520: [Finalize Marking, 0.0002207 secs] 2021-01-21T16:14:23.600+0800: 5.520: [GC ref-proc, 0.0002087 secs] 2021-01-21T16:14:23.600+0800: 5.520: [Unloading, 0.0008284 secs], 0.0028923 secs]
 [Times: user=0.00 sys=0.00, real=0.00 secs] 
2021-01-21T16:14:23.602+0800: 5.523: [GC cleanup 907M->708M(2048M), 0.0016043 secs]
 [Times: user=0.00 sys=0.00, real=0.00 secs] 
2021-01-21T16:14:23.604+0800: 5.525: [GC concurrent-cleanup-start]
2021-01-21T16:14:23.604+0800: 5.525: [GC concurrent-cleanup-end, 0.0002805 secs]
2021-01-21T16:14:23.738+0800: 5.658: [GC pause (G1 Evacuation Pause) (young), 0.0387899 secs]
   [Parallel Time: 36.7 ms, GC Workers: 8]
      [GC Worker Start (ms): Min: 5658.7, Avg: 5658.8, Max: 5658.9, Diff: 0.1]
      [Ext Root Scanning (ms): Min: 0.1, Avg: 0.2, Max: 0.2, Diff: 0.1, Sum: 1.3]
      [Update RS (ms): Min: 10.2, Avg: 10.3, Max: 10.3, Diff: 0.1, Sum: 82.2]
         [Processed Buffers: Min: 76, Avg: 81.4, Max: 84, Diff: 8, Sum: 651]
      [Scan RS (ms): Min: 0.0, Avg: 0.1, Max: 0.1, Diff: 0.1, Sum: 0.6]
      [Code Root Scanning (ms): Min: 0.0, Avg: 0.0, Max: 0.0, Diff: 0.0, Sum: 0.0]
      [Object Copy (ms): Min: 25.7, Avg: 25.9, Max: 25.9, Diff: 0.2, Sum: 206.8]
      [Termination (ms): Min: 0.0, Avg: 0.1, Max: 0.2, Diff: 0.2, Sum: 0.6]
         [Termination Attempts: Min: 1, Avg: 2.0, Max: 3, Diff: 2, Sum: 16]
      [GC Worker Other (ms): Min: 0.0, Avg: 0.0, Max: 0.0, Diff: 0.0, Sum: 0.2]
      [GC Worker Total (ms): Min: 36.4, Avg: 36.5, Max: 36.6, Diff: 0.2, Sum: 291.7]
      [GC Worker End (ms): Min: 5695.3, Avg: 5695.3, Max: 5695.3, Diff: 0.0]
   [Code Root Fixup: 0.0 ms]
   [Code Root Purge: 0.0 ms]
   [Clear CT: 0.5 ms]
   [Other: 1.6 ms]
      [Choose CSet: 0.0 ms]
      [Ref Proc: 0.2 ms]
      [Ref Enq: 0.0 ms]
      [Redirty Cards: 0.3 ms]
      [Humongous Register: 0.2 ms]
      [Humongous Reclaim: 0.3 ms]
      [Free CSet: 0.4 ms]
   [Eden: 483.0M(483.0M)->0.0B(37.0M) Survivors: 31.0M->65.0M Heap: 1290.5M(2048.0M)->804.1M(2048.0M)]
 [Times: user=0.25 sys=0.00, real=0.04 secs] 
2021-01-21T16:14:23.788+0800: 5.708: [GC pause (G1 Evacuation Pause) (mixed), 0.0226518 secs]
   [Parallel Time: 20.6 ms, GC Workers: 8]
      [GC Worker Start (ms): Min: 5708.2, Avg: 5708.3, Max: 5708.4, Diff: 0.1]
      [Ext Root Scanning (ms): Min: 0.1, Avg: 0.2, Max: 0.2, Diff: 0.1, Sum: 1.4]
      [Update RS (ms): Min: 0.8, Avg: 0.9, Max: 0.9, Diff: 0.1, Sum: 7.2]
         [Processed Buffers: Min: 7, Avg: 7.1, Max: 8, Diff: 1, Sum: 57]
      [Scan RS (ms): Min: 0.1, Avg: 0.1, Max: 0.3, Diff: 0.2, Sum: 1.2]
      [Code Root Scanning (ms): Min: 0.0, Avg: 0.0, Max: 0.0, Diff: 0.0, Sum: 0.0]
      [Object Copy (ms): Min: 19.1, Avg: 19.2, Max: 19.3, Diff: 0.1, Sum: 153.6]
      [Termination (ms): Min: 0.0, Avg: 0.1, Max: 0.1, Diff: 0.1, Sum: 0.5]
         [Termination Attempts: Min: 1, Avg: 1.0, Max: 1, Diff: 0, Sum: 8]
      [GC Worker Other (ms): Min: 0.0, Avg: 0.0, Max: 0.0, Diff: 0.0, Sum: 0.1]
      [GC Worker Total (ms): Min: 20.4, Avg: 20.5, Max: 20.6, Diff: 0.1, Sum: 163.9]
      [GC Worker End (ms): Min: 5728.8, Avg: 5728.8, Max: 5728.8, Diff: 0.0]
   [Code Root Fixup: 0.0 ms]
   [Code Root Purge: 0.0 ms]
   [Clear CT: 0.3 ms]
   [Other: 1.7 ms]
      [Choose CSet: 0.1 ms]
      [Ref Proc: 0.2 ms]
      [Ref Enq: 0.0 ms]
      [Redirty Cards: 0.5 ms]
      [Humongous Register: 0.2 ms]
      [Humongous Reclaim: 0.1 ms]
      [Free CSet: 0.4 ms]
   [Eden: 37.0M(37.0M)->0.0B(91.0M) Survivors: 65.0M->11.0M Heap: 847.1M(2048.0M)->625.0M(2048.0M)]
 [Times: user=0.09 sys=0.00, real=0.02 secs] 
2021-01-21T16:14:23.838+0800: 5.758: [GC pause (G1 Evacuation Pause) (mixed), 0.0155894 secs]
   [Parallel Time: 13.9 ms, GC Workers: 8]
      [GC Worker Start (ms): Min: 5757.9, Avg: 5758.0, Max: 5758.1, Diff: 0.1]
      [Ext Root Scanning (ms): Min: 0.1, Avg: 0.2, Max: 0.2, Diff: 0.1, Sum: 1.3]
      [Update RS (ms): Min: 3.3, Avg: 3.3, Max: 3.4, Diff: 0.1, Sum: 26.7]
         [Processed Buffers: Min: 25, Avg: 26.1, Max: 27, Diff: 2, Sum: 209]
      [Scan RS (ms): Min: 0.0, Avg: 0.0, Max: 0.1, Diff: 0.1, Sum: 0.4]
      [Code Root Scanning (ms): Min: 0.0, Avg: 0.0, Max: 0.0, Diff: 0.0, Sum: 0.0]
      [Object Copy (ms): Min: 9.8, Avg: 9.9, Max: 10.0, Diff: 0.1, Sum: 79.2]
      [Termination (ms): Min: 0.0, Avg: 0.1, Max: 0.2, Diff: 0.2, Sum: 0.8]
         [Termination Attempts: Min: 1, Avg: 1.1, Max: 2, Diff: 1, Sum: 9]
      [GC Worker Other (ms): Min: 0.0, Avg: 0.0, Max: 0.0, Diff: 0.0, Sum: 0.2]
      [GC Worker Total (ms): Min: 13.5, Avg: 13.6, Max: 13.7, Diff: 0.2, Sum: 108.6]
      [GC Worker End (ms): Min: 5771.6, Avg: 5771.6, Max: 5771.6, Diff: 0.0]
   [Code Root Fixup: 0.0 ms]
   [Code Root Purge: 0.0 ms]
   [Clear CT: 0.3 ms]
   [Other: 1.3 ms]
      [Choose CSet: 0.0 ms]
      [Ref Proc: 0.3 ms]
      [Ref Enq: 0.0 ms]
      [Redirty Cards: 0.3 ms]
      [Humongous Register: 0.2 ms]
      [Humongous Reclaim: 0.1 ms]
      [Free CSet: 0.2 ms]
   [Eden: 91.0M(91.0M)->0.0B(922.0M) Survivors: 11.0M->13.0M Heap: 740.9M(2048.0M)->594.7M(2048.0M)]
 [Times: user=0.13 sys=0.00, real=0.01 secs] 
2021-01-21T16:14:24.057+0800: 5.978: [GC pause (G1 Humongous Allocation) (young) (initial-mark), 0.0463444 secs]
   [Parallel Time: 44.0 ms, GC Workers: 8]
      [GC Worker Start (ms): Min: 5978.1, Avg: 5978.2, Max: 5978.3, Diff: 0.2]
      [Ext Root Scanning (ms): Min: 0.1, Avg: 0.2, Max: 0.3, Diff: 0.2, Sum: 1.5]
      [Update RS (ms): Min: 12.6, Avg: 12.6, Max: 12.7, Diff: 0.1, Sum: 101.0]
         [Processed Buffers: Min: 96, Avg: 99.9, Max: 102, Diff: 6, Sum: 799]
      [Scan RS (ms): Min: 0.1, Avg: 0.1, Max: 0.2, Diff: 0.1, Sum: 1.0]
      [Code Root Scanning (ms): Min: 0.0, Avg: 0.0, Max: 0.0, Diff: 0.0, Sum: 0.0]
      [Object Copy (ms): Min: 30.7, Avg: 30.7, Max: 30.8, Diff: 0.1, Sum: 245.9]
      [Termination (ms): Min: 0.0, Avg: 0.1, Max: 0.1, Diff: 0.1, Sum: 0.6]
         [Termination Attempts: Min: 1, Avg: 1.9, Max: 3, Diff: 2, Sum: 15]
      [GC Worker Other (ms): Min: 0.0, Avg: 0.0, Max: 0.1, Diff: 0.0, Sum: 0.4]
      [GC Worker Total (ms): Min: 43.7, Avg: 43.8, Max: 43.9, Diff: 0.2, Sum: 350.3]
      [GC Worker End (ms): Min: 6022.0, Avg: 6022.0, Max: 6022.0, Diff: 0.0]
   [Code Root Fixup: 0.0 ms]
   [Code Root Purge: 0.0 ms]
   [Clear CT: 0.4 ms]
   [Other: 2.0 ms]
      [Choose CSet: 0.0 ms]
      [Ref Proc: 0.2 ms]
      [Ref Enq: 0.0 ms]
      [Redirty Cards: 0.3 ms]
      [Humongous Register: 0.2 ms]
      [Humongous Reclaim: 0.4 ms]
      [Free CSet: 0.5 ms]
   [Eden: 706.0M(922.0M)->0.0B(838.0M) Survivors: 13.0M->117.0M Heap: 1479.1M(2048.0M)->737.5M(2048.0M)]
 [Times: user=0.38 sys=0.00, real=0.05 secs] 
2021-01-21T16:14:24.104+0800: 6.024: [GC concurrent-root-region-scan-start]
2021-01-21T16:14:24.104+0800: 6.025: [GC concurrent-root-region-scan-end, 0.0003343 secs]
2021-01-21T16:14:24.104+0800: 6.025: [GC concurrent-mark-start]
2021-01-21T16:14:24.107+0800: 6.028: [GC concurrent-mark-end, 0.0029305 secs]
2021-01-21T16:14:24.107+0800: 6.028: [GC remark 2021-01-21T16:14:24.107+0800: 6.028: [Finalize Marking, 0.0002410 secs] 2021-01-21T16:14:24.108+0800: 6.028: [GC ref-proc, 0.0002105 secs] 2021-01-21T16:14:24.108+0800: 6.028: [Unloading, 0.0007221 secs], 0.0024750 secs]
 [Times: user=0.13 sys=0.00, real=0.00 secs] 
2021-01-21T16:14:24.110+0800: 6.030: [GC cleanup 749M->641M(2048M), 0.0016942 secs]
 [Times: user=0.00 sys=0.00, real=0.00 secs] 
2021-01-21T16:14:24.112+0800: 6.032: [GC concurrent-cleanup-start]
2021-01-21T16:14:24.112+0800: 6.032: [GC concurrent-cleanup-end, 0.0001407 secs]
2021-01-21T16:14:24.352+0800: 6.272: [GC pause (G1 Evacuation Pause) (young) (to-space exhausted), 0.0510265 secs]
   [Parallel Time: 47.3 ms, GC Workers: 8]
      [GC Worker Start (ms): Min: 6272.6, Avg: 6272.7, Max: 6272.8, Diff: 0.2]
      [Ext Root Scanning (ms): Min: 0.1, Avg: 0.2, Max: 0.3, Diff: 0.2, Sum: 1.3]
      [Update RS (ms): Min: 11.6, Avg: 11.7, Max: 11.7, Diff: 0.1, Sum: 93.6]
         [Processed Buffers: Min: 90, Avg: 93.3, Max: 96, Diff: 6, Sum: 746]
      [Scan RS (ms): Min: 0.1, Avg: 0.2, Max: 0.2, Diff: 0.1, Sum: 1.4]
      [Code Root Scanning (ms): Min: 0.0, Avg: 0.0, Max: 0.0, Diff: 0.0, Sum: 0.0]
      [Object Copy (ms): Min: 34.9, Avg: 34.9, Max: 35.0, Diff: 0.1, Sum: 279.3]
      [Termination (ms): Min: 0.0, Avg: 0.1, Max: 0.1, Diff: 0.1, Sum: 0.5]
         [Termination Attempts: Min: 1, Avg: 1.0, Max: 1, Diff: 0, Sum: 8]
      [GC Worker Other (ms): Min: 0.0, Avg: 0.0, Max: 0.1, Diff: 0.1, Sum: 0.4]
      [GC Worker Total (ms): Min: 47.0, Avg: 47.1, Max: 47.2, Diff: 0.2, Sum: 376.6]
      [GC Worker End (ms): Min: 6319.8, Avg: 6319.8, Max: 6319.8, Diff: 0.1]
   [Code Root Fixup: 0.0 ms]
   [Code Root Purge: 0.0 ms]
   [Clear CT: 0.5 ms]
   [Other: 3.2 ms]
      [Evacuation Failure: 1.1 ms]
      [Choose CSet: 0.0 ms]
      [Ref Proc: 0.2 ms]
      [Ref Enq: 0.0 ms]
      [Redirty Cards: 0.2 ms]
      [Humongous Register: 0.2 ms]
      [Humongous Reclaim: 0.6 ms]
      [Free CSet: 0.7 ms]
   [Eden: 838.0M(838.0M)->0.0B(4096.0K) Survivors: 117.0M->120.0M Heap: 1693.3M(2048.0M)->973.3M(2048.0M)]
 [Times: user=0.36 sys=0.00, real=0.05 secs] 
2021-01-21T16:14:24.405+0800: 6.325: [GC pause (G1 Evacuation Pause) (mixed), 0.0290301 secs]
   [Parallel Time: 27.3 ms, GC Workers: 8]
      [GC Worker Start (ms): Min: 6325.3, Avg: 6325.3, Max: 6325.4, Diff: 0.1]
      [Ext Root Scanning (ms): Min: 0.1, Avg: 0.2, Max: 0.2, Diff: 0.1, Sum: 1.4]
      [Update RS (ms): Min: 0.1, Avg: 0.1, Max: 0.2, Diff: 0.0, Sum: 1.2]
         [Processed Buffers: Min: 1, Avg: 2.0, Max: 4, Diff: 3, Sum: 16]
      [Scan RS (ms): Min: 0.1, Avg: 0.1, Max: 0.2, Diff: 0.1, Sum: 0.9]
      [Code Root Scanning (ms): Min: 0.0, Avg: 0.0, Max: 0.0, Diff: 0.0, Sum: 0.0]
      [Object Copy (ms): Min: 26.3, Avg: 26.5, Max: 26.6, Diff: 0.3, Sum: 212.0]
      [Termination (ms): Min: 0.0, Avg: 0.1, Max: 0.2, Diff: 0.2, Sum: 1.1]
         [Termination Attempts: Min: 1, Avg: 1.4, Max: 4, Diff: 3, Sum: 11]
      [GC Worker Other (ms): Min: 0.0, Avg: 0.0, Max: 0.0, Diff: 0.0, Sum: 0.1]
      [GC Worker Total (ms): Min: 27.0, Avg: 27.1, Max: 27.2, Diff: 0.1, Sum: 216.7]
      [GC Worker End (ms): Min: 6352.4, Avg: 6352.4, Max: 6352.4, Diff: 0.0]
   [Code Root Fixup: 0.0 ms]
   [Code Root Purge: 0.0 ms]
   [Clear CT: 0.3 ms]
   [Other: 1.5 ms]
      [Choose CSet: 0.1 ms]
      [Ref Proc: 0.2 ms]
      [Ref Enq: 0.0 ms]
      [Redirty Cards: 0.4 ms]
      [Humongous Register: 0.2 ms]
      [Humongous Reclaim: 0.1 ms]
      [Free CSet: 0.4 ms]
   [Eden: 4096.0K(4096.0K)->0.0B(809.0M) Survivors: 120.0M->1024.0K Heap: 977.3M(2048.0M)->797.6M(2048.0M)]
 [Times: user=0.22 sys=0.00, real=0.03 secs] 
2021-01-21T16:14:24.485+0800: 6.405: [GC pause (G1 Humongous Allocation) (young) (initial-mark), 0.0183830 secs]
   [Parallel Time: 16.7 ms, GC Workers: 8]
      [GC Worker Start (ms): Min: 6405.8, Avg: 6405.8, Max: 6405.9, Diff: 0.1]
      [Ext Root Scanning (ms): Min: 0.1, Avg: 0.2, Max: 0.2, Diff: 0.1, Sum: 1.4]
      [Update RS (ms): Min: 5.4, Avg: 5.4, Max: 5.4, Diff: 0.1, Sum: 43.1]
         [Processed Buffers: Min: 42, Avg: 42.8, Max: 44, Diff: 2, Sum: 342]
      [Scan RS (ms): Min: 0.0, Avg: 0.0, Max: 0.0, Diff: 0.0, Sum: 0.2]
      [Code Root Scanning (ms): Min: 0.0, Avg: 0.0, Max: 0.0, Diff: 0.0, Sum: 0.0]
      [Object Copy (ms): Min: 10.7, Avg: 10.8, Max: 10.9, Diff: 0.2, Sum: 86.1]
      [Termination (ms): Min: 0.0, Avg: 0.1, Max: 0.2, Diff: 0.2, Sum: 0.8]
         [Termination Attempts: Min: 1, Avg: 1.0, Max: 1, Diff: 0, Sum: 8]
      [GC Worker Other (ms): Min: 0.0, Avg: 0.0, Max: 0.0, Diff: 0.0, Sum: 0.1]
      [GC Worker Total (ms): Min: 16.4, Avg: 16.5, Max: 16.5, Diff: 0.1, Sum: 131.7]
      [GC Worker End (ms): Min: 6422.3, Avg: 6422.3, Max: 6422.3, Diff: 0.0]
   [Code Root Fixup: 0.0 ms]
   [Code Root Purge: 0.0 ms]
   [Clear CT: 0.3 ms]
   [Other: 1.4 ms]
      [Choose CSet: 0.0 ms]
      [Ref Proc: 0.2 ms]
      [Ref Enq: 0.0 ms]
      [Redirty Cards: 0.3 ms]
      [Humongous Register: 0.2 ms]
      [Humongous Reclaim: 0.2 ms]
      [Free CSet: 0.2 ms]
   [Eden: 183.0M(809.0M)->0.0B(732.0M) Survivors: 1024.0K->55.0M Heap: 1021.7M(2048.0M)->853.2M(2048.0M)]
 [Times: user=0.14 sys=0.00, real=0.02 secs] 
2021-01-21T16:14:24.504+0800: 6.424: [GC concurrent-root-region-scan-start]
2021-01-21T16:14:24.504+0800: 6.424: [GC concurrent-root-region-scan-end, 0.0002106 secs]
2021-01-21T16:14:24.504+0800: 6.424: [GC concurrent-mark-start]
2021-01-21T16:14:24.507+0800: 6.428: [GC concurrent-mark-end, 0.0033788 secs]
2021-01-21T16:14:24.508+0800: 6.428: [GC remark 2021-01-21T16:14:24.508+0800: 6.428: [Finalize Marking, 0.0004263 secs] 2021-01-21T16:14:24.508+0800: 6.428: [GC ref-proc, 0.0002089 secs] 2021-01-21T16:14:24.508+0800: 6.429: [Unloading, 0.0008851 secs], 0.0031021 secs]
 [Times: user=0.00 sys=0.00, real=0.00 secs] 
2021-01-21T16:14:24.511+0800: 6.431: [GC cleanup 868M->732M(2048M), 0.0018282 secs]
 [Times: user=0.00 sys=0.00, real=0.00 secs] 
2021-01-21T16:14:24.513+0800: 6.433: [GC concurrent-cleanup-start]
2021-01-21T16:14:24.513+0800: 6.433: [GC concurrent-cleanup-end, 0.0001974 secs]
2021-01-21T16:14:24.705+0800: 6.625: [GC pause (G1 Evacuation Pause) (young), 0.0528146 secs]
   [Parallel Time: 50.7 ms, GC Workers: 8]
      [GC Worker Start (ms): Min: 6625.6, Avg: 6625.7, Max: 6625.7, Diff: 0.1]
      [Ext Root Scanning (ms): Min: 0.1, Avg: 0.1, Max: 0.2, Diff: 0.1, Sum: 1.2]
      [Update RS (ms): Min: 12.5, Avg: 12.5, Max: 12.5, Diff: 0.1, Sum: 99.9]
         [Processed Buffers: Min: 115, Avg: 119.3, Max: 123, Diff: 8, Sum: 954]
      [Scan RS (ms): Min: 0.1, Avg: 0.1, Max: 0.1, Diff: 0.1, Sum: 0.9]
      [Code Root Scanning (ms): Min: 0.0, Avg: 0.0, Max: 0.0, Diff: 0.0, Sum: 0.0]
      [Object Copy (ms): Min: 37.5, Avg: 37.6, Max: 37.7, Diff: 0.2, Sum: 301.1]
      [Termination (ms): Min: 0.0, Avg: 0.1, Max: 0.3, Diff: 0.2, Sum: 0.8]
         [Termination Attempts: Min: 1, Avg: 2.1, Max: 4, Diff: 3, Sum: 17]
      [GC Worker Other (ms): Min: 0.0, Avg: 0.0, Max: 0.0, Diff: 0.0, Sum: 0.2]
      [GC Worker Total (ms): Min: 50.5, Avg: 50.5, Max: 50.6, Diff: 0.1, Sum: 404.1]
      [GC Worker End (ms): Min: 6676.2, Avg: 6676.2, Max: 6676.2, Diff: 0.0]
   [Code Root Fixup: 0.0 ms]
   [Code Root Purge: 0.0 ms]
   [Clear CT: 0.4 ms]
   [Other: 1.7 ms]
      [Choose CSet: 0.0 ms]
      [Ref Proc: 0.2 ms]
      [Ref Enq: 0.0 ms]
      [Redirty Cards: 0.2 ms]
      [Humongous Register: 0.2 ms]
      [Humongous Reclaim: 0.4 ms]
      [Free CSet: 0.5 ms]
   [Eden: 732.0M(732.0M)->0.0B(4096.0K) Survivors: 55.0M->99.0M Heap: 1631.3M(2048.0M)->846.7M(2048.0M)]
 [Times: user=0.38 sys=0.00, real=0.05 secs] 
2021-01-21T16:14:24.759+0800: 6.679: [GC pause (G1 Evacuation Pause) (mixed), 0.0218933 secs]
   [Parallel Time: 20.7 ms, GC Workers: 8]
      [GC Worker Start (ms): Min: 6679.7, Avg: 6679.7, Max: 6679.8, Diff: 0.1]
      [Ext Root Scanning (ms): Min: 0.1, Avg: 0.2, Max: 0.2, Diff: 0.1, Sum: 1.2]
      [Update RS (ms): Min: 0.1, Avg: 0.2, Max: 0.2, Diff: 0.1, Sum: 1.4]
         [Processed Buffers: Min: 1, Avg: 1.9, Max: 3, Diff: 2, Sum: 15]
      [Scan RS (ms): Min: 0.0, Avg: 0.0, Max: 0.1, Diff: 0.1, Sum: 0.3]
      [Code Root Scanning (ms): Min: 0.0, Avg: 0.0, Max: 0.0, Diff: 0.0, Sum: 0.0]
      [Object Copy (ms): Min: 20.1, Avg: 20.2, Max: 20.2, Diff: 0.1, Sum: 161.3]
      [Termination (ms): Min: 0.0, Avg: 0.1, Max: 0.1, Diff: 0.1, Sum: 0.6]
         [Termination Attempts: Min: 1, Avg: 1.0, Max: 1, Diff: 0, Sum: 8]
      [GC Worker Other (ms): Min: 0.0, Avg: 0.0, Max: 0.0, Diff: 0.0, Sum: 0.1]
      [GC Worker Total (ms): Min: 20.6, Avg: 20.6, Max: 20.7, Diff: 0.1, Sum: 164.9]
      [GC Worker End (ms): Min: 6700.4, Avg: 6700.4, Max: 6700.4, Diff: 0.0]
   [Code Root Fixup: 0.0 ms]
   [Code Root Purge: 0.0 ms]
   [Clear CT: 0.3 ms]
   [Other: 0.9 ms]
      [Choose CSet: 0.0 ms]
      [Ref Proc: 0.2 ms]
      [Ref Enq: 0.0 ms]
      [Redirty Cards: 0.2 ms]
      [Humongous Register: 0.2 ms]
      [Humongous Reclaim: 0.1 ms]
      [Free CSet: 0.2 ms]
   [Eden: 4096.0K(4096.0K)->0.0B(101.0M) Survivors: 99.0M->1024.0K Heap: 851.4M(2048.0M)->783.9M(2048.0M)]
 [Times: user=0.13 sys=0.00, real=0.02 secs] 
2021-01-21T16:14:24.809+0800: 6.729: [GC pause (G1 Evacuation Pause) (mixed), 0.0144486 secs]
   [Parallel Time: 12.7 ms, GC Workers: 8]
      [GC Worker Start (ms): Min: 6729.1, Avg: 6729.2, Max: 6729.2, Diff: 0.1]
      [Ext Root Scanning (ms): Min: 0.1, Avg: 0.1, Max: 0.2, Diff: 0.1, Sum: 1.1]
      [Update RS (ms): Min: 3.9, Avg: 3.9, Max: 3.9, Diff: 0.1, Sum: 31.1]
         [Processed Buffers: Min: 36, Avg: 37.0, Max: 38, Diff: 2, Sum: 296]
      [Scan RS (ms): Min: 0.0, Avg: 0.1, Max: 0.2, Diff: 0.1, Sum: 0.5]
      [Code Root Scanning (ms): Min: 0.0, Avg: 0.0, Max: 0.0, Diff: 0.0, Sum: 0.0]
      [Object Copy (ms): Min: 8.3, Avg: 8.4, Max: 8.5, Diff: 0.1, Sum: 67.2]
      [Termination (ms): Min: 0.0, Avg: 0.1, Max: 0.1, Diff: 0.1, Sum: 0.4]
         [Termination Attempts: Min: 1, Avg: 1.0, Max: 1, Diff: 0, Sum: 8]
      [GC Worker Other (ms): Min: 0.0, Avg: 0.0, Max: 0.0, Diff: 0.0, Sum: 0.1]
      [GC Worker Total (ms): Min: 12.5, Avg: 12.6, Max: 12.6, Diff: 0.1, Sum: 100.5]
      [GC Worker End (ms): Min: 6741.7, Avg: 6741.7, Max: 6741.8, Diff: 0.0]
   [Code Root Fixup: 0.0 ms]
   [Code Root Purge: 0.0 ms]
   [Clear CT: 0.3 ms]
   [Other: 1.4 ms]
      [Choose CSet: 0.1 ms]
      [Ref Proc: 0.3 ms]
      [Ref Enq: 0.0 ms]
      [Redirty Cards: 0.3 ms]
      [Humongous Register: 0.2 ms]
      [Humongous Reclaim: 0.1 ms]
      [Free CSet: 0.3 ms]
   [Eden: 101.0M(101.0M)->0.0B(89.0M) Survivors: 1024.0K->13.0M Heap: 920.7M(2048.0M)->694.5M(2048.0M)]
 [Times: user=0.13 sys=0.00, real=0.01 secs] 
2021-01-21T16:14:24.846+0800: 6.766: [GC pause (G1 Evacuation Pause) (mixed), 0.0131259 secs]
   [Parallel Time: 11.5 ms, GC Workers: 8]
      [GC Worker Start (ms): Min: 6766.7, Avg: 6766.8, Max: 6766.8, Diff: 0.1]
      [Ext Root Scanning (ms): Min: 0.1, Avg: 0.1, Max: 0.2, Diff: 0.1, Sum: 1.1]
      [Update RS (ms): Min: 1.8, Avg: 1.8, Max: 1.8, Diff: 0.1, Sum: 14.5]
         [Processed Buffers: Min: 16, Avg: 16.9, Max: 17, Diff: 1, Sum: 135]
      [Scan RS (ms): Min: 0.0, Avg: 0.0, Max: 0.1, Diff: 0.1, Sum: 0.3]
      [Code Root Scanning (ms): Min: 0.0, Avg: 0.0, Max: 0.0, Diff: 0.0, Sum: 0.0]
      [Object Copy (ms): Min: 9.1, Avg: 9.2, Max: 9.3, Diff: 0.2, Sum: 73.4]
      [Termination (ms): Min: 0.0, Avg: 0.1, Max: 0.2, Diff: 0.2, Sum: 0.7]
         [Termination Attempts: Min: 1, Avg: 1.1, Max: 2, Diff: 1, Sum: 9]
      [GC Worker Other (ms): Min: 0.0, Avg: 0.0, Max: 0.0, Diff: 0.0, Sum: 0.1]
      [GC Worker Total (ms): Min: 11.2, Avg: 11.3, Max: 11.3, Diff: 0.1, Sum: 90.1]
      [GC Worker End (ms): Min: 6778.0, Avg: 6778.0, Max: 6778.0, Diff: 0.0]
   [Code Root Fixup: 0.0 ms]
   [Code Root Purge: 0.0 ms]
   [Clear CT: 0.3 ms]
   [Other: 1.4 ms]
      [Choose CSet: 0.0 ms]
      [Ref Proc: 0.3 ms]
      [Ref Enq: 0.0 ms]
      [Redirty Cards: 0.4 ms]
      [Humongous Register: 0.2 ms]
      [Humongous Reclaim: 0.1 ms]
      [Free CSet: 0.2 ms]
   [Eden: 89.0M(89.0M)->0.0B(89.0M) Survivors: 13.0M->13.0M Heap: 799.2M(2048.0M)->660.4M(2048.0M)]
 [Times: user=0.00 sys=0.00, real=0.01 secs] 
2021-01-21T16:14:24.883+0800: 6.803: [GC pause (G1 Evacuation Pause) (mixed), 0.0130190 secs]
   [Parallel Time: 11.6 ms, GC Workers: 8]
      [GC Worker Start (ms): Min: 6803.4, Avg: 6803.5, Max: 6803.7, Diff: 0.2]
      [Ext Root Scanning (ms): Min: 0.0, Avg: 0.1, Max: 0.2, Diff: 0.2, Sum: 1.1]
      [Update RS (ms): Min: 2.3, Avg: 2.3, Max: 2.4, Diff: 0.1, Sum: 18.7]
         [Processed Buffers: Min: 7, Avg: 20.8, Max: 23, Diff: 16, Sum: 166]
      [Scan RS (ms): Min: 0.0, Avg: 0.0, Max: 0.1, Diff: 0.1, Sum: 0.2]
      [Code Root Scanning (ms): Min: 0.0, Avg: 0.0, Max: 0.0, Diff: 0.0, Sum: 0.0]
      [Object Copy (ms): Min: 8.7, Avg: 8.8, Max: 8.9, Diff: 0.2, Sum: 70.3]
      [Termination (ms): Min: 0.0, Avg: 0.1, Max: 0.2, Diff: 0.2, Sum: 0.8]
         [Termination Attempts: Min: 1, Avg: 1.0, Max: 1, Diff: 0, Sum: 8]
      [GC Worker Other (ms): Min: 0.0, Avg: 0.0, Max: 0.0, Diff: 0.0, Sum: 0.1]
      [GC Worker Total (ms): Min: 11.2, Avg: 11.4, Max: 11.5, Diff: 0.2, Sum: 91.1]
      [GC Worker End (ms): Min: 6814.9, Avg: 6814.9, Max: 6814.9, Diff: 0.0]
   [Code Root Fixup: 0.0 ms]
   [Code Root Purge: 0.0 ms]
   [Clear CT: 0.3 ms]
   [Other: 1.2 ms]
      [Choose CSet: 0.0 ms]
      [Ref Proc: 0.3 ms]
      [Ref Enq: 0.0 ms]
      [Redirty Cards: 0.3 ms]
      [Humongous Register: 0.2 ms]
      [Humongous Reclaim: 0.1 ms]
      [Free CSet: 0.1 ms]
   [Eden: 89.0M(89.0M)->0.0B(115.0M) Survivors: 13.0M->13.0M Heap: 769.0M(2048.0M)->671.4M(2048.0M)]
 [Times: user=0.11 sys=0.00, real=0.01 secs] 
2021-01-21T16:14:24.928+0800: 6.849: [GC pause (G1 Evacuation Pause) (young), 0.0162501 secs]
   [Parallel Time: 14.9 ms, GC Workers: 8]
      [GC Worker Start (ms): Min: 6849.0, Avg: 6849.0, Max: 6849.1, Diff: 0.1]
      [Ext Root Scanning (ms): Min: 0.1, Avg: 0.1, Max: 0.2, Diff: 0.1, Sum: 1.1]
      [Update RS (ms): Min: 5.1, Avg: 5.1, Max: 5.1, Diff: 0.1, Sum: 41.0]
         [Processed Buffers: Min: 48, Avg: 49.1, Max: 51, Diff: 3, Sum: 393]
      [Scan RS (ms): Min: 0.0, Avg: 0.0, Max: 0.0, Diff: 0.0, Sum: 0.1]
      [Code Root Scanning (ms): Min: 0.0, Avg: 0.0, Max: 0.0, Diff: 0.0, Sum: 0.0]
      [Object Copy (ms): Min: 9.2, Avg: 9.4, Max: 9.5, Diff: 0.3, Sum: 75.0]
      [Termination (ms): Min: 0.0, Avg: 0.1, Max: 0.3, Diff: 0.3, Sum: 0.9]
         [Termination Attempts: Min: 1, Avg: 1.0, Max: 1, Diff: 0, Sum: 8]
      [GC Worker Other (ms): Min: 0.0, Avg: 0.0, Max: 0.0, Diff: 0.0, Sum: 0.1]
      [GC Worker Total (ms): Min: 14.7, Avg: 14.8, Max: 14.8, Diff: 0.1, Sum: 118.2]
      [GC Worker End (ms): Min: 6863.8, Avg: 6863.8, Max: 6863.8, Diff: 0.0]
   [Code Root Fixup: 0.0 ms]
   [Code Root Purge: 0.0 ms]
   [Clear CT: 0.3 ms]
   [Other: 1.1 ms]
      [Choose CSet: 0.0 ms]
      [Ref Proc: 0.1 ms]
      [Ref Enq: 0.0 ms]
      [Redirty Cards: 0.3 ms]
      [Humongous Register: 0.2 ms]
      [Humongous Reclaim: 0.1 ms]
      [Free CSet: 0.2 ms]
   [Eden: 115.0M(115.0M)->0.0B(144.0M) Survivors: 13.0M->16.0M Heap: 834.3M(2048.0M)->716.2M(2048.0M)]
 [Times: user=0.13 sys=0.00, real=0.02 secs] 
2021-01-21T16:14:24.982+0800: 6.903: [GC pause (G1 Evacuation Pause) (young), 0.0173428 secs]
   [Parallel Time: 15.8 ms, GC Workers: 8]
      [GC Worker Start (ms): Min: 6902.8, Avg: 6902.9, Max: 6902.9, Diff: 0.1]
      [Ext Root Scanning (ms): Min: 0.1, Avg: 0.1, Max: 0.2, Diff: 0.1, Sum: 1.1]
      [Update RS (ms): Min: 4.2, Avg: 4.3, Max: 4.3, Diff: 0.1, Sum: 34.2]
         [Processed Buffers: Min: 38, Avg: 40.6, Max: 42, Diff: 4, Sum: 325]
      [Scan RS (ms): Min: 0.0, Avg: 0.0, Max: 0.0, Diff: 0.0, Sum: 0.1]
      [Code Root Scanning (ms): Min: 0.0, Avg: 0.0, Max: 0.0, Diff: 0.0, Sum: 0.0]
      [Object Copy (ms): Min: 11.0, Avg: 11.1, Max: 11.3, Diff: 0.3, Sum: 89.1]
      [Termination (ms): Min: 0.0, Avg: 0.1, Max: 0.3, Diff: 0.3, Sum: 1.2]
         [Termination Attempts: Min: 1, Avg: 1.0, Max: 1, Diff: 0, Sum: 8]
      [GC Worker Other (ms): Min: 0.0, Avg: 0.0, Max: 0.0, Diff: 0.0, Sum: 0.2]
      [GC Worker Total (ms): Min: 15.7, Avg: 15.7, Max: 15.8, Diff: 0.1, Sum: 125.8]
      [GC Worker End (ms): Min: 6918.6, Avg: 6918.6, Max: 6918.6, Diff: 0.0]
   [Code Root Fixup: 0.0 ms]
   [Code Root Purge: 0.0 ms]
   [Clear CT: 0.4 ms]
   [Other: 1.1 ms]
      [Choose CSet: 0.0 ms]
      [Ref Proc: 0.2 ms]
      [Ref Enq: 0.0 ms]
      [Redirty Cards: 0.3 ms]
      [Humongous Register: 0.2 ms]
      [Humongous Reclaim: 0.1 ms]
      [Free CSet: 0.2 ms]
   [Eden: 144.0M(144.0M)->0.0B(188.0M) Survivors: 16.0M->20.0M Heap: 899.6M(2048.0M)->763.1M(2048.0M)]
 [Times: user=0.13 sys=0.00, real=0.02 secs] 
2021-01-21T16:14:25.048+0800: 6.968: [GC pause (G1 Evacuation Pause) (young), 0.0226609 secs]
   [Parallel Time: 21.1 ms, GC Workers: 8]
      [GC Worker Start (ms): Min: 6968.3, Avg: 6968.3, Max: 6968.4, Diff: 0.1]
      [Ext Root Scanning (ms): Min: 0.1, Avg: 0.1, Max: 0.2, Diff: 0.1, Sum: 1.1]
      [Update RS (ms): Min: 5.3, Avg: 5.4, Max: 5.4, Diff: 0.1, Sum: 43.1]
         [Processed Buffers: Min: 51, Avg: 51.3, Max: 52, Diff: 1, Sum: 410]
      [Scan RS (ms): Min: 0.0, Avg: 0.0, Max: 0.1, Diff: 0.1, Sum: 0.2]
      [Code Root Scanning (ms): Min: 0.0, Avg: 0.0, Max: 0.0, Diff: 0.0, Sum: 0.0]
      [Object Copy (ms): Min: 15.2, Avg: 15.3, Max: 15.3, Diff: 0.1, Sum: 122.4]
      [Termination (ms): Min: 0.0, Avg: 0.0, Max: 0.1, Diff: 0.1, Sum: 0.3]
         [Termination Attempts: Min: 1, Avg: 1.0, Max: 1, Diff: 0, Sum: 8]
      [GC Worker Other (ms): Min: 0.0, Avg: 0.0, Max: 0.0, Diff: 0.0, Sum: 0.2]
      [GC Worker Total (ms): Min: 20.8, Avg: 20.9, Max: 21.0, Diff: 0.1, Sum: 167.2]
      [GC Worker End (ms): Min: 6989.2, Avg: 6989.2, Max: 6989.3, Diff: 0.0]
   [Code Root Fixup: 0.0 ms]
   [Code Root Purge: 0.0 ms]
   [Clear CT: 0.3 ms]
   [Other: 1.3 ms]
      [Choose CSet: 0.0 ms]
      [Ref Proc: 0.2 ms]
      [Ref Enq: 0.0 ms]
      [Redirty Cards: 0.4 ms]
      [Humongous Register: 0.2 ms]
      [Humongous Reclaim: 0.2 ms]
      [Free CSet: 0.2 ms]
   [Eden: 188.0M(188.0M)->0.0B(215.0M) Survivors: 20.0M->26.0M Heap: 1001.2M(2048.0M)->826.9M(2048.0M)]
 [Times: user=0.13 sys=0.00, real=0.02 secs] 
2021-01-21T16:14:25.099+0800: 7.020: [GC pause (G1 Humongous Allocation) (young) (initial-mark), 0.0188289 secs]
   [Parallel Time: 17.2 ms, GC Workers: 8]
      [GC Worker Start (ms): Min: 7020.2, Avg: 7020.3, Max: 7020.3, Diff: 0.1]
      [Ext Root Scanning (ms): Min: 0.1, Avg: 0.1, Max: 0.2, Diff: 0.1, Sum: 1.1]
      [Update RS (ms): Min: 3.5, Avg: 3.5, Max: 3.5, Diff: 0.1, Sum: 28.0]
         [Processed Buffers: Min: 33, Avg: 33.6, Max: 34, Diff: 1, Sum: 269]
      [Scan RS (ms): Min: 0.0, Avg: 0.0, Max: 0.0, Diff: 0.0, Sum: 0.1]
      [Code Root Scanning (ms): Min: 0.0, Avg: 0.0, Max: 0.0, Diff: 0.0, Sum: 0.0]
      [Object Copy (ms): Min: 13.0, Avg: 13.2, Max: 13.3, Diff: 0.2, Sum: 105.4]
      [Termination (ms): Min: 0.0, Avg: 0.1, Max: 0.2, Diff: 0.2, Sum: 0.9]
         [Termination Attempts: Min: 1, Avg: 1.0, Max: 1, Diff: 0, Sum: 8]
      [GC Worker Other (ms): Min: 0.0, Avg: 0.0, Max: 0.0, Diff: 0.0, Sum: 0.2]
      [GC Worker Total (ms): Min: 16.9, Avg: 17.0, Max: 17.0, Diff: 0.1, Sum: 135.8]
      [GC Worker End (ms): Min: 7037.2, Avg: 7037.3, Max: 7037.3, Diff: 0.0]
   [Code Root Fixup: 0.0 ms]
   [Code Root Purge: 0.0 ms]
   [Clear CT: 0.3 ms]
   [Other: 1.4 ms]
      [Choose CSet: 0.0 ms]
      [Ref Proc: 0.2 ms]
      [Ref Enq: 0.0 ms]
      [Redirty Cards: 0.3 ms]
      [Humongous Register: 0.2 ms]
      [Humongous Reclaim: 0.1 ms]
      [Free CSet: 0.2 ms]
   [Eden: 116.0M(215.0M)->0.0B(221.0M) Survivors: 26.0M->31.0M Heap: 975.1M(2048.0M)->865.1M(2048.0M)]
 [Times: user=0.11 sys=0.00, real=0.02 secs] 
2021-01-21T16:14:25.118+0800: 7.039: [GC concurrent-root-region-scan-start]
2021-01-21T16:14:25.118+0800: 7.039: [GC concurrent-root-region-scan-end, 0.0002069 secs]
2021-01-21T16:14:25.118+0800: 7.039: [GC concurrent-mark-start]
2021-01-21T16:14:25.122+0800: 7.043: [GC concurrent-mark-end, 0.0036056 secs]
2021-01-21T16:14:25.122+0800: 7.043: [GC remark 2021-01-21T16:14:25.122+0800: 7.043: [Finalize Marking, 0.0001873 secs] 2021-01-21T16:14:25.122+0800: 7.043: [GC ref-proc, 0.0001825 secs] 2021-01-21T16:14:25.123+0800: 7.043: [Unloading, 0.0007463 secs], 0.0025033 secs]
 [Times: user=0.00 sys=0.00, real=0.00 secs] 
2021-01-21T16:14:25.125+0800: 7.046: [GC cleanup 882M->717M(2048M), 0.0016428 secs]
 [Times: user=0.02 sys=0.00, real=0.00 secs] 
2021-01-21T16:14:25.127+0800: 7.047: [GC concurrent-cleanup-start]
2021-01-21T16:14:25.127+0800: 7.047: [GC concurrent-cleanup-end, 0.0001742 secs]
2021-01-21T16:14:25.184+0800: 7.104: [GC pause (G1 Evacuation Pause) (young), 0.0268701 secs]
   [Parallel Time: 25.0 ms, GC Workers: 8]
      [GC Worker Start (ms): Min: 7104.8, Avg: 7104.8, Max: 7104.9, Diff: 0.1]
      [Ext Root Scanning (ms): Min: 0.1, Avg: 0.1, Max: 0.2, Diff: 0.1, Sum: 1.1]
      [Update RS (ms): Min: 6.9, Avg: 7.0, Max: 7.0, Diff: 0.1, Sum: 55.9]
         [Processed Buffers: Min: 66, Avg: 66.9, Max: 68, Diff: 2, Sum: 535]
      [Scan RS (ms): Min: 0.0, Avg: 0.0, Max: 0.1, Diff: 0.0, Sum: 0.2]
      [Code Root Scanning (ms): Min: 0.0, Avg: 0.0, Max: 0.0, Diff: 0.0, Sum: 0.0]
      [Object Copy (ms): Min: 17.4, Avg: 17.6, Max: 17.6, Diff: 0.2, Sum: 140.4]
      [Termination (ms): Min: 0.0, Avg: 0.1, Max: 0.3, Diff: 0.3, Sum: 0.7]
         [Termination Attempts: Min: 1, Avg: 1.0, Max: 1, Diff: 0, Sum: 8]
      [GC Worker Other (ms): Min: 0.0, Avg: 0.0, Max: 0.0, Diff: 0.0, Sum: 0.2]
      [GC Worker Total (ms): Min: 24.8, Avg: 24.8, Max: 24.9, Diff: 0.1, Sum: 198.5]
      [GC Worker End (ms): Min: 7129.6, Avg: 7129.6, Max: 7129.6, Diff: 0.0]
   [Code Root Fixup: 0.0 ms]
   [Code Root Purge: 0.0 ms]
   [Clear CT: 0.3 ms]
   [Other: 1.6 ms]
      [Choose CSet: 0.0 ms]
      [Ref Proc: 0.3 ms]
      [Ref Enq: 0.0 ms]
      [Redirty Cards: 0.4 ms]
      [Humongous Register: 0.2 ms]
      [Humongous Reclaim: 0.2 ms]
      [Free CSet: 0.2 ms]
   [Eden: 221.0M(221.0M)->0.0B(70.0M) Survivors: 31.0M->32.0M Heap: 986.7M(2048.0M)->753.3M(2048.0M)]
 [Times: user=0.25 sys=0.00, real=0.03 secs] 
2021-01-21T16:14:25.229+0800: 7.149: [GC pause (G1 Evacuation Pause) (mixed), 0.0193861 secs]
   [Parallel Time: 17.6 ms, GC Workers: 8]
      [GC Worker Start (ms): Min: 7149.5, Avg: 7149.6, Max: 7149.6, Diff: 0.1]
      [Ext Root Scanning (ms): Min: 0.1, Avg: 0.1, Max: 0.2, Diff: 0.1, Sum: 1.2]
      [Update RS (ms): Min: 1.5, Avg: 1.5, Max: 1.5, Diff: 0.1, Sum: 11.9]
         [Processed Buffers: Min: 14, Avg: 14.1, Max: 15, Diff: 1, Sum: 113]
      [Scan RS (ms): Min: 0.1, Avg: 0.1, Max: 0.2, Diff: 0.1, Sum: 0.8]
      [Code Root Scanning (ms): Min: 0.0, Avg: 0.0, Max: 0.0, Diff: 0.0, Sum: 0.0]
      [Object Copy (ms): Min: 15.6, Avg: 15.6, Max: 15.7, Diff: 0.1, Sum: 125.1]
      [Termination (ms): Min: 0.0, Avg: 0.1, Max: 0.1, Diff: 0.1, Sum: 0.6]
         [Termination Attempts: Min: 1, Avg: 2.4, Max: 5, Diff: 4, Sum: 19]
      [GC Worker Other (ms): Min: 0.0, Avg: 0.0, Max: 0.0, Diff: 0.0, Sum: 0.1]
      [GC Worker Total (ms): Min: 17.4, Avg: 17.5, Max: 17.5, Diff: 0.1, Sum: 139.9]
      [GC Worker End (ms): Min: 7167.0, Avg: 7167.1, Max: 7167.1, Diff: 0.0]
   [Code Root Fixup: 0.0 ms]
   [Code Root Purge: 0.0 ms]
   [Clear CT: 0.3 ms]
   [Other: 1.4 ms]
      [Choose CSet: 0.1 ms]
      [Ref Proc: 0.2 ms]
      [Ref Enq: 0.0 ms]
      [Redirty Cards: 0.3 ms]
      [Humongous Register: 0.2 ms]
      [Humongous Reclaim: 0.1 ms]
      [Free CSet: 0.4 ms]
   [Eden: 70.0M(70.0M)->0.0B(89.0M) Survivors: 32.0M->13.0M Heap: 836.2M(2048.0M)->584.8M(2048.0M)]
 [Times: user=0.13 sys=0.00, real=0.02 secs] 
2021-01-21T16:14:25.271+0800: 7.191: [GC pause (G1 Evacuation Pause) (mixed), 0.0157751 secs]
   [Parallel Time: 14.2 ms, GC Workers: 8]
      [GC Worker Start (ms): Min: 7191.5, Avg: 7191.6, Max: 7191.6, Diff: 0.1]
      [Ext Root Scanning (ms): Min: 0.1, Avg: 0.2, Max: 0.2, Diff: 0.1, Sum: 1.3]
      [Update RS (ms): Min: 2.3, Avg: 2.4, Max: 2.4, Diff: 0.1, Sum: 18.9]
         [Processed Buffers: Min: 22, Avg: 23.1, Max: 24, Diff: 2, Sum: 185]
      [Scan RS (ms): Min: 0.0, Avg: 0.1, Max: 0.1, Diff: 0.1, Sum: 0.6]
      [Code Root Scanning (ms): Min: 0.0, Avg: 0.0, Max: 0.1, Diff: 0.1, Sum: 0.1]
      [Object Copy (ms): Min: 11.2, Avg: 11.3, Max: 11.5, Diff: 0.3, Sum: 90.7]
      [Termination (ms): Min: 0.0, Avg: 0.1, Max: 0.3, Diff: 0.3, Sum: 0.9]
         [Termination Attempts: Min: 1, Avg: 1.0, Max: 1, Diff: 0, Sum: 8]
      [GC Worker Other (ms): Min: 0.0, Avg: 0.0, Max: 0.0, Diff: 0.0, Sum: 0.1]
      [GC Worker Total (ms): Min: 14.0, Avg: 14.1, Max: 14.2, Diff: 0.1, Sum: 112.7]
      [GC Worker End (ms): Min: 7205.7, Avg: 7205.7, Max: 7205.7, Diff: 0.0]
   [Code Root Fixup: 0.0 ms]
   [Code Root Purge: 0.0 ms]
   [Clear CT: 0.3 ms]
   [Other: 1.3 ms]
      [Choose CSet: 0.0 ms]
      [Ref Proc: 0.2 ms]
      [Ref Enq: 0.0 ms]
      [Redirty Cards: 0.4 ms]
      [Humongous Register: 0.2 ms]
      [Humongous Reclaim: 0.1 ms]
      [Free CSet: 0.2 ms]
   [Eden: 89.0M(89.0M)->0.0B(486.0M) Survivors: 13.0M->13.0M Heap: 695.7M(2048.0M)->570.5M(2048.0M)]
 [Times: user=0.11 sys=0.00, real=0.02 secs] 
2021-01-21T16:14:25.412+0800: 7.332: [GC pause (G1 Evacuation Pause) (young), 0.0407717 secs]
   [Parallel Time: 39.0 ms, GC Workers: 8]
      [GC Worker Start (ms): Min: 7332.6, Avg: 7332.6, Max: 7332.7, Diff: 0.1]
      [Ext Root Scanning (ms): Min: 0.1, Avg: 0.1, Max: 0.2, Diff: 0.1, Sum: 1.2]
      [Update RS (ms): Min: 13.6, Avg: 13.6, Max: 13.6, Diff: 0.1, Sum: 108.9]
         [Processed Buffers: Min: 125, Avg: 128.8, Max: 132, Diff: 7, Sum: 1030]
      [Scan RS (ms): Min: 0.0, Avg: 0.1, Max: 0.1, Diff: 0.1, Sum: 0.5]
      [Code Root Scanning (ms): Min: 0.0, Avg: 0.0, Max: 0.0, Diff: 0.0, Sum: 0.0]
      [Object Copy (ms): Min: 24.8, Avg: 24.9, Max: 25.0, Diff: 0.2, Sum: 199.3]
      [Termination (ms): Min: 0.0, Avg: 0.1, Max: 0.2, Diff: 0.2, Sum: 0.7]
         [Termination Attempts: Min: 1, Avg: 1.0, Max: 1, Diff: 0, Sum: 8]
      [GC Worker Other (ms): Min: 0.0, Avg: 0.0, Max: 0.1, Diff: 0.0, Sum: 0.3]
      [GC Worker Total (ms): Min: 38.8, Avg: 38.9, Max: 38.9, Diff: 0.1, Sum: 310.9]
      [GC Worker End (ms): Min: 7371.5, Avg: 7371.5, Max: 7371.5, Diff: 0.0]
   [Code Root Fixup: 0.0 ms]
   [Code Root Purge: 0.0 ms]
   [Clear CT: 0.4 ms]
   [Other: 1.4 ms]
      [Choose CSet: 0.0 ms]
      [Ref Proc: 0.2 ms]
      [Ref Enq: 0.0 ms]
      [Redirty Cards: 0.3 ms]
      [Humongous Register: 0.1 ms]
      [Humongous Reclaim: 0.3 ms]
      [Free CSet: 0.4 ms]
   [Eden: 486.0M(486.0M)->0.0B(39.0M) Survivors: 13.0M->63.0M Heap: 1184.0M(2048.0M)->686.0M(2048.0M)]
 [Times: user=0.25 sys=0.00, real=0.04 secs] 
2021-01-21T16:14:25.465+0800: 7.385: [GC pause (G1 Evacuation Pause) (young), 0.0172879 secs]
   [Parallel Time: 16.1 ms, GC Workers: 8]
      [GC Worker Start (ms): Min: 7385.0, Avg: 7385.1, Max: 7385.1, Diff: 0.1]
      [Ext Root Scanning (ms): Min: 0.1, Avg: 0.1, Max: 0.2, Diff: 0.1, Sum: 1.1]
      [Update RS (ms): Min: 1.6, Avg: 1.7, Max: 1.7, Diff: 0.1, Sum: 13.6]
         [Processed Buffers: Min: 14, Avg: 16.1, Max: 17, Diff: 3, Sum: 129]
      [Scan RS (ms): Min: 0.0, Avg: 0.0, Max: 0.0, Diff: 0.0, Sum: 0.1]
      [Code Root Scanning (ms): Min: 0.0, Avg: 0.0, Max: 0.0, Diff: 0.0, Sum: 0.0]
      [Object Copy (ms): Min: 14.0, Avg: 14.0, Max: 14.1, Diff: 0.1, Sum: 112.2]
      [Termination (ms): Min: 0.0, Avg: 0.1, Max: 0.1, Diff: 0.1, Sum: 0.7]
         [Termination Attempts: Min: 1, Avg: 1.0, Max: 1, Diff: 0, Sum: 8]
      [GC Worker Other (ms): Min: 0.0, Avg: 0.0, Max: 0.0, Diff: 0.0, Sum: 0.1]
      [GC Worker Total (ms): Min: 15.9, Avg: 16.0, Max: 16.0, Diff: 0.1, Sum: 127.7]
      [GC Worker End (ms): Min: 7401.0, Avg: 7401.0, Max: 7401.0, Diff: 0.0]
   [Code Root Fixup: 0.0 ms]
   [Code Root Purge: 0.0 ms]
   [Clear CT: 0.2 ms]
   [Other: 1.0 ms]
      [Choose CSet: 0.0 ms]
      [Ref Proc: 0.1 ms]
      [Ref Enq: 0.0 ms]
      [Redirty Cards: 0.1 ms]
      [Humongous Register: 0.2 ms]
      [Humongous Reclaim: 0.1 ms]
      [Free CSet: 0.3 ms]
   [Eden: 39.0M(39.0M)->0.0B(90.0M) Survivors: 63.0M->12.0M Heap: 740.0M(2048.0M)->702.7M(2048.0M)]
 [Times: user=0.13 sys=0.00, real=0.02 secs] 
2021-01-21T16:14:25.505+0800: 7.425: [GC pause (G1 Evacuation Pause) (young), 0.0131388 secs]
   [Parallel Time: 11.1 ms, GC Workers: 8]
      [GC Worker Start (ms): Min: 7425.2, Avg: 7425.3, Max: 7425.3, Diff: 0.1]
      [Ext Root Scanning (ms): Min: 0.1, Avg: 0.1, Max: 0.2, Diff: 0.1, Sum: 1.1]
      [Update RS (ms): Min: 2.5, Avg: 2.5, Max: 2.6, Diff: 0.1, Sum: 20.2]
         [Processed Buffers: Min: 22, Avg: 24.0, Max: 25, Diff: 3, Sum: 192]
      [Scan RS (ms): Min: 0.0, Avg: 0.0, Max: 0.0, Diff: 0.0, Sum: 0.1]
      [Code Root Scanning (ms): Min: 0.0, Avg: 0.0, Max: 0.0, Diff: 0.0, Sum: 0.0]
      [Object Copy (ms): Min: 8.1, Avg: 8.2, Max: 8.3, Diff: 0.1, Sum: 65.8]
      [Termination (ms): Min: 0.0, Avg: 0.1, Max: 0.1, Diff: 0.1, Sum: 0.6]
         [Termination Attempts: Min: 1, Avg: 1.0, Max: 1, Diff: 0, Sum: 8]
      [GC Worker Other (ms): Min: 0.0, Avg: 0.0, Max: 0.0, Diff: 0.0, Sum: 0.2]
      [GC Worker Total (ms): Min: 10.9, Avg: 11.0, Max: 11.1, Diff: 0.1, Sum: 88.0]
      [GC Worker End (ms): Min: 7436.3, Avg: 7436.3, Max: 7436.3, Diff: 0.0]
   [Code Root Fixup: 0.0 ms]
   [Code Root Purge: 0.0 ms]
   [Clear CT: 0.5 ms]
   [Other: 1.5 ms]
      [Choose CSet: 0.0 ms]
      [Ref Proc: 0.4 ms]
      [Ref Enq: 0.0 ms]
      [Redirty Cards: 0.5 ms]
      [Humongous Register: 0.2 ms]
      [Humongous Reclaim: 0.1 ms]
      [Free CSet: 0.2 ms]
   [Eden: 90.0M(90.0M)->0.0B(89.0M) Survivors: 12.0M->13.0M Heap: 815.6M(2048.0M)->729.3M(2048.0M)]
 [Times: user=0.00 sys=0.00, real=0.01 secs] 
2021-01-21T16:14:25.542+0800: 7.462: [GC pause (G1 Evacuation Pause) (young), 0.0124169 secs]
   [Parallel Time: 9.9 ms, GC Workers: 8]
      [GC Worker Start (ms): Min: 7462.2, Avg: 7462.3, Max: 7462.4, Diff: 0.1]
      [Ext Root Scanning (ms): Min: 0.1, Avg: 0.1, Max: 0.2, Diff: 0.1, Sum: 1.1]
      [Update RS (ms): Min: 2.4, Avg: 2.5, Max: 2.6, Diff: 0.1, Sum: 20.2]
         [Processed Buffers: Min: 23, Avg: 24.3, Max: 26, Diff: 3, Sum: 194]
      [Scan RS (ms): Min: 0.0, Avg: 0.0, Max: 0.0, Diff: 0.0, Sum: 0.1]
      [Code Root Scanning (ms): Min: 0.0, Avg: 0.0, Max: 0.0, Diff: 0.0, Sum: 0.0]
      [Object Copy (ms): Min: 6.9, Avg: 7.0, Max: 7.1, Diff: 0.1, Sum: 56.1]
      [Termination (ms): Min: 0.0, Avg: 0.1, Max: 0.1, Diff: 0.1, Sum: 0.5]
         [Termination Attempts: Min: 1, Avg: 1.0, Max: 1, Diff: 0, Sum: 8]
      [GC Worker Other (ms): Min: 0.0, Avg: 0.0, Max: 0.0, Diff: 0.0, Sum: 0.1]
      [GC Worker Total (ms): Min: 9.7, Avg: 9.8, Max: 9.8, Diff: 0.1, Sum: 78.1]
      [GC Worker End (ms): Min: 7472.1, Avg: 7472.1, Max: 7472.1, Diff: 0.0]
   [Code Root Fixup: 0.0 ms]
   [Code Root Purge: 0.0 ms]
   [Clear CT: 0.7 ms]
   [Other: 1.8 ms]
      [Choose CSet: 0.0 ms]
      [Ref Proc: 0.4 ms]
      [Ref Enq: 0.0 ms]
      [Redirty Cards: 0.7 ms]
      [Humongous Register: 0.2 ms]
      [Humongous Reclaim: 0.1 ms]
      [Free CSet: 0.2 ms]
   [Eden: 89.0M(89.0M)->0.0B(89.0M) Survivors: 13.0M->13.0M Heap: 841.3M(2048.0M)->751.3M(2048.0M)]
 [Times: user=0.13 sys=0.00, real=0.01 secs] 
2021-01-21T16:14:25.579+0800: 7.499: [GC pause (G1 Evacuation Pause) (young), 0.0126611 secs]
   [Parallel Time: 11.2 ms, GC Workers: 8]
      [GC Worker Start (ms): Min: 7499.3, Avg: 7499.4, Max: 7499.4, Diff: 0.1]
      [Ext Root Scanning (ms): Min: 0.1, Avg: 0.1, Max: 0.2, Diff: 0.1, Sum: 1.1]
      [Update RS (ms): Min: 2.9, Avg: 2.9, Max: 3.0, Diff: 0.1, Sum: 23.5]
         [Processed Buffers: Min: 27, Avg: 28.3, Max: 29, Diff: 2, Sum: 226]
      [Scan RS (ms): Min: 0.0, Avg: 0.0, Max: 0.0, Diff: 0.0, Sum: 0.1]
      [Code Root Scanning (ms): Min: 0.0, Avg: 0.0, Max: 0.0, Diff: 0.0, Sum: 0.0]
      [Object Copy (ms): Min: 7.6, Avg: 7.7, Max: 7.8, Diff: 0.2, Sum: 62.0]
      [Termination (ms): Min: 0.0, Avg: 0.1, Max: 0.2, Diff: 0.2, Sum: 0.5]
         [Termination Attempts: Min: 1, Avg: 1.0, Max: 1, Diff: 0, Sum: 8]
      [GC Worker Other (ms): Min: 0.0, Avg: 0.0, Max: 0.0, Diff: 0.0, Sum: 0.1]
      [GC Worker Total (ms): Min: 10.9, Avg: 10.9, Max: 11.0, Diff: 0.1, Sum: 87.2]
      [GC Worker End (ms): Min: 7510.3, Avg: 7510.3, Max: 7510.3, Diff: 0.0]
   [Code Root Fixup: 0.0 ms]
   [Code Root Purge: 0.0 ms]
   [Clear CT: 0.3 ms]
   [Other: 1.2 ms]
      [Choose CSet: 0.0 ms]
      [Ref Proc: 0.3 ms]
      [Ref Enq: 0.0 ms]
      [Redirty Cards: 0.3 ms]
      [Humongous Register: 0.2 ms]
      [Humongous Reclaim: 0.1 ms]
      [Free CSet: 0.1 ms]
   [Eden: 89.0M(89.0M)->0.0B(89.0M) Survivors: 13.0M->13.0M Heap: 867.4M(2048.0M)->780.4M(2048.0M)]
 [Times: user=0.00 sys=0.00, real=0.01 secs] 
2021-01-21T16:14:25.613+0800: 7.534: [GC pause (G1 Evacuation Pause) (young), 0.0132510 secs]
   [Parallel Time: 11.7 ms, GC Workers: 8]
      [GC Worker Start (ms): Min: 7534.3, Avg: 7534.4, Max: 7534.4, Diff: 0.1]
      [Ext Root Scanning (ms): Min: 0.1, Avg: 0.1, Max: 0.2, Diff: 0.1, Sum: 1.2]
      [Update RS (ms): Min: 2.3, Avg: 2.4, Max: 2.4, Diff: 0.1, Sum: 18.9]
         [Processed Buffers: Min: 22, Avg: 22.8, Max: 23, Diff: 1, Sum: 182]
      [Scan RS (ms): Min: 0.0, Avg: 0.0, Max: 0.0, Diff: 0.0, Sum: 0.1]
      [Code Root Scanning (ms): Min: 0.0, Avg: 0.0, Max: 0.0, Diff: 0.0, Sum: 0.0]
      [Object Copy (ms): Min: 8.7, Avg: 8.8, Max: 8.9, Diff: 0.2, Sum: 70.5]
      [Termination (ms): Min: 0.0, Avg: 0.1, Max: 0.2, Diff: 0.2, Sum: 0.8]
         [Termination Attempts: Min: 1, Avg: 1.0, Max: 1, Diff: 0, Sum: 8]
      [GC Worker Other (ms): Min: 0.0, Avg: 0.0, Max: 0.0, Diff: 0.0, Sum: 0.1]
      [GC Worker Total (ms): Min: 11.4, Avg: 11.4, Max: 11.5, Diff: 0.1, Sum: 91.5]
      [GC Worker End (ms): Min: 7545.8, Avg: 7545.8, Max: 7545.8, Diff: 0.0]
   [Code Root Fixup: 0.0 ms]
   [Code Root Purge: 0.0 ms]
   [Clear CT: 0.4 ms]
   [Other: 1.2 ms]
      [Choose CSet: 0.0 ms]
      [Ref Proc: 0.3 ms]
      [Ref Enq: 0.0 ms]
      [Redirty Cards: 0.3 ms]
      [Humongous Register: 0.2 ms]
      [Humongous Reclaim: 0.1 ms]
      [Free CSet: 0.1 ms]
   [Eden: 89.0M(89.0M)->0.0B(119.0M) Survivors: 13.0M->13.0M Heap: 891.0M(2048.0M)->810.0M(2048.0M)]
 [Times: user=0.00 sys=0.00, real=0.01 secs] 
2021-01-21T16:14:25.658+0800: 7.579: [GC pause (G1 Evacuation Pause) (young), 0.0151323 secs]
   [Parallel Time: 13.7 ms, GC Workers: 8]
      [GC Worker Start (ms): Min: 7579.3, Avg: 7579.3, Max: 7579.4, Diff: 0.1]
      [Ext Root Scanning (ms): Min: 0.1, Avg: 0.1, Max: 0.2, Diff: 0.1, Sum: 1.1]
      [Update RS (ms): Min: 3.7, Avg: 3.7, Max: 3.8, Diff: 0.1, Sum: 29.7]
         [Processed Buffers: Min: 25, Avg: 34.3, Max: 37, Diff: 12, Sum: 274]
      [Scan RS (ms): Min: 0.0, Avg: 0.0, Max: 0.0, Diff: 0.0, Sum: 0.1]
      [Code Root Scanning (ms): Min: 0.0, Avg: 0.0, Max: 0.0, Diff: 0.0, Sum: 0.0]
      [Object Copy (ms): Min: 9.4, Avg: 9.5, Max: 9.5, Diff: 0.2, Sum: 75.7]
      [Termination (ms): Min: 0.0, Avg: 0.1, Max: 0.1, Diff: 0.1, Sum: 0.6]
         [Termination Attempts: Min: 1, Avg: 1.0, Max: 1, Diff: 0, Sum: 8]
      [GC Worker Other (ms): Min: 0.0, Avg: 0.0, Max: 0.0, Diff: 0.0, Sum: 0.2]
      [GC Worker Total (ms): Min: 13.4, Avg: 13.4, Max: 13.5, Diff: 0.1, Sum: 107.5]
      [GC Worker End (ms): Min: 7592.8, Avg: 7592.8, Max: 7592.8, Diff: 0.0]
   [Code Root Fixup: 0.0 ms]
   [Code Root Purge: 0.0 ms]
   [Clear CT: 0.2 ms]
   [Other: 1.2 ms]
      [Choose CSet: 0.0 ms]
      [Ref Proc: 0.3 ms]
      [Ref Enq: 0.0 ms]
      [Redirty Cards: 0.3 ms]
      [Humongous Register: 0.2 ms]
      [Humongous Reclaim: 0.1 ms]
      [Free CSet: 0.2 ms]
   [Eden: 119.0M(119.0M)->0.0B(157.0M) Survivors: 13.0M->17.0M Heap: 962.0M(2048.0M)->844.2M(2048.0M)]
 [Times: user=0.03 sys=0.00, real=0.02 secs] 
2021-01-21T16:14:25.691+0800: 7.612: [GC pause (G1 Humongous Allocation) (young) (initial-mark), 0.0117674 secs]
   [Parallel Time: 10.3 ms, GC Workers: 8]
      [GC Worker Start (ms): Min: 7612.5, Avg: 7612.6, Max: 7612.6, Diff: 0.1]
      [Ext Root Scanning (ms): Min: 0.1, Avg: 0.2, Max: 0.2, Diff: 0.1, Sum: 1.2]
      [Update RS (ms): Min: 2.0, Avg: 2.0, Max: 2.0, Diff: 0.1, Sum: 15.9]
         [Processed Buffers: Min: 18, Avg: 19.1, Max: 20, Diff: 2, Sum: 153]
      [Scan RS (ms): Min: 0.0, Avg: 0.0, Max: 0.0, Diff: 0.0, Sum: 0.1]
      [Code Root Scanning (ms): Min: 0.0, Avg: 0.0, Max: 0.0, Diff: 0.0, Sum: 0.0]
      [Object Copy (ms): Min: 7.8, Avg: 7.9, Max: 8.0, Diff: 0.2, Sum: 63.1]
      [Termination (ms): Min: 0.0, Avg: 0.1, Max: 0.2, Diff: 0.2, Sum: 0.9]
         [Termination Attempts: Min: 1, Avg: 1.0, Max: 1, Diff: 0, Sum: 8]
      [GC Worker Other (ms): Min: 0.0, Avg: 0.0, Max: 0.0, Diff: 0.0, Sum: 0.1]
      [GC Worker Total (ms): Min: 10.1, Avg: 10.2, Max: 10.2, Diff: 0.1, Sum: 81.4]
      [GC Worker End (ms): Min: 7622.7, Avg: 7622.7, Max: 7622.7, Diff: 0.0]
   [Code Root Fixup: 0.0 ms]
   [Code Root Purge: 0.0 ms]
   [Clear CT: 0.2 ms]
   [Other: 1.3 ms]
      [Choose CSet: 0.0 ms]
      [Ref Proc: 0.2 ms]
      [Ref Enq: 0.0 ms]
      [Redirty Cards: 0.3 ms]
      [Humongous Register: 0.2 ms]
      [Humongous Reclaim: 0.1 ms]
      [Free CSet: 0.1 ms]
   [Eden: 68.0M(157.0M)->0.0B(186.0M) Survivors: 17.0M->22.0M Heap: 929.7M(2048.0M)->866.0M(2048.0M)]
 [Times: user=0.00 sys=0.00, real=0.01 secs] 
2021-01-21T16:14:25.703+0800: 7.624: [GC concurrent-root-region-scan-start]
2021-01-21T16:14:25.704+0800: 7.624: [GC concurrent-root-region-scan-end, 0.0002290 secs]
2021-01-21T16:14:25.704+0800: 7.624: [GC concurrent-mark-start]
2021-01-21T16:14:25.707+0800: 7.628: [GC concurrent-mark-end, 0.0033316 secs]
2021-01-21T16:14:25.707+0800: 7.628: [GC remark 2021-01-21T16:14:25.707+0800: 7.628: [Finalize Marking, 0.0002176 secs] 2021-01-21T16:14:25.708+0800: 7.628: [GC ref-proc, 0.0001772 secs] 2021-01-21T16:14:25.708+0800: 7.628: [Unloading, 0.0008282 secs], 0.0027553 secs]
 [Times: user=0.00 sys=0.00, real=0.00 secs] 
2021-01-21T16:14:25.710+0800: 7.631: [GC cleanup 881M->743M(2048M), 0.0016617 secs]
 [Times: user=0.00 sys=0.00, real=0.00 secs] 
2021-01-21T16:14:25.712+0800: 7.633: [GC concurrent-cleanup-start]
2021-01-21T16:14:25.712+0800: 7.633: [GC concurrent-cleanup-end, 0.0001268 secs]
2021-01-21T16:14:25.760+0800: 7.681: [GC pause (G1 Evacuation Pause) (young), 0.0230496 secs]
   [Parallel Time: 21.4 ms, GC Workers: 8]
      [GC Worker Start (ms): Min: 7681.2, Avg: 7681.2, Max: 7681.3, Diff: 0.1]
      [Ext Root Scanning (ms): Min: 0.1, Avg: 0.1, Max: 0.2, Diff: 0.1, Sum: 1.2]
      [Update RS (ms): Min: 6.3, Avg: 6.3, Max: 6.3, Diff: 0.1, Sum: 50.5]
         [Processed Buffers: Min: 59, Avg: 60.5, Max: 62, Diff: 3, Sum: 484]
      [Scan RS (ms): Min: 0.0, Avg: 0.0, Max: 0.1, Diff: 0.1, Sum: 0.2]
      [Code Root Scanning (ms): Min: 0.0, Avg: 0.0, Max: 0.0, Diff: 0.0, Sum: 0.0]
      [Object Copy (ms): Min: 14.5, Avg: 14.6, Max: 14.7, Diff: 0.2, Sum: 117.1]
      [Termination (ms): Min: 0.0, Avg: 0.1, Max: 0.2, Diff: 0.2, Sum: 0.8]
         [Termination Attempts: Min: 1, Avg: 1.0, Max: 1, Diff: 0, Sum: 8]
      [GC Worker Other (ms): Min: 0.0, Avg: 0.0, Max: 0.0, Diff: 0.0, Sum: 0.2]
      [GC Worker Total (ms): Min: 21.2, Avg: 21.2, Max: 21.3, Diff: 0.1, Sum: 169.9]
      [GC Worker End (ms): Min: 7702.4, Avg: 7702.5, Max: 7702.5, Diff: 0.0]
   [Code Root Fixup: 0.0 ms]
   [Code Root Purge: 0.0 ms]
   [Clear CT: 0.4 ms]
   [Other: 1.3 ms]
      [Choose CSet: 0.0 ms]
      [Ref Proc: 0.2 ms]
      [Ref Enq: 0.0 ms]
      [Redirty Cards: 0.3 ms]
      [Humongous Register: 0.2 ms]
      [Humongous Reclaim: 0.2 ms]
      [Free CSet: 0.2 ms]
   [Eden: 186.0M(186.0M)->0.0B(76.0M) Survivors: 22.0M->26.0M Heap: 973.4M(2048.0M)->780.0M(2048.0M)]
 [Times: user=0.25 sys=0.00, real=0.02 secs] 
2021-01-21T16:14:25.804+0800: 7.724: [GC pause (G1 Evacuation Pause) (mixed), 0.0178930 secs]
   [Parallel Time: 16.4 ms, GC Workers: 8]
      [GC Worker Start (ms): Min: 7724.3, Avg: 7724.3, Max: 7724.4, Diff: 0.1]
      [Ext Root Scanning (ms): Min: 0.1, Avg: 0.2, Max: 0.2, Diff: 0.1, Sum: 1.2]
      [Update RS (ms): Min: 2.4, Avg: 2.4, Max: 2.4, Diff: 0.1, Sum: 19.2]
         [Processed Buffers: Min: 22, Avg: 23.3, Max: 24, Diff: 2, Sum: 186]
      [Scan RS (ms): Min: 0.1, Avg: 0.1, Max: 0.2, Diff: 0.1, Sum: 0.9]
      [Code Root Scanning (ms): Min: 0.0, Avg: 0.0, Max: 0.0, Diff: 0.0, Sum: 0.0]
      [Object Copy (ms): Min: 13.5, Avg: 13.5, Max: 13.5, Diff: 0.1, Sum: 108.0]
      [Termination (ms): Min: 0.0, Avg: 0.1, Max: 0.1, Diff: 0.1, Sum: 0.6]
         [Termination Attempts: Min: 1, Avg: 1.0, Max: 1, Diff: 0, Sum: 8]
      [GC Worker Other (ms): Min: 0.0, Avg: 0.0, Max: 0.0, Diff: 0.0, Sum: 0.1]
      [GC Worker Total (ms): Min: 16.2, Avg: 16.2, Max: 16.3, Diff: 0.1, Sum: 130.0]
      [GC Worker End (ms): Min: 7740.6, Avg: 7740.6, Max: 7740.6, Diff: 0.0]
   [Code Root Fixup: 0.0 ms]
   [Code Root Purge: 0.0 ms]
   [Clear CT: 0.2 ms]
   [Other: 1.3 ms]
      [Choose CSet: 0.1 ms]
      [Ref Proc: 0.1 ms]
      [Ref Enq: 0.0 ms]
      [Redirty Cards: 0.3 ms]
      [Humongous Register: 0.2 ms]
      [Humongous Reclaim: 0.1 ms]
      [Free CSet: 0.3 ms]
   [Eden: 76.0M(76.0M)->0.0B(89.0M) Survivors: 26.0M->13.0M Heap: 878.0M(2048.0M)->613.7M(2048.0M)]
 [Times: user=0.13 sys=0.00, real=0.02 secs] 
2021-01-21T16:14:25.846+0800: 7.766: [GC pause (G1 Evacuation Pause) (mixed), 0.0164810 secs]
   [Parallel Time: 14.9 ms, GC Workers: 8]
      [GC Worker Start (ms): Min: 7766.2, Avg: 7766.2, Max: 7766.3, Diff: 0.1]
      [Ext Root Scanning (ms): Min: 0.1, Avg: 0.2, Max: 0.2, Diff: 0.1, Sum: 1.3]
      [Update RS (ms): Min: 2.6, Avg: 2.6, Max: 2.7, Diff: 0.1, Sum: 21.2]
         [Processed Buffers: Min: 25, Avg: 26.0, Max: 27, Diff: 2, Sum: 208]
      [Scan RS (ms): Min: 0.0, Avg: 0.1, Max: 0.1, Diff: 0.1, Sum: 0.5]
      [Code Root Scanning (ms): Min: 0.0, Avg: 0.0, Max: 0.1, Diff: 0.1, Sum: 0.1]
      [Object Copy (ms): Min: 11.5, Avg: 11.7, Max: 11.8, Diff: 0.3, Sum: 93.5]
      [Termination (ms): Min: 0.0, Avg: 0.1, Max: 0.1, Diff: 0.1, Sum: 0.6]
         [Termination Attempts: Min: 1, Avg: 1.0, Max: 1, Diff: 0, Sum: 8]
      [GC Worker Other (ms): Min: 0.0, Avg: 0.0, Max: 0.0, Diff: 0.0, Sum: 0.1]
      [GC Worker Total (ms): Min: 14.6, Avg: 14.7, Max: 14.7, Diff: 0.1, Sum: 117.3]
      [GC Worker End (ms): Min: 7780.9, Avg: 7780.9, Max: 7780.9, Diff: 0.0]
   [Code Root Fixup: 0.0 ms]
   [Code Root Purge: 0.0 ms]
   [Clear CT: 0.2 ms]
   [Other: 1.4 ms]
      [Choose CSet: 0.0 ms]
      [Ref Proc: 0.3 ms]
      [Ref Enq: 0.0 ms]
      [Redirty Cards: 0.4 ms]
      [Humongous Register: 0.2 ms]
      [Humongous Reclaim: 0.1 ms]
      [Free CSet: 0.2 ms]
   [Eden: 89.0M(89.0M)->0.0B(494.0M) Survivors: 13.0M->13.0M Heap: 727.5M(2048.0M)->573.7M(2048.0M)]
 [Times: user=0.11 sys=0.00, real=0.02 secs] 
2021-01-21T16:14:25.988+0800: 7.908: [GC pause (G1 Evacuation Pause) (young), 0.0409512 secs]
   [Parallel Time: 39.2 ms, GC Workers: 8]
      [GC Worker Start (ms): Min: 7908.4, Avg: 7908.4, Max: 7908.5, Diff: 0.1]
      [Ext Root Scanning (ms): Min: 0.1, Avg: 0.1, Max: 0.2, Diff: 0.1, Sum: 1.2]
      [Update RS (ms): Min: 14.7, Avg: 14.8, Max: 14.8, Diff: 0.1, Sum: 118.2]
         [Processed Buffers: Min: 138, Avg: 140.8, Max: 144, Diff: 6, Sum: 1126]
      [Scan RS (ms): Min: 0.0, Avg: 0.1, Max: 0.1, Diff: 0.1, Sum: 0.5]
      [Code Root Scanning (ms): Min: 0.0, Avg: 0.0, Max: 0.0, Diff: 0.0, Sum: 0.0]
      [Object Copy (ms): Min: 23.8, Avg: 23.9, Max: 24.0, Diff: 0.2, Sum: 191.4]
      [Termination (ms): Min: 0.0, Avg: 0.1, Max: 0.2, Diff: 0.2, Sum: 0.7]
         [Termination Attempts: Min: 1, Avg: 1.0, Max: 1, Diff: 0, Sum: 8]
      [GC Worker Other (ms): Min: 0.0, Avg: 0.0, Max: 0.1, Diff: 0.0, Sum: 0.3]
      [GC Worker Total (ms): Min: 39.0, Avg: 39.0, Max: 39.1, Diff: 0.1, Sum: 312.3]
      [GC Worker End (ms): Min: 7947.5, Avg: 7947.5, Max: 7947.5, Diff: 0.0]
   [Code Root Fixup: 0.0 ms]
   [Code Root Purge: 0.0 ms]
   [Clear CT: 0.4 ms]
   [Other: 1.4 ms]
      [Choose CSet: 0.0 ms]
      [Ref Proc: 0.2 ms]
      [Ref Enq: 0.0 ms]
      [Redirty Cards: 0.2 ms]
      [Humongous Register: 0.1 ms]
      [Humongous Reclaim: 0.3 ms]
      [Free CSet: 0.3 ms]
   [Eden: 494.0M(494.0M)->0.0B(372.0M) Survivors: 13.0M->64.0M Heap: 1207.3M(2048.0M)->677.5M(2048.0M)]
 [Times: user=0.24 sys=0.00, real=0.04 secs] 
2021-01-21T16:14:26.124+0800: 8.045: [GC pause (G1 Evacuation Pause) (young), 0.0413814 secs]
   [Parallel Time: 39.4 ms, GC Workers: 8]
      [GC Worker Start (ms): Min: 8044.8, Avg: 8044.9, Max: 8044.9, Diff: 0.1]
      [Ext Root Scanning (ms): Min: 0.1, Avg: 0.1, Max: 0.2, Diff: 0.1, Sum: 1.1]
      [Update RS (ms): Min: 10.6, Avg: 10.6, Max: 10.6, Diff: 0.1, Sum: 84.7]
         [Processed Buffers: Min: 99, Avg: 101.4, Max: 104, Diff: 5, Sum: 811]
      [Scan RS (ms): Min: 0.0, Avg: 0.1, Max: 0.1, Diff: 0.1, Sum: 0.5]
      [Code Root Scanning (ms): Min: 0.0, Avg: 0.0, Max: 0.0, Diff: 0.0, Sum: 0.0]
      [Object Copy (ms): Min: 28.3, Avg: 28.3, Max: 28.4, Diff: 0.1, Sum: 226.6]
      [Termination (ms): Min: 0.0, Avg: 0.1, Max: 0.1, Diff: 0.1, Sum: 0.5]
         [Termination Attempts: Min: 1, Avg: 1.1, Max: 2, Diff: 1, Sum: 9]
      [GC Worker Other (ms): Min: 0.0, Avg: 0.0, Max: 0.1, Diff: 0.1, Sum: 0.3]
      [GC Worker Total (ms): Min: 39.1, Avg: 39.2, Max: 39.3, Diff: 0.2, Sum: 313.7]
      [GC Worker End (ms): Min: 8084.1, Avg: 8084.1, Max: 8084.1, Diff: 0.1]
   [Code Root Fixup: 0.0 ms]
   [Code Root Purge: 0.0 ms]
   [Clear CT: 0.4 ms]
   [Other: 1.6 ms]
      [Choose CSet: 0.0 ms]
      [Ref Proc: 0.2 ms]
      [Ref Enq: 0.0 ms]
      [Redirty Cards: 0.4 ms]
      [Humongous Register: 0.2 ms]
      [Humongous Reclaim: 0.3 ms]
      [Free CSet: 0.3 ms]
   [Eden: 372.0M(372.0M)->0.0B(425.0M) Survivors: 64.0M->55.0M Heap: 1149.7M(2048.0M)->751.8M(2048.0M)]
 [Times: user=0.33 sys=0.00, real=0.04 secs] 
2021-01-21T16:14:26.268+0800: 8.189: [GC pause (G1 Humongous Allocation) (young) (initial-mark), 0.0416366 secs]
   [Parallel Time: 39.8 ms, GC Workers: 8]
      [GC Worker Start (ms): Min: 8188.9, Avg: 8189.0, Max: 8189.1, Diff: 0.1]
      [Ext Root Scanning (ms): Min: 0.1, Avg: 0.1, Max: 0.2, Diff: 0.1, Sum: 1.2]
      [Update RS (ms): Min: 11.3, Avg: 11.4, Max: 11.4, Diff: 0.1, Sum: 91.0]
         [Processed Buffers: Min: 105, Avg: 108.8, Max: 111, Diff: 6, Sum: 870]
      [Scan RS (ms): Min: 0.0, Avg: 0.1, Max: 0.1, Diff: 0.1, Sum: 0.5]
      [Code Root Scanning (ms): Min: 0.0, Avg: 0.0, Max: 0.0, Diff: 0.0, Sum: 0.0]
      [Object Copy (ms): Min: 27.8, Avg: 27.8, Max: 27.9, Diff: 0.2, Sum: 222.6]
      [Termination (ms): Min: 0.0, Avg: 0.1, Max: 0.2, Diff: 0.2, Sum: 0.8]
         [Termination Attempts: Min: 1, Avg: 1.0, Max: 1, Diff: 0, Sum: 8]
      [GC Worker Other (ms): Min: 0.0, Avg: 0.0, Max: 0.0, Diff: 0.0, Sum: 0.2]
      [GC Worker Total (ms): Min: 39.5, Avg: 39.5, Max: 39.6, Diff: 0.1, Sum: 316.4]
      [GC Worker End (ms): Min: 8228.5, Avg: 8228.6, Max: 8228.6, Diff: 0.0]
   [Code Root Fixup: 0.0 ms]
   [Code Root Purge: 0.0 ms]
   [Clear CT: 0.3 ms]
   [Other: 1.6 ms]
      [Choose CSet: 0.0 ms]
      [Ref Proc: 0.2 ms]
      [Ref Enq: 0.0 ms]
      [Redirty Cards: 0.3 ms]
      [Humongous Register: 0.2 ms]
      [Humongous Reclaim: 0.3 ms]
      [Free CSet: 0.3 ms]
   [Eden: 399.0M(425.0M)->0.0B(432.0M) Survivors: 55.0M->60.0M Heap: 1257.6M(2048.0M)->848.0M(2048.0M)]
 [Times: user=0.25 sys=0.00, real=0.04 secs] 
2021-01-21T16:14:26.310+0800: 8.230: [GC concurrent-root-region-scan-start]
2021-01-21T16:14:26.310+0800: 8.231: [GC concurrent-root-region-scan-end, 0.0001786 secs]
2021-01-21T16:14:26.310+0800: 8.231: [GC concurrent-mark-start]
2021-01-21T16:14:26.314+0800: 8.234: [GC concurrent-mark-end, 0.0033617 secs]
2021-01-21T16:14:26.314+0800: 8.234: [GC remark 2021-01-21T16:14:26.314+0800: 8.234: [Finalize Marking, 0.0001897 secs] 2021-01-21T16:14:26.314+0800: 8.234: [GC ref-proc, 0.0001785 secs] 2021-01-21T16:14:26.314+0800: 8.235: [Unloading, 0.0007426 secs], 0.0024294 secs]
 [Times: user=0.00 sys=0.00, real=0.00 secs] 
2021-01-21T16:14:26.317+0800: 8.237: [GC cleanup 864M->697M(2048M), 0.0014059 secs]
 [Times: user=0.00 sys=0.00, real=0.00 secs] 
2021-01-21T16:14:26.318+0800: 8.238: [GC concurrent-cleanup-start]
2021-01-21T16:14:26.318+0800: 8.238: [GC concurrent-cleanup-end, 0.0001791 secs]
2021-01-21T16:14:26.431+0800: 8.351: [GC pause (G1 Evacuation Pause) (young), 0.0449566 secs]
   [Parallel Time: 43.2 ms, GC Workers: 8]
      [GC Worker Start (ms): Min: 8351.6, Avg: 8351.7, Max: 8351.7, Diff: 0.1]
      [Ext Root Scanning (ms): Min: 0.1, Avg: 0.1, Max: 0.2, Diff: 0.1, Sum: 1.1]
      [Update RS (ms): Min: 13.3, Avg: 13.3, Max: 13.4, Diff: 0.1, Sum: 106.8]
         [Processed Buffers: Min: 124, Avg: 127.3, Max: 131, Diff: 7, Sum: 1018]
      [Scan RS (ms): Min: 0.0, Avg: 0.1, Max: 0.1, Diff: 0.1, Sum: 0.6]
      [Code Root Scanning (ms): Min: 0.0, Avg: 0.0, Max: 0.0, Diff: 0.0, Sum: 0.0]
      [Object Copy (ms): Min: 29.2, Avg: 29.3, Max: 29.4, Diff: 0.3, Sum: 234.5]
      [Termination (ms): Min: 0.0, Avg: 0.1, Max: 0.2, Diff: 0.2, Sum: 0.8]
         [Termination Attempts: Min: 1, Avg: 1.0, Max: 1, Diff: 0, Sum: 8]
      [GC Worker Other (ms): Min: 0.0, Avg: 0.0, Max: 0.1, Diff: 0.0, Sum: 0.3]
      [GC Worker Total (ms): Min: 42.9, Avg: 43.0, Max: 43.1, Diff: 0.1, Sum: 344.0]
      [GC Worker End (ms): Min: 8394.6, Avg: 8394.6, Max: 8394.7, Diff: 0.0]
   [Code Root Fixup: 0.0 ms]
   [Code Root Purge: 0.0 ms]
   [Clear CT: 0.3 ms]
   [Other: 1.4 ms]
      [Choose CSet: 0.0 ms]
      [Ref Proc: 0.2 ms]
      [Ref Enq: 0.0 ms]
      [Redirty Cards: 0.2 ms]
      [Humongous Register: 0.2 ms]
      [Humongous Reclaim: 0.3 ms]
      [Free CSet: 0.3 ms]
   [Eden: 432.0M(432.0M)->0.0B(40.0M) Survivors: 60.0M->62.0M Heap: 1239.0M(2048.0M)->776.5M(2048.0M)]
 [Times: user=0.38 sys=0.00, real=0.05 secs] 
2021-01-21T16:14:26.487+0800: 8.407: [GC pause (G1 Evacuation Pause) (mixed), 0.0218370 secs]
   [Parallel Time: 20.3 ms, GC Workers: 8]
      [GC Worker Start (ms): Min: 8407.5, Avg: 8407.5, Max: 8407.6, Diff: 0.1]
      [Ext Root Scanning (ms): Min: 0.1, Avg: 0.2, Max: 0.2, Diff: 0.1, Sum: 1.2]
      [Update RS (ms): Min: 1.7, Avg: 1.7, Max: 1.7, Diff: 0.1, Sum: 13.7]
         [Processed Buffers: Min: 16, Avg: 16.5, Max: 17, Diff: 1, Sum: 132]
      [Scan RS (ms): Min: 0.1, Avg: 0.1, Max: 0.1, Diff: 0.1, Sum: 0.9]
      [Code Root Scanning (ms): Min: 0.0, Avg: 0.0, Max: 0.0, Diff: 0.0, Sum: 0.0]
      [Object Copy (ms): Min: 18.0, Avg: 18.1, Max: 18.2, Diff: 0.2, Sum: 144.6]
      [Termination (ms): Min: 0.0, Avg: 0.1, Max: 0.2, Diff: 0.2, Sum: 0.8]
         [Termination Attempts: Min: 1, Avg: 1.1, Max: 2, Diff: 1, Sum: 9]
      [GC Worker Other (ms): Min: 0.0, Avg: 0.0, Max: 0.0, Diff: 0.0, Sum: 0.1]
      [GC Worker Total (ms): Min: 20.1, Avg: 20.2, Max: 20.2, Diff: 0.1, Sum: 161.4]
      [GC Worker End (ms): Min: 8427.7, Avg: 8427.7, Max: 8427.7, Diff: 0.0]
   [Code Root Fixup: 0.0 ms]
   [Code Root Purge: 0.0 ms]
   [Clear CT: 0.2 ms]
   [Other: 1.2 ms]
      [Choose CSet: 0.1 ms]
      [Ref Proc: 0.2 ms]
      [Ref Enq: 0.0 ms]
      [Redirty Cards: 0.2 ms]
      [Humongous Register: 0.2 ms]
      [Humongous Reclaim: 0.1 ms]
      [Free CSet: 0.3 ms]
   [Eden: 40.0M(40.0M)->0.0B(89.0M) Survivors: 62.0M->13.0M Heap: 831.9M(2048.0M)->602.0M(2048.0M)]
 [Times: user=0.13 sys=0.00, real=0.02 secs] 
2021-01-21T16:14:26.532+0800: 8.452: [GC pause (G1 Evacuation Pause) (mixed), 0.0131590 secs]
   [Parallel Time: 11.6 ms, GC Workers: 8]
      [GC Worker Start (ms): Min: 8452.6, Avg: 8452.7, Max: 8452.7, Diff: 0.1]
      [Ext Root Scanning (ms): Min: 0.1, Avg: 0.1, Max: 0.2, Diff: 0.1, Sum: 1.2]
      [Update RS (ms): Min: 2.0, Avg: 2.0, Max: 2.1, Diff: 0.1, Sum: 16.1]
         [Processed Buffers: Min: 17, Avg: 18.6, Max: 20, Diff: 3, Sum: 149]
      [Scan RS (ms): Min: 0.0, Avg: 0.0, Max: 0.1, Diff: 0.1, Sum: 0.2]
      [Code Root Scanning (ms): Min: 0.0, Avg: 0.0, Max: 0.0, Diff: 0.0, Sum: 0.0]
      [Object Copy (ms): Min: 9.2, Avg: 9.2, Max: 9.3, Diff: 0.1, Sum: 73.7]
      [Termination (ms): Min: 0.0, Avg: 0.1, Max: 0.1, Diff: 0.1, Sum: 0.6]
         [Termination Attempts: Min: 1, Avg: 1.1, Max: 2, Diff: 1, Sum: 9]
      [GC Worker Other (ms): Min: 0.0, Avg: 0.0, Max: 0.0, Diff: 0.0, Sum: 0.1]
      [GC Worker Total (ms): Min: 11.4, Avg: 11.5, Max: 11.6, Diff: 0.1, Sum: 92.0]
      [GC Worker End (ms): Min: 8464.2, Avg: 8464.2, Max: 8464.2, Diff: 0.0]
   [Code Root Fixup: 0.0 ms]
   [Code Root Purge: 0.0 ms]
   [Clear CT: 0.3 ms]
   [Other: 1.2 ms]
      [Choose CSet: 0.0 ms]
      [Ref Proc: 0.3 ms]
      [Ref Enq: 0.0 ms]
      [Redirty Cards: 0.4 ms]
      [Humongous Register: 0.2 ms]
      [Humongous Reclaim: 0.1 ms]
      [Free CSet: 0.1 ms]
   [Eden: 89.0M(89.0M)->0.0B(936.0M) Survivors: 13.0M->13.0M Heap: 708.4M(2048.0M)->608.9M(2048.0M)]
 [Times: user=0.00 sys=0.00, real=0.01 secs] 
2021-01-21T16:14:26.714+0800: 8.634: [GC pause (G1 Humongous Allocation) (young) (initial-mark), 0.0508507 secs]
   [Parallel Time: 48.8 ms, GC Workers: 8]
      [GC Worker Start (ms): Min: 8634.6, Avg: 8634.6, Max: 8634.7, Diff: 0.1]
      [Ext Root Scanning (ms): Min: 0.1, Avg: 0.2, Max: 0.2, Diff: 0.1, Sum: 1.3]
      [Update RS (ms): Min: 17.7, Avg: 17.8, Max: 17.8, Diff: 0.1, Sum: 142.1]
         [Processed Buffers: Min: 167, Avg: 169.8, Max: 172, Diff: 5, Sum: 1358]
      [Scan RS (ms): Min: 0.1, Avg: 0.1, Max: 0.1, Diff: 0.1, Sum: 0.9]
      [Code Root Scanning (ms): Min: 0.0, Avg: 0.0, Max: 0.0, Diff: 0.0, Sum: 0.0]
      [Object Copy (ms): Min: 30.4, Avg: 30.4, Max: 30.5, Diff: 0.1, Sum: 243.4]
      [Termination (ms): Min: 0.0, Avg: 0.1, Max: 0.1, Diff: 0.1, Sum: 0.6]
         [Termination Attempts: Min: 1, Avg: 1.0, Max: 1, Diff: 0, Sum: 8]
      [GC Worker Other (ms): Min: 0.0, Avg: 0.0, Max: 0.1, Diff: 0.0, Sum: 0.2]
      [GC Worker Total (ms): Min: 48.5, Avg: 48.6, Max: 48.6, Diff: 0.1, Sum: 388.5]
      [GC Worker End (ms): Min: 8683.2, Avg: 8683.2, Max: 8683.2, Diff: 0.0]
   [Code Root Fixup: 0.0 ms]
   [Code Root Purge: 0.0 ms]
   [Clear CT: 0.3 ms]
   [Other: 1.7 ms]
      [Choose CSet: 0.0 ms]
      [Ref Proc: 0.2 ms]
      [Ref Enq: 0.0 ms]
      [Redirty Cards: 0.2 ms]
      [Humongous Register: 0.2 ms]
      [Humongous Reclaim: 0.4 ms]
      [Free CSet: 0.4 ms]
   [Eden: 658.0M(936.0M)->0.0B(811.0M) Survivors: 13.0M->119.0M Heap: 1434.8M(2048.0M)->746.3M(2048.0M)]
 [Times: user=0.36 sys=0.00, real=0.05 secs] 
2021-01-21T16:14:26.764+0800: 8.685: [GC concurrent-root-region-scan-start]
2021-01-21T16:14:26.765+0800: 8.685: [GC concurrent-root-region-scan-end, 0.0002662 secs]
2021-01-21T16:14:26.765+0800: 8.685: [GC concurrent-mark-start]
2021-01-21T16:14:26.768+0800: 8.689: [GC concurrent-mark-end, 0.0030146 secs]
2021-01-21T16:14:26.768+0800: 8.689: [GC remark 2021-01-21T16:14:26.768+0800: 8.689: [Finalize Marking, 0.0003225 secs] 2021-01-21T16:14:26.768+0800: 8.689: [GC ref-proc, 0.0001758 secs] 2021-01-21T16:14:26.768+0800: 8.689: [Unloading, 0.0005367 secs], 0.0021219 secs]
 [Times: user=0.00 sys=0.00, real=0.00 secs] 
2021-01-21T16:14:26.770+0800: 8.691: [GC cleanup 761M->640M(2048M), 0.0014299 secs]
 [Times: user=0.00 sys=0.00, real=0.00 secs] 
2021-01-21T16:14:26.773+0800: 8.692: [GC concurrent-cleanup-start]
2021-01-21T16:14:26.773+0800: 8.693: [GC concurrent-cleanup-end, 0.0001265 secs]
2021-01-21T16:14:26.976+0800: 8.896: [GC pause (G1 Evacuation Pause) (young), 0.0684134 secs]
   [Parallel Time: 66.4 ms, GC Workers: 8]
      [GC Worker Start (ms): Min: 8896.7, Avg: 8896.8, Max: 8896.8, Diff: 0.1]
      [Ext Root Scanning (ms): Min: 0.1, Avg: 0.1, Max: 0.2, Diff: 0.1, Sum: 1.1]
      [Update RS (ms): Min: 22.0, Avg: 22.1, Max: 22.1, Diff: 0.1, Sum: 176.7]
         [Processed Buffers: Min: 207, Avg: 211.3, Max: 215, Diff: 8, Sum: 1690]
      [Scan RS (ms): Min: 0.1, Avg: 0.2, Max: 0.2, Diff: 0.1, Sum: 1.3]
      [Code Root Scanning (ms): Min: 0.0, Avg: 0.0, Max: 0.0, Diff: 0.0, Sum: 0.0]
      [Object Copy (ms): Min: 43.6, Avg: 43.7, Max: 43.8, Diff: 0.2, Sum: 349.8]
      [Termination (ms): Min: 0.0, Avg: 0.1, Max: 0.2, Diff: 0.2, Sum: 0.9]
         [Termination Attempts: Min: 1, Avg: 1.0, Max: 1, Diff: 0, Sum: 8]
      [GC Worker Other (ms): Min: 0.0, Avg: 0.0, Max: 0.1, Diff: 0.0, Sum: 0.3]
      [GC Worker Total (ms): Min: 66.2, Avg: 66.3, Max: 66.4, Diff: 0.1, Sum: 530.2]
      [GC Worker End (ms): Min: 8963.0, Avg: 8963.0, Max: 8963.1, Diff: 0.0]
   [Code Root Fixup: 0.0 ms]
   [Code Root Purge: 0.0 ms]
   [Clear CT: 0.4 ms]
   [Other: 1.6 ms]
      [Choose CSet: 0.0 ms]
      [Ref Proc: 0.1 ms]
      [Ref Enq: 0.0 ms]
      [Redirty Cards: 0.1 ms]
      [Humongous Register: 0.2 ms]
      [Humongous Reclaim: 0.4 ms]
      [Free CSet: 0.5 ms]
   [Eden: 811.0M(811.0M)->0.0B(4096.0K) Survivors: 119.0M->117.0M Heap: 1646.3M(2048.0M)->717.1M(2048.0M)]
 [Times: user=0.50 sys=0.00, real=0.07 secs] 
2021-01-21T16:14:27.045+0800: 8.966: [GC pause (G1 Evacuation Pause) (mixed), 0.0267511 secs]
   [Parallel Time: 25.7 ms, GC Workers: 8]
      [GC Worker Start (ms): Min: 8966.0, Avg: 8966.0, Max: 8966.1, Diff: 0.1]
      [Ext Root Scanning (ms): Min: 0.1, Avg: 0.2, Max: 0.2, Diff: 0.1, Sum: 1.2]
      [Update RS (ms): Min: 0.2, Avg: 0.2, Max: 0.2, Diff: 0.1, Sum: 1.6]
         [Processed Buffers: Min: 1, Avg: 1.9, Max: 3, Diff: 2, Sum: 15]
      [Scan RS (ms): Min: 0.0, Avg: 0.1, Max: 0.1, Diff: 0.1, Sum: 0.4]
      [Code Root Scanning (ms): Min: 0.0, Avg: 0.0, Max: 0.0, Diff: 0.0, Sum: 0.0]
      [Object Copy (ms): Min: 25.1, Avg: 25.1, Max: 25.1, Diff: 0.0, Sum: 201.1]
      [Termination (ms): Min: 0.0, Avg: 0.0, Max: 0.0, Diff: 0.0, Sum: 0.1]
         [Termination Attempts: Min: 1, Avg: 3.5, Max: 9, Diff: 8, Sum: 28]
      [GC Worker Other (ms): Min: 0.0, Avg: 0.0, Max: 0.1, Diff: 0.0, Sum: 0.2]
      [GC Worker Total (ms): Min: 25.5, Avg: 25.6, Max: 25.6, Diff: 0.1, Sum: 204.7]
      [GC Worker End (ms): Min: 8991.6, Avg: 8991.6, Max: 8991.7, Diff: 0.0]
   [Code Root Fixup: 0.0 ms]
   [Code Root Purge: 0.0 ms]
   [Clear CT: 0.1 ms]
   [Other: 0.9 ms]
      [Choose CSet: 0.0 ms]
      [Ref Proc: 0.2 ms]
      [Ref Enq: 0.0 ms]
      [Redirty Cards: 0.1 ms]
      [Humongous Register: 0.1 ms]
      [Humongous Reclaim: 0.0 ms]
      [Free CSet: 0.2 ms]
   [Eden: 4096.0K(4096.0K)->0.0B(101.0M) Survivors: 117.0M->1024.0K Heap: 721.8M(2048.0M)->653.0M(2048.0M)]
 [Times: user=0.25 sys=0.00, real=0.03 secs] 
2021-01-21T16:14:27.098+0800: 9.019: [GC pause (G1 Evacuation Pause) (mixed), 0.0123762 secs]
   [Parallel Time: 10.9 ms, GC Workers: 8]
      [GC Worker Start (ms): Min: 9019.1, Avg: 9019.1, Max: 9019.2, Diff: 0.1]
      [Ext Root Scanning (ms): Min: 0.1, Avg: 0.1, Max: 0.2, Diff: 0.1, Sum: 1.1]
      [Update RS (ms): Min: 2.8, Avg: 2.9, Max: 2.9, Diff: 0.1, Sum: 22.8]
         [Processed Buffers: Min: 26, Avg: 27.0, Max: 28, Diff: 2, Sum: 216]
      [Scan RS (ms): Min: 0.0, Avg: 0.0, Max: 0.1, Diff: 0.1, Sum: 0.3]
      [Code Root Scanning (ms): Min: 0.0, Avg: 0.0, Max: 0.0, Diff: 0.0, Sum: 0.0]
      [Object Copy (ms): Min: 7.4, Avg: 7.5, Max: 7.6, Diff: 0.1, Sum: 60.0]
      [Termination (ms): Min: 0.0, Avg: 0.1, Max: 0.1, Diff: 0.1, Sum: 0.7]
         [Termination Attempts: Min: 1, Avg: 1.5, Max: 3, Diff: 2, Sum: 12]
      [GC Worker Other (ms): Min: 0.0, Avg: 0.0, Max: 0.0, Diff: 0.0, Sum: 0.1]
      [GC Worker Total (ms): Min: 10.6, Avg: 10.6, Max: 10.7, Diff: 0.1, Sum: 85.0]
      [GC Worker End (ms): Min: 9029.8, Avg: 9029.8, Max: 9029.8, Diff: 0.0]
   [Code Root Fixup: 0.0 ms]
   [Code Root Purge: 0.0 ms]
   [Clear CT: 0.3 ms]
   [Other: 1.2 ms]
      [Choose CSet: 0.0 ms]
      [Ref Proc: 0.2 ms]
      [Ref Enq: 0.0 ms]
      [Redirty Cards: 0.3 ms]
      [Humongous Register: 0.2 ms]
      [Humongous Reclaim: 0.1 ms]
      [Free CSet: 0.1 ms]
   [Eden: 101.0M(101.0M)->0.0B(89.0M) Survivors: 1024.0K->13.0M Heap: 779.8M(2048.0M)->634.7M(2048.0M)]
 [Times: user=0.01 sys=0.00, real=0.01 secs] 
2021-01-21T16:14:27.134+0800: 9.055: [GC pause (G1 Evacuation Pause) (mixed), 0.0137700 secs]
   [Parallel Time: 12.2 ms, GC Workers: 8]
      [GC Worker Start (ms): Min: 9055.3, Avg: 9055.4, Max: 9055.4, Diff: 0.1]
      [Ext Root Scanning (ms): Min: 0.1, Avg: 0.1, Max: 0.2, Diff: 0.1, Sum: 1.1]
      [Update RS (ms): Min: 2.2, Avg: 2.3, Max: 2.3, Diff: 0.1, Sum: 18.4]
         [Processed Buffers: Min: 21, Avg: 21.6, Max: 22, Diff: 1, Sum: 173]
      [Scan RS (ms): Min: 0.0, Avg: 0.0, Max: 0.1, Diff: 0.1, Sum: 0.3]
      [Code Root Scanning (ms): Min: 0.0, Avg: 0.0, Max: 0.0, Diff: 0.0, Sum: 0.0]
      [Object Copy (ms): Min: 9.2, Avg: 9.3, Max: 9.3, Diff: 0.1, Sum: 74.2]
      [Termination (ms): Min: 0.0, Avg: 0.1, Max: 0.1, Diff: 0.1, Sum: 0.6]
         [Termination Attempts: Min: 1, Avg: 1.0, Max: 1, Diff: 0, Sum: 8]
      [GC Worker Other (ms): Min: 0.0, Avg: 0.0, Max: 0.0, Diff: 0.0, Sum: 0.1]
      [GC Worker Total (ms): Min: 11.8, Avg: 11.8, Max: 11.9, Diff: 0.1, Sum: 94.7]
      [GC Worker End (ms): Min: 9067.2, Avg: 9067.2, Max: 9067.2, Diff: 0.0]
   [Code Root Fixup: 0.0 ms]
   [Code Root Purge: 0.0 ms]
   [Clear CT: 0.3 ms]
   [Other: 1.3 ms]
      [Choose CSet: 0.0 ms]
      [Ref Proc: 0.2 ms]
      [Ref Enq: 0.0 ms]
      [Redirty Cards: 0.4 ms]
      [Humongous Register: 0.2 ms]
      [Humongous Reclaim: 0.1 ms]
      [Free CSet: 0.1 ms]
   [Eden: 89.0M(89.0M)->0.0B(89.0M) Survivors: 13.0M->13.0M Heap: 744.2M(2048.0M)->619.2M(2048.0M)]
 [Times: user=0.13 sys=0.00, real=0.01 secs] 
2021-01-21T16:14:27.172+0800: 9.092: [GC pause (G1 Evacuation Pause) (mixed), 0.0129609 secs]
   [Parallel Time: 11.5 ms, GC Workers: 8]
      [GC Worker Start (ms): Min: 9092.6, Avg: 9092.7, Max: 9092.7, Diff: 0.1]
      [Ext Root Scanning (ms): Min: 0.1, Avg: 0.1, Max: 0.2, Diff: 0.1, Sum: 1.2]
      [Update RS (ms): Min: 2.8, Avg: 2.9, Max: 2.9, Diff: 0.1, Sum: 23.0]
         [Processed Buffers: Min: 27, Avg: 27.6, Max: 28, Diff: 1, Sum: 221]
      [Scan RS (ms): Min: 0.0, Avg: 0.0, Max: 0.1, Diff: 0.0, Sum: 0.2]
      [Code Root Scanning (ms): Min: 0.0, Avg: 0.0, Max: 0.0, Diff: 0.0, Sum: 0.0]
      [Object Copy (ms): Min: 8.1, Avg: 8.2, Max: 8.3, Diff: 0.2, Sum: 65.6]
      [Termination (ms): Min: 0.0, Avg: 0.1, Max: 0.2, Diff: 0.2, Sum: 0.9]
         [Termination Attempts: Min: 1, Avg: 1.0, Max: 1, Diff: 0, Sum: 8]
      [GC Worker Other (ms): Min: 0.0, Avg: 0.0, Max: 0.0, Diff: 0.0, Sum: 0.1]
      [GC Worker Total (ms): Min: 11.3, Avg: 11.4, Max: 11.4, Diff: 0.1, Sum: 91.0]
      [GC Worker End (ms): Min: 9104.1, Avg: 9104.1, Max: 9104.1, Diff: 0.0]
   [Code Root Fixup: 0.0 ms]
   [Code Root Purge: 0.0 ms]
   [Clear CT: 0.3 ms]
   [Other: 1.2 ms]
      [Choose CSet: 0.0 ms]
      [Ref Proc: 0.3 ms]
      [Ref Enq: 0.0 ms]
      [Redirty Cards: 0.3 ms]
      [Humongous Register: 0.2 ms]
      [Humongous Reclaim: 0.1 ms]
      [Free CSet: 0.1 ms]
   [Eden: 89.0M(89.0M)->0.0B(89.0M) Survivors: 13.0M->13.0M Heap: 734.6M(2048.0M)->630.4M(2048.0M)]
 [Times: user=0.02 sys=0.00, real=0.01 secs] 
2021-01-21T16:14:27.209+0800: 9.129: [GC pause (G1 Evacuation Pause) (young), 0.0119761 secs]
   [Parallel Time: 10.8 ms, GC Workers: 8]
      [GC Worker Start (ms): Min: 9129.0, Avg: 9129.0, Max: 9129.1, Diff: 0.1]
      [Ext Root Scanning (ms): Min: 0.1, Avg: 0.1, Max: 0.2, Diff: 0.1, Sum: 1.2]
      [Update RS (ms): Min: 2.7, Avg: 2.7, Max: 2.8, Diff: 0.1, Sum: 21.8]
         [Processed Buffers: Min: 26, Avg: 26.4, Max: 28, Diff: 2, Sum: 211]
      [Scan RS (ms): Min: 0.0, Avg: 0.0, Max: 0.0, Diff: 0.0, Sum: 0.1]
      [Code Root Scanning (ms): Min: 0.0, Avg: 0.0, Max: 0.0, Diff: 0.0, Sum: 0.0]
      [Object Copy (ms): Min: 7.7, Avg: 7.7, Max: 7.7, Diff: 0.1, Sum: 61.7]
      [Termination (ms): Min: 0.0, Avg: 0.0, Max: 0.1, Diff: 0.1, Sum: 0.2]
         [Termination Attempts: Min: 1, Avg: 1.1, Max: 2, Diff: 1, Sum: 9]
      [GC Worker Other (ms): Min: 0.0, Avg: 0.0, Max: 0.0, Diff: 0.0, Sum: 0.1]
      [GC Worker Total (ms): Min: 10.6, Avg: 10.6, Max: 10.7, Diff: 0.1, Sum: 85.1]
      [GC Worker End (ms): Min: 9139.7, Avg: 9139.7, Max: 9139.7, Diff: 0.0]
   [Code Root Fixup: 0.0 ms]
   [Code Root Purge: 0.0 ms]
   [Clear CT: 0.3 ms]
   [Other: 1.0 ms]
      [Choose CSet: 0.0 ms]
      [Ref Proc: 0.1 ms]
      [Ref Enq: 0.0 ms]
      [Redirty Cards: 0.3 ms]
      [Humongous Register: 0.2 ms]
      [Humongous Reclaim: 0.1 ms]
      [Free CSet: 0.2 ms]
   [Eden: 89.0M(89.0M)->0.0B(89.0M) Survivors: 13.0M->13.0M Heap: 744.6M(2048.0M)->659.7M(2048.0M)]
 [Times: user=0.13 sys=0.00, real=0.01 secs] 
2021-01-21T16:14:27.245+0800: 9.165: [GC pause (G1 Evacuation Pause) (young), 0.0121842 secs]
   [Parallel Time: 10.8 ms, GC Workers: 8]
      [GC Worker Start (ms): Min: 9165.5, Avg: 9165.6, Max: 9165.7, Diff: 0.1]
      [Ext Root Scanning (ms): Min: 0.1, Avg: 0.1, Max: 0.2, Diff: 0.1, Sum: 1.1]
      [Update RS (ms): Min: 2.5, Avg: 2.5, Max: 2.6, Diff: 0.1, Sum: 20.1]
         [Processed Buffers: Min: 24, Avg: 24.5, Max: 26, Diff: 2, Sum: 196]
      [Scan RS (ms): Min: 0.0, Avg: 0.0, Max: 0.0, Diff: 0.0, Sum: 0.1]
      [Code Root Scanning (ms): Min: 0.0, Avg: 0.0, Max: 0.0, Diff: 0.0, Sum: 0.0]
      [Object Copy (ms): Min: 7.7, Avg: 7.9, Max: 7.9, Diff: 0.2, Sum: 62.8]
      [Termination (ms): Min: 0.0, Avg: 0.1, Max: 0.2, Diff: 0.2, Sum: 0.8]
         [Termination Attempts: Min: 1, Avg: 1.0, Max: 1, Diff: 0, Sum: 8]
      [GC Worker Other (ms): Min: 0.0, Avg: 0.0, Max: 0.0, Diff: 0.0, Sum: 0.1]
      [GC Worker Total (ms): Min: 10.6, Avg: 10.6, Max: 10.7, Diff: 0.1, Sum: 85.0]
      [GC Worker End (ms): Min: 9176.2, Avg: 9176.2, Max: 9176.2, Diff: 0.0]
   [Code Root Fixup: 0.0 ms]
   [Code Root Purge: 0.0 ms]
   [Clear CT: 0.4 ms]
   [Other: 1.1 ms]
      [Choose CSet: 0.0 ms]
      [Ref Proc: 0.2 ms]
      [Ref Enq: 0.0 ms]
      [Redirty Cards: 0.3 ms]
      [Humongous Register: 0.2 ms]
      [Humongous Reclaim: 0.1 ms]
      [Free CSet: 0.2 ms]
   [Eden: 89.0M(89.0M)->0.0B(89.0M) Survivors: 13.0M->13.0M Heap: 771.9M(2048.0M)->683.5M(2048.0M)]
 [Times: user=0.13 sys=0.00, real=0.01 secs] 
2021-01-21T16:14:27.280+0800: 9.201: [GC pause (G1 Evacuation Pause) (young), 0.0121742 secs]
   [Parallel Time: 10.9 ms, GC Workers: 8]
      [GC Worker Start (ms): Min: 9201.5, Avg: 9201.6, Max: 9201.6, Diff: 0.1]
      [Ext Root Scanning (ms): Min: 0.1, Avg: 0.1, Max: 0.2, Diff: 0.1, Sum: 1.1]
      [Update RS (ms): Min: 2.1, Avg: 2.1, Max: 2.1, Diff: 0.0, Sum: 16.7]
         [Processed Buffers: Min: 20, Avg: 20.3, Max: 21, Diff: 1, Sum: 162]
      [Scan RS (ms): Min: 0.0, Avg: 0.0, Max: 0.0, Diff: 0.0, Sum: 0.1]
      [Code Root Scanning (ms): Min: 0.0, Avg: 0.0, Max: 0.0, Diff: 0.0, Sum: 0.0]
      [Object Copy (ms): Min: 8.4, Avg: 8.4, Max: 8.5, Diff: 0.1, Sum: 67.5]
      [Termination (ms): Min: 0.0, Avg: 0.1, Max: 0.2, Diff: 0.2, Sum: 0.6]
         [Termination Attempts: Min: 1, Avg: 1.3, Max: 2, Diff: 1, Sum: 10]
      [GC Worker Other (ms): Min: 0.0, Avg: 0.0, Max: 0.0, Diff: 0.0, Sum: 0.1]
      [GC Worker Total (ms): Min: 10.7, Avg: 10.8, Max: 10.8, Diff: 0.1, Sum: 86.1]
      [GC Worker End (ms): Min: 9212.3, Avg: 9212.3, Max: 9212.3, Diff: 0.0]
   [Code Root Fixup: 0.0 ms]
   [Code Root Purge: 0.0 ms]
   [Clear CT: 0.3 ms]
   [Other: 1.0 ms]
      [Choose CSet: 0.0 ms]
      [Ref Proc: 0.2 ms]
      [Ref Enq: 0.0 ms]
      [Redirty Cards: 0.2 ms]
      [Humongous Register: 0.2 ms]
      [Humongous Reclaim: 0.1 ms]
      [Free CSet: 0.2 ms]
   [Eden: 89.0M(89.0M)->0.0B(89.0M) Survivors: 13.0M->13.0M Heap: 791.6M(2048.0M)->709.7M(2048.0M)]
 [Times: user=0.13 sys=0.00, real=0.01 secs] 
2021-01-21T16:14:27.315+0800: 9.236: [GC pause (G1 Evacuation Pause) (young), 0.0121839 secs]
   [Parallel Time: 10.6 ms, GC Workers: 8]
      [GC Worker Start (ms): Min: 9236.1, Avg: 9236.2, Max: 9236.2, Diff: 0.1]
      [Ext Root Scanning (ms): Min: 0.1, Avg: 0.1, Max: 0.2, Diff: 0.1, Sum: 1.1]
      [Update RS (ms): Min: 1.9, Avg: 1.9, Max: 2.0, Diff: 0.1, Sum: 15.6]
         [Processed Buffers: Min: 18, Avg: 18.9, Max: 19, Diff: 1, Sum: 151]
      [Scan RS (ms): Min: 0.0, Avg: 0.0, Max: 0.0, Diff: 0.0, Sum: 0.1]
      [Code Root Scanning (ms): Min: 0.0, Avg: 0.0, Max: 0.0, Diff: 0.0, Sum: 0.0]
      [Object Copy (ms): Min: 8.2, Avg: 8.3, Max: 8.4, Diff: 0.2, Sum: 66.1]
      [Termination (ms): Min: 0.0, Avg: 0.1, Max: 0.2, Diff: 0.2, Sum: 0.6]
         [Termination Attempts: Min: 1, Avg: 1.0, Max: 1, Diff: 0, Sum: 8]
      [GC Worker Other (ms): Min: 0.0, Avg: 0.0, Max: 0.0, Diff: 0.0, Sum: 0.2]
      [GC Worker Total (ms): Min: 10.4, Avg: 10.5, Max: 10.5, Diff: 0.1, Sum: 83.7]
      [GC Worker End (ms): Min: 9246.6, Avg: 9246.6, Max: 9246.7, Diff: 0.0]
   [Code Root Fixup: 0.0 ms]
   [Code Root Purge: 0.0 ms]
   [Clear CT: 0.3 ms]
   [Other: 1.2 ms]
      [Choose CSet: 0.0 ms]
      [Ref Proc: 0.2 ms]
      [Ref Enq: 0.0 ms]
      [Redirty Cards: 0.3 ms]
      [Humongous Register: 0.2 ms]
      [Humongous Reclaim: 0.1 ms]
      [Free CSet: 0.2 ms]
   [Eden: 89.0M(89.0M)->0.0B(95.0M) Survivors: 13.0M->13.0M Heap: 816.4M(2048.0M)->739.7M(2048.0M)]
 [Times: user=0.00 sys=0.00, real=0.01 secs] 
2021-01-21T16:14:27.352+0800: 9.273: [GC pause (G1 Evacuation Pause) (young), 0.0125546 secs]
   [Parallel Time: 11.1 ms, GC Workers: 8]
      [GC Worker Start (ms): Min: 9272.8, Avg: 9272.9, Max: 9273.0, Diff: 0.1]
      [Ext Root Scanning (ms): Min: 0.1, Avg: 0.2, Max: 0.4, Diff: 0.3, Sum: 1.5]
      [Update RS (ms): Min: 2.2, Avg: 2.4, Max: 2.5, Diff: 0.3, Sum: 19.3]
         [Processed Buffers: Min: 21, Avg: 23.3, Max: 24, Diff: 3, Sum: 186]
      [Scan RS (ms): Min: 0.0, Avg: 0.0, Max: 0.0, Diff: 0.0, Sum: 0.1]
      [Code Root Scanning (ms): Min: 0.0, Avg: 0.0, Max: 0.0, Diff: 0.0, Sum: 0.0]
      [Object Copy (ms): Min: 8.2, Avg: 8.3, Max: 8.4, Diff: 0.2, Sum: 66.1]
      [Termination (ms): Min: 0.0, Avg: 0.1, Max: 0.2, Diff: 0.2, Sum: 0.7]
         [Termination Attempts: Min: 1, Avg: 1.0, Max: 1, Diff: 0, Sum: 8]
      [GC Worker Other (ms): Min: 0.0, Avg: 0.0, Max: 0.0, Diff: 0.0, Sum: 0.1]
      [GC Worker Total (ms): Min: 10.9, Avg: 11.0, Max: 11.0, Diff: 0.1, Sum: 87.8]
      [GC Worker End (ms): Min: 9283.9, Avg: 9283.9, Max: 9283.9, Diff: 0.0]
   [Code Root Fixup: 0.0 ms]
   [Code Root Purge: 0.0 ms]
   [Clear CT: 0.3 ms]
   [Other: 1.1 ms]
      [Choose CSet: 0.0 ms]
      [Ref Proc: 0.2 ms]
      [Ref Enq: 0.0 ms]
      [Redirty Cards: 0.3 ms]
      [Humongous Register: 0.2 ms]
      [Humongous Reclaim: 0.1 ms]
      [Free CSet: 0.2 ms]
   [Eden: 95.0M(95.0M)->0.0B(120.0M) Survivors: 13.0M->14.0M Heap: 856.8M(2048.0M)->771.4M(2048.0M)]
 [Times: user=0.13 sys=0.00, real=0.01 secs] 
2021-01-21T16:14:27.396+0800: 9.316: [GC pause (G1 Evacuation Pause) (young), 0.0149623 secs]
   [Parallel Time: 13.5 ms, GC Workers: 8]
      [GC Worker Start (ms): Min: 9316.5, Avg: 9316.6, Max: 9316.6, Diff: 0.1]
      [Ext Root Scanning (ms): Min: 0.1, Avg: 0.1, Max: 0.2, Diff: 0.1, Sum: 1.1]
      [Update RS (ms): Min: 3.5, Avg: 3.5, Max: 3.5, Diff: 0.1, Sum: 28.1]
         [Processed Buffers: Min: 33, Avg: 33.9, Max: 35, Diff: 2, Sum: 271]
      [Scan RS (ms): Min: 0.0, Avg: 0.0, Max: 0.0, Diff: 0.0, Sum: 0.1]
      [Code Root Scanning (ms): Min: 0.0, Avg: 0.0, Max: 0.0, Diff: 0.0, Sum: 0.0]
      [Object Copy (ms): Min: 9.5, Avg: 9.6, Max: 9.7, Diff: 0.1, Sum: 76.9]
      [Termination (ms): Min: 0.0, Avg: 0.0, Max: 0.1, Diff: 0.1, Sum: 0.4]
         [Termination Attempts: Min: 1, Avg: 1.0, Max: 1, Diff: 0, Sum: 8]
      [GC Worker Other (ms): Min: 0.0, Avg: 0.1, Max: 0.1, Diff: 0.0, Sum: 0.5]
      [GC Worker Total (ms): Min: 13.3, Avg: 13.4, Max: 13.5, Diff: 0.1, Sum: 107.0]
      [GC Worker End (ms): Min: 9329.9, Avg: 9329.9, Max: 9330.0, Diff: 0.1]
   [Code Root Fixup: 0.0 ms]
   [Code Root Purge: 0.0 ms]
   [Clear CT: 0.3 ms]
   [Other: 1.2 ms]
      [Choose CSet: 0.0 ms]
      [Ref Proc: 0.3 ms]
      [Ref Enq: 0.0 ms]
      [Redirty Cards: 0.3 ms]
      [Humongous Register: 0.2 ms]
      [Humongous Reclaim: 0.1 ms]
      [Free CSet: 0.2 ms]
   [Eden: 120.0M(120.0M)->0.0B(150.0M) Survivors: 14.0M->17.0M Heap: 924.1M(2048.0M)->809.8M(2048.0M)]
 [Times: user=0.13 sys=0.00, real=0.02 secs] 
2021-01-21T16:14:27.448+0800: 9.368: [GC pause (G1 Evacuation Pause) (young), 0.0172471 secs]
   [Parallel Time: 15.8 ms, GC Workers: 8]
      [GC Worker Start (ms): Min: 9368.6, Avg: 9368.6, Max: 9368.7, Diff: 0.1]
      [Ext Root Scanning (ms): Min: 0.1, Avg: 0.1, Max: 0.2, Diff: 0.1, Sum: 1.2]
      [Update RS (ms): Min: 3.9, Avg: 3.9, Max: 4.0, Diff: 0.1, Sum: 31.6]
         [Processed Buffers: Min: 37, Avg: 38.1, Max: 40, Diff: 3, Sum: 305]
      [Scan RS (ms): Min: 0.0, Avg: 0.0, Max: 0.0, Diff: 0.0, Sum: 0.1]
      [Code Root Scanning (ms): Min: 0.0, Avg: 0.0, Max: 0.0, Diff: 0.0, Sum: 0.0]
      [Object Copy (ms): Min: 11.4, Avg: 11.5, Max: 11.6, Diff: 0.1, Sum: 92.0]
      [Termination (ms): Min: 0.0, Avg: 0.1, Max: 0.1, Diff: 0.1, Sum: 0.6]
         [Termination Attempts: Min: 1, Avg: 1.6, Max: 2, Diff: 1, Sum: 13]
      [GC Worker Other (ms): Min: 0.0, Avg: 0.0, Max: 0.0, Diff: 0.0, Sum: 0.2]
      [GC Worker Total (ms): Min: 15.7, Avg: 15.7, Max: 15.8, Diff: 0.1, Sum: 125.7]
      [GC Worker End (ms): Min: 9384.3, Avg: 9384.3, Max: 9384.3, Diff: 0.0]
   [Code Root Fixup: 0.0 ms]
   [Code Root Purge: 0.0 ms]
   [Clear CT: 0.2 ms]
   [Other: 1.2 ms]
      [Choose CSet: 0.0 ms]
      [Ref Proc: 0.2 ms]
      [Ref Enq: 0.0 ms]
      [Redirty Cards: 0.3 ms]
      [Humongous Register: 0.2 ms]
      [Humongous Reclaim: 0.1 ms]
      [Free CSet: 0.2 ms]
   [Eden: 150.0M(150.0M)->0.0B(173.0M) Survivors: 17.0M->21.0M Heap: 996.8M(2048.0M)->846.4M(2048.0M)]
 [Times: user=0.13 sys=0.00, real=0.02 secs] 
2021-01-21T16:14:27.494+0800: 9.414: [GC pause (G1 Humongous Allocation) (young) (initial-mark), 0.0150958 secs]
   [Parallel Time: 13.5 ms, GC Workers: 8]
      [GC Worker Start (ms): Min: 9414.5, Avg: 9414.6, Max: 9414.7, Diff: 0.1]
      [Ext Root Scanning (ms): Min: 0.1, Avg: 0.2, Max: 0.2, Diff: 0.1, Sum: 1.3]
      [Update RS (ms): Min: 2.4, Avg: 2.5, Max: 2.5, Diff: 0.1, Sum: 19.7]
         [Processed Buffers: Min: 23, Avg: 24.0, Max: 25, Diff: 2, Sum: 192]
      [Scan RS (ms): Min: 0.0, Avg: 0.0, Max: 0.0, Diff: 0.0, Sum: 0.1]
      [Code Root Scanning (ms): Min: 0.0, Avg: 0.0, Max: 0.0, Diff: 0.0, Sum: 0.0]
      [Object Copy (ms): Min: 10.4, Avg: 10.5, Max: 10.6, Diff: 0.2, Sum: 84.0]
      [Termination (ms): Min: 0.0, Avg: 0.1, Max: 0.2, Diff: 0.2, Sum: 0.9]
         [Termination Attempts: Min: 1, Avg: 1.0, Max: 1, Diff: 0, Sum: 8]
      [GC Worker Other (ms): Min: 0.0, Avg: 0.0, Max: 0.0, Diff: 0.0, Sum: 0.2]
      [GC Worker Total (ms): Min: 13.2, Avg: 13.3, Max: 13.3, Diff: 0.2, Sum: 106.1]
      [GC Worker End (ms): Min: 9427.8, Avg: 9427.9, Max: 9427.9, Diff: 0.0]
   [Code Root Fixup: 0.0 ms]
   [Code Root Purge: 0.0 ms]
   [Clear CT: 0.3 ms]
   [Other: 1.3 ms]
      [Choose CSet: 0.0 ms]
      [Ref Proc: 0.3 ms]
      [Ref Enq: 0.0 ms]
      [Redirty Cards: 0.3 ms]
      [Humongous Register: 0.1 ms]
      [Humongous Reclaim: 0.1 ms]
      [Free CSet: 0.2 ms]
   [Eden: 108.0M(173.0M)->0.0B(221.0M) Survivors: 21.0M->25.0M Heap: 976.3M(2048.0M)->872.6M(2048.0M)]
 [Times: user=0.13 sys=0.00, real=0.02 secs] 
2021-01-21T16:14:27.509+0800: 9.429: [GC concurrent-root-region-scan-start]
2021-01-21T16:14:27.509+0800: 9.430: [GC concurrent-root-region-scan-end, 0.0001740 secs]
2021-01-21T16:14:27.509+0800: 9.430: [GC concurrent-mark-start]
2021-01-21T16:14:27.513+0800: 9.433: [GC concurrent-mark-end, 0.0033537 secs]
2021-01-21T16:14:27.513+0800: 9.433: [GC remark 2021-01-21T16:14:27.513+0800: 9.433: [Finalize Marking, 0.0002444 secs] 2021-01-21T16:14:27.513+0800: 9.434: [GC ref-proc, 0.0001776 secs] 2021-01-21T16:14:27.513+0800: 9.434: [Unloading, 0.0006980 secs], 0.0025694 secs]
 [Times: user=0.00 sys=0.00, real=0.00 secs] 
2021-01-21T16:14:27.516+0800: 9.436: [GC cleanup 888M->690M(2048M), 0.0016580 secs]
 [Times: user=0.00 sys=0.00, real=0.00 secs] 
2021-01-21T16:14:27.518+0800: 9.438: [GC concurrent-cleanup-start]
2021-01-21T16:14:27.518+0800: 9.438: [GC concurrent-cleanup-end, 0.0002113 secs]
2021-01-21T16:14:27.577+0800: 9.497: [GC pause (G1 Evacuation Pause) (young), 0.0281914 secs]
   [Parallel Time: 25.2 ms, GC Workers: 8]
      [GC Worker Start (ms): Min: 9496.8, Avg: 9496.9, Max: 9497.0, Diff: 0.1]
      [Ext Root Scanning (ms): Min: 0.1, Avg: 0.1, Max: 0.2, Diff: 0.1, Sum: 1.1]
      [Update RS (ms): Min: 7.4, Avg: 7.5, Max: 7.5, Diff: 0.1, Sum: 59.7]
         [Processed Buffers: Min: 69, Avg: 71.5, Max: 73, Diff: 4, Sum: 572]
      [Scan RS (ms): Min: 0.0, Avg: 0.0, Max: 0.1, Diff: 0.1, Sum: 0.2]
      [Code Root Scanning (ms): Min: 0.0, Avg: 0.0, Max: 0.0, Diff: 0.0, Sum: 0.0]
      [Object Copy (ms): Min: 16.9, Avg: 17.0, Max: 17.1, Diff: 0.2, Sum: 136.3]
      [Termination (ms): Min: 0.0, Avg: 0.1, Max: 0.2, Diff: 0.2, Sum: 0.7]
         [Termination Attempts: Min: 1, Avg: 1.0, Max: 1, Diff: 0, Sum: 8]
      [GC Worker Other (ms): Min: 0.0, Avg: 0.0, Max: 0.0, Diff: 0.0, Sum: 0.1]
      [GC Worker Total (ms): Min: 24.7, Avg: 24.8, Max: 24.8, Diff: 0.1, Sum: 198.1]
      [GC Worker End (ms): Min: 9521.7, Avg: 9521.7, Max: 9521.7, Diff: 0.0]
   [Code Root Fixup: 0.0 ms]
   [Code Root Purge: 0.0 ms]
   [Clear CT: 0.6 ms]
   [Other: 2.3 ms]
      [Choose CSet: 0.0 ms]
      [Ref Proc: 0.6 ms]
      [Ref Enq: 0.0 ms]
      [Redirty Cards: 0.9 ms]
      [Humongous Register: 0.2 ms]
      [Humongous Reclaim: 0.2 ms]
      [Free CSet: 0.2 ms]
   [Eden: 221.0M(221.0M)->0.0B(71.0M) Survivors: 25.0M->31.0M Heap: 965.9M(2048.0M)->748.4M(2048.0M)]
 [Times: user=0.25 sys=0.00, real=0.03 secs] 
2021-01-21T16:14:27.624+0800: 9.544: [GC pause (G1 Evacuation Pause) (mixed), 0.0194409 secs]
   [Parallel Time: 17.6 ms, GC Workers: 8]
      [GC Worker Start (ms): Min: 9544.5, Avg: 9544.6, Max: 9544.6, Diff: 0.1]
      [Ext Root Scanning (ms): Min: 0.1, Avg: 0.2, Max: 0.2, Diff: 0.1, Sum: 1.3]
      [Update RS (ms): Min: 1.8, Avg: 1.8, Max: 1.8, Diff: 0.1, Sum: 14.3]
         [Processed Buffers: Min: 17, Avg: 18.1, Max: 19, Diff: 2, Sum: 145]
      [Scan RS (ms): Min: 0.1, Avg: 0.1, Max: 0.1, Diff: 0.1, Sum: 0.8]
      [Code Root Scanning (ms): Min: 0.0, Avg: 0.0, Max: 0.1, Diff: 0.1, Sum: 0.1]
      [Object Copy (ms): Min: 15.2, Avg: 15.2, Max: 15.3, Diff: 0.1, Sum: 121.8]
      [Termination (ms): Min: 0.0, Avg: 0.1, Max: 0.1, Diff: 0.1, Sum: 0.6]
         [Termination Attempts: Min: 1, Avg: 1.0, Max: 1, Diff: 0, Sum: 8]
      [GC Worker Other (ms): Min: 0.0, Avg: 0.0, Max: 0.0, Diff: 0.0, Sum: 0.1]
      [GC Worker Total (ms): Min: 17.3, Avg: 17.4, Max: 17.4, Diff: 0.1, Sum: 138.9]
      [GC Worker End (ms): Min: 9561.9, Avg: 9561.9, Max: 9561.9, Diff: 0.0]
   [Code Root Fixup: 0.0 ms]
   [Code Root Purge: 0.0 ms]
   [Clear CT: 0.3 ms]
   [Other: 1.5 ms]
      [Choose CSet: 0.1 ms]
      [Ref Proc: 0.3 ms]
      [Ref Enq: 0.0 ms]
      [Redirty Cards: 0.3 ms]
      [Humongous Register: 0.2 ms]
      [Humongous Reclaim: 0.1 ms]
      [Free CSet: 0.4 ms]
   [Eden: 71.0M(71.0M)->0.0B(89.0M) Survivors: 31.0M->13.0M Heap: 836.3M(2048.0M)->580.9M(2048.0M)]
 [Times: user=0.25 sys=0.00, real=0.02 secs] 
2021-01-21T16:14:27.666+0800: 9.586: [GC pause (G1 Evacuation Pause) (mixed), 0.0153065 secs]
   [Parallel Time: 13.8 ms, GC Workers: 8]
      [GC Worker Start (ms): Min: 9586.4, Avg: 9586.5, Max: 9586.6, Diff: 0.1]
      [Ext Root Scanning (ms): Min: 0.1, Avg: 0.1, Max: 0.2, Diff: 0.1, Sum: 1.1]
      [Update RS (ms): Min: 2.2, Avg: 2.3, Max: 2.3, Diff: 0.1, Sum: 18.3]
         [Processed Buffers: Min: 17, Avg: 20.6, Max: 22, Diff: 5, Sum: 165]
      [Scan RS (ms): Min: 0.0, Avg: 0.0, Max: 0.1, Diff: 0.1, Sum: 0.3]
      [Code Root Scanning (ms): Min: 0.0, Avg: 0.0, Max: 0.0, Diff: 0.0, Sum: 0.0]
      [Object Copy (ms): Min: 11.1, Avg: 11.2, Max: 11.2, Diff: 0.1, Sum: 89.3]
      [Termination (ms): Min: 0.0, Avg: 0.1, Max: 0.1, Diff: 0.1, Sum: 0.4]
         [Termination Attempts: Min: 1, Avg: 1.0, Max: 1, Diff: 0, Sum: 8]
      [GC Worker Other (ms): Min: 0.0, Avg: 0.0, Max: 0.0, Diff: 0.0, Sum: 0.1]
      [GC Worker Total (ms): Min: 13.6, Avg: 13.7, Max: 13.8, Diff: 0.1, Sum: 109.5]
      [GC Worker End (ms): Min: 9600.2, Avg: 9600.2, Max: 9600.2, Diff: 0.0]
   [Code Root Fixup: 0.0 ms]
   [Code Root Purge: 0.0 ms]
   [Clear CT: 0.3 ms]
   [Other: 1.2 ms]
      [Choose CSet: 0.0 ms]
      [Ref Proc: 0.2 ms]
      [Ref Enq: 0.0 ms]
      [Redirty Cards: 0.3 ms]
      [Humongous Register: 0.1 ms]
      [Humongous Reclaim: 0.1 ms]
      [Free CSet: 0.2 ms]
   [Eden: 89.0M(89.0M)->0.0B(464.0M) Survivors: 13.0M->13.0M Heap: 689.4M(2048.0M)->554.7M(2048.0M)]
 [Times: user=0.13 sys=0.00, real=0.02 secs] 
2021-01-21T16:14:27.802+0800: 9.722: [GC pause (G1 Evacuation Pause) (young), 0.0379653 secs]
   [Parallel Time: 36.0 ms, GC Workers: 8]
      [GC Worker Start (ms): Min: 9722.5, Avg: 9722.6, Max: 9722.7, Diff: 0.1]
      [Ext Root Scanning (ms): Min: 0.1, Avg: 0.1, Max: 0.2, Diff: 0.1, Sum: 1.1]
      [Update RS (ms): Min: 12.6, Avg: 12.7, Max: 12.7, Diff: 0.1, Sum: 101.2]
         [Processed Buffers: Min: 118, Avg: 120.9, Max: 123, Diff: 5, Sum: 967]
      [Scan RS (ms): Min: 0.0, Avg: 0.1, Max: 0.1, Diff: 0.1, Sum: 0.4]
      [Code Root Scanning (ms): Min: 0.0, Avg: 0.0, Max: 0.0, Diff: 0.0, Sum: 0.0]
      [Object Copy (ms): Min: 22.7, Avg: 22.7, Max: 22.8, Diff: 0.2, Sum: 182.0]
      [Termination (ms): Min: 0.0, Avg: 0.1, Max: 0.2, Diff: 0.2, Sum: 0.8]
         [Termination Attempts: Min: 1, Avg: 1.5, Max: 3, Diff: 2, Sum: 12]
      [GC Worker Other (ms): Min: 0.0, Avg: 0.0, Max: 0.0, Diff: 0.0, Sum: 0.2]
      [GC Worker Total (ms): Min: 35.7, Avg: 35.7, Max: 35.8, Diff: 0.1, Sum: 285.8]
      [GC Worker End (ms): Min: 9758.3, Avg: 9758.3, Max: 9758.3, Diff: 0.0]
   [Code Root Fixup: 0.0 ms]
   [Code Root Purge: 0.0 ms]
   [Clear CT: 0.3 ms]
   [Other: 1.7 ms]
      [Choose CSet: 0.0 ms]
      [Ref Proc: 0.3 ms]
      [Ref Enq: 0.0 ms]
      [Redirty Cards: 0.4 ms]
      [Humongous Register: 0.2 ms]
      [Humongous Reclaim: 0.3 ms]
      [Free CSet: 0.3 ms]
   [Eden: 464.0M(464.0M)->0.0B(460.0M) Survivors: 13.0M->60.0M Heap: 1138.3M(2048.0M)->656.7M(2048.0M)]
 [Times: user=0.25 sys=0.00, real=0.04 secs] 
2021-01-21T16:14:27.959+0800: 9.879: [GC pause (G1 Evacuation Pause) (young), 0.0450367 secs]
   [Parallel Time: 43.0 ms, GC Workers: 8]
      [GC Worker Start (ms): Min: 9879.5, Avg: 9879.6, Max: 9879.6, Diff: 0.1]
      [Ext Root Scanning (ms): Min: 0.1, Avg: 0.1, Max: 0.2, Diff: 0.1, Sum: 1.1]
      [Update RS (ms): Min: 13.7, Avg: 13.8, Max: 13.8, Diff: 0.1, Sum: 110.3]
         [Processed Buffers: Min: 131, Avg: 132.0, Max: 134, Diff: 3, Sum: 1056]
      [Scan RS (ms): Min: 0.0, Avg: 0.1, Max: 0.1, Diff: 0.1, Sum: 0.5]
      [Code Root Scanning (ms): Min: 0.0, Avg: 0.0, Max: 0.0, Diff: 0.0, Sum: 0.0]
      [Object Copy (ms): Min: 28.7, Avg: 28.8, Max: 28.9, Diff: 0.2, Sum: 230.5]
      [Termination (ms): Min: 0.0, Avg: 0.1, Max: 0.2, Diff: 0.2, Sum: 0.7]
         [Termination Attempts: Min: 1, Avg: 1.4, Max: 2, Diff: 1, Sum: 11]
      [GC Worker Other (ms): Min: 0.0, Avg: 0.0, Max: 0.0, Diff: 0.0, Sum: 0.2]
      [GC Worker Total (ms): Min: 42.8, Avg: 42.9, Max: 43.0, Diff: 0.1, Sum: 343.3]
      [GC Worker End (ms): Min: 9922.5, Avg: 9922.5, Max: 9922.5, Diff: 0.0]
   [Code Root Fixup: 0.0 ms]
   [Code Root Purge: 0.0 ms]
   [Clear CT: 0.4 ms]
   [Other: 1.6 ms]
      [Choose CSet: 0.0 ms]
      [Ref Proc: 0.3 ms]
      [Ref Enq: 0.0 ms]
      [Redirty Cards: 0.3 ms]
      [Humongous Register: 0.2 ms]
      [Humongous Reclaim: 0.3 ms]
      [Free CSet: 0.4 ms]
   [Eden: 460.0M(460.0M)->0.0B(228.0M) Survivors: 60.0M->65.0M Heap: 1247.4M(2048.0M)->741.8M(2048.0M)]
 [Times: user=0.38 sys=0.00, real=0.04 secs] 
2021-01-21T16:14:28.064+0800: 9.984: [GC pause (G1 Evacuation Pause) (young), 0.0318339 secs]
   [Parallel Time: 30.1 ms, GC Workers: 8]
      [GC Worker Start (ms): Min: 9984.5, Avg: 9984.5, Max: 9984.6, Diff: 0.1]
      [Ext Root Scanning (ms): Min: 0.1, Avg: 0.1, Max: 0.2, Diff: 0.1, Sum: 1.1]
      [Update RS (ms): Min: 7.3, Avg: 7.3, Max: 7.4, Diff: 0.1, Sum: 58.6]
         [Processed Buffers: Min: 69, Avg: 69.9, Max: 72, Diff: 3, Sum: 559]
      [Scan RS (ms): Min: 0.0, Avg: 0.0, Max: 0.1, Diff: 0.0, Sum: 0.3]
      [Code Root Scanning (ms): Min: 0.0, Avg: 0.0, Max: 0.0, Diff: 0.0, Sum: 0.0]
      [Object Copy (ms): Min: 22.3, Avg: 22.4, Max: 22.4, Diff: 0.1, Sum: 179.0]
      [Termination (ms): Min: 0.0, Avg: 0.1, Max: 0.1, Diff: 0.1, Sum: 0.4]
         [Termination Attempts: Min: 1, Avg: 1.0, Max: 1, Diff: 0, Sum: 8]
      [GC Worker Other (ms): Min: 0.0, Avg: 0.0, Max: 0.0, Diff: 0.0, Sum: 0.1]
      [GC Worker Total (ms): Min: 29.9, Avg: 29.9, Max: 30.0, Diff: 0.1, Sum: 239.6]
      [GC Worker End (ms): Min: 10014.5, Avg: 10014.5, Max: 10014.5, Diff: 0.0]
   [Code Root Fixup: 0.0 ms]
   [Code Root Purge: 0.0 ms]
   [Clear CT: 0.3 ms]
   [Other: 1.4 ms]
      [Choose CSet: 0.0 ms]
      [Ref Proc: 0.2 ms]
      [Ref Enq: 0.0 ms]
      [Redirty Cards: 0.3 ms]
      [Humongous Register: 0.2 ms]
      [Humongous Reclaim: 0.2 ms]
      [Free CSet: 0.3 ms]
   [Eden: 228.0M(228.0M)->0.0B(407.0M) Survivors: 65.0M->37.0M Heap: 1038.5M(2048.0M)->794.3M(2048.0M)]
 [Times: user=0.16 sys=0.00, real=0.03 secs] 
2021-01-21T16:14:28.164+0800: 10.083: [GC pause (G1 Humongous Allocation) (young) (initial-mark), 0.0291566 secs]
   [Parallel Time: 27.3 ms, GC Workers: 8]
      [GC Worker Start (ms): Min: 10083.8, Avg: 10083.9, Max: 10084.0, Diff: 0.1]
      [Ext Root Scanning (ms): Min: 0.1, Avg: 0.1, Max: 0.2, Diff: 0.1, Sum: 1.1]
      [Update RS (ms): Min: 7.0, Avg: 7.0, Max: 7.1, Diff: 0.1, Sum: 56.2]
         [Processed Buffers: Min: 67, Avg: 67.5, Max: 69, Diff: 2, Sum: 540]
      [Scan RS (ms): Min: 0.0, Avg: 0.0, Max: 0.1, Diff: 0.1, Sum: 0.2]
      [Code Root Scanning (ms): Min: 0.0, Avg: 0.0, Max: 0.0, Diff: 0.0, Sum: 0.0]
      [Object Copy (ms): Min: 19.7, Avg: 19.8, Max: 20.0, Diff: 0.3, Sum: 158.5]
      [Termination (ms): Min: 0.0, Avg: 0.1, Max: 0.3, Diff: 0.3, Sum: 1.1]
         [Termination Attempts: Min: 1, Avg: 1.0, Max: 1, Diff: 0, Sum: 8]
      [GC Worker Other (ms): Min: 0.0, Avg: 0.0, Max: 0.0, Diff: 0.0, Sum: 0.1]
      [GC Worker Total (ms): Min: 27.1, Avg: 27.2, Max: 27.2, Diff: 0.1, Sum: 217.4]
      [GC Worker End (ms): Min: 10111.1, Avg: 10111.1, Max: 10111.1, Diff: 0.0]
   [Code Root Fixup: 0.0 ms]
   [Code Root Purge: 0.0 ms]
   [Clear CT: 0.3 ms]
   [Other: 1.6 ms]
      [Choose CSet: 0.0 ms]
      [Ref Proc: 0.2 ms]
      [Ref Enq: 0.0 ms]
      [Redirty Cards: 0.4 ms]
      [Humongous Register: 0.2 ms]
      [Humongous Reclaim: 0.2 ms]
      [Free CSet: 0.3 ms]
   [Eden: 263.0M(407.0M)->0.0B(454.0M) Survivors: 37.0M->56.0M Heap: 1122.7M(2048.0M)->860.1M(2048.0M)]
 [Times: user=0.22 sys=0.00, real=0.03 secs] 
2021-01-21T16:14:28.192+0800: 10.113: [GC concurrent-root-region-scan-start]
2021-01-21T16:14:28.193+0800: 10.113: [GC concurrent-root-region-scan-end, 0.0001659 secs]
2021-01-21T16:14:28.193+0800: 10.113: [GC concurrent-mark-start]
2021-01-21T16:14:28.196+0800: 10.116: [GC concurrent-mark-end, 0.0031245 secs]
2021-01-21T16:14:28.196+0800: 10.116: [GC remark 2021-01-21T16:14:28.196+0800: 10.116: [Finalize Marking, 0.0001754 secs] 2021-01-21T16:14:28.196+0800: 10.116: [GC ref-proc, 0.0001757 secs] 2021-01-21T16:14:28.196+0800: 10.117: [Unloading, 0.0006922 secs], 0.0024234 secs]
 [Times: user=0.00 sys=0.00, real=0.00 secs] 
2021-01-21T16:14:28.198+0800: 10.119: [GC cleanup 861M->679M(2048M), 0.0015739 secs]
 [Times: user=0.00 sys=0.00, real=0.00 secs] 
2021-01-21T16:14:28.200+0800: 10.120: [GC concurrent-cleanup-start]
2021-01-21T16:14:28.200+0800: 10.121: [GC concurrent-cleanup-end, 0.0001624 secs]
Heap
 garbage-first heap   total 2097152K, used 695054K [0x0000000080000000, 0x0000000080104000, 0x0000000100000000)
  region size 1024K, 57 young (58368K), 56 survivors (57344K)
 Metaspace       used 2615K, capacity 4490K, committed 4864K, reserved 1056768K
  class space    used 283K, capacity 386K, committed 512K, reserved 1048576K
