Java HotSpot(TM) 64-Bit Server VM (25.231-b11) for windows-amd64 JRE (1.8.0_231-b11), built on Oct  5 2019 03:11:30 by "java_re" with MS VC++ 10.0 (VS2010)
Memory: 4k page, physical 16377868k(8989796k free), swap 30009356k(18193436k free)
CommandLine flags: -XX:InitialHeapSize=2147483648 -XX:MaxHeapSize=2147483648 -XX:MaxTenuringThreshold=6 -XX:NewRatio=2 -XX:OldPLABSize=16 -XX:ParallelGCThreads=8 -XX:+PrintGC -XX:+PrintGCDateStamps -XX:+PrintGCDetails -XX:+PrintGCTimeStamps -XX:-UseAdaptiveSizePolicy -XX:+UseCompressedClassPointers -XX:+UseCompressedOops -XX:+UseConcMarkSweepGC -XX:-UseLargePagesIndividualAllocation -XX:+UseParNewGC 
2021-01-21T16:13:49.028+0800: 0.305: [GC (Allocation Failure) 2021-01-21T16:13:49.029+0800: 0.306: [ParNew: 559232K->69887K(629120K), 0.0343029 secs] 559232K->146136K(2027264K), 0.0345410 secs] [Times: user=0.22 sys=0.14, real=0.03 secs] 
2021-01-21T16:13:49.155+0800: 0.432: [GC (Allocation Failure) 2021-01-21T16:13:49.155+0800: 0.432: [ParNew: 629119K->69887K(629120K), 0.0452506 secs] 705368K->274654K(2027264K), 0.0453262 secs] [Times: user=0.20 sys=0.17, real=0.05 secs] 
2021-01-21T16:13:49.284+0800: 0.561: [GC (Allocation Failure) 2021-01-21T16:13:49.284+0800: 0.561: [ParNew: 629119K->69888K(629120K), 0.0742726 secs] 833886K->398706K(2027264K), 0.0743502 secs] [Times: user=0.44 sys=0.06, real=0.08 secs] 
2021-01-21T16:13:49.446+0800: 0.723: [GC (Allocation Failure) 2021-01-21T16:13:49.447+0800: 0.723: [ParNew: 629120K->69887K(629120K), 0.0698076 secs] 957938K->519280K(2027264K), 0.0698970 secs] [Times: user=0.47 sys=0.03, real=0.07 secs] 
2021-01-21T16:13:49.605+0800: 0.881: [GC (Allocation Failure) 2021-01-21T16:13:49.605+0800: 0.881: [ParNew: 629119K->69887K(629120K), 0.0687416 secs] 1078512K->637154K(2027264K), 0.0688160 secs] [Times: user=0.56 sys=0.06, real=0.07 secs] 
2021-01-21T16:13:49.767+0800: 1.044: [GC (Allocation Failure) 2021-01-21T16:13:49.767+0800: 1.044: [ParNew: 629119K->69888K(629120K), 0.0825516 secs] 1196386K->768361K(2027264K), 0.0826280 secs] [Times: user=0.48 sys=0.05, real=0.08 secs] 
2021-01-21T16:13:49.940+0800: 1.217: [GC (Allocation Failure) 2021-01-21T16:13:49.940+0800: 1.217: [ParNew: 629120K->69886K(629120K), 0.0787591 secs] 1327593K->901948K(2027264K), 0.0788369 secs] [Times: user=0.58 sys=0.05, real=0.08 secs] 
2021-01-21T16:13:50.019+0800: 1.296: [GC (CMS Initial Mark) [1 CMS-initial-mark: 832061K(1398144K)] 913755K(2027264K), 0.0002680 secs] [Times: user=0.00 sys=0.00, real=0.00 secs] 
2021-01-21T16:13:50.019+0800: 1.296: [CMS-concurrent-mark-start]
2021-01-21T16:13:50.024+0800: 1.301: [CMS-concurrent-mark: 0.005/0.005 secs] [Times: user=0.00 sys=0.00, real=0.00 secs] 
2021-01-21T16:13:50.024+0800: 1.301: [CMS-concurrent-preclean-start]
2021-01-21T16:13:50.026+0800: 1.302: [CMS-concurrent-preclean: 0.002/0.002 secs] [Times: user=0.00 sys=0.00, real=0.00 secs] 
2021-01-21T16:13:50.026+0800: 1.302: [CMS-concurrent-abortable-preclean-start]
2021-01-21T16:13:50.105+0800: 1.382: [GC (Allocation Failure) 2021-01-21T16:13:50.105+0800: 1.382: [ParNew2021-01-21T16:13:50.129+0800: 1.405: [CMS-concurrent-abortable-preclean: 0.002/0.102 secs] [Times: user=0.30 sys=0.03, real=0.10 secs] 
: 629118K->69887K(629120K), 0.0757114 secs] 1461180K->1029073K(2027264K), 0.0757857 secs] [Times: user=0.59 sys=0.03, real=0.08 secs] 
2021-01-21T16:13:50.182+0800: 1.458: [GC (CMS Final Remark) [YG occupancy: 81547 K (629120 K)]2021-01-21T16:13:50.182+0800: 1.458: [Rescan (parallel) , 0.0007484 secs]2021-01-21T16:13:50.182+0800: 1.458: [weak refs processing, 0.0000133 secs]2021-01-21T16:13:50.182+0800: 1.458: [class unloading, 0.0002224 secs]2021-01-21T16:13:50.182+0800: 1.459: [scrub symbol table, 0.0004812 secs]2021-01-21T16:13:50.182+0800: 1.459: [scrub string table, 0.0000980 secs][1 CMS-remark: 959186K(1398144K)] 1040734K(2027264K), 0.0016499 secs] [Times: user=0.00 sys=0.00, real=0.00 secs] 
2021-01-21T16:13:50.183+0800: 1.459: [CMS-concurrent-sweep-start]
2021-01-21T16:13:50.184+0800: 1.461: [CMS-concurrent-sweep: 0.002/0.002 secs] [Times: user=0.00 sys=0.00, real=0.00 secs] 
2021-01-21T16:13:50.185+0800: 1.461: [CMS-concurrent-reset-start]
2021-01-21T16:13:50.189+0800: 1.466: [CMS-concurrent-reset: 0.004/0.004 secs] [Times: user=0.02 sys=0.01, real=0.00 secs] 
2021-01-21T16:13:50.271+0800: 1.548: [GC (Allocation Failure) 2021-01-21T16:13:50.271+0800: 1.548: [ParNew: 629119K->69887K(629120K), 0.0394215 secs] 1056146K->614130K(2027264K), 0.0394991 secs] [Times: user=0.25 sys=0.00, real=0.04 secs] 
2021-01-21T16:13:50.400+0800: 1.677: [GC (Allocation Failure) 2021-01-21T16:13:50.400+0800: 1.677: [ParNew: 629119K->69887K(629120K), 0.0421036 secs] 1173362K->744411K(2027264K), 0.0421841 secs] [Times: user=0.38 sys=0.00, real=0.04 secs] 
2021-01-21T16:13:50.531+0800: 1.807: [GC (Allocation Failure) 2021-01-21T16:13:50.531+0800: 1.807: [ParNew: 629119K->69886K(629120K), 0.0402220 secs] 1303643K->868747K(2027264K), 0.0402995 secs] [Times: user=0.38 sys=0.00, real=0.04 secs] 
2021-01-21T16:13:50.655+0800: 1.931: [GC (Allocation Failure) 2021-01-21T16:13:50.655+0800: 1.931: [ParNew: 629118K->69887K(629120K), 0.0406917 secs] 1427979K->995021K(2027264K), 0.0407689 secs] [Times: user=0.33 sys=0.00, real=0.04 secs] 
2021-01-21T16:13:50.781+0800: 2.058: [GC (Allocation Failure) 2021-01-21T16:13:50.781+0800: 2.058: [ParNew: 629119K->69886K(629120K), 0.0674891 secs] 1554253K->1126206K(2027264K), 0.0675656 secs] [Times: user=0.48 sys=0.08, real=0.07 secs] 
2021-01-21T16:13:50.849+0800: 2.126: [GC (CMS Initial Mark) [1 CMS-initial-mark: 1056319K(1398144K)] 1126789K(2027264K), 0.0001953 secs] [Times: user=0.00 sys=0.00, real=0.00 secs] 
2021-01-21T16:13:50.849+0800: 2.126: [CMS-concurrent-mark-start]
2021-01-21T16:13:50.853+0800: 2.129: [CMS-concurrent-mark: 0.003/0.003 secs] [Times: user=0.00 sys=0.00, real=0.00 secs] 
2021-01-21T16:13:50.853+0800: 2.129: [CMS-concurrent-preclean-start]
2021-01-21T16:13:50.855+0800: 2.131: [CMS-concurrent-preclean: 0.002/0.002 secs] [Times: user=0.00 sys=0.00, real=0.00 secs] 
2021-01-21T16:13:50.855+0800: 2.131: [CMS-concurrent-abortable-preclean-start]
2021-01-21T16:13:50.938+0800: 2.215: [GC (Allocation Failure) 2021-01-21T16:13:50.938+0800: 2.215: [ParNew2021-01-21T16:13:50.957+0800: 2.233: [CMS-concurrent-abortable-preclean: 0.002/0.102 secs] [Times: user=0.33 sys=0.00, real=0.10 secs] 
: 629118K->69887K(629120K), 0.0748775 secs] 1685438K->1252590K(2027264K), 0.0749563 secs] [Times: user=0.58 sys=0.05, real=0.08 secs] 
2021-01-21T16:13:51.013+0800: 2.290: [GC (CMS Final Remark) [YG occupancy: 70229 K (629120 K)]2021-01-21T16:13:51.013+0800: 2.290: [Rescan (parallel) , 0.0007008 secs]2021-01-21T16:13:51.014+0800: 2.291: [weak refs processing, 0.0000123 secs]2021-01-21T16:13:51.014+0800: 2.291: [class unloading, 0.0001910 secs]2021-01-21T16:13:51.014+0800: 2.291: [scrub symbol table, 0.0003970 secs]2021-01-21T16:13:51.015+0800: 2.291: [scrub string table, 0.0000841 secs][1 CMS-remark: 1182703K(1398144K)] 1252932K(2027264K), 0.0014655 secs] [Times: user=0.00 sys=0.00, real=0.00 secs] 
2021-01-21T16:13:51.015+0800: 2.291: [CMS-concurrent-sweep-start]
2021-01-21T16:13:51.018+0800: 2.294: [CMS-concurrent-sweep: 0.003/0.003 secs] [Times: user=0.03 sys=0.00, real=0.00 secs] 
2021-01-21T16:13:51.018+0800: 2.294: [CMS-concurrent-reset-start]
2021-01-21T16:13:51.020+0800: 2.296: [CMS-concurrent-reset: 0.002/0.002 secs] [Times: user=0.00 sys=0.00, real=0.00 secs] 
2021-01-21T16:13:51.100+0800: 2.376: [GC (Allocation Failure) 2021-01-21T16:13:51.100+0800: 2.376: [ParNew: 629119K->69888K(629120K), 0.0424408 secs] 1063759K->639992K(2027264K), 0.0425171 secs] [Times: user=0.38 sys=0.00, real=0.04 secs] 
2021-01-21T16:13:51.229+0800: 2.505: [GC (Allocation Failure) 2021-01-21T16:13:51.229+0800: 2.505: [ParNew: 629120K->69886K(629120K), 0.0384504 secs] 1199224K->754921K(2027264K), 0.0385276 secs] [Times: user=0.38 sys=0.00, real=0.04 secs] 
2021-01-21T16:13:51.349+0800: 2.625: [GC (Allocation Failure) 2021-01-21T16:13:51.349+0800: 2.625: [ParNew: 629118K->69887K(629120K), 0.0439930 secs] 1314153K->887215K(2027264K), 0.0440693 secs] [Times: user=0.36 sys=0.00, real=0.04 secs] 
2021-01-21T16:13:51.482+0800: 2.758: [GC (Allocation Failure) 2021-01-21T16:13:51.482+0800: 2.758: [ParNew: 629119K->69887K(629120K), 0.0411396 secs] 1446447K->1008212K(2027264K), 0.0412393 secs] [Times: user=0.36 sys=0.00, real=0.04 secs] 
2021-01-21T16:13:51.609+0800: 2.885: [GC (Allocation Failure) 2021-01-21T16:13:51.609+0800: 2.885: [ParNew: 629119K->69887K(629120K), 0.0413756 secs] 1567444K->1135883K(2027264K), 0.0414537 secs] [Times: user=0.38 sys=0.00, real=0.04 secs] 
2021-01-21T16:13:51.650+0800: 2.927: [GC (CMS Initial Mark) [1 CMS-initial-mark: 1065995K(1398144K)] 1136035K(2027264K), 0.0002442 secs] [Times: user=0.00 sys=0.00, real=0.00 secs] 
2021-01-21T16:13:51.651+0800: 2.927: [CMS-concurrent-mark-start]
2021-01-21T16:13:51.655+0800: 2.931: [CMS-concurrent-mark: 0.004/0.004 secs] [Times: user=0.00 sys=0.00, real=0.00 secs] 
2021-01-21T16:13:51.655+0800: 2.931: [CMS-concurrent-preclean-start]
2021-01-21T16:13:51.656+0800: 2.933: [CMS-concurrent-preclean: 0.002/0.002 secs] [Times: user=0.00 sys=0.00, real=0.00 secs] 
2021-01-21T16:13:51.656+0800: 2.933: [CMS-concurrent-abortable-preclean-start]
2021-01-21T16:13:51.737+0800: 3.013: [GC (Allocation Failure) 2021-01-21T16:13:51.737+0800: 3.013: [ParNew2021-01-21T16:13:51.759+0800: 3.035: [CMS-concurrent-abortable-preclean: 0.002/0.102 secs] [Times: user=0.23 sys=0.00, real=0.10 secs] 
: 629119K->69887K(629120K), 0.0441808 secs] 1695115K->1262673K(2027264K), 0.0442638 secs] [Times: user=0.25 sys=0.00, real=0.04 secs] 
2021-01-21T16:13:51.781+0800: 3.058: [GC (CMS Final Remark) [YG occupancy: 81690 K (629120 K)]2021-01-21T16:13:51.781+0800: 3.058: [Rescan (parallel) , 0.0007438 secs]2021-01-21T16:13:51.782+0800: 3.058: [weak refs processing, 0.0000121 secs]2021-01-21T16:13:51.782+0800: 3.058: [class unloading, 0.0001932 secs]2021-01-21T16:13:51.782+0800: 3.059: [scrub symbol table, 0.0004054 secs]2021-01-21T16:13:51.783+0800: 3.059: [scrub string table, 0.0000844 secs][1 CMS-remark: 1192786K(1398144K)] 1274477K(2027264K), 0.0015306 secs] [Times: user=0.13 sys=0.00, real=0.00 secs] 
2021-01-21T16:13:51.783+0800: 3.059: [CMS-concurrent-sweep-start]
2021-01-21T16:13:51.786+0800: 3.063: [CMS-concurrent-sweep: 0.003/0.003 secs] [Times: user=0.00 sys=0.00, real=0.00 secs] 
2021-01-21T16:13:51.786+0800: 3.063: [CMS-concurrent-reset-start]
2021-01-21T16:13:51.788+0800: 3.065: [CMS-concurrent-reset: 0.002/0.002 secs] [Times: user=0.00 sys=0.00, real=0.00 secs] 
2021-01-21T16:13:51.868+0800: 3.144: [GC (Allocation Failure) 2021-01-21T16:13:51.868+0800: 3.144: [ParNew: 629119K->69887K(629120K), 0.0414093 secs] 1064658K->632037K(2027264K), 0.0414860 secs] [Times: user=0.38 sys=0.00, real=0.04 secs] 
2021-01-21T16:13:51.997+0800: 3.273: [GC (Allocation Failure) 2021-01-21T16:13:51.997+0800: 3.273: [ParNew: 629119K->69887K(629120K), 0.0439334 secs] 1191269K->765821K(2027264K), 0.0440117 secs] [Times: user=0.38 sys=0.00, real=0.04 secs] 
2021-01-21T16:13:52.122+0800: 3.398: [GC (Allocation Failure) 2021-01-21T16:13:52.122+0800: 3.398: [ParNew: 629119K->69887K(629120K), 0.0401972 secs] 1325053K->890486K(2027264K), 0.0402751 secs] [Times: user=0.38 sys=0.00, real=0.04 secs] 
2021-01-21T16:13:52.243+0800: 3.520: [GC (Allocation Failure) 2021-01-21T16:13:52.244+0800: 3.520: [ParNew: 629119K->69887K(629120K), 0.0413204 secs] 1449718K->1020479K(2027264K), 0.0414186 secs] [Times: user=0.36 sys=0.02, real=0.04 secs] 
2021-01-21T16:13:52.285+0800: 3.561: [GC (CMS Initial Mark) [1 CMS-initial-mark: 950591K(1398144K)] 1020767K(2027264K), 0.0001932 secs] [Times: user=0.00 sys=0.00, real=0.00 secs] 
2021-01-21T16:13:52.285+0800: 3.562: [CMS-concurrent-mark-start]
2021-01-21T16:13:52.288+0800: 3.565: [CMS-concurrent-mark: 0.003/0.003 secs] [Times: user=0.00 sys=0.00, real=0.00 secs] 
2021-01-21T16:13:52.288+0800: 3.565: [CMS-concurrent-preclean-start]
2021-01-21T16:13:52.290+0800: 3.567: [CMS-concurrent-preclean: 0.002/0.002 secs] [Times: user=0.00 sys=0.00, real=0.00 secs] 
2021-01-21T16:13:52.290+0800: 3.567: [CMS-concurrent-abortable-preclean-start]
2021-01-21T16:13:52.368+0800: 3.644: [GC (Allocation Failure) 2021-01-21T16:13:52.368+0800: 3.644: [ParNew2021-01-21T16:13:52.393+0800: 3.669: [CMS-concurrent-abortable-preclean: 0.002/0.102 secs] [Times: user=0.31 sys=0.00, real=0.10 secs] 
: 629119K->69887K(629120K), 0.0427946 secs] 1579711K->1145702K(2027264K), 0.0428721 secs] [Times: user=0.36 sys=0.00, real=0.04 secs] 
2021-01-21T16:13:52.411+0800: 3.687: [GC (CMS Final Remark) [YG occupancy: 69959 K (629120 K)]2021-01-21T16:13:52.411+0800: 3.687: [Rescan (parallel) , 0.0008743 secs]2021-01-21T16:13:52.412+0800: 3.688: [weak refs processing, 0.0000212 secs]2021-01-21T16:13:52.412+0800: 3.688: [class unloading, 0.0001881 secs]2021-01-21T16:13:52.412+0800: 3.688: [scrub symbol table, 0.0003959 secs]2021-01-21T16:13:52.412+0800: 3.689: [scrub string table, 0.0000809 secs][1 CMS-remark: 1075814K(1398144K)] 1145774K(2027264K), 0.0016370 secs] [Times: user=0.00 sys=0.00, real=0.00 secs] 
2021-01-21T16:13:52.413+0800: 3.689: [CMS-concurrent-sweep-start]
2021-01-21T16:13:52.415+0800: 3.691: [CMS-concurrent-sweep: 0.002/0.002 secs] [Times: user=0.00 sys=0.00, real=0.00 secs] 
2021-01-21T16:13:52.415+0800: 3.691: [CMS-concurrent-reset-start]
2021-01-21T16:13:52.417+0800: 3.694: [CMS-concurrent-reset: 0.002/0.002 secs] [Times: user=0.00 sys=0.00, real=0.00 secs] 
2021-01-21T16:13:52.502+0800: 3.779: [GC (Allocation Failure) 2021-01-21T16:13:52.502+0800: 3.779: [ParNew: 629119K->69887K(629120K), 0.0437483 secs] 1064944K->631958K(2027264K), 0.0438263 secs] [Times: user=0.22 sys=0.01, real=0.04 secs] 
2021-01-21T16:13:52.632+0800: 3.909: [GC (Allocation Failure) 2021-01-21T16:13:52.632+0800: 3.909: [ParNew: 629119K->69887K(629120K), 0.0408387 secs] 1191190K->761117K(2027264K), 0.0409163 secs] [Times: user=0.38 sys=0.00, real=0.04 secs] 
2021-01-21T16:13:52.756+0800: 4.032: [GC (Allocation Failure) 2021-01-21T16:13:52.756+0800: 4.032: [ParNew: 629119K->69886K(629120K), 0.0412564 secs] 1320349K->887201K(2027264K), 0.0413357 secs] [Times: user=0.22 sys=0.02, real=0.04 secs] 
2021-01-21T16:13:52.886+0800: 4.162: [GC (Allocation Failure) 2021-01-21T16:13:52.886+0800: 4.162: [ParNew: 629118K->69887K(629120K), 0.0399413 secs] 1446433K->1006731K(2027264K), 0.0400216 secs] [Times: user=0.38 sys=0.00, real=0.04 secs] 
2021-01-21T16:13:53.010+0800: 4.286: [GC (Allocation Failure) 2021-01-21T16:13:53.010+0800: 4.286: [ParNew: 629119K->69887K(629120K), 0.0445550 secs] 1565963K->1145146K(2027264K), 0.0446329 secs] [Times: user=0.36 sys=0.00, real=0.04 secs] 
2021-01-21T16:13:53.054+0800: 4.331: [GC (CMS Initial Mark) [1 CMS-initial-mark: 1075258K(1398144K)] 1156394K(2027264K), 0.0003109 secs] [Times: user=0.00 sys=0.00, real=0.00 secs] 
2021-01-21T16:13:53.054+0800: 4.331: [CMS-concurrent-mark-start]
2021-01-21T16:13:53.059+0800: 4.335: [CMS-concurrent-mark: 0.004/0.004 secs] [Times: user=0.00 sys=0.00, real=0.01 secs] 
2021-01-21T16:13:53.059+0800: 4.336: [CMS-concurrent-preclean-start]
2021-01-21T16:13:53.060+0800: 4.337: [CMS-concurrent-preclean: 0.002/0.002 secs] [Times: user=0.00 sys=0.00, real=0.00 secs] 
2021-01-21T16:13:53.060+0800: 4.337: [CMS-concurrent-abortable-preclean-start]
2021-01-21T16:13:53.140+0800: 4.417: [GC (Allocation Failure) 2021-01-21T16:13:53.140+0800: 4.417: [ParNew2021-01-21T16:13:53.163+0800: 4.439: [CMS-concurrent-abortable-preclean: 0.002/0.102 secs] [Times: user=0.33 sys=0.00, real=0.10 secs] 
: 629119K->69887K(629120K), 0.0477506 secs] 1704378K->1281723K(2027264K), 0.0478279 secs] [Times: user=0.50 sys=0.00, real=0.05 secs] 
2021-01-21T16:13:53.188+0800: 4.465: [GC (CMS Final Remark) [YG occupancy: 81757 K (629120 K)]2021-01-21T16:13:53.188+0800: 4.465: [Rescan (parallel) , 0.0009202 secs]2021-01-21T16:13:53.189+0800: 4.466: [weak refs processing, 0.0000131 secs]2021-01-21T16:13:53.189+0800: 4.466: [class unloading, 0.0001936 secs]2021-01-21T16:13:53.189+0800: 4.466: [scrub symbol table, 0.0004191 secs]2021-01-21T16:13:53.190+0800: 4.467: [scrub string table, 0.0000851 secs][1 CMS-remark: 1211836K(1398144K)] 1293594K(2027264K), 0.0017248 secs] [Times: user=0.00 sys=0.00, real=0.00 secs] 
2021-01-21T16:13:53.190+0800: 4.467: [CMS-concurrent-sweep-start]
2021-01-21T16:13:53.193+0800: 4.470: [CMS-concurrent-sweep: 0.003/0.003 secs] [Times: user=0.00 sys=0.00, real=0.00 secs] 
2021-01-21T16:13:53.193+0800: 4.470: [CMS-concurrent-reset-start]
2021-01-21T16:13:53.196+0800: 4.472: [CMS-concurrent-reset: 0.002/0.002 secs] [Times: user=0.00 sys=0.00, real=0.00 secs] 
2021-01-21T16:13:53.275+0800: 4.551: [GC (Allocation Failure) 2021-01-21T16:13:53.275+0800: 4.551: [ParNew: 629119K->69887K(629120K), 0.0425439 secs] 1074241K->651721K(2027264K), 0.0426196 secs] [Times: user=0.38 sys=0.00, real=0.04 secs] 
2021-01-21T16:13:53.402+0800: 4.679: [GC (Allocation Failure) 2021-01-21T16:13:53.402+0800: 4.679: [ParNew: 629119K->69887K(629120K), 0.0399329 secs] 1210953K->771663K(2027264K), 0.0400107 secs] [Times: user=0.38 sys=0.00, real=0.04 secs] 
2021-01-21T16:13:53.528+0800: 4.805: [GC (Allocation Failure) 2021-01-21T16:13:53.528+0800: 4.805: [ParNew: 629119K->69886K(629120K), 0.0432509 secs] 1330895K->899881K(2027264K), 0.0433288 secs] [Times: user=0.34 sys=0.02, real=0.04 secs] 
2021-01-21T16:13:53.658+0800: 4.935: [GC (Allocation Failure) 2021-01-21T16:13:53.658+0800: 4.935: [ParNew: 629118K->69887K(629120K), 0.0417619 secs] 1459113K->1031850K(2027264K), 0.0418396 secs] [Times: user=0.25 sys=0.00, real=0.04 secs] 
2021-01-21T16:13:53.700+0800: 4.977: [GC (CMS Initial Mark) [1 CMS-initial-mark: 961962K(1398144K)] 1043172K(2027264K), 0.0003516 secs] [Times: user=0.00 sys=0.00, real=0.00 secs] 
2021-01-21T16:13:53.700+0800: 4.977: [CMS-concurrent-mark-start]
2021-01-21T16:13:53.704+0800: 4.981: [CMS-concurrent-mark: 0.004/0.004 secs] [Times: user=0.05 sys=0.00, real=0.00 secs] 
2021-01-21T16:13:53.704+0800: 4.981: [CMS-concurrent-preclean-start]
2021-01-21T16:13:53.706+0800: 4.983: [CMS-concurrent-preclean: 0.002/0.002 secs] [Times: user=0.00 sys=0.00, real=0.00 secs] 
2021-01-21T16:13:53.706+0800: 4.983: [CMS-concurrent-abortable-preclean-start]
2021-01-21T16:13:53.783+0800: 5.060: [GC (Allocation Failure) 2021-01-21T16:13:53.783+0800: 5.060: [ParNew2021-01-21T16:13:53.809+0800: 5.085: [CMS-concurrent-abortable-preclean: 0.002/0.102 secs] [Times: user=0.20 sys=0.00, real=0.10 secs] 
: 629119K->69887K(629120K), 0.0413452 secs] 1591082K->1164216K(2027264K), 0.0414191 secs] [Times: user=0.25 sys=0.00, real=0.04 secs] 
2021-01-21T16:13:53.825+0800: 5.102: [GC (CMS Final Remark) [YG occupancy: 81743 K (629120 K)]2021-01-21T16:13:53.825+0800: 5.102: [Rescan (parallel) , 0.0008550 secs]2021-01-21T16:13:53.826+0800: 5.102: [weak refs processing, 0.0000229 secs]2021-01-21T16:13:53.826+0800: 5.103: [class unloading, 0.0001942 secs]2021-01-21T16:13:53.826+0800: 5.103: [scrub symbol table, 0.0004196 secs]2021-01-21T16:13:53.827+0800: 5.103: [scrub string table, 0.0000803 secs][1 CMS-remark: 1094329K(1398144K)] 1176072K(2027264K), 0.0016783 secs] [Times: user=0.00 sys=0.00, real=0.00 secs] 
2021-01-21T16:13:53.827+0800: 5.103: [CMS-concurrent-sweep-start]
2021-01-21T16:13:53.830+0800: 5.107: [CMS-concurrent-sweep: 0.003/0.003 secs] [Times: user=0.03 sys=0.00, real=0.00 secs] 
2021-01-21T16:13:53.830+0800: 5.107: [CMS-concurrent-reset-start]
2021-01-21T16:13:53.833+0800: 5.109: [CMS-concurrent-reset: 0.002/0.002 secs] [Times: user=0.00 sys=0.00, real=0.00 secs] 
2021-01-21T16:13:53.911+0800: 5.187: [GC (Allocation Failure) 2021-01-21T16:13:53.911+0800: 5.187: [ParNew: 629119K->69887K(629120K), 0.0407625 secs] 1076175K->643101K(2027264K), 0.0408402 secs] [Times: user=0.25 sys=0.00, real=0.04 secs] 
2021-01-21T16:13:54.036+0800: 5.313: [GC (Allocation Failure) 2021-01-21T16:13:54.036+0800: 5.313: [ParNew: 629119K->69887K(629120K), 0.0420618 secs] 1202333K->769618K(2027264K), 0.0421408 secs] [Times: user=0.25 sys=0.02, real=0.04 secs] 
2021-01-21T16:13:54.167+0800: 5.443: [GC (Allocation Failure) 2021-01-21T16:13:54.167+0800: 5.443: [ParNew: 629119K->69887K(629120K), 0.0412080 secs] 1328850K->892285K(2027264K), 0.0412853 secs] [Times: user=0.36 sys=0.02, real=0.04 secs] 
2021-01-21T16:13:54.292+0800: 5.568: [GC (Allocation Failure) 2021-01-21T16:13:54.292+0800: 5.568: [ParNew: 629119K->69887K(629120K), 0.0420126 secs] 1451517K->1023891K(2027264K), 0.0420927 secs] [Times: user=0.38 sys=0.00, real=0.04 secs] 
2021-01-21T16:13:54.424+0800: 5.701: [GC (Allocation Failure) 2021-01-21T16:13:54.424+0800: 5.701: [ParNew: 629119K->69887K(629120K), 0.0405722 secs] 1583123K->1148200K(2027264K), 0.0406494 secs] [Times: user=0.25 sys=0.00, real=0.04 secs] 
2021-01-21T16:13:54.465+0800: 5.741: [GC (CMS Initial Mark) [1 CMS-initial-mark: 1078313K(1398144K)] 1159623K(2027264K), 0.0002539 secs] [Times: user=0.00 sys=0.00, real=0.00 secs] 
2021-01-21T16:13:54.466+0800: 5.742: [CMS-concurrent-mark-start]
2021-01-21T16:13:54.469+0800: 5.745: [CMS-concurrent-mark: 0.003/0.003 secs] [Times: user=0.00 sys=0.00, real=0.00 secs] 
2021-01-21T16:13:54.469+0800: 5.745: [CMS-concurrent-preclean-start]
2021-01-21T16:13:54.471+0800: 5.747: [CMS-concurrent-preclean: 0.002/0.002 secs] [Times: user=0.03 sys=0.00, real=0.00 secs] 
2021-01-21T16:13:54.471+0800: 5.747: [CMS-concurrent-abortable-preclean-start]
2021-01-21T16:13:54.549+0800: 5.825: [GC (Allocation Failure) 2021-01-21T16:13:54.549+0800: 5.825: [ParNew2021-01-21T16:13:54.574+0800: 5.850: [CMS-concurrent-abortable-preclean: 0.002/0.103 secs] [Times: user=0.20 sys=0.00, real=0.10 secs] 
: 629119K->69886K(629120K), 0.0422530 secs] 1707432K->1280790K(2027264K), 0.0423287 secs] [Times: user=0.25 sys=0.00, real=0.04 secs] 
2021-01-21T16:13:54.592+0800: 5.868: [GC (CMS Final Remark) [YG occupancy: 81462 K (629120 K)]2021-01-21T16:13:54.592+0800: 5.868: [Rescan (parallel) , 0.0007631 secs]2021-01-21T16:13:54.592+0800: 5.869: [weak refs processing, 0.0000188 secs]2021-01-21T16:13:54.593+0800: 5.869: [class unloading, 0.0002001 secs]2021-01-21T16:13:54.593+0800: 5.869: [scrub symbol table, 0.0004398 secs]2021-01-21T16:13:54.593+0800: 5.869: [scrub string table, 0.0000980 secs][1 CMS-remark: 1210904K(1398144K)] 1292366K(2027264K), 0.0016060 secs] [Times: user=0.00 sys=0.00, real=0.00 secs] 
2021-01-21T16:13:54.593+0800: 5.869: [CMS-concurrent-sweep-start]
2021-01-21T16:13:54.597+0800: 5.873: [CMS-concurrent-sweep: 0.003/0.003 secs] [Times: user=0.03 sys=0.00, real=0.00 secs] 
2021-01-21T16:13:54.597+0800: 5.873: [CMS-concurrent-reset-start]
2021-01-21T16:13:54.599+0800: 5.875: [CMS-concurrent-reset: 0.002/0.002 secs] [Times: user=0.00 sys=0.00, real=0.00 secs] 
2021-01-21T16:13:54.680+0800: 5.956: [GC (Allocation Failure) 2021-01-21T16:13:54.680+0800: 5.956: [ParNew: 629118K->69887K(629120K), 0.0424495 secs] 1074231K->641910K(2027264K), 0.0425279 secs] [Times: user=0.38 sys=0.00, real=0.04 secs] 
2021-01-21T16:13:54.806+0800: 6.083: [GC (Allocation Failure) 2021-01-21T16:13:54.806+0800: 6.083: [ParNew: 629119K->69887K(629120K), 0.0404645 secs] 1201142K->765493K(2027264K), 0.0405401 secs] [Times: user=0.36 sys=0.02, real=0.04 secs] 
2021-01-21T16:13:54.931+0800: 6.208: [GC (Allocation Failure) 2021-01-21T16:13:54.931+0800: 6.208: [ParNew: 629119K->69887K(629120K), 0.0409256 secs] 1324725K->893635K(2027264K), 0.0410031 secs] [Times: user=0.36 sys=0.01, real=0.04 secs] 
2021-01-21T16:13:55.056+0800: 6.332: [GC (Allocation Failure) 2021-01-21T16:13:55.056+0800: 6.332: [ParNew: 629119K->69887K(629120K), 0.0403490 secs] 1452867K->1015471K(2027264K), 0.0404282 secs] [Times: user=0.38 sys=0.00, real=0.04 secs] 
2021-01-21T16:13:55.182+0800: 6.459: [GC (Allocation Failure) 2021-01-21T16:13:55.182+0800: 6.459: [ParNew: 629119K->69886K(629120K), 0.0427645 secs] 1574703K->1138621K(2027264K), 0.0428432 secs] [Times: user=0.38 sys=0.00, real=0.04 secs] 
2021-01-21T16:13:55.225+0800: 6.502: [GC (CMS Initial Mark) [1 CMS-initial-mark: 1068734K(1398144K)] 1139007K(2027264K), 0.0002007 secs] [Times: user=0.00 sys=0.00, real=0.00 secs] 
2021-01-21T16:13:55.226+0800: 6.502: [CMS-concurrent-mark-start]
2021-01-21T16:13:55.229+0800: 6.506: [CMS-concurrent-mark: 0.004/0.004 secs] [Times: user=0.00 sys=0.00, real=0.00 secs] 
2021-01-21T16:13:55.229+0800: 6.506: [CMS-concurrent-preclean-start]
2021-01-21T16:13:55.231+0800: 6.508: [CMS-concurrent-preclean: 0.002/0.002 secs] [Times: user=0.00 sys=0.00, real=0.00 secs] 
2021-01-21T16:13:55.232+0800: 6.508: [CMS-concurrent-abortable-preclean-start]
2021-01-21T16:13:55.310+0800: 6.587: [GC (Allocation Failure) 2021-01-21T16:13:55.310+0800: 6.587: [ParNew2021-01-21T16:13:55.334+0800: 6.610: [CMS-concurrent-abortable-preclean: 0.002/0.102 secs] [Times: user=0.33 sys=0.00, real=0.10 secs] 
: 629118K->69887K(629120K), 0.0385200 secs] 1697853K->1254708K(2027264K), 0.0386004 secs] [Times: user=0.38 sys=0.00, real=0.04 secs] 
2021-01-21T16:13:55.349+0800: 6.626: [GC (CMS Final Remark) [YG occupancy: 70373 K (629120 K)]2021-01-21T16:13:55.349+0800: 6.626: [Rescan (parallel) , 0.0007326 secs]2021-01-21T16:13:55.350+0800: 6.626: [weak refs processing, 0.0000219 secs]2021-01-21T16:13:55.350+0800: 6.626: [class unloading, 0.0002124 secs]2021-01-21T16:13:55.350+0800: 6.627: [scrub symbol table, 0.0004649 secs]2021-01-21T16:13:55.351+0800: 6.627: [scrub string table, 0.0000819 secs][1 CMS-remark: 1184820K(1398144K)] 1255194K(2027264K), 0.0015908 secs] [Times: user=0.00 sys=0.00, real=0.00 secs] 
2021-01-21T16:13:55.351+0800: 6.627: [CMS-concurrent-sweep-start]
2021-01-21T16:13:55.355+0800: 6.631: [CMS-concurrent-sweep: 0.004/0.004 secs] [Times: user=0.00 sys=0.00, real=0.00 secs] 
2021-01-21T16:13:55.355+0800: 6.632: [CMS-concurrent-reset-start]
2021-01-21T16:13:55.357+0800: 6.633: [CMS-concurrent-reset: 0.002/0.002 secs] [Times: user=0.00 sys=0.00, real=0.00 secs] 
2021-01-21T16:13:55.439+0800: 6.716: [GC (Allocation Failure) 2021-01-21T16:13:55.439+0800: 6.716: [ParNew: 629119K->69887K(629120K), 0.0419226 secs] 1047760K->617801K(2027264K), 0.0420141 secs] [Times: user=0.25 sys=0.00, real=0.04 secs] 
2021-01-21T16:13:55.566+0800: 6.842: [GC (Allocation Failure) 2021-01-21T16:13:55.566+0800: 6.842: [ParNew: 629119K->69887K(629120K), 0.0422654 secs] 1177033K->751176K(2027264K), 0.0423470 secs] [Times: user=0.25 sys=0.00, real=0.04 secs] 
2021-01-21T16:13:55.691+0800: 6.967: [GC (Allocation Failure) 2021-01-21T16:13:55.691+0800: 6.967: [ParNew: 629119K->69886K(629120K), 0.0454980 secs] 1310408K->891093K(2027264K), 0.0455770 secs] [Times: user=0.38 sys=0.00, real=0.05 secs] 
2021-01-21T16:13:55.822+0800: 7.098: [GC (Allocation Failure) 2021-01-21T16:13:55.822+0800: 7.098: [ParNew: 629118K->69887K(629120K), 0.0419887 secs] 1450325K->1019273K(2027264K), 0.0420692 secs] [Times: user=0.38 sys=0.00, real=0.04 secs] 
2021-01-21T16:13:55.948+0800: 7.224: [GC (Allocation Failure) 2021-01-21T16:13:55.948+0800: 7.224: [ParNew: 628528K->69887K(629120K), 0.0412484 secs] 1577914K->1147839K(2027264K), 0.0413261 secs] [Times: user=0.38 sys=0.00, real=0.04 secs] 
2021-01-21T16:13:55.989+0800: 7.266: [GC (CMS Initial Mark) [1 CMS-initial-mark: 1077952K(1398144K)] 1159708K(2027264K), 0.0001898 secs] [Times: user=0.00 sys=0.00, real=0.00 secs] 
2021-01-21T16:13:55.990+0800: 7.266: [CMS-concurrent-mark-start]
2021-01-21T16:13:55.993+0800: 7.270: [CMS-concurrent-mark: 0.004/0.004 secs] [Times: user=0.00 sys=0.00, real=0.00 secs] 
2021-01-21T16:13:55.993+0800: 7.270: [CMS-concurrent-preclean-start]
2021-01-21T16:13:55.995+0800: 7.272: [CMS-concurrent-preclean: 0.002/0.002 secs] [Times: user=0.00 sys=0.00, real=0.00 secs] 
2021-01-21T16:13:55.995+0800: 7.272: [CMS-concurrent-abortable-preclean-start]
2021-01-21T16:13:56.076+0800: 7.352: [GC (Allocation Failure) 2021-01-21T16:13:56.076+0800: 7.352: [ParNew2021-01-21T16:13:56.098+0800: 7.374: [CMS-concurrent-abortable-preclean: 0.002/0.102 secs] [Times: user=0.31 sys=0.00, real=0.10 secs] 
: 629119K->69887K(629120K), 0.0407021 secs] 1707071K->1268779K(2027264K), 0.0407811 secs] [Times: user=0.36 sys=0.00, real=0.04 secs] 
2021-01-21T16:13:56.117+0800: 7.393: [GC (CMS Final Remark) [YG occupancy: 81142 K (629120 K)]2021-01-21T16:13:56.117+0800: 7.393: [Rescan (parallel) , 0.0007763 secs]2021-01-21T16:13:56.118+0800: 7.394: [weak refs processing, 0.0000135 secs]2021-01-21T16:13:56.118+0800: 7.394: [class unloading, 0.0003316 secs]2021-01-21T16:13:56.118+0800: 7.395: [scrub symbol table, 0.0005052 secs]2021-01-21T16:13:56.119+0800: 7.395: [scrub string table, 0.0001114 secs][1 CMS-remark: 1198891K(1398144K)] 1280034K(2027264K), 0.0018316 secs] [Times: user=0.00 sys=0.00, real=0.00 secs] 
2021-01-21T16:13:56.119+0800: 7.395: [CMS-concurrent-sweep-start]
2021-01-21T16:13:56.123+0800: 7.399: [CMS-concurrent-sweep: 0.004/0.004 secs] [Times: user=0.00 sys=0.00, real=0.00 secs] 
2021-01-21T16:13:56.123+0800: 7.399: [CMS-concurrent-reset-start]
2021-01-21T16:13:56.125+0800: 7.401: [CMS-concurrent-reset: 0.002/0.002 secs] [Times: user=0.00 sys=0.00, real=0.00 secs] 
2021-01-21T16:13:56.207+0800: 7.484: [GC (Allocation Failure) 2021-01-21T16:13:56.208+0800: 7.484: [ParNew: 629119K->69887K(629120K), 0.0416536 secs] 1062547K->624765K(2027264K), 0.0417424 secs] [Times: user=0.20 sys=0.02, real=0.04 secs] 
2021-01-21T16:13:56.337+0800: 7.613: [GC (Allocation Failure) 2021-01-21T16:13:56.337+0800: 7.613: [ParNew: 629119K->69887K(629120K), 0.0389664 secs] 1183997K->733855K(2027264K), 0.0390423 secs] [Times: user=0.27 sys=0.00, real=0.04 secs] 
2021-01-21T16:13:56.458+0800: 7.735: [GC (Allocation Failure) 2021-01-21T16:13:56.458+0800: 7.735: [ParNew: 629119K->69887K(629120K), 0.0415515 secs] 1293087K->859241K(2027264K), 0.0416289 secs] [Times: user=0.23 sys=0.00, real=0.04 secs] 
2021-01-21T16:13:56.584+0800: 7.860: [GC (Allocation Failure) 2021-01-21T16:13:56.584+0800: 7.860: [ParNew: 629119K->69887K(629120K), 0.0392422 secs] 1418473K->978270K(2027264K), 0.0393238 secs] [Times: user=0.25 sys=0.00, real=0.04 secs] 
2021-01-21T16:13:56.714+0800: 7.990: [GC (Allocation Failure) 2021-01-21T16:13:56.714+0800: 7.990: [ParNew: 629119K->69887K(629120K), 0.0402032 secs] 1537502K->1102291K(2027264K), 0.0402802 secs] [Times: user=0.38 sys=0.00, real=0.04 secs] 
2021-01-21T16:13:56.754+0800: 8.030: [GC (CMS Initial Mark) [1 CMS-initial-mark: 1032404K(1398144K)] 1113624K(2027264K), 0.0002297 secs] [Times: user=0.00 sys=0.00, real=0.00 secs] 
2021-01-21T16:13:56.754+0800: 8.030: [CMS-concurrent-mark-start]
2021-01-21T16:13:56.757+0800: 8.034: [CMS-concurrent-mark: 0.004/0.004 secs] [Times: user=0.00 sys=0.00, real=0.00 secs] 
2021-01-21T16:13:56.757+0800: 8.034: [CMS-concurrent-preclean-start]
2021-01-21T16:13:56.759+0800: 8.036: [CMS-concurrent-preclean: 0.002/0.002 secs] [Times: user=0.00 sys=0.00, real=0.00 secs] 
2021-01-21T16:13:56.759+0800: 8.036: [CMS-concurrent-abortable-preclean-start]
2021-01-21T16:13:56.838+0800: 8.115: [GC (Allocation Failure) 2021-01-21T16:13:56.838+0800: 8.115: [ParNew2021-01-21T16:13:56.862+0800: 8.138: [CMS-concurrent-abortable-preclean: 0.002/0.102 secs] [Times: user=0.33 sys=0.00, real=0.10 secs] 
: 629119K->69887K(629120K), 0.0415210 secs] 1661523K->1226200K(2027264K), 0.0416004 secs] [Times: user=0.36 sys=0.00, real=0.04 secs] 
2021-01-21T16:13:56.880+0800: 8.157: [GC (CMS Final Remark) [YG occupancy: 81591 K (629120 K)]2021-01-21T16:13:56.880+0800: 8.157: [Rescan (parallel) , 0.0007737 secs]2021-01-21T16:13:56.881+0800: 8.158: [weak refs processing, 0.0000141 secs]2021-01-21T16:13:56.881+0800: 8.158: [class unloading, 0.0002242 secs]2021-01-21T16:13:56.881+0800: 8.158: [scrub symbol table, 0.0004150 secs]2021-01-21T16:13:56.882+0800: 8.158: [scrub string table, 0.0000892 secs][1 CMS-remark: 1156313K(1398144K)] 1237904K(2027264K), 0.0016034 secs] [Times: user=0.00 sys=0.00, real=0.00 secs] 
2021-01-21T16:13:56.882+0800: 8.159: [CMS-concurrent-sweep-start]
2021-01-21T16:13:56.885+0800: 8.162: [CMS-concurrent-sweep: 0.004/0.004 secs] [Times: user=0.00 sys=0.00, real=0.00 secs] 
2021-01-21T16:13:56.886+0800: 8.162: [CMS-concurrent-reset-start]
2021-01-21T16:13:56.888+0800: 8.164: [CMS-concurrent-reset: 0.002/0.002 secs] [Times: user=0.00 sys=0.00, real=0.00 secs] 
2021-01-21T16:13:56.969+0800: 8.246: [GC (Allocation Failure) 2021-01-21T16:13:56.969+0800: 8.246: [ParNew: 629119K->69887K(629120K), 0.0400600 secs] 1053405K->614462K(2027264K), 0.0401368 secs] [Times: user=0.36 sys=0.01, real=0.04 secs] 
2021-01-21T16:13:57.093+0800: 8.369: [GC (Allocation Failure) 2021-01-21T16:13:57.093+0800: 8.369: [ParNew: 629119K->69887K(629120K), 0.0422228 secs] 1173694K->748231K(2027264K), 0.0423033 secs] [Times: user=0.36 sys=0.02, real=0.04 secs] 
2021-01-21T16:13:57.220+0800: 8.497: [GC (Allocation Failure) 2021-01-21T16:13:57.220+0800: 8.497: [ParNew: 629119K->69886K(629120K), 0.0399729 secs] 1307463K->867805K(2027264K), 0.0400514 secs] [Times: user=0.25 sys=0.00, real=0.04 secs] 
2021-01-21T16:13:57.346+0800: 8.622: [GC (Allocation Failure) 2021-01-21T16:13:57.346+0800: 8.622: [ParNew: 629118K->69887K(629120K), 0.0443544 secs] 1427037K->994995K(2027264K), 0.0444324 secs] [Times: user=0.25 sys=0.00, real=0.04 secs] 
2021-01-21T16:13:57.474+0800: 8.751: [GC (Allocation Failure) 2021-01-21T16:13:57.474+0800: 8.751: [ParNew: 629119K->69887K(629120K), 0.0418064 secs] 1554227K->1122718K(2027264K), 0.0418857 secs] [Times: user=0.22 sys=0.00, real=0.04 secs] 
2021-01-21T16:13:57.517+0800: 8.793: [GC (CMS Initial Mark) [1 CMS-initial-mark: 1052831K(1398144K)] 1134293K(2027264K), 0.0002331 secs] [Times: user=0.00 sys=0.00, real=0.00 secs] 
2021-01-21T16:13:57.517+0800: 8.793: [CMS-concurrent-mark-start]
2021-01-21T16:13:57.520+0800: 8.797: [CMS-concurrent-mark: 0.003/0.003 secs] [Times: user=0.00 sys=0.00, real=0.00 secs] 
2021-01-21T16:13:57.520+0800: 8.797: [CMS-concurrent-preclean-start]
2021-01-21T16:13:57.522+0800: 8.798: [CMS-concurrent-preclean: 0.002/0.002 secs] [Times: user=0.00 sys=0.00, real=0.00 secs] 
2021-01-21T16:13:57.522+0800: 8.799: [CMS-concurrent-abortable-preclean-start]
2021-01-21T16:13:57.601+0800: 8.877: [GC (Allocation Failure) 2021-01-21T16:13:57.601+0800: 8.877: [ParNew2021-01-21T16:13:57.625+0800: 8.901: [CMS-concurrent-abortable-preclean: 0.002/0.102 secs] [Times: user=0.20 sys=0.00, real=0.10 secs] 
: 629119K->69886K(629120K), 0.0417053 secs] 1681950K->1253702K(2027264K), 0.0417807 secs] [Times: user=0.38 sys=0.00, real=0.04 secs] 
2021-01-21T16:13:57.643+0800: 8.919: [GC (CMS Final Remark) [YG occupancy: 70435 K (629120 K)]2021-01-21T16:13:57.643+0800: 8.919: [Rescan (parallel) , 0.0007889 secs]2021-01-21T16:13:57.644+0800: 8.920: [weak refs processing, 0.0000259 secs]2021-01-21T16:13:57.644+0800: 8.920: [class unloading, 0.0002396 secs]2021-01-21T16:13:57.644+0800: 8.920: [scrub symbol table, 0.0004046 secs]2021-01-21T16:13:57.644+0800: 8.921: [scrub string table, 0.0000952 secs][1 CMS-remark: 1183815K(1398144K)] 1254250K(2027264K), 0.0016650 secs] [Times: user=0.00 sys=0.00, real=0.00 secs] 
2021-01-21T16:13:57.645+0800: 8.921: [CMS-concurrent-sweep-start]
2021-01-21T16:13:57.648+0800: 8.924: [CMS-concurrent-sweep: 0.003/0.003 secs] [Times: user=0.00 sys=0.00, real=0.00 secs] 
2021-01-21T16:13:57.648+0800: 8.924: [CMS-concurrent-reset-start]
2021-01-21T16:13:57.650+0800: 8.927: [CMS-concurrent-reset: 0.002/0.002 secs] [Times: user=0.00 sys=0.00, real=0.00 secs] 
2021-01-21T16:13:57.731+0800: 9.008: [GC (Allocation Failure) 2021-01-21T16:13:57.731+0800: 9.008: [ParNew: 629118K->69886K(629120K), 0.0393235 secs] 1068148K->624705K(2027264K), 0.0394059 secs] [Times: user=0.38 sys=0.00, real=0.04 secs] 
2021-01-21T16:13:57.856+0800: 9.132: [GC (Allocation Failure) 2021-01-21T16:13:57.856+0800: 9.132: [ParNew: 629118K->69886K(629120K), 0.0421729 secs] 1183937K->737500K(2027264K), 0.0422521 secs] [Times: user=0.38 sys=0.00, real=0.04 secs] 
2021-01-21T16:13:57.983+0800: 9.259: [GC (Allocation Failure) 2021-01-21T16:13:57.983+0800: 9.259: [ParNew: 629118K->69887K(629120K), 0.0408574 secs] 1296732K->862382K(2027264K), 0.0409359 secs] [Times: user=0.38 sys=0.00, real=0.04 secs] 
2021-01-21T16:13:58.107+0800: 9.383: [GC (Allocation Failure) 2021-01-21T16:13:58.107+0800: 9.383: [ParNew: 629118K->69887K(629120K), 0.0412709 secs] 1421613K->990753K(2027264K), 0.0413475 secs] [Times: user=0.38 sys=0.00, real=0.04 secs] 
2021-01-21T16:13:58.231+0800: 9.507: [GC (Allocation Failure) 2021-01-21T16:13:58.231+0800: 9.507: [ParNew: 629119K->69887K(629120K), 0.0391124 secs] 1549985K->1106070K(2027264K), 0.0391896 secs] [Times: user=0.38 sys=0.00, real=0.04 secs] 
2021-01-21T16:13:58.271+0800: 9.547: [GC (CMS Initial Mark) [1 CMS-initial-mark: 1036183K(1398144K)] 1117391K(2027264K), 0.0001712 secs] [Times: user=0.00 sys=0.00, real=0.00 secs] 
2021-01-21T16:13:58.271+0800: 9.547: [CMS-concurrent-mark-start]
2021-01-21T16:13:58.274+0800: 9.550: [CMS-concurrent-mark: 0.004/0.004 secs] [Times: user=0.00 sys=0.00, real=0.00 secs] 
2021-01-21T16:13:58.274+0800: 9.550: [CMS-concurrent-preclean-start]
2021-01-21T16:13:58.276+0800: 9.552: [CMS-concurrent-preclean: 0.002/0.002 secs] [Times: user=0.00 sys=0.00, real=0.00 secs] 
2021-01-21T16:13:58.276+0800: 9.552: [CMS-concurrent-abortable-preclean-start]
2021-01-21T16:13:58.353+0800: 9.629: [GC (Allocation Failure) 2021-01-21T16:13:58.353+0800: 9.629: [ParNew2021-01-21T16:13:58.379+0800: 9.655: [CMS-concurrent-abortable-preclean: 0.002/0.102 secs] [Times: user=0.33 sys=0.00, real=0.10 secs] 
: 629119K->69887K(629120K), 0.0444502 secs] 1665302K->1235383K(2027264K), 0.0445289 secs] [Times: user=0.36 sys=0.00, real=0.05 secs] 
2021-01-21T16:13:58.398+0800: 9.674: [GC (CMS Final Remark) [YG occupancy: 70205 K (629120 K)]2021-01-21T16:13:58.398+0800: 9.674: [Rescan (parallel) , 0.0009771 secs]2021-01-21T16:13:58.399+0800: 9.675: [weak refs processing, 0.0000165 secs]2021-01-21T16:13:58.399+0800: 9.675: [class unloading, 0.0002292 secs]2021-01-21T16:13:58.399+0800: 9.675: [scrub symbol table, 0.0004699 secs]2021-01-21T16:13:58.400+0800: 9.676: [scrub string table, 0.0000854 secs][1 CMS-remark: 1165496K(1398144K)] 1235701K(2027264K), 0.0018745 secs] [Times: user=0.00 sys=0.00, real=0.00 secs] 
2021-01-21T16:13:58.400+0800: 9.676: [CMS-concurrent-sweep-start]
2021-01-21T16:13:58.403+0800: 9.679: [CMS-concurrent-sweep: 0.003/0.003 secs] [Times: user=0.00 sys=0.00, real=0.00 secs] 
2021-01-21T16:13:58.404+0800: 9.680: [CMS-concurrent-reset-start]
2021-01-21T16:13:58.406+0800: 9.682: [CMS-concurrent-reset: 0.002/0.002 secs] [Times: user=0.00 sys=0.00, real=0.00 secs] 
2021-01-21T16:13:58.489+0800: 9.766: [GC (Allocation Failure) 2021-01-21T16:13:58.489+0800: 9.766: [ParNew: 629119K->69886K(629120K), 0.0419252 secs] 1036358K->607652K(2027264K), 0.0420018 secs] [Times: user=0.25 sys=0.00, real=0.04 secs] 
2021-01-21T16:13:58.615+0800: 9.892: [GC (Allocation Failure) 2021-01-21T16:13:58.615+0800: 9.892: [ParNew: 629118K->69887K(629120K), 0.0410417 secs] 1166884K->733721K(2027264K), 0.0411181 secs] [Times: user=0.25 sys=0.00, real=0.04 secs] 
2021-01-21T16:13:58.740+0800: 10.016: [GC (Allocation Failure) 2021-01-21T16:13:58.740+0800: 10.016: [ParNew: 629119K->69887K(629120K), 0.0420239 secs] 1292953K->859321K(2027264K), 0.0421068 secs] [Times: user=0.34 sys=0.00, real=0.04 secs] 
Heap
 par new generation   total 629120K, used 150148K [0x0000000080000000, 0x00000000aaaa0000, 0x00000000aaaa0000)
  eden space 559232K,  14% used [0x0000000080000000, 0x0000000084e611d8, 0x00000000a2220000)
  from space 69888K,  99% used [0x00000000a6660000, 0x00000000aaa9ff20, 0x00000000aaaa0000)
  to   space 69888K,   0% used [0x00000000a2220000, 0x00000000a2220000, 0x00000000a6660000)
 concurrent mark-sweep generation total 1398144K, used 789433K [0x00000000aaaa0000, 0x0000000100000000, 0x0000000100000000)
 Metaspace       used 2615K, capacity 4490K, committed 4864K, reserved 1056768K
  class space    used 283K, capacity 386K, committed 512K, reserved 1048576K
